[2024-10-21T10:53:15.519+0000] {processor.py:186} INFO - Started process (PID=49301) to work on /opt/airflow/dags/simple_dag1.py
[2024-10-21T10:53:15.522+0000] {processor.py:914} INFO - Processing file /opt/airflow/dags/simple_dag1.py for tasks to queue
[2024-10-21T10:53:15.523+0000] {logging_mixin.py:190} INFO - [2024-10-21T10:53:15.523+0000] {dagbag.py:588} INFO - Filling up the DagBag from /opt/airflow/dags/simple_dag1.py
[2024-10-21T10:53:15.532+0000] {processor.py:925} INFO - DAG(s) 'minhlt9' retrieved from /opt/airflow/dags/simple_dag1.py
[2024-10-21T10:53:15.567+0000] {logging_mixin.py:190} INFO - [2024-10-21T10:53:15.567+0000] {dag.py:3239} INFO - Sync 1 DAGs
[2024-10-21T10:53:15.604+0000] {logging_mixin.py:190} INFO - [2024-10-21T10:53:15.604+0000] {dag.py:4180} INFO - Setting next_dagrun for minhlt9 to None, run_after=None
[2024-10-21T10:53:15.633+0000] {processor.py:208} INFO - Processing /opt/airflow/dags/simple_dag1.py took 0.129 seconds
[2024-10-21T10:53:46.415+0000] {processor.py:186} INFO - Started process (PID=49368) to work on /opt/airflow/dags/simple_dag1.py
[2024-10-21T10:53:46.416+0000] {processor.py:914} INFO - Processing file /opt/airflow/dags/simple_dag1.py for tasks to queue
[2024-10-21T10:53:46.418+0000] {logging_mixin.py:190} INFO - [2024-10-21T10:53:46.417+0000] {dagbag.py:588} INFO - Filling up the DagBag from /opt/airflow/dags/simple_dag1.py
[2024-10-21T10:53:46.425+0000] {processor.py:925} INFO - DAG(s) 'minhlt9' retrieved from /opt/airflow/dags/simple_dag1.py
[2024-10-21T10:53:46.450+0000] {logging_mixin.py:190} INFO - [2024-10-21T10:53:46.450+0000] {dag.py:3239} INFO - Sync 1 DAGs
[2024-10-21T10:53:46.477+0000] {logging_mixin.py:190} INFO - [2024-10-21T10:53:46.477+0000] {dag.py:4180} INFO - Setting next_dagrun for minhlt9 to None, run_after=None
[2024-10-21T10:53:46.496+0000] {processor.py:208} INFO - Processing /opt/airflow/dags/simple_dag1.py took 0.093 seconds
[2024-10-21T10:54:16.614+0000] {processor.py:186} INFO - Started process (PID=49435) to work on /opt/airflow/dags/simple_dag1.py
[2024-10-21T10:54:16.615+0000] {processor.py:914} INFO - Processing file /opt/airflow/dags/simple_dag1.py for tasks to queue
[2024-10-21T10:54:16.617+0000] {logging_mixin.py:190} INFO - [2024-10-21T10:54:16.616+0000] {dagbag.py:588} INFO - Filling up the DagBag from /opt/airflow/dags/simple_dag1.py
[2024-10-21T10:54:16.623+0000] {processor.py:925} INFO - DAG(s) 'minhlt9' retrieved from /opt/airflow/dags/simple_dag1.py
[2024-10-21T10:54:16.645+0000] {logging_mixin.py:190} INFO - [2024-10-21T10:54:16.644+0000] {dag.py:3239} INFO - Sync 1 DAGs
[2024-10-21T10:54:16.670+0000] {logging_mixin.py:190} INFO - [2024-10-21T10:54:16.669+0000] {dag.py:4180} INFO - Setting next_dagrun for minhlt9 to None, run_after=None
[2024-10-21T10:54:16.687+0000] {processor.py:208} INFO - Processing /opt/airflow/dags/simple_dag1.py took 0.080 seconds
[2024-10-21T10:54:46.894+0000] {processor.py:186} INFO - Started process (PID=49502) to work on /opt/airflow/dags/simple_dag1.py
[2024-10-21T10:54:46.895+0000] {processor.py:914} INFO - Processing file /opt/airflow/dags/simple_dag1.py for tasks to queue
[2024-10-21T10:54:46.897+0000] {logging_mixin.py:190} INFO - [2024-10-21T10:54:46.897+0000] {dagbag.py:588} INFO - Filling up the DagBag from /opt/airflow/dags/simple_dag1.py
[2024-10-21T10:54:46.903+0000] {processor.py:925} INFO - DAG(s) 'minhlt9' retrieved from /opt/airflow/dags/simple_dag1.py
[2024-10-21T10:54:46.925+0000] {logging_mixin.py:190} INFO - [2024-10-21T10:54:46.925+0000] {dag.py:3239} INFO - Sync 1 DAGs
[2024-10-21T10:54:46.950+0000] {logging_mixin.py:190} INFO - [2024-10-21T10:54:46.950+0000] {dag.py:4180} INFO - Setting next_dagrun for minhlt9 to None, run_after=None
[2024-10-21T10:54:46.968+0000] {processor.py:208} INFO - Processing /opt/airflow/dags/simple_dag1.py took 0.086 seconds
[2024-10-21T10:55:17.499+0000] {processor.py:186} INFO - Started process (PID=49569) to work on /opt/airflow/dags/simple_dag1.py
[2024-10-21T10:55:17.500+0000] {processor.py:914} INFO - Processing file /opt/airflow/dags/simple_dag1.py for tasks to queue
[2024-10-21T10:55:17.502+0000] {logging_mixin.py:190} INFO - [2024-10-21T10:55:17.501+0000] {dagbag.py:588} INFO - Filling up the DagBag from /opt/airflow/dags/simple_dag1.py
[2024-10-21T10:55:17.508+0000] {processor.py:925} INFO - DAG(s) 'minhlt9' retrieved from /opt/airflow/dags/simple_dag1.py
[2024-10-21T10:55:17.534+0000] {logging_mixin.py:190} INFO - [2024-10-21T10:55:17.534+0000] {dag.py:3239} INFO - Sync 1 DAGs
[2024-10-21T10:55:17.559+0000] {logging_mixin.py:190} INFO - [2024-10-21T10:55:17.559+0000] {dag.py:4180} INFO - Setting next_dagrun for minhlt9 to None, run_after=None
[2024-10-21T10:55:17.577+0000] {processor.py:208} INFO - Processing /opt/airflow/dags/simple_dag1.py took 0.085 seconds
[2024-10-21T10:55:47.724+0000] {processor.py:186} INFO - Started process (PID=49636) to work on /opt/airflow/dags/simple_dag1.py
[2024-10-21T10:55:47.725+0000] {processor.py:914} INFO - Processing file /opt/airflow/dags/simple_dag1.py for tasks to queue
[2024-10-21T10:55:47.727+0000] {logging_mixin.py:190} INFO - [2024-10-21T10:55:47.726+0000] {dagbag.py:588} INFO - Filling up the DagBag from /opt/airflow/dags/simple_dag1.py
[2024-10-21T10:55:47.734+0000] {processor.py:925} INFO - DAG(s) 'minhlt9' retrieved from /opt/airflow/dags/simple_dag1.py
[2024-10-21T10:55:47.757+0000] {logging_mixin.py:190} INFO - [2024-10-21T10:55:47.757+0000] {dag.py:3239} INFO - Sync 1 DAGs
[2024-10-21T10:55:47.781+0000] {logging_mixin.py:190} INFO - [2024-10-21T10:55:47.781+0000] {dag.py:4180} INFO - Setting next_dagrun for minhlt9 to None, run_after=None
[2024-10-21T10:55:47.800+0000] {processor.py:208} INFO - Processing /opt/airflow/dags/simple_dag1.py took 0.084 seconds
[2024-10-21T10:56:18.137+0000] {processor.py:186} INFO - Started process (PID=49702) to work on /opt/airflow/dags/simple_dag1.py
[2024-10-21T10:56:18.138+0000] {processor.py:914} INFO - Processing file /opt/airflow/dags/simple_dag1.py for tasks to queue
[2024-10-21T10:56:18.140+0000] {logging_mixin.py:190} INFO - [2024-10-21T10:56:18.139+0000] {dagbag.py:588} INFO - Filling up the DagBag from /opt/airflow/dags/simple_dag1.py
[2024-10-21T10:56:18.147+0000] {processor.py:925} INFO - DAG(s) 'minhlt9' retrieved from /opt/airflow/dags/simple_dag1.py
[2024-10-21T10:56:18.171+0000] {logging_mixin.py:190} INFO - [2024-10-21T10:56:18.170+0000] {dag.py:3239} INFO - Sync 1 DAGs
[2024-10-21T10:56:18.194+0000] {logging_mixin.py:190} INFO - [2024-10-21T10:56:18.193+0000] {dag.py:4180} INFO - Setting next_dagrun for minhlt9 to None, run_after=None
[2024-10-21T10:56:18.212+0000] {processor.py:208} INFO - Processing /opt/airflow/dags/simple_dag1.py took 0.082 seconds
[2024-10-21T10:56:48.317+0000] {processor.py:186} INFO - Started process (PID=49769) to work on /opt/airflow/dags/simple_dag1.py
[2024-10-21T10:56:48.318+0000] {processor.py:914} INFO - Processing file /opt/airflow/dags/simple_dag1.py for tasks to queue
[2024-10-21T10:56:48.319+0000] {logging_mixin.py:190} INFO - [2024-10-21T10:56:48.319+0000] {dagbag.py:588} INFO - Filling up the DagBag from /opt/airflow/dags/simple_dag1.py
[2024-10-21T10:56:48.326+0000] {processor.py:925} INFO - DAG(s) 'minhlt9' retrieved from /opt/airflow/dags/simple_dag1.py
[2024-10-21T10:56:48.348+0000] {logging_mixin.py:190} INFO - [2024-10-21T10:56:48.348+0000] {dag.py:3239} INFO - Sync 1 DAGs
[2024-10-21T10:56:48.371+0000] {logging_mixin.py:190} INFO - [2024-10-21T10:56:48.370+0000] {dag.py:4180} INFO - Setting next_dagrun for minhlt9 to None, run_after=None
[2024-10-21T10:56:48.387+0000] {processor.py:208} INFO - Processing /opt/airflow/dags/simple_dag1.py took 0.077 seconds
[2024-10-21T10:57:18.787+0000] {processor.py:186} INFO - Started process (PID=49836) to work on /opt/airflow/dags/simple_dag1.py
[2024-10-21T10:57:18.788+0000] {processor.py:914} INFO - Processing file /opt/airflow/dags/simple_dag1.py for tasks to queue
[2024-10-21T10:57:18.790+0000] {logging_mixin.py:190} INFO - [2024-10-21T10:57:18.789+0000] {dagbag.py:588} INFO - Filling up the DagBag from /opt/airflow/dags/simple_dag1.py
[2024-10-21T10:57:18.797+0000] {processor.py:925} INFO - DAG(s) 'minhlt9' retrieved from /opt/airflow/dags/simple_dag1.py
[2024-10-21T10:57:18.832+0000] {logging_mixin.py:190} INFO - [2024-10-21T10:57:18.831+0000] {dag.py:3239} INFO - Sync 1 DAGs
[2024-10-21T10:57:18.870+0000] {logging_mixin.py:190} INFO - [2024-10-21T10:57:18.869+0000] {dag.py:4180} INFO - Setting next_dagrun for minhlt9 to None, run_after=None
[2024-10-21T10:57:18.900+0000] {processor.py:208} INFO - Processing /opt/airflow/dags/simple_dag1.py took 0.121 seconds
[2024-10-21T10:57:48.978+0000] {processor.py:186} INFO - Started process (PID=49903) to work on /opt/airflow/dags/simple_dag1.py
[2024-10-21T10:57:48.980+0000] {processor.py:914} INFO - Processing file /opt/airflow/dags/simple_dag1.py for tasks to queue
[2024-10-21T10:57:48.982+0000] {logging_mixin.py:190} INFO - [2024-10-21T10:57:48.981+0000] {dagbag.py:588} INFO - Filling up the DagBag from /opt/airflow/dags/simple_dag1.py
[2024-10-21T10:57:48.988+0000] {processor.py:925} INFO - DAG(s) 'minhlt9' retrieved from /opt/airflow/dags/simple_dag1.py
[2024-10-21T10:57:49.012+0000] {logging_mixin.py:190} INFO - [2024-10-21T10:57:49.011+0000] {dag.py:3239} INFO - Sync 1 DAGs
[2024-10-21T10:57:49.036+0000] {logging_mixin.py:190} INFO - [2024-10-21T10:57:49.036+0000] {dag.py:4180} INFO - Setting next_dagrun for minhlt9 to None, run_after=None
[2024-10-21T10:57:49.054+0000] {processor.py:208} INFO - Processing /opt/airflow/dags/simple_dag1.py took 0.083 seconds
[2024-10-21T10:58:19.330+0000] {processor.py:186} INFO - Started process (PID=49970) to work on /opt/airflow/dags/simple_dag1.py
[2024-10-21T10:58:19.332+0000] {processor.py:914} INFO - Processing file /opt/airflow/dags/simple_dag1.py for tasks to queue
[2024-10-21T10:58:19.333+0000] {logging_mixin.py:190} INFO - [2024-10-21T10:58:19.333+0000] {dagbag.py:588} INFO - Filling up the DagBag from /opt/airflow/dags/simple_dag1.py
[2024-10-21T10:58:19.340+0000] {processor.py:925} INFO - DAG(s) 'minhlt9' retrieved from /opt/airflow/dags/simple_dag1.py
[2024-10-21T10:58:19.367+0000] {logging_mixin.py:190} INFO - [2024-10-21T10:58:19.367+0000] {dag.py:3239} INFO - Sync 1 DAGs
[2024-10-21T10:58:19.395+0000] {logging_mixin.py:190} INFO - [2024-10-21T10:58:19.394+0000] {dag.py:4180} INFO - Setting next_dagrun for minhlt9 to None, run_after=None
[2024-10-21T10:58:19.416+0000] {processor.py:208} INFO - Processing /opt/airflow/dags/simple_dag1.py took 0.093 seconds
[2024-10-21T10:58:49.625+0000] {processor.py:186} INFO - Started process (PID=50037) to work on /opt/airflow/dags/simple_dag1.py
[2024-10-21T10:58:49.626+0000] {processor.py:914} INFO - Processing file /opt/airflow/dags/simple_dag1.py for tasks to queue
[2024-10-21T10:58:49.628+0000] {logging_mixin.py:190} INFO - [2024-10-21T10:58:49.627+0000] {dagbag.py:588} INFO - Filling up the DagBag from /opt/airflow/dags/simple_dag1.py
[2024-10-21T10:58:49.634+0000] {processor.py:925} INFO - DAG(s) 'minhlt9' retrieved from /opt/airflow/dags/simple_dag1.py
[2024-10-21T10:58:49.657+0000] {logging_mixin.py:190} INFO - [2024-10-21T10:58:49.657+0000] {dag.py:3239} INFO - Sync 1 DAGs
[2024-10-21T10:58:49.681+0000] {logging_mixin.py:190} INFO - [2024-10-21T10:58:49.681+0000] {dag.py:4180} INFO - Setting next_dagrun for minhlt9 to None, run_after=None
[2024-10-21T10:58:49.697+0000] {processor.py:208} INFO - Processing /opt/airflow/dags/simple_dag1.py took 0.080 seconds
[2024-10-21T10:59:20.344+0000] {processor.py:186} INFO - Started process (PID=50104) to work on /opt/airflow/dags/simple_dag1.py
[2024-10-21T10:59:20.345+0000] {processor.py:914} INFO - Processing file /opt/airflow/dags/simple_dag1.py for tasks to queue
[2024-10-21T10:59:20.346+0000] {logging_mixin.py:190} INFO - [2024-10-21T10:59:20.346+0000] {dagbag.py:588} INFO - Filling up the DagBag from /opt/airflow/dags/simple_dag1.py
[2024-10-21T10:59:20.353+0000] {processor.py:925} INFO - DAG(s) 'minhlt9' retrieved from /opt/airflow/dags/simple_dag1.py
[2024-10-21T10:59:20.386+0000] {logging_mixin.py:190} INFO - [2024-10-21T10:59:20.386+0000] {dag.py:3239} INFO - Sync 1 DAGs
[2024-10-21T10:59:20.411+0000] {logging_mixin.py:190} INFO - [2024-10-21T10:59:20.411+0000] {dag.py:4180} INFO - Setting next_dagrun for minhlt9 to None, run_after=None
[2024-10-21T10:59:20.430+0000] {processor.py:208} INFO - Processing /opt/airflow/dags/simple_dag1.py took 0.094 seconds
[2024-10-21T10:59:50.578+0000] {processor.py:186} INFO - Started process (PID=50171) to work on /opt/airflow/dags/simple_dag1.py
[2024-10-21T10:59:50.580+0000] {processor.py:914} INFO - Processing file /opt/airflow/dags/simple_dag1.py for tasks to queue
[2024-10-21T10:59:50.581+0000] {logging_mixin.py:190} INFO - [2024-10-21T10:59:50.581+0000] {dagbag.py:588} INFO - Filling up the DagBag from /opt/airflow/dags/simple_dag1.py
[2024-10-21T10:59:50.588+0000] {processor.py:925} INFO - DAG(s) 'minhlt9' retrieved from /opt/airflow/dags/simple_dag1.py
[2024-10-21T10:59:50.614+0000] {logging_mixin.py:190} INFO - [2024-10-21T10:59:50.614+0000] {dag.py:3239} INFO - Sync 1 DAGs
[2024-10-21T10:59:50.637+0000] {logging_mixin.py:190} INFO - [2024-10-21T10:59:50.637+0000] {dag.py:4180} INFO - Setting next_dagrun for minhlt9 to None, run_after=None
[2024-10-21T10:59:50.655+0000] {processor.py:208} INFO - Processing /opt/airflow/dags/simple_dag1.py took 0.084 seconds
[2024-10-21T11:00:21.093+0000] {processor.py:186} INFO - Started process (PID=50238) to work on /opt/airflow/dags/simple_dag1.py
[2024-10-21T11:00:21.095+0000] {processor.py:914} INFO - Processing file /opt/airflow/dags/simple_dag1.py for tasks to queue
[2024-10-21T11:00:21.096+0000] {logging_mixin.py:190} INFO - [2024-10-21T11:00:21.096+0000] {dagbag.py:588} INFO - Filling up the DagBag from /opt/airflow/dags/simple_dag1.py
[2024-10-21T11:00:21.102+0000] {processor.py:925} INFO - DAG(s) 'minhlt9' retrieved from /opt/airflow/dags/simple_dag1.py
[2024-10-21T11:00:21.123+0000] {logging_mixin.py:190} INFO - [2024-10-21T11:00:21.123+0000] {dag.py:3239} INFO - Sync 1 DAGs
[2024-10-21T11:00:21.147+0000] {logging_mixin.py:190} INFO - [2024-10-21T11:00:21.147+0000] {dag.py:4180} INFO - Setting next_dagrun for minhlt9 to None, run_after=None
[2024-10-21T11:00:21.163+0000] {processor.py:208} INFO - Processing /opt/airflow/dags/simple_dag1.py took 0.078 seconds
[2024-10-21T11:00:51.222+0000] {processor.py:186} INFO - Started process (PID=50305) to work on /opt/airflow/dags/simple_dag1.py
[2024-10-21T11:00:51.223+0000] {processor.py:914} INFO - Processing file /opt/airflow/dags/simple_dag1.py for tasks to queue
[2024-10-21T11:00:51.225+0000] {logging_mixin.py:190} INFO - [2024-10-21T11:00:51.224+0000] {dagbag.py:588} INFO - Filling up the DagBag from /opt/airflow/dags/simple_dag1.py
[2024-10-21T11:00:51.231+0000] {processor.py:925} INFO - DAG(s) 'minhlt9' retrieved from /opt/airflow/dags/simple_dag1.py
[2024-10-21T11:00:51.255+0000] {logging_mixin.py:190} INFO - [2024-10-21T11:00:51.254+0000] {dag.py:3239} INFO - Sync 1 DAGs
[2024-10-21T11:00:51.279+0000] {logging_mixin.py:190} INFO - [2024-10-21T11:00:51.279+0000] {dag.py:4180} INFO - Setting next_dagrun for minhlt9 to None, run_after=None
[2024-10-21T11:00:51.298+0000] {processor.py:208} INFO - Processing /opt/airflow/dags/simple_dag1.py took 0.084 seconds
[2024-10-21T11:01:21.420+0000] {processor.py:186} INFO - Started process (PID=50372) to work on /opt/airflow/dags/simple_dag1.py
[2024-10-21T11:01:21.423+0000] {processor.py:914} INFO - Processing file /opt/airflow/dags/simple_dag1.py for tasks to queue
[2024-10-21T11:01:21.424+0000] {logging_mixin.py:190} INFO - [2024-10-21T11:01:21.424+0000] {dagbag.py:588} INFO - Filling up the DagBag from /opt/airflow/dags/simple_dag1.py
[2024-10-21T11:01:21.431+0000] {processor.py:925} INFO - DAG(s) 'minhlt9' retrieved from /opt/airflow/dags/simple_dag1.py
[2024-10-21T11:01:21.464+0000] {logging_mixin.py:190} INFO - [2024-10-21T11:01:21.464+0000] {dag.py:3239} INFO - Sync 1 DAGs
[2024-10-21T11:01:21.490+0000] {logging_mixin.py:190} INFO - [2024-10-21T11:01:21.490+0000] {dag.py:4180} INFO - Setting next_dagrun for minhlt9 to None, run_after=None
[2024-10-21T11:01:21.531+0000] {processor.py:208} INFO - Processing /opt/airflow/dags/simple_dag1.py took 0.122 seconds
[2024-10-21T11:01:52.037+0000] {processor.py:186} INFO - Started process (PID=50439) to work on /opt/airflow/dags/simple_dag1.py
[2024-10-21T11:01:52.038+0000] {processor.py:914} INFO - Processing file /opt/airflow/dags/simple_dag1.py for tasks to queue
[2024-10-21T11:01:52.039+0000] {logging_mixin.py:190} INFO - [2024-10-21T11:01:52.039+0000] {dagbag.py:588} INFO - Filling up the DagBag from /opt/airflow/dags/simple_dag1.py
[2024-10-21T11:01:52.046+0000] {processor.py:925} INFO - DAG(s) 'minhlt9' retrieved from /opt/airflow/dags/simple_dag1.py
[2024-10-21T11:01:52.068+0000] {logging_mixin.py:190} INFO - [2024-10-21T11:01:52.067+0000] {dag.py:3239} INFO - Sync 1 DAGs
[2024-10-21T11:01:52.102+0000] {logging_mixin.py:190} INFO - [2024-10-21T11:01:52.101+0000] {dag.py:4180} INFO - Setting next_dagrun for minhlt9 to None, run_after=None
[2024-10-21T11:01:52.120+0000] {processor.py:208} INFO - Processing /opt/airflow/dags/simple_dag1.py took 0.092 seconds
[2024-10-21T11:02:22.517+0000] {processor.py:186} INFO - Started process (PID=50506) to work on /opt/airflow/dags/simple_dag1.py
[2024-10-21T11:02:22.519+0000] {processor.py:914} INFO - Processing file /opt/airflow/dags/simple_dag1.py for tasks to queue
[2024-10-21T11:02:22.520+0000] {logging_mixin.py:190} INFO - [2024-10-21T11:02:22.520+0000] {dagbag.py:588} INFO - Filling up the DagBag from /opt/airflow/dags/simple_dag1.py
[2024-10-21T11:02:22.526+0000] {processor.py:925} INFO - DAG(s) 'minhlt9' retrieved from /opt/airflow/dags/simple_dag1.py
[2024-10-21T11:02:22.549+0000] {logging_mixin.py:190} INFO - [2024-10-21T11:02:22.548+0000] {dag.py:3239} INFO - Sync 1 DAGs
[2024-10-21T11:02:22.572+0000] {logging_mixin.py:190} INFO - [2024-10-21T11:02:22.571+0000] {dag.py:4180} INFO - Setting next_dagrun for minhlt9 to None, run_after=None
[2024-10-21T11:02:22.590+0000] {processor.py:208} INFO - Processing /opt/airflow/dags/simple_dag1.py took 0.081 seconds
[2024-10-21T11:02:52.841+0000] {processor.py:186} INFO - Started process (PID=50573) to work on /opt/airflow/dags/simple_dag1.py
[2024-10-21T11:02:52.842+0000] {processor.py:914} INFO - Processing file /opt/airflow/dags/simple_dag1.py for tasks to queue
[2024-10-21T11:02:52.844+0000] {logging_mixin.py:190} INFO - [2024-10-21T11:02:52.843+0000] {dagbag.py:588} INFO - Filling up the DagBag from /opt/airflow/dags/simple_dag1.py
[2024-10-21T11:02:52.851+0000] {processor.py:925} INFO - DAG(s) 'minhlt9' retrieved from /opt/airflow/dags/simple_dag1.py
[2024-10-21T11:02:52.876+0000] {logging_mixin.py:190} INFO - [2024-10-21T11:02:52.875+0000] {dag.py:3239} INFO - Sync 1 DAGs
[2024-10-21T11:02:52.900+0000] {logging_mixin.py:190} INFO - [2024-10-21T11:02:52.900+0000] {dag.py:4180} INFO - Setting next_dagrun for minhlt9 to None, run_after=None
[2024-10-21T11:02:52.918+0000] {processor.py:208} INFO - Processing /opt/airflow/dags/simple_dag1.py took 0.084 seconds
[2024-10-21T11:03:23.668+0000] {processor.py:186} INFO - Started process (PID=50640) to work on /opt/airflow/dags/simple_dag1.py
[2024-10-21T11:03:23.669+0000] {processor.py:914} INFO - Processing file /opt/airflow/dags/simple_dag1.py for tasks to queue
[2024-10-21T11:03:23.671+0000] {logging_mixin.py:190} INFO - [2024-10-21T11:03:23.670+0000] {dagbag.py:588} INFO - Filling up the DagBag from /opt/airflow/dags/simple_dag1.py
[2024-10-21T11:03:23.678+0000] {processor.py:925} INFO - DAG(s) 'minhlt9' retrieved from /opt/airflow/dags/simple_dag1.py
[2024-10-21T11:03:23.699+0000] {logging_mixin.py:190} INFO - [2024-10-21T11:03:23.699+0000] {dag.py:3239} INFO - Sync 1 DAGs
[2024-10-21T11:03:23.723+0000] {logging_mixin.py:190} INFO - [2024-10-21T11:03:23.722+0000] {dag.py:4180} INFO - Setting next_dagrun for minhlt9 to None, run_after=None
[2024-10-21T11:03:23.742+0000] {processor.py:208} INFO - Processing /opt/airflow/dags/simple_dag1.py took 0.082 seconds
[2024-10-21T11:03:53.814+0000] {processor.py:186} INFO - Started process (PID=50706) to work on /opt/airflow/dags/simple_dag1.py
[2024-10-21T11:03:53.815+0000] {processor.py:914} INFO - Processing file /opt/airflow/dags/simple_dag1.py for tasks to queue
[2024-10-21T11:03:53.817+0000] {logging_mixin.py:190} INFO - [2024-10-21T11:03:53.816+0000] {dagbag.py:588} INFO - Filling up the DagBag from /opt/airflow/dags/simple_dag1.py
[2024-10-21T11:03:53.824+0000] {processor.py:925} INFO - DAG(s) 'minhlt9' retrieved from /opt/airflow/dags/simple_dag1.py
[2024-10-21T11:03:53.850+0000] {logging_mixin.py:190} INFO - [2024-10-21T11:03:53.850+0000] {dag.py:3239} INFO - Sync 1 DAGs
[2024-10-21T11:03:53.878+0000] {logging_mixin.py:190} INFO - [2024-10-21T11:03:53.878+0000] {dag.py:4180} INFO - Setting next_dagrun for minhlt9 to None, run_after=None
[2024-10-21T11:03:53.899+0000] {processor.py:208} INFO - Processing /opt/airflow/dags/simple_dag1.py took 0.092 seconds
[2024-10-21T11:04:24.153+0000] {processor.py:186} INFO - Started process (PID=50773) to work on /opt/airflow/dags/simple_dag1.py
[2024-10-21T11:04:24.154+0000] {processor.py:914} INFO - Processing file /opt/airflow/dags/simple_dag1.py for tasks to queue
[2024-10-21T11:04:24.156+0000] {logging_mixin.py:190} INFO - [2024-10-21T11:04:24.155+0000] {dagbag.py:588} INFO - Filling up the DagBag from /opt/airflow/dags/simple_dag1.py
[2024-10-21T11:04:24.162+0000] {processor.py:925} INFO - DAG(s) 'minhlt9' retrieved from /opt/airflow/dags/simple_dag1.py
[2024-10-21T11:04:24.186+0000] {logging_mixin.py:190} INFO - [2024-10-21T11:04:24.185+0000] {dag.py:3239} INFO - Sync 1 DAGs
[2024-10-21T11:04:24.209+0000] {logging_mixin.py:190} INFO - [2024-10-21T11:04:24.209+0000] {dag.py:4180} INFO - Setting next_dagrun for minhlt9 to None, run_after=None
[2024-10-21T11:04:24.228+0000] {processor.py:208} INFO - Processing /opt/airflow/dags/simple_dag1.py took 0.082 seconds
[2024-10-21T11:04:54.839+0000] {processor.py:186} INFO - Started process (PID=50840) to work on /opt/airflow/dags/simple_dag1.py
[2024-10-21T11:04:54.840+0000] {processor.py:914} INFO - Processing file /opt/airflow/dags/simple_dag1.py for tasks to queue
[2024-10-21T11:04:54.842+0000] {logging_mixin.py:190} INFO - [2024-10-21T11:04:54.841+0000] {dagbag.py:588} INFO - Filling up the DagBag from /opt/airflow/dags/simple_dag1.py
[2024-10-21T11:04:54.848+0000] {processor.py:925} INFO - DAG(s) 'minhlt9' retrieved from /opt/airflow/dags/simple_dag1.py
[2024-10-21T11:04:54.874+0000] {logging_mixin.py:190} INFO - [2024-10-21T11:04:54.874+0000] {dag.py:3239} INFO - Sync 1 DAGs
[2024-10-21T11:04:54.899+0000] {logging_mixin.py:190} INFO - [2024-10-21T11:04:54.899+0000] {dag.py:4180} INFO - Setting next_dagrun for minhlt9 to None, run_after=None
[2024-10-21T11:04:54.918+0000] {processor.py:208} INFO - Processing /opt/airflow/dags/simple_dag1.py took 0.088 seconds
[2024-10-21T11:05:25.052+0000] {processor.py:186} INFO - Started process (PID=50907) to work on /opt/airflow/dags/simple_dag1.py
[2024-10-21T11:05:25.053+0000] {processor.py:914} INFO - Processing file /opt/airflow/dags/simple_dag1.py for tasks to queue
[2024-10-21T11:05:25.055+0000] {logging_mixin.py:190} INFO - [2024-10-21T11:05:25.054+0000] {dagbag.py:588} INFO - Filling up the DagBag from /opt/airflow/dags/simple_dag1.py
[2024-10-21T11:05:25.061+0000] {processor.py:925} INFO - DAG(s) 'minhlt9' retrieved from /opt/airflow/dags/simple_dag1.py
[2024-10-21T11:05:25.084+0000] {logging_mixin.py:190} INFO - [2024-10-21T11:05:25.084+0000] {dag.py:3239} INFO - Sync 1 DAGs
[2024-10-21T11:05:25.108+0000] {logging_mixin.py:190} INFO - [2024-10-21T11:05:25.108+0000] {dag.py:4180} INFO - Setting next_dagrun for minhlt9 to None, run_after=None
[2024-10-21T11:05:25.125+0000] {processor.py:208} INFO - Processing /opt/airflow/dags/simple_dag1.py took 0.080 seconds
[2024-10-21T11:05:55.561+0000] {processor.py:186} INFO - Started process (PID=50974) to work on /opt/airflow/dags/simple_dag1.py
[2024-10-21T11:05:55.562+0000] {processor.py:914} INFO - Processing file /opt/airflow/dags/simple_dag1.py for tasks to queue
[2024-10-21T11:05:55.564+0000] {logging_mixin.py:190} INFO - [2024-10-21T11:05:55.563+0000] {dagbag.py:588} INFO - Filling up the DagBag from /opt/airflow/dags/simple_dag1.py
[2024-10-21T11:05:55.570+0000] {processor.py:925} INFO - DAG(s) 'minhlt9' retrieved from /opt/airflow/dags/simple_dag1.py
[2024-10-21T11:05:55.594+0000] {logging_mixin.py:190} INFO - [2024-10-21T11:05:55.594+0000] {dag.py:3239} INFO - Sync 1 DAGs
[2024-10-21T11:05:55.617+0000] {logging_mixin.py:190} INFO - [2024-10-21T11:05:55.616+0000] {dag.py:4180} INFO - Setting next_dagrun for minhlt9 to None, run_after=None
[2024-10-21T11:05:55.634+0000] {processor.py:208} INFO - Processing /opt/airflow/dags/simple_dag1.py took 0.081 seconds
[2024-10-21T11:06:25.737+0000] {processor.py:186} INFO - Started process (PID=51041) to work on /opt/airflow/dags/simple_dag1.py
[2024-10-21T11:06:25.738+0000] {processor.py:914} INFO - Processing file /opt/airflow/dags/simple_dag1.py for tasks to queue
[2024-10-21T11:06:25.740+0000] {logging_mixin.py:190} INFO - [2024-10-21T11:06:25.740+0000] {dagbag.py:588} INFO - Filling up the DagBag from /opt/airflow/dags/simple_dag1.py
[2024-10-21T11:06:25.747+0000] {processor.py:925} INFO - DAG(s) 'minhlt9' retrieved from /opt/airflow/dags/simple_dag1.py
[2024-10-21T11:06:25.770+0000] {logging_mixin.py:190} INFO - [2024-10-21T11:06:25.770+0000] {dag.py:3239} INFO - Sync 1 DAGs
[2024-10-21T11:06:25.795+0000] {logging_mixin.py:190} INFO - [2024-10-21T11:06:25.795+0000] {dag.py:4180} INFO - Setting next_dagrun for minhlt9 to None, run_after=None
[2024-10-21T11:06:25.813+0000] {processor.py:208} INFO - Processing /opt/airflow/dags/simple_dag1.py took 0.085 seconds
[2024-10-21T11:06:56.142+0000] {processor.py:186} INFO - Started process (PID=51108) to work on /opt/airflow/dags/simple_dag1.py
[2024-10-21T11:06:56.144+0000] {processor.py:914} INFO - Processing file /opt/airflow/dags/simple_dag1.py for tasks to queue
[2024-10-21T11:06:56.145+0000] {logging_mixin.py:190} INFO - [2024-10-21T11:06:56.145+0000] {dagbag.py:588} INFO - Filling up the DagBag from /opt/airflow/dags/simple_dag1.py
[2024-10-21T11:06:56.152+0000] {processor.py:925} INFO - DAG(s) 'minhlt9' retrieved from /opt/airflow/dags/simple_dag1.py
[2024-10-21T11:06:56.174+0000] {logging_mixin.py:190} INFO - [2024-10-21T11:06:56.173+0000] {dag.py:3239} INFO - Sync 1 DAGs
[2024-10-21T11:06:56.197+0000] {logging_mixin.py:190} INFO - [2024-10-21T11:06:56.197+0000] {dag.py:4180} INFO - Setting next_dagrun for minhlt9 to None, run_after=None
[2024-10-21T11:06:56.212+0000] {processor.py:208} INFO - Processing /opt/airflow/dags/simple_dag1.py took 0.078 seconds
[2024-10-21T11:07:26.385+0000] {processor.py:186} INFO - Started process (PID=51175) to work on /opt/airflow/dags/simple_dag1.py
[2024-10-21T11:07:26.386+0000] {processor.py:914} INFO - Processing file /opt/airflow/dags/simple_dag1.py for tasks to queue
[2024-10-21T11:07:26.388+0000] {logging_mixin.py:190} INFO - [2024-10-21T11:07:26.387+0000] {dagbag.py:588} INFO - Filling up the DagBag from /opt/airflow/dags/simple_dag1.py
[2024-10-21T11:07:26.394+0000] {processor.py:925} INFO - DAG(s) 'minhlt9' retrieved from /opt/airflow/dags/simple_dag1.py
[2024-10-21T11:07:26.419+0000] {logging_mixin.py:190} INFO - [2024-10-21T11:07:26.418+0000] {dag.py:3239} INFO - Sync 1 DAGs
[2024-10-21T11:07:26.445+0000] {logging_mixin.py:190} INFO - [2024-10-21T11:07:26.445+0000] {dag.py:4180} INFO - Setting next_dagrun for minhlt9 to None, run_after=None
[2024-10-21T11:07:26.465+0000] {processor.py:208} INFO - Processing /opt/airflow/dags/simple_dag1.py took 0.091 seconds
[2024-10-21T11:07:56.661+0000] {processor.py:186} INFO - Started process (PID=51242) to work on /opt/airflow/dags/simple_dag1.py
[2024-10-21T11:07:56.662+0000] {processor.py:914} INFO - Processing file /opt/airflow/dags/simple_dag1.py for tasks to queue
[2024-10-21T11:07:56.664+0000] {logging_mixin.py:190} INFO - [2024-10-21T11:07:56.663+0000] {dagbag.py:588} INFO - Filling up the DagBag from /opt/airflow/dags/simple_dag1.py
[2024-10-21T11:07:56.670+0000] {processor.py:925} INFO - DAG(s) 'minhlt9' retrieved from /opt/airflow/dags/simple_dag1.py
[2024-10-21T11:07:56.694+0000] {logging_mixin.py:190} INFO - [2024-10-21T11:07:56.693+0000] {dag.py:3239} INFO - Sync 1 DAGs
[2024-10-21T11:07:56.718+0000] {logging_mixin.py:190} INFO - [2024-10-21T11:07:56.718+0000] {dag.py:4180} INFO - Setting next_dagrun for minhlt9 to None, run_after=None
[2024-10-21T11:07:56.737+0000] {processor.py:208} INFO - Processing /opt/airflow/dags/simple_dag1.py took 0.084 seconds
[2024-10-21T11:08:27.580+0000] {processor.py:186} INFO - Started process (PID=51309) to work on /opt/airflow/dags/simple_dag1.py
[2024-10-21T11:08:27.581+0000] {processor.py:914} INFO - Processing file /opt/airflow/dags/simple_dag1.py for tasks to queue
[2024-10-21T11:08:27.583+0000] {logging_mixin.py:190} INFO - [2024-10-21T11:08:27.582+0000] {dagbag.py:588} INFO - Filling up the DagBag from /opt/airflow/dags/simple_dag1.py
[2024-10-21T11:08:27.589+0000] {processor.py:925} INFO - DAG(s) 'minhlt9' retrieved from /opt/airflow/dags/simple_dag1.py
[2024-10-21T11:08:27.612+0000] {logging_mixin.py:190} INFO - [2024-10-21T11:08:27.612+0000] {dag.py:3239} INFO - Sync 1 DAGs
[2024-10-21T11:08:27.637+0000] {logging_mixin.py:190} INFO - [2024-10-21T11:08:27.637+0000] {dag.py:4180} INFO - Setting next_dagrun for minhlt9 to None, run_after=None
[2024-10-21T11:08:27.655+0000] {processor.py:208} INFO - Processing /opt/airflow/dags/simple_dag1.py took 0.082 seconds
[2024-10-21T11:08:58.164+0000] {processor.py:186} INFO - Started process (PID=51376) to work on /opt/airflow/dags/simple_dag1.py
[2024-10-21T11:08:58.166+0000] {processor.py:914} INFO - Processing file /opt/airflow/dags/simple_dag1.py for tasks to queue
[2024-10-21T11:08:58.167+0000] {logging_mixin.py:190} INFO - [2024-10-21T11:08:58.167+0000] {dagbag.py:588} INFO - Filling up the DagBag from /opt/airflow/dags/simple_dag1.py
[2024-10-21T11:08:58.174+0000] {processor.py:925} INFO - DAG(s) 'minhlt9' retrieved from /opt/airflow/dags/simple_dag1.py
[2024-10-21T11:08:58.199+0000] {logging_mixin.py:190} INFO - [2024-10-21T11:08:58.198+0000] {dag.py:3239} INFO - Sync 1 DAGs
[2024-10-21T11:08:58.225+0000] {logging_mixin.py:190} INFO - [2024-10-21T11:08:58.225+0000] {dag.py:4180} INFO - Setting next_dagrun for minhlt9 to None, run_after=None
[2024-10-21T11:08:58.245+0000] {processor.py:208} INFO - Processing /opt/airflow/dags/simple_dag1.py took 0.088 seconds
[2024-10-21T11:09:28.793+0000] {processor.py:186} INFO - Started process (PID=51443) to work on /opt/airflow/dags/simple_dag1.py
[2024-10-21T11:09:28.794+0000] {processor.py:914} INFO - Processing file /opt/airflow/dags/simple_dag1.py for tasks to queue
[2024-10-21T11:09:28.795+0000] {logging_mixin.py:190} INFO - [2024-10-21T11:09:28.795+0000] {dagbag.py:588} INFO - Filling up the DagBag from /opt/airflow/dags/simple_dag1.py
[2024-10-21T11:09:28.801+0000] {processor.py:925} INFO - DAG(s) 'minhlt9' retrieved from /opt/airflow/dags/simple_dag1.py
[2024-10-21T11:09:28.824+0000] {logging_mixin.py:190} INFO - [2024-10-21T11:09:28.824+0000] {dag.py:3239} INFO - Sync 1 DAGs
[2024-10-21T11:09:28.850+0000] {logging_mixin.py:190} INFO - [2024-10-21T11:09:28.850+0000] {dag.py:4180} INFO - Setting next_dagrun for minhlt9 to None, run_after=None
[2024-10-21T11:09:28.868+0000] {processor.py:208} INFO - Processing /opt/airflow/dags/simple_dag1.py took 0.083 seconds
[2024-10-21T11:09:59.535+0000] {processor.py:186} INFO - Started process (PID=51510) to work on /opt/airflow/dags/simple_dag1.py
[2024-10-21T11:09:59.536+0000] {processor.py:914} INFO - Processing file /opt/airflow/dags/simple_dag1.py for tasks to queue
[2024-10-21T11:09:59.538+0000] {logging_mixin.py:190} INFO - [2024-10-21T11:09:59.537+0000] {dagbag.py:588} INFO - Filling up the DagBag from /opt/airflow/dags/simple_dag1.py
[2024-10-21T11:09:59.545+0000] {processor.py:925} INFO - DAG(s) 'minhlt9' retrieved from /opt/airflow/dags/simple_dag1.py
[2024-10-21T11:09:59.569+0000] {logging_mixin.py:190} INFO - [2024-10-21T11:09:59.569+0000] {dag.py:3239} INFO - Sync 1 DAGs
[2024-10-21T11:09:59.593+0000] {logging_mixin.py:190} INFO - [2024-10-21T11:09:59.592+0000] {dag.py:4180} INFO - Setting next_dagrun for minhlt9 to None, run_after=None
[2024-10-21T11:09:59.610+0000] {processor.py:208} INFO - Processing /opt/airflow/dags/simple_dag1.py took 0.082 seconds
[2024-10-21T11:10:30.065+0000] {processor.py:186} INFO - Started process (PID=51577) to work on /opt/airflow/dags/simple_dag1.py
[2024-10-21T11:10:30.066+0000] {processor.py:914} INFO - Processing file /opt/airflow/dags/simple_dag1.py for tasks to queue
[2024-10-21T11:10:30.067+0000] {logging_mixin.py:190} INFO - [2024-10-21T11:10:30.067+0000] {dagbag.py:588} INFO - Filling up the DagBag from /opt/airflow/dags/simple_dag1.py
[2024-10-21T11:10:30.075+0000] {processor.py:925} INFO - DAG(s) 'minhlt9' retrieved from /opt/airflow/dags/simple_dag1.py
[2024-10-21T11:10:30.099+0000] {logging_mixin.py:190} INFO - [2024-10-21T11:10:30.098+0000] {dag.py:3239} INFO - Sync 1 DAGs
[2024-10-21T11:10:30.122+0000] {logging_mixin.py:190} INFO - [2024-10-21T11:10:30.121+0000] {dag.py:4180} INFO - Setting next_dagrun for minhlt9 to None, run_after=None
[2024-10-21T11:10:30.139+0000] {processor.py:208} INFO - Processing /opt/airflow/dags/simple_dag1.py took 0.081 seconds
[2024-10-21T11:11:00.450+0000] {processor.py:186} INFO - Started process (PID=51644) to work on /opt/airflow/dags/simple_dag1.py
[2024-10-21T11:11:00.451+0000] {processor.py:914} INFO - Processing file /opt/airflow/dags/simple_dag1.py for tasks to queue
[2024-10-21T11:11:00.452+0000] {logging_mixin.py:190} INFO - [2024-10-21T11:11:00.452+0000] {dagbag.py:588} INFO - Filling up the DagBag from /opt/airflow/dags/simple_dag1.py
[2024-10-21T11:11:00.458+0000] {processor.py:925} INFO - DAG(s) 'minhlt9' retrieved from /opt/airflow/dags/simple_dag1.py
[2024-10-21T11:11:00.483+0000] {logging_mixin.py:190} INFO - [2024-10-21T11:11:00.483+0000] {dag.py:3239} INFO - Sync 1 DAGs
[2024-10-21T11:11:00.507+0000] {logging_mixin.py:190} INFO - [2024-10-21T11:11:00.507+0000] {dag.py:4180} INFO - Setting next_dagrun for minhlt9 to None, run_after=None
[2024-10-21T11:11:00.525+0000] {processor.py:208} INFO - Processing /opt/airflow/dags/simple_dag1.py took 0.082 seconds
[2024-10-21T11:11:30.581+0000] {processor.py:186} INFO - Started process (PID=51710) to work on /opt/airflow/dags/simple_dag1.py
[2024-10-21T11:11:30.582+0000] {processor.py:914} INFO - Processing file /opt/airflow/dags/simple_dag1.py for tasks to queue
[2024-10-21T11:11:30.583+0000] {logging_mixin.py:190} INFO - [2024-10-21T11:11:30.583+0000] {dagbag.py:588} INFO - Filling up the DagBag from /opt/airflow/dags/simple_dag1.py
[2024-10-21T11:11:30.590+0000] {processor.py:925} INFO - DAG(s) 'minhlt9' retrieved from /opt/airflow/dags/simple_dag1.py
[2024-10-21T11:11:30.613+0000] {logging_mixin.py:190} INFO - [2024-10-21T11:11:30.613+0000] {dag.py:3239} INFO - Sync 1 DAGs
[2024-10-21T11:11:30.636+0000] {logging_mixin.py:190} INFO - [2024-10-21T11:11:30.636+0000] {dag.py:4180} INFO - Setting next_dagrun for minhlt9 to None, run_after=None
[2024-10-21T11:11:30.655+0000] {processor.py:208} INFO - Processing /opt/airflow/dags/simple_dag1.py took 0.082 seconds
[2024-10-21T11:12:01.385+0000] {processor.py:186} INFO - Started process (PID=51777) to work on /opt/airflow/dags/simple_dag1.py
[2024-10-21T11:12:01.386+0000] {processor.py:914} INFO - Processing file /opt/airflow/dags/simple_dag1.py for tasks to queue
[2024-10-21T11:12:01.388+0000] {logging_mixin.py:190} INFO - [2024-10-21T11:12:01.387+0000] {dagbag.py:588} INFO - Filling up the DagBag from /opt/airflow/dags/simple_dag1.py
[2024-10-21T11:12:01.395+0000] {processor.py:925} INFO - DAG(s) 'minhlt9' retrieved from /opt/airflow/dags/simple_dag1.py
[2024-10-21T11:12:01.419+0000] {logging_mixin.py:190} INFO - [2024-10-21T11:12:01.419+0000] {dag.py:3239} INFO - Sync 1 DAGs
[2024-10-21T11:12:01.443+0000] {logging_mixin.py:190} INFO - [2024-10-21T11:12:01.443+0000] {dag.py:4180} INFO - Setting next_dagrun for minhlt9 to None, run_after=None
[2024-10-21T11:12:01.460+0000] {processor.py:208} INFO - Processing /opt/airflow/dags/simple_dag1.py took 0.082 seconds
[2024-10-21T11:12:32.129+0000] {processor.py:186} INFO - Started process (PID=51844) to work on /opt/airflow/dags/simple_dag1.py
[2024-10-21T11:12:32.130+0000] {processor.py:914} INFO - Processing file /opt/airflow/dags/simple_dag1.py for tasks to queue
[2024-10-21T11:12:32.132+0000] {logging_mixin.py:190} INFO - [2024-10-21T11:12:32.131+0000] {dagbag.py:588} INFO - Filling up the DagBag from /opt/airflow/dags/simple_dag1.py
[2024-10-21T11:12:32.139+0000] {processor.py:925} INFO - DAG(s) 'minhlt9' retrieved from /opt/airflow/dags/simple_dag1.py
[2024-10-21T11:12:32.162+0000] {logging_mixin.py:190} INFO - [2024-10-21T11:12:32.162+0000] {dag.py:3239} INFO - Sync 1 DAGs
[2024-10-21T11:12:32.186+0000] {logging_mixin.py:190} INFO - [2024-10-21T11:12:32.186+0000] {dag.py:4180} INFO - Setting next_dagrun for minhlt9 to None, run_after=None
[2024-10-21T11:12:32.203+0000] {processor.py:208} INFO - Processing /opt/airflow/dags/simple_dag1.py took 0.082 seconds
[2024-10-21T11:13:02.417+0000] {processor.py:186} INFO - Started process (PID=51911) to work on /opt/airflow/dags/simple_dag1.py
[2024-10-21T11:13:02.418+0000] {processor.py:914} INFO - Processing file /opt/airflow/dags/simple_dag1.py for tasks to queue
[2024-10-21T11:13:02.420+0000] {logging_mixin.py:190} INFO - [2024-10-21T11:13:02.419+0000] {dagbag.py:588} INFO - Filling up the DagBag from /opt/airflow/dags/simple_dag1.py
[2024-10-21T11:13:02.426+0000] {processor.py:925} INFO - DAG(s) 'minhlt9' retrieved from /opt/airflow/dags/simple_dag1.py
[2024-10-21T11:13:02.449+0000] {logging_mixin.py:190} INFO - [2024-10-21T11:13:02.448+0000] {dag.py:3239} INFO - Sync 1 DAGs
[2024-10-21T11:13:02.473+0000] {logging_mixin.py:190} INFO - [2024-10-21T11:13:02.473+0000] {dag.py:4180} INFO - Setting next_dagrun for minhlt9 to None, run_after=None
[2024-10-21T11:13:02.490+0000] {processor.py:208} INFO - Processing /opt/airflow/dags/simple_dag1.py took 0.080 seconds
[2024-10-21T11:13:32.955+0000] {processor.py:186} INFO - Started process (PID=51977) to work on /opt/airflow/dags/simple_dag1.py
[2024-10-21T11:13:32.957+0000] {processor.py:914} INFO - Processing file /opt/airflow/dags/simple_dag1.py for tasks to queue
[2024-10-21T11:13:32.958+0000] {logging_mixin.py:190} INFO - [2024-10-21T11:13:32.958+0000] {dagbag.py:588} INFO - Filling up the DagBag from /opt/airflow/dags/simple_dag1.py
[2024-10-21T11:13:32.964+0000] {processor.py:925} INFO - DAG(s) 'minhlt9' retrieved from /opt/airflow/dags/simple_dag1.py
[2024-10-21T11:13:32.986+0000] {logging_mixin.py:190} INFO - [2024-10-21T11:13:32.985+0000] {dag.py:3239} INFO - Sync 1 DAGs
[2024-10-21T11:13:33.010+0000] {logging_mixin.py:190} INFO - [2024-10-21T11:13:33.010+0000] {dag.py:4180} INFO - Setting next_dagrun for minhlt9 to None, run_after=None
[2024-10-21T11:13:33.028+0000] {processor.py:208} INFO - Processing /opt/airflow/dags/simple_dag1.py took 0.083 seconds
[2024-10-21T11:14:03.548+0000] {processor.py:186} INFO - Started process (PID=52043) to work on /opt/airflow/dags/simple_dag1.py
[2024-10-21T11:14:03.551+0000] {processor.py:914} INFO - Processing file /opt/airflow/dags/simple_dag1.py for tasks to queue
[2024-10-21T11:14:03.553+0000] {logging_mixin.py:190} INFO - [2024-10-21T11:14:03.552+0000] {dagbag.py:588} INFO - Filling up the DagBag from /opt/airflow/dags/simple_dag1.py
[2024-10-21T11:14:03.562+0000] {processor.py:925} INFO - DAG(s) 'minhlt9' retrieved from /opt/airflow/dags/simple_dag1.py
[2024-10-21T11:14:03.586+0000] {logging_mixin.py:190} INFO - [2024-10-21T11:14:03.585+0000] {dag.py:3239} INFO - Sync 1 DAGs
[2024-10-21T11:14:03.609+0000] {logging_mixin.py:190} INFO - [2024-10-21T11:14:03.609+0000] {dag.py:4180} INFO - Setting next_dagrun for minhlt9 to None, run_after=None
[2024-10-21T11:14:03.626+0000] {processor.py:208} INFO - Processing /opt/airflow/dags/simple_dag1.py took 0.086 seconds
[2024-10-21T11:14:34.072+0000] {processor.py:186} INFO - Started process (PID=52110) to work on /opt/airflow/dags/simple_dag1.py
[2024-10-21T11:14:34.073+0000] {processor.py:914} INFO - Processing file /opt/airflow/dags/simple_dag1.py for tasks to queue
[2024-10-21T11:14:34.075+0000] {logging_mixin.py:190} INFO - [2024-10-21T11:14:34.074+0000] {dagbag.py:588} INFO - Filling up the DagBag from /opt/airflow/dags/simple_dag1.py
[2024-10-21T11:14:34.082+0000] {processor.py:925} INFO - DAG(s) 'minhlt9' retrieved from /opt/airflow/dags/simple_dag1.py
[2024-10-21T11:14:34.111+0000] {logging_mixin.py:190} INFO - [2024-10-21T11:14:34.111+0000] {dag.py:3239} INFO - Sync 1 DAGs
[2024-10-21T11:14:34.137+0000] {logging_mixin.py:190} INFO - [2024-10-21T11:14:34.137+0000] {dag.py:4180} INFO - Setting next_dagrun for minhlt9 to None, run_after=None
[2024-10-21T11:14:34.156+0000] {processor.py:208} INFO - Processing /opt/airflow/dags/simple_dag1.py took 0.093 seconds
[2024-10-21T11:15:04.872+0000] {processor.py:186} INFO - Started process (PID=52177) to work on /opt/airflow/dags/simple_dag1.py
[2024-10-21T11:15:04.874+0000] {processor.py:914} INFO - Processing file /opt/airflow/dags/simple_dag1.py for tasks to queue
[2024-10-21T11:15:04.875+0000] {logging_mixin.py:190} INFO - [2024-10-21T11:15:04.875+0000] {dagbag.py:588} INFO - Filling up the DagBag from /opt/airflow/dags/simple_dag1.py
[2024-10-21T11:15:04.882+0000] {processor.py:925} INFO - DAG(s) 'minhlt9' retrieved from /opt/airflow/dags/simple_dag1.py
[2024-10-21T11:15:04.904+0000] {logging_mixin.py:190} INFO - [2024-10-21T11:15:04.903+0000] {dag.py:3239} INFO - Sync 1 DAGs
[2024-10-21T11:15:04.927+0000] {logging_mixin.py:190} INFO - [2024-10-21T11:15:04.927+0000] {dag.py:4180} INFO - Setting next_dagrun for minhlt9 to None, run_after=None
[2024-10-21T11:15:04.945+0000] {processor.py:208} INFO - Processing /opt/airflow/dags/simple_dag1.py took 0.080 seconds
[2024-10-21T11:15:35.379+0000] {processor.py:186} INFO - Started process (PID=52244) to work on /opt/airflow/dags/simple_dag1.py
[2024-10-21T11:15:35.380+0000] {processor.py:914} INFO - Processing file /opt/airflow/dags/simple_dag1.py for tasks to queue
[2024-10-21T11:15:35.381+0000] {logging_mixin.py:190} INFO - [2024-10-21T11:15:35.380+0000] {dagbag.py:588} INFO - Filling up the DagBag from /opt/airflow/dags/simple_dag1.py
[2024-10-21T11:15:35.387+0000] {processor.py:925} INFO - DAG(s) 'minhlt9' retrieved from /opt/airflow/dags/simple_dag1.py
[2024-10-21T11:15:35.411+0000] {logging_mixin.py:190} INFO - [2024-10-21T11:15:35.411+0000] {dag.py:3239} INFO - Sync 1 DAGs
[2024-10-21T11:15:35.434+0000] {logging_mixin.py:190} INFO - [2024-10-21T11:15:35.434+0000] {dag.py:4180} INFO - Setting next_dagrun for minhlt9 to None, run_after=None
[2024-10-21T11:15:35.452+0000] {processor.py:208} INFO - Processing /opt/airflow/dags/simple_dag1.py took 0.080 seconds
[2024-10-21T11:16:05.695+0000] {processor.py:186} INFO - Started process (PID=52311) to work on /opt/airflow/dags/simple_dag1.py
[2024-10-21T11:16:05.696+0000] {processor.py:914} INFO - Processing file /opt/airflow/dags/simple_dag1.py for tasks to queue
[2024-10-21T11:16:05.698+0000] {logging_mixin.py:190} INFO - [2024-10-21T11:16:05.697+0000] {dagbag.py:588} INFO - Filling up the DagBag from /opt/airflow/dags/simple_dag1.py
[2024-10-21T11:16:05.705+0000] {processor.py:925} INFO - DAG(s) 'minhlt9' retrieved from /opt/airflow/dags/simple_dag1.py
[2024-10-21T11:16:05.734+0000] {logging_mixin.py:190} INFO - [2024-10-21T11:16:05.734+0000] {dag.py:3239} INFO - Sync 1 DAGs
[2024-10-21T11:16:05.758+0000] {logging_mixin.py:190} INFO - [2024-10-21T11:16:05.758+0000] {dag.py:4180} INFO - Setting next_dagrun for minhlt9 to None, run_after=None
[2024-10-21T11:16:05.776+0000] {processor.py:208} INFO - Processing /opt/airflow/dags/simple_dag1.py took 0.088 seconds
[2024-10-21T11:16:36.265+0000] {processor.py:186} INFO - Started process (PID=52377) to work on /opt/airflow/dags/simple_dag1.py
[2024-10-21T11:16:36.266+0000] {processor.py:914} INFO - Processing file /opt/airflow/dags/simple_dag1.py for tasks to queue
[2024-10-21T11:16:36.267+0000] {logging_mixin.py:190} INFO - [2024-10-21T11:16:36.267+0000] {dagbag.py:588} INFO - Filling up the DagBag from /opt/airflow/dags/simple_dag1.py
[2024-10-21T11:16:36.274+0000] {processor.py:925} INFO - DAG(s) 'minhlt9' retrieved from /opt/airflow/dags/simple_dag1.py
[2024-10-21T11:16:36.296+0000] {logging_mixin.py:190} INFO - [2024-10-21T11:16:36.296+0000] {dag.py:3239} INFO - Sync 1 DAGs
[2024-10-21T11:16:36.321+0000] {logging_mixin.py:190} INFO - [2024-10-21T11:16:36.321+0000] {dag.py:4180} INFO - Setting next_dagrun for minhlt9 to None, run_after=None
[2024-10-21T11:16:36.340+0000] {processor.py:208} INFO - Processing /opt/airflow/dags/simple_dag1.py took 0.084 seconds
[2024-10-21T11:17:06.385+0000] {processor.py:186} INFO - Started process (PID=52444) to work on /opt/airflow/dags/simple_dag1.py
[2024-10-21T11:17:06.386+0000] {processor.py:914} INFO - Processing file /opt/airflow/dags/simple_dag1.py for tasks to queue
[2024-10-21T11:17:06.388+0000] {logging_mixin.py:190} INFO - [2024-10-21T11:17:06.388+0000] {dagbag.py:588} INFO - Filling up the DagBag from /opt/airflow/dags/simple_dag1.py
[2024-10-21T11:17:06.394+0000] {processor.py:925} INFO - DAG(s) 'minhlt9' retrieved from /opt/airflow/dags/simple_dag1.py
[2024-10-21T11:17:06.419+0000] {logging_mixin.py:190} INFO - [2024-10-21T11:17:06.419+0000] {dag.py:3239} INFO - Sync 1 DAGs
[2024-10-21T11:17:06.443+0000] {logging_mixin.py:190} INFO - [2024-10-21T11:17:06.443+0000] {dag.py:4180} INFO - Setting next_dagrun for minhlt9 to None, run_after=None
[2024-10-21T11:17:06.458+0000] {processor.py:208} INFO - Processing /opt/airflow/dags/simple_dag1.py took 0.081 seconds
[2024-10-21T11:17:37.484+0000] {processor.py:186} INFO - Started process (PID=52517) to work on /opt/airflow/dags/simple_dag1.py
[2024-10-21T11:17:37.485+0000] {processor.py:914} INFO - Processing file /opt/airflow/dags/simple_dag1.py for tasks to queue
[2024-10-21T11:17:37.487+0000] {logging_mixin.py:190} INFO - [2024-10-21T11:17:37.487+0000] {dagbag.py:588} INFO - Filling up the DagBag from /opt/airflow/dags/simple_dag1.py
[2024-10-21T11:17:37.495+0000] {processor.py:925} INFO - DAG(s) 'minhlt9' retrieved from /opt/airflow/dags/simple_dag1.py
[2024-10-21T11:17:37.521+0000] {logging_mixin.py:190} INFO - [2024-10-21T11:17:37.521+0000] {dag.py:3239} INFO - Sync 1 DAGs
[2024-10-21T11:17:37.546+0000] {logging_mixin.py:190} INFO - [2024-10-21T11:17:37.545+0000] {dag.py:4180} INFO - Setting next_dagrun for minhlt9 to None, run_after=None
[2024-10-21T11:17:37.758+0000] {processor.py:208} INFO - Processing /opt/airflow/dags/simple_dag1.py took 0.283 seconds
[2024-10-21T11:18:08.019+0000] {processor.py:186} INFO - Started process (PID=52585) to work on /opt/airflow/dags/simple_dag1.py
[2024-10-21T11:18:08.020+0000] {processor.py:914} INFO - Processing file /opt/airflow/dags/simple_dag1.py for tasks to queue
[2024-10-21T11:18:08.022+0000] {logging_mixin.py:190} INFO - [2024-10-21T11:18:08.021+0000] {dagbag.py:588} INFO - Filling up the DagBag from /opt/airflow/dags/simple_dag1.py
[2024-10-21T11:18:08.029+0000] {processor.py:925} INFO - DAG(s) 'minhlt9' retrieved from /opt/airflow/dags/simple_dag1.py
[2024-10-21T11:18:08.053+0000] {logging_mixin.py:190} INFO - [2024-10-21T11:18:08.053+0000] {dag.py:3239} INFO - Sync 1 DAGs
[2024-10-21T11:18:08.076+0000] {logging_mixin.py:190} INFO - [2024-10-21T11:18:08.076+0000] {dag.py:4180} INFO - Setting next_dagrun for minhlt9 to None, run_after=None
[2024-10-21T11:18:08.096+0000] {processor.py:208} INFO - Processing /opt/airflow/dags/simple_dag1.py took 0.085 seconds
[2024-10-21T11:18:38.132+0000] {processor.py:186} INFO - Started process (PID=52652) to work on /opt/airflow/dags/simple_dag1.py
[2024-10-21T11:18:38.134+0000] {processor.py:914} INFO - Processing file /opt/airflow/dags/simple_dag1.py for tasks to queue
[2024-10-21T11:18:38.135+0000] {logging_mixin.py:190} INFO - [2024-10-21T11:18:38.135+0000] {dagbag.py:588} INFO - Filling up the DagBag from /opt/airflow/dags/simple_dag1.py
[2024-10-21T11:18:38.142+0000] {processor.py:925} INFO - DAG(s) 'minhlt9' retrieved from /opt/airflow/dags/simple_dag1.py
[2024-10-21T11:18:38.167+0000] {logging_mixin.py:190} INFO - [2024-10-21T11:18:38.166+0000] {dag.py:3239} INFO - Sync 1 DAGs
[2024-10-21T11:18:38.190+0000] {logging_mixin.py:190} INFO - [2024-10-21T11:18:38.190+0000] {dag.py:4180} INFO - Setting next_dagrun for minhlt9 to None, run_after=None
[2024-10-21T11:18:38.208+0000] {processor.py:208} INFO - Processing /opt/airflow/dags/simple_dag1.py took 0.083 seconds
[2024-10-21T11:19:08.754+0000] {processor.py:186} INFO - Started process (PID=52718) to work on /opt/airflow/dags/simple_dag1.py
[2024-10-21T11:19:08.755+0000] {processor.py:914} INFO - Processing file /opt/airflow/dags/simple_dag1.py for tasks to queue
[2024-10-21T11:19:08.757+0000] {logging_mixin.py:190} INFO - [2024-10-21T11:19:08.757+0000] {dagbag.py:588} INFO - Filling up the DagBag from /opt/airflow/dags/simple_dag1.py
[2024-10-21T11:19:08.763+0000] {processor.py:925} INFO - DAG(s) 'minhlt9' retrieved from /opt/airflow/dags/simple_dag1.py
[2024-10-21T11:19:08.785+0000] {logging_mixin.py:190} INFO - [2024-10-21T11:19:08.784+0000] {dag.py:3239} INFO - Sync 1 DAGs
[2024-10-21T11:19:08.809+0000] {logging_mixin.py:190} INFO - [2024-10-21T11:19:08.809+0000] {dag.py:4180} INFO - Setting next_dagrun for minhlt9 to None, run_after=None
[2024-10-21T11:19:08.827+0000] {processor.py:208} INFO - Processing /opt/airflow/dags/simple_dag1.py took 0.081 seconds
[2024-10-21T11:19:39.371+0000] {processor.py:186} INFO - Started process (PID=52785) to work on /opt/airflow/dags/simple_dag1.py
[2024-10-21T11:19:39.372+0000] {processor.py:914} INFO - Processing file /opt/airflow/dags/simple_dag1.py for tasks to queue
[2024-10-21T11:19:39.373+0000] {logging_mixin.py:190} INFO - [2024-10-21T11:19:39.373+0000] {dagbag.py:588} INFO - Filling up the DagBag from /opt/airflow/dags/simple_dag1.py
[2024-10-21T11:19:39.380+0000] {processor.py:925} INFO - DAG(s) 'minhlt9' retrieved from /opt/airflow/dags/simple_dag1.py
[2024-10-21T11:19:39.616+0000] {logging_mixin.py:190} INFO - [2024-10-21T11:19:39.616+0000] {dag.py:3239} INFO - Sync 1 DAGs
[2024-10-21T11:19:39.639+0000] {logging_mixin.py:190} INFO - [2024-10-21T11:19:39.639+0000] {dag.py:4180} INFO - Setting next_dagrun for minhlt9 to None, run_after=None
[2024-10-21T11:19:39.656+0000] {processor.py:208} INFO - Processing /opt/airflow/dags/simple_dag1.py took 0.292 seconds
[2024-10-21T11:20:09.810+0000] {processor.py:186} INFO - Started process (PID=52852) to work on /opt/airflow/dags/simple_dag1.py
[2024-10-21T11:20:09.811+0000] {processor.py:914} INFO - Processing file /opt/airflow/dags/simple_dag1.py for tasks to queue
[2024-10-21T11:20:09.812+0000] {logging_mixin.py:190} INFO - [2024-10-21T11:20:09.812+0000] {dagbag.py:588} INFO - Filling up the DagBag from /opt/airflow/dags/simple_dag1.py
[2024-10-21T11:20:09.818+0000] {processor.py:925} INFO - DAG(s) 'minhlt9' retrieved from /opt/airflow/dags/simple_dag1.py
[2024-10-21T11:20:09.841+0000] {logging_mixin.py:190} INFO - [2024-10-21T11:20:09.840+0000] {dag.py:3239} INFO - Sync 1 DAGs
[2024-10-21T11:20:09.864+0000] {logging_mixin.py:190} INFO - [2024-10-21T11:20:09.864+0000] {dag.py:4180} INFO - Setting next_dagrun for minhlt9 to None, run_after=None
[2024-10-21T11:20:09.881+0000] {processor.py:208} INFO - Processing /opt/airflow/dags/simple_dag1.py took 0.079 seconds
[2024-10-21T11:20:40.725+0000] {processor.py:186} INFO - Started process (PID=52918) to work on /opt/airflow/dags/simple_dag1.py
[2024-10-21T11:20:40.729+0000] {processor.py:914} INFO - Processing file /opt/airflow/dags/simple_dag1.py for tasks to queue
[2024-10-21T11:20:40.731+0000] {logging_mixin.py:190} INFO - [2024-10-21T11:20:40.730+0000] {dagbag.py:588} INFO - Filling up the DagBag from /opt/airflow/dags/simple_dag1.py
[2024-10-21T11:20:40.737+0000] {processor.py:925} INFO - DAG(s) 'minhlt9' retrieved from /opt/airflow/dags/simple_dag1.py
[2024-10-21T11:20:40.765+0000] {logging_mixin.py:190} INFO - [2024-10-21T11:20:40.764+0000] {dag.py:3239} INFO - Sync 1 DAGs
[2024-10-21T11:20:40.791+0000] {logging_mixin.py:190} INFO - [2024-10-21T11:20:40.791+0000] {dag.py:4180} INFO - Setting next_dagrun for minhlt9 to None, run_after=None
[2024-10-21T11:20:40.809+0000] {processor.py:208} INFO - Processing /opt/airflow/dags/simple_dag1.py took 0.093 seconds
[2024-10-21T11:21:10.899+0000] {processor.py:186} INFO - Started process (PID=52985) to work on /opt/airflow/dags/simple_dag1.py
[2024-10-21T11:21:10.900+0000] {processor.py:914} INFO - Processing file /opt/airflow/dags/simple_dag1.py for tasks to queue
[2024-10-21T11:21:10.901+0000] {logging_mixin.py:190} INFO - [2024-10-21T11:21:10.901+0000] {dagbag.py:588} INFO - Filling up the DagBag from /opt/airflow/dags/simple_dag1.py
[2024-10-21T11:21:10.908+0000] {processor.py:925} INFO - DAG(s) 'minhlt9' retrieved from /opt/airflow/dags/simple_dag1.py
[2024-10-21T11:21:10.931+0000] {logging_mixin.py:190} INFO - [2024-10-21T11:21:10.931+0000] {dag.py:3239} INFO - Sync 1 DAGs
[2024-10-21T11:21:10.955+0000] {logging_mixin.py:190} INFO - [2024-10-21T11:21:10.955+0000] {dag.py:4180} INFO - Setting next_dagrun for minhlt9 to None, run_after=None
[2024-10-21T11:21:10.974+0000] {processor.py:208} INFO - Processing /opt/airflow/dags/simple_dag1.py took 0.083 seconds
[2024-10-21T11:21:41.074+0000] {processor.py:186} INFO - Started process (PID=53052) to work on /opt/airflow/dags/simple_dag1.py
[2024-10-21T11:21:41.076+0000] {processor.py:914} INFO - Processing file /opt/airflow/dags/simple_dag1.py for tasks to queue
[2024-10-21T11:21:41.077+0000] {logging_mixin.py:190} INFO - [2024-10-21T11:21:41.077+0000] {dagbag.py:588} INFO - Filling up the DagBag from /opt/airflow/dags/simple_dag1.py
[2024-10-21T11:21:41.084+0000] {processor.py:925} INFO - DAG(s) 'minhlt9' retrieved from /opt/airflow/dags/simple_dag1.py
[2024-10-21T11:21:41.109+0000] {logging_mixin.py:190} INFO - [2024-10-21T11:21:41.109+0000] {dag.py:3239} INFO - Sync 1 DAGs
[2024-10-21T11:21:41.132+0000] {logging_mixin.py:190} INFO - [2024-10-21T11:21:41.132+0000] {dag.py:4180} INFO - Setting next_dagrun for minhlt9 to None, run_after=None
[2024-10-21T11:21:41.148+0000] {processor.py:208} INFO - Processing /opt/airflow/dags/simple_dag1.py took 0.081 seconds
[2024-10-21T11:22:11.516+0000] {processor.py:186} INFO - Started process (PID=53119) to work on /opt/airflow/dags/simple_dag1.py
[2024-10-21T11:22:11.518+0000] {processor.py:914} INFO - Processing file /opt/airflow/dags/simple_dag1.py for tasks to queue
[2024-10-21T11:22:11.519+0000] {logging_mixin.py:190} INFO - [2024-10-21T11:22:11.519+0000] {dagbag.py:588} INFO - Filling up the DagBag from /opt/airflow/dags/simple_dag1.py
[2024-10-21T11:22:11.525+0000] {processor.py:925} INFO - DAG(s) 'minhlt9' retrieved from /opt/airflow/dags/simple_dag1.py
[2024-10-21T11:22:11.552+0000] {logging_mixin.py:190} INFO - [2024-10-21T11:22:11.552+0000] {dag.py:3239} INFO - Sync 1 DAGs
[2024-10-21T11:22:11.576+0000] {logging_mixin.py:190} INFO - [2024-10-21T11:22:11.576+0000] {dag.py:4180} INFO - Setting next_dagrun for minhlt9 to None, run_after=None
[2024-10-21T11:22:11.594+0000] {processor.py:208} INFO - Processing /opt/airflow/dags/simple_dag1.py took 0.085 seconds
[2024-10-21T11:22:41.707+0000] {processor.py:186} INFO - Started process (PID=53186) to work on /opt/airflow/dags/simple_dag1.py
[2024-10-21T11:22:41.708+0000] {processor.py:914} INFO - Processing file /opt/airflow/dags/simple_dag1.py for tasks to queue
[2024-10-21T11:22:41.710+0000] {logging_mixin.py:190} INFO - [2024-10-21T11:22:41.709+0000] {dagbag.py:588} INFO - Filling up the DagBag from /opt/airflow/dags/simple_dag1.py
[2024-10-21T11:22:41.717+0000] {processor.py:925} INFO - DAG(s) 'minhlt9' retrieved from /opt/airflow/dags/simple_dag1.py
[2024-10-21T11:22:41.741+0000] {logging_mixin.py:190} INFO - [2024-10-21T11:22:41.741+0000] {dag.py:3239} INFO - Sync 1 DAGs
[2024-10-21T11:22:41.766+0000] {logging_mixin.py:190} INFO - [2024-10-21T11:22:41.766+0000] {dag.py:4180} INFO - Setting next_dagrun for minhlt9 to None, run_after=None
[2024-10-21T11:22:41.785+0000] {processor.py:208} INFO - Processing /opt/airflow/dags/simple_dag1.py took 0.086 seconds
[2024-10-21T11:23:12.107+0000] {processor.py:186} INFO - Started process (PID=53252) to work on /opt/airflow/dags/simple_dag1.py
[2024-10-21T11:23:12.108+0000] {processor.py:914} INFO - Processing file /opt/airflow/dags/simple_dag1.py for tasks to queue
[2024-10-21T11:23:12.109+0000] {logging_mixin.py:190} INFO - [2024-10-21T11:23:12.109+0000] {dagbag.py:588} INFO - Filling up the DagBag from /opt/airflow/dags/simple_dag1.py
[2024-10-21T11:23:12.116+0000] {processor.py:925} INFO - DAG(s) 'minhlt9' retrieved from /opt/airflow/dags/simple_dag1.py
[2024-10-21T11:23:12.138+0000] {logging_mixin.py:190} INFO - [2024-10-21T11:23:12.138+0000] {dag.py:3239} INFO - Sync 1 DAGs
[2024-10-21T11:23:12.179+0000] {logging_mixin.py:190} INFO - [2024-10-21T11:23:12.179+0000] {dag.py:4180} INFO - Setting next_dagrun for minhlt9 to None, run_after=None
[2024-10-21T11:23:12.199+0000] {processor.py:208} INFO - Processing /opt/airflow/dags/simple_dag1.py took 0.101 seconds
[2024-10-21T11:23:42.264+0000] {processor.py:186} INFO - Started process (PID=53319) to work on /opt/airflow/dags/simple_dag1.py
[2024-10-21T11:23:42.265+0000] {processor.py:914} INFO - Processing file /opt/airflow/dags/simple_dag1.py for tasks to queue
[2024-10-21T11:23:42.266+0000] {logging_mixin.py:190} INFO - [2024-10-21T11:23:42.266+0000] {dagbag.py:588} INFO - Filling up the DagBag from /opt/airflow/dags/simple_dag1.py
[2024-10-21T11:23:42.273+0000] {processor.py:925} INFO - DAG(s) 'minhlt9' retrieved from /opt/airflow/dags/simple_dag1.py
[2024-10-21T11:23:42.297+0000] {logging_mixin.py:190} INFO - [2024-10-21T11:23:42.297+0000] {dag.py:3239} INFO - Sync 1 DAGs
[2024-10-21T11:23:42.323+0000] {logging_mixin.py:190} INFO - [2024-10-21T11:23:42.322+0000] {dag.py:4180} INFO - Setting next_dagrun for minhlt9 to None, run_after=None
[2024-10-21T11:23:42.345+0000] {processor.py:208} INFO - Processing /opt/airflow/dags/simple_dag1.py took 0.088 seconds
[2024-10-21T11:24:12.471+0000] {processor.py:186} INFO - Started process (PID=53386) to work on /opt/airflow/dags/simple_dag1.py
[2024-10-21T11:24:12.472+0000] {processor.py:914} INFO - Processing file /opt/airflow/dags/simple_dag1.py for tasks to queue
[2024-10-21T11:24:12.474+0000] {logging_mixin.py:190} INFO - [2024-10-21T11:24:12.473+0000] {dagbag.py:588} INFO - Filling up the DagBag from /opt/airflow/dags/simple_dag1.py
[2024-10-21T11:24:12.480+0000] {processor.py:925} INFO - DAG(s) 'minhlt9' retrieved from /opt/airflow/dags/simple_dag1.py
[2024-10-21T11:24:12.502+0000] {logging_mixin.py:190} INFO - [2024-10-21T11:24:12.502+0000] {dag.py:3239} INFO - Sync 1 DAGs
[2024-10-21T11:24:12.537+0000] {logging_mixin.py:190} INFO - [2024-10-21T11:24:12.537+0000] {dag.py:4180} INFO - Setting next_dagrun for minhlt9 to None, run_after=None
[2024-10-21T11:24:12.557+0000] {processor.py:208} INFO - Processing /opt/airflow/dags/simple_dag1.py took 0.094 seconds
[2024-10-21T11:24:42.698+0000] {processor.py:186} INFO - Started process (PID=53453) to work on /opt/airflow/dags/simple_dag1.py
[2024-10-21T11:24:42.702+0000] {processor.py:914} INFO - Processing file /opt/airflow/dags/simple_dag1.py for tasks to queue
[2024-10-21T11:24:42.704+0000] {logging_mixin.py:190} INFO - [2024-10-21T11:24:42.703+0000] {dagbag.py:588} INFO - Filling up the DagBag from /opt/airflow/dags/simple_dag1.py
[2024-10-21T11:24:42.711+0000] {processor.py:925} INFO - DAG(s) 'minhlt9' retrieved from /opt/airflow/dags/simple_dag1.py
[2024-10-21T11:24:42.748+0000] {logging_mixin.py:190} INFO - [2024-10-21T11:24:42.748+0000] {dag.py:3239} INFO - Sync 1 DAGs
[2024-10-21T11:24:42.773+0000] {logging_mixin.py:190} INFO - [2024-10-21T11:24:42.773+0000] {dag.py:4180} INFO - Setting next_dagrun for minhlt9 to None, run_after=None
[2024-10-21T11:24:42.791+0000] {processor.py:208} INFO - Processing /opt/airflow/dags/simple_dag1.py took 0.102 seconds
[2024-10-21T11:25:12.918+0000] {processor.py:186} INFO - Started process (PID=53520) to work on /opt/airflow/dags/simple_dag1.py
[2024-10-21T11:25:12.919+0000] {processor.py:914} INFO - Processing file /opt/airflow/dags/simple_dag1.py for tasks to queue
[2024-10-21T11:25:12.921+0000] {logging_mixin.py:190} INFO - [2024-10-21T11:25:12.921+0000] {dagbag.py:588} INFO - Filling up the DagBag from /opt/airflow/dags/simple_dag1.py
[2024-10-21T11:25:12.931+0000] {processor.py:925} INFO - DAG(s) 'minhlt9' retrieved from /opt/airflow/dags/simple_dag1.py
[2024-10-21T11:25:12.957+0000] {logging_mixin.py:190} INFO - [2024-10-21T11:25:12.956+0000] {dag.py:3239} INFO - Sync 1 DAGs
[2024-10-21T11:25:12.981+0000] {logging_mixin.py:190} INFO - [2024-10-21T11:25:12.981+0000] {dag.py:4180} INFO - Setting next_dagrun for minhlt9 to None, run_after=None
[2024-10-21T11:25:13.001+0000] {processor.py:208} INFO - Processing /opt/airflow/dags/simple_dag1.py took 0.090 seconds
[2024-10-21T11:25:43.153+0000] {processor.py:186} INFO - Started process (PID=53587) to work on /opt/airflow/dags/simple_dag1.py
[2024-10-21T11:25:43.154+0000] {processor.py:914} INFO - Processing file /opt/airflow/dags/simple_dag1.py for tasks to queue
[2024-10-21T11:25:43.155+0000] {logging_mixin.py:190} INFO - [2024-10-21T11:25:43.155+0000] {dagbag.py:588} INFO - Filling up the DagBag from /opt/airflow/dags/simple_dag1.py
[2024-10-21T11:25:43.161+0000] {processor.py:925} INFO - DAG(s) 'minhlt9' retrieved from /opt/airflow/dags/simple_dag1.py
[2024-10-21T11:25:43.184+0000] {logging_mixin.py:190} INFO - [2024-10-21T11:25:43.184+0000] {dag.py:3239} INFO - Sync 1 DAGs
[2024-10-21T11:25:43.208+0000] {logging_mixin.py:190} INFO - [2024-10-21T11:25:43.208+0000] {dag.py:4180} INFO - Setting next_dagrun for minhlt9 to None, run_after=None
[2024-10-21T11:25:43.228+0000] {processor.py:208} INFO - Processing /opt/airflow/dags/simple_dag1.py took 0.083 seconds
[2024-10-21T11:26:13.270+0000] {processor.py:186} INFO - Started process (PID=53654) to work on /opt/airflow/dags/simple_dag1.py
[2024-10-21T11:26:13.271+0000] {processor.py:914} INFO - Processing file /opt/airflow/dags/simple_dag1.py for tasks to queue
[2024-10-21T11:26:13.272+0000] {logging_mixin.py:190} INFO - [2024-10-21T11:26:13.272+0000] {dagbag.py:588} INFO - Filling up the DagBag from /opt/airflow/dags/simple_dag1.py
[2024-10-21T11:26:13.278+0000] {processor.py:925} INFO - DAG(s) 'minhlt9' retrieved from /opt/airflow/dags/simple_dag1.py
[2024-10-21T11:26:13.304+0000] {logging_mixin.py:190} INFO - [2024-10-21T11:26:13.303+0000] {dag.py:3239} INFO - Sync 1 DAGs
[2024-10-21T11:26:13.327+0000] {logging_mixin.py:190} INFO - [2024-10-21T11:26:13.327+0000] {dag.py:4180} INFO - Setting next_dagrun for minhlt9 to None, run_after=None
[2024-10-21T11:26:13.345+0000] {processor.py:208} INFO - Processing /opt/airflow/dags/simple_dag1.py took 0.083 seconds
[2024-10-21T11:26:43.500+0000] {processor.py:186} INFO - Started process (PID=53721) to work on /opt/airflow/dags/simple_dag1.py
[2024-10-21T11:26:43.501+0000] {processor.py:914} INFO - Processing file /opt/airflow/dags/simple_dag1.py for tasks to queue
[2024-10-21T11:26:43.503+0000] {logging_mixin.py:190} INFO - [2024-10-21T11:26:43.502+0000] {dagbag.py:588} INFO - Filling up the DagBag from /opt/airflow/dags/simple_dag1.py
[2024-10-21T11:26:43.510+0000] {processor.py:925} INFO - DAG(s) 'minhlt9' retrieved from /opt/airflow/dags/simple_dag1.py
[2024-10-21T11:26:43.533+0000] {logging_mixin.py:190} INFO - [2024-10-21T11:26:43.533+0000] {dag.py:3239} INFO - Sync 1 DAGs
[2024-10-21T11:26:43.561+0000] {logging_mixin.py:190} INFO - [2024-10-21T11:26:43.561+0000] {dag.py:4180} INFO - Setting next_dagrun for minhlt9 to None, run_after=None
[2024-10-21T11:26:43.584+0000] {processor.py:208} INFO - Processing /opt/airflow/dags/simple_dag1.py took 0.092 seconds
[2024-10-21T11:27:13.928+0000] {processor.py:186} INFO - Started process (PID=53788) to work on /opt/airflow/dags/simple_dag1.py
[2024-10-21T11:27:13.929+0000] {processor.py:914} INFO - Processing file /opt/airflow/dags/simple_dag1.py for tasks to queue
[2024-10-21T11:27:13.931+0000] {logging_mixin.py:190} INFO - [2024-10-21T11:27:13.931+0000] {dagbag.py:588} INFO - Filling up the DagBag from /opt/airflow/dags/simple_dag1.py
[2024-10-21T11:27:13.937+0000] {processor.py:925} INFO - DAG(s) 'minhlt9' retrieved from /opt/airflow/dags/simple_dag1.py
[2024-10-21T11:27:13.961+0000] {logging_mixin.py:190} INFO - [2024-10-21T11:27:13.961+0000] {dag.py:3239} INFO - Sync 1 DAGs
[2024-10-21T11:27:13.986+0000] {logging_mixin.py:190} INFO - [2024-10-21T11:27:13.985+0000] {dag.py:4180} INFO - Setting next_dagrun for minhlt9 to None, run_after=None
[2024-10-21T11:27:14.002+0000] {processor.py:208} INFO - Processing /opt/airflow/dags/simple_dag1.py took 0.089 seconds
[2024-10-21T11:27:44.270+0000] {processor.py:186} INFO - Started process (PID=53855) to work on /opt/airflow/dags/simple_dag1.py
[2024-10-21T11:27:44.271+0000] {processor.py:914} INFO - Processing file /opt/airflow/dags/simple_dag1.py for tasks to queue
[2024-10-21T11:27:44.272+0000] {logging_mixin.py:190} INFO - [2024-10-21T11:27:44.272+0000] {dagbag.py:588} INFO - Filling up the DagBag from /opt/airflow/dags/simple_dag1.py
[2024-10-21T11:27:44.279+0000] {processor.py:925} INFO - DAG(s) 'minhlt9' retrieved from /opt/airflow/dags/simple_dag1.py
[2024-10-21T11:27:44.302+0000] {logging_mixin.py:190} INFO - [2024-10-21T11:27:44.302+0000] {dag.py:3239} INFO - Sync 1 DAGs
[2024-10-21T11:27:44.327+0000] {logging_mixin.py:190} INFO - [2024-10-21T11:27:44.326+0000] {dag.py:4180} INFO - Setting next_dagrun for minhlt9 to None, run_after=None
[2024-10-21T11:27:44.345+0000] {processor.py:208} INFO - Processing /opt/airflow/dags/simple_dag1.py took 0.083 seconds
[2024-10-21T11:28:14.785+0000] {processor.py:186} INFO - Started process (PID=53922) to work on /opt/airflow/dags/simple_dag1.py
[2024-10-21T11:28:14.787+0000] {processor.py:914} INFO - Processing file /opt/airflow/dags/simple_dag1.py for tasks to queue
[2024-10-21T11:28:14.788+0000] {logging_mixin.py:190} INFO - [2024-10-21T11:28:14.788+0000] {dagbag.py:588} INFO - Filling up the DagBag from /opt/airflow/dags/simple_dag1.py
[2024-10-21T11:28:14.794+0000] {processor.py:925} INFO - DAG(s) 'minhlt9' retrieved from /opt/airflow/dags/simple_dag1.py
[2024-10-21T11:28:14.818+0000] {logging_mixin.py:190} INFO - [2024-10-21T11:28:14.818+0000] {dag.py:3239} INFO - Sync 1 DAGs
[2024-10-21T11:28:14.841+0000] {logging_mixin.py:190} INFO - [2024-10-21T11:28:14.841+0000] {dag.py:4180} INFO - Setting next_dagrun for minhlt9 to None, run_after=None
[2024-10-21T11:28:14.859+0000] {processor.py:208} INFO - Processing /opt/airflow/dags/simple_dag1.py took 0.083 seconds
[2024-10-21T11:28:45.068+0000] {processor.py:186} INFO - Started process (PID=53989) to work on /opt/airflow/dags/simple_dag1.py
[2024-10-21T11:28:45.069+0000] {processor.py:914} INFO - Processing file /opt/airflow/dags/simple_dag1.py for tasks to queue
[2024-10-21T11:28:45.071+0000] {logging_mixin.py:190} INFO - [2024-10-21T11:28:45.070+0000] {dagbag.py:588} INFO - Filling up the DagBag from /opt/airflow/dags/simple_dag1.py
[2024-10-21T11:28:45.077+0000] {processor.py:925} INFO - DAG(s) 'minhlt9' retrieved from /opt/airflow/dags/simple_dag1.py
[2024-10-21T11:28:45.103+0000] {logging_mixin.py:190} INFO - [2024-10-21T11:28:45.102+0000] {dag.py:3239} INFO - Sync 1 DAGs
[2024-10-21T11:28:45.127+0000] {logging_mixin.py:190} INFO - [2024-10-21T11:28:45.127+0000] {dag.py:4180} INFO - Setting next_dagrun for minhlt9 to None, run_after=None
[2024-10-21T11:28:45.145+0000] {processor.py:208} INFO - Processing /opt/airflow/dags/simple_dag1.py took 0.085 seconds
[2024-10-21T11:29:15.468+0000] {processor.py:186} INFO - Started process (PID=54056) to work on /opt/airflow/dags/simple_dag1.py
[2024-10-21T11:29:15.469+0000] {processor.py:914} INFO - Processing file /opt/airflow/dags/simple_dag1.py for tasks to queue
[2024-10-21T11:29:15.471+0000] {logging_mixin.py:190} INFO - [2024-10-21T11:29:15.470+0000] {dagbag.py:588} INFO - Filling up the DagBag from /opt/airflow/dags/simple_dag1.py
[2024-10-21T11:29:15.477+0000] {processor.py:925} INFO - DAG(s) 'minhlt9' retrieved from /opt/airflow/dags/simple_dag1.py
[2024-10-21T11:29:15.504+0000] {logging_mixin.py:190} INFO - [2024-10-21T11:29:15.503+0000] {dag.py:3239} INFO - Sync 1 DAGs
[2024-10-21T11:29:15.526+0000] {logging_mixin.py:190} INFO - [2024-10-21T11:29:15.526+0000] {dag.py:4180} INFO - Setting next_dagrun for minhlt9 to None, run_after=None
[2024-10-21T11:29:15.543+0000] {processor.py:208} INFO - Processing /opt/airflow/dags/simple_dag1.py took 0.082 seconds
[2024-10-21T11:29:45.662+0000] {processor.py:186} INFO - Started process (PID=54123) to work on /opt/airflow/dags/simple_dag1.py
[2024-10-21T11:29:45.663+0000] {processor.py:914} INFO - Processing file /opt/airflow/dags/simple_dag1.py for tasks to queue
[2024-10-21T11:29:45.664+0000] {logging_mixin.py:190} INFO - [2024-10-21T11:29:45.664+0000] {dagbag.py:588} INFO - Filling up the DagBag from /opt/airflow/dags/simple_dag1.py
[2024-10-21T11:29:45.671+0000] {processor.py:925} INFO - DAG(s) 'minhlt9' retrieved from /opt/airflow/dags/simple_dag1.py
[2024-10-21T11:29:45.695+0000] {logging_mixin.py:190} INFO - [2024-10-21T11:29:45.695+0000] {dag.py:3239} INFO - Sync 1 DAGs
[2024-10-21T11:29:45.721+0000] {logging_mixin.py:190} INFO - [2024-10-21T11:29:45.721+0000] {dag.py:4180} INFO - Setting next_dagrun for minhlt9 to None, run_after=None
[2024-10-21T11:29:45.740+0000] {processor.py:208} INFO - Processing /opt/airflow/dags/simple_dag1.py took 0.085 seconds
[2024-10-21T11:30:16.496+0000] {processor.py:186} INFO - Started process (PID=54186) to work on /opt/airflow/dags/simple_dag1.py
[2024-10-21T11:30:16.498+0000] {processor.py:914} INFO - Processing file /opt/airflow/dags/simple_dag1.py for tasks to queue
[2024-10-21T11:30:16.499+0000] {logging_mixin.py:190} INFO - [2024-10-21T11:30:16.499+0000] {dagbag.py:588} INFO - Filling up the DagBag from /opt/airflow/dags/simple_dag1.py
[2024-10-21T11:30:16.506+0000] {processor.py:925} INFO - DAG(s) 'minhlt9' retrieved from /opt/airflow/dags/simple_dag1.py
[2024-10-21T11:30:16.533+0000] {logging_mixin.py:190} INFO - [2024-10-21T11:30:16.532+0000] {dag.py:3239} INFO - Sync 1 DAGs
[2024-10-21T11:30:16.557+0000] {logging_mixin.py:190} INFO - [2024-10-21T11:30:16.557+0000] {dag.py:4180} INFO - Setting next_dagrun for minhlt9 to None, run_after=None
[2024-10-21T11:30:16.577+0000] {processor.py:208} INFO - Processing /opt/airflow/dags/simple_dag1.py took 0.092 seconds
[2024-10-21T11:30:46.919+0000] {processor.py:186} INFO - Started process (PID=54252) to work on /opt/airflow/dags/simple_dag1.py
[2024-10-21T11:30:46.921+0000] {processor.py:914} INFO - Processing file /opt/airflow/dags/simple_dag1.py for tasks to queue
[2024-10-21T11:30:46.922+0000] {logging_mixin.py:190} INFO - [2024-10-21T11:30:46.922+0000] {dagbag.py:588} INFO - Filling up the DagBag from /opt/airflow/dags/simple_dag1.py
[2024-10-21T11:30:46.928+0000] {processor.py:925} INFO - DAG(s) 'minhlt9' retrieved from /opt/airflow/dags/simple_dag1.py
[2024-10-21T11:30:46.954+0000] {logging_mixin.py:190} INFO - [2024-10-21T11:30:46.953+0000] {dag.py:3239} INFO - Sync 1 DAGs
[2024-10-21T11:30:46.980+0000] {logging_mixin.py:190} INFO - [2024-10-21T11:30:46.980+0000] {dag.py:4180} INFO - Setting next_dagrun for minhlt9 to None, run_after=None
[2024-10-21T11:30:46.997+0000] {processor.py:208} INFO - Processing /opt/airflow/dags/simple_dag1.py took 0.087 seconds
[2024-10-21T11:31:17.724+0000] {processor.py:186} INFO - Started process (PID=54319) to work on /opt/airflow/dags/simple_dag1.py
[2024-10-21T11:31:17.725+0000] {processor.py:914} INFO - Processing file /opt/airflow/dags/simple_dag1.py for tasks to queue
[2024-10-21T11:31:17.727+0000] {logging_mixin.py:190} INFO - [2024-10-21T11:31:17.727+0000] {dagbag.py:588} INFO - Filling up the DagBag from /opt/airflow/dags/simple_dag1.py
[2024-10-21T11:31:17.734+0000] {processor.py:925} INFO - DAG(s) 'minhlt9' retrieved from /opt/airflow/dags/simple_dag1.py
[2024-10-21T11:31:17.760+0000] {logging_mixin.py:190} INFO - [2024-10-21T11:31:17.759+0000] {dag.py:3239} INFO - Sync 1 DAGs
[2024-10-21T11:31:17.784+0000] {logging_mixin.py:190} INFO - [2024-10-21T11:31:17.784+0000] {dag.py:4180} INFO - Setting next_dagrun for minhlt9 to None, run_after=None
[2024-10-21T11:31:17.801+0000] {processor.py:208} INFO - Processing /opt/airflow/dags/simple_dag1.py took 0.085 seconds
[2024-10-21T11:31:48.158+0000] {processor.py:186} INFO - Started process (PID=54386) to work on /opt/airflow/dags/simple_dag1.py
[2024-10-21T11:31:48.159+0000] {processor.py:914} INFO - Processing file /opt/airflow/dags/simple_dag1.py for tasks to queue
[2024-10-21T11:31:48.160+0000] {logging_mixin.py:190} INFO - [2024-10-21T11:31:48.160+0000] {dagbag.py:588} INFO - Filling up the DagBag from /opt/airflow/dags/simple_dag1.py
[2024-10-21T11:31:48.167+0000] {processor.py:925} INFO - DAG(s) 'minhlt9' retrieved from /opt/airflow/dags/simple_dag1.py
[2024-10-21T11:31:48.191+0000] {logging_mixin.py:190} INFO - [2024-10-21T11:31:48.191+0000] {dag.py:3239} INFO - Sync 1 DAGs
[2024-10-21T11:31:48.215+0000] {logging_mixin.py:190} INFO - [2024-10-21T11:31:48.215+0000] {dag.py:4180} INFO - Setting next_dagrun for minhlt9 to None, run_after=None
[2024-10-21T11:31:48.232+0000] {processor.py:208} INFO - Processing /opt/airflow/dags/simple_dag1.py took 0.082 seconds
[2024-10-21T11:32:18.545+0000] {processor.py:186} INFO - Started process (PID=54453) to work on /opt/airflow/dags/simple_dag1.py
[2024-10-21T11:32:18.547+0000] {processor.py:914} INFO - Processing file /opt/airflow/dags/simple_dag1.py for tasks to queue
[2024-10-21T11:32:18.548+0000] {logging_mixin.py:190} INFO - [2024-10-21T11:32:18.548+0000] {dagbag.py:588} INFO - Filling up the DagBag from /opt/airflow/dags/simple_dag1.py
[2024-10-21T11:32:18.555+0000] {processor.py:925} INFO - DAG(s) 'minhlt9' retrieved from /opt/airflow/dags/simple_dag1.py
[2024-10-21T11:32:18.579+0000] {logging_mixin.py:190} INFO - [2024-10-21T11:32:18.579+0000] {dag.py:3239} INFO - Sync 1 DAGs
[2024-10-21T11:32:18.603+0000] {logging_mixin.py:190} INFO - [2024-10-21T11:32:18.603+0000] {dag.py:4180} INFO - Setting next_dagrun for minhlt9 to None, run_after=None
[2024-10-21T11:32:18.621+0000] {processor.py:208} INFO - Processing /opt/airflow/dags/simple_dag1.py took 0.082 seconds
[2024-10-21T11:32:48.679+0000] {processor.py:186} INFO - Started process (PID=54520) to work on /opt/airflow/dags/simple_dag1.py
[2024-10-21T11:32:48.680+0000] {processor.py:914} INFO - Processing file /opt/airflow/dags/simple_dag1.py for tasks to queue
[2024-10-21T11:32:48.682+0000] {logging_mixin.py:190} INFO - [2024-10-21T11:32:48.681+0000] {dagbag.py:588} INFO - Filling up the DagBag from /opt/airflow/dags/simple_dag1.py
[2024-10-21T11:32:48.689+0000] {processor.py:925} INFO - DAG(s) 'minhlt9' retrieved from /opt/airflow/dags/simple_dag1.py
[2024-10-21T11:32:48.714+0000] {logging_mixin.py:190} INFO - [2024-10-21T11:32:48.713+0000] {dag.py:3239} INFO - Sync 1 DAGs
[2024-10-21T11:32:48.739+0000] {logging_mixin.py:190} INFO - [2024-10-21T11:32:48.739+0000] {dag.py:4180} INFO - Setting next_dagrun for minhlt9 to None, run_after=None
[2024-10-21T11:32:48.758+0000] {processor.py:208} INFO - Processing /opt/airflow/dags/simple_dag1.py took 0.087 seconds
[2024-10-21T11:33:19.018+0000] {processor.py:186} INFO - Started process (PID=54586) to work on /opt/airflow/dags/simple_dag1.py
[2024-10-21T11:33:19.019+0000] {processor.py:914} INFO - Processing file /opt/airflow/dags/simple_dag1.py for tasks to queue
[2024-10-21T11:33:19.021+0000] {logging_mixin.py:190} INFO - [2024-10-21T11:33:19.021+0000] {dagbag.py:588} INFO - Filling up the DagBag from /opt/airflow/dags/simple_dag1.py
[2024-10-21T11:33:19.029+0000] {processor.py:925} INFO - DAG(s) 'minhlt9' retrieved from /opt/airflow/dags/simple_dag1.py
[2024-10-21T11:33:19.053+0000] {logging_mixin.py:190} INFO - [2024-10-21T11:33:19.053+0000] {dag.py:3239} INFO - Sync 1 DAGs
[2024-10-21T11:33:19.081+0000] {logging_mixin.py:190} INFO - [2024-10-21T11:33:19.080+0000] {dag.py:4180} INFO - Setting next_dagrun for minhlt9 to None, run_after=None
[2024-10-21T11:33:19.101+0000] {processor.py:208} INFO - Processing /opt/airflow/dags/simple_dag1.py took 0.093 seconds
[2024-10-21T11:33:49.241+0000] {processor.py:186} INFO - Started process (PID=54653) to work on /opt/airflow/dags/simple_dag1.py
[2024-10-21T11:33:49.242+0000] {processor.py:914} INFO - Processing file /opt/airflow/dags/simple_dag1.py for tasks to queue
[2024-10-21T11:33:49.244+0000] {logging_mixin.py:190} INFO - [2024-10-21T11:33:49.243+0000] {dagbag.py:588} INFO - Filling up the DagBag from /opt/airflow/dags/simple_dag1.py
[2024-10-21T11:33:49.250+0000] {processor.py:925} INFO - DAG(s) 'minhlt9' retrieved from /opt/airflow/dags/simple_dag1.py
[2024-10-21T11:33:49.275+0000] {logging_mixin.py:190} INFO - [2024-10-21T11:33:49.275+0000] {dag.py:3239} INFO - Sync 1 DAGs
[2024-10-21T11:33:49.301+0000] {logging_mixin.py:190} INFO - [2024-10-21T11:33:49.300+0000] {dag.py:4180} INFO - Setting next_dagrun for minhlt9 to None, run_after=None
[2024-10-21T11:33:49.319+0000] {processor.py:208} INFO - Processing /opt/airflow/dags/simple_dag1.py took 0.085 seconds
[2024-10-21T11:34:19.704+0000] {processor.py:186} INFO - Started process (PID=54720) to work on /opt/airflow/dags/simple_dag1.py
[2024-10-21T11:34:19.705+0000] {processor.py:914} INFO - Processing file /opt/airflow/dags/simple_dag1.py for tasks to queue
[2024-10-21T11:34:19.706+0000] {logging_mixin.py:190} INFO - [2024-10-21T11:34:19.706+0000] {dagbag.py:588} INFO - Filling up the DagBag from /opt/airflow/dags/simple_dag1.py
[2024-10-21T11:34:19.713+0000] {processor.py:925} INFO - DAG(s) 'minhlt9' retrieved from /opt/airflow/dags/simple_dag1.py
[2024-10-21T11:34:19.738+0000] {logging_mixin.py:190} INFO - [2024-10-21T11:34:19.737+0000] {dag.py:3239} INFO - Sync 1 DAGs
[2024-10-21T11:34:19.764+0000] {logging_mixin.py:190} INFO - [2024-10-21T11:34:19.764+0000] {dag.py:4180} INFO - Setting next_dagrun for minhlt9 to None, run_after=None
[2024-10-21T11:34:19.783+0000] {processor.py:208} INFO - Processing /opt/airflow/dags/simple_dag1.py took 0.087 seconds
[2024-10-21T11:34:57.085+0000] {processor.py:186} INFO - Started process (PID=54751) to work on /opt/airflow/dags/simple_dag1.py
[2024-10-21T11:34:57.092+0000] {processor.py:914} INFO - Processing file /opt/airflow/dags/simple_dag1.py for tasks to queue
[2024-10-21T11:34:57.093+0000] {logging_mixin.py:190} INFO - [2024-10-21T11:34:57.093+0000] {dagbag.py:588} INFO - Filling up the DagBag from /opt/airflow/dags/simple_dag1.py
[2024-10-21T11:34:57.119+0000] {processor.py:925} INFO - DAG(s) 'minhlt9' retrieved from /opt/airflow/dags/simple_dag1.py
[2024-10-21T11:34:57.157+0000] {logging_mixin.py:190} INFO - [2024-10-21T11:34:57.155+0000] {dag.py:3239} INFO - Sync 1 DAGs
[2024-10-21T11:34:57.191+0000] {logging_mixin.py:190} INFO - [2024-10-21T11:34:57.191+0000] {dag.py:4180} INFO - Setting next_dagrun for minhlt9 to None, run_after=None
[2024-10-21T11:34:57.217+0000] {processor.py:208} INFO - Processing /opt/airflow/dags/simple_dag1.py took 0.151 seconds
