[2024-10-24T04:09:16.446+0000] {processor.py:186} INFO - Started process (PID=98882) to work on /home/airflow/.local/lib/python3.12/site-packages/airflow/example_dags/example_dataset_alias_with_no_taskflow.py
[2024-10-24T04:09:16.455+0000] {processor.py:914} INFO - Processing file /home/airflow/.local/lib/python3.12/site-packages/airflow/example_dags/example_dataset_alias_with_no_taskflow.py for tasks to queue
[2024-10-24T04:09:16.457+0000] {logging_mixin.py:190} INFO - [2024-10-24T04:09:16.457+0000] {dagbag.py:588} INFO - Filling up the DagBag from /home/airflow/.local/lib/python3.12/site-packages/airflow/example_dags/example_dataset_alias_with_no_taskflow.py
[2024-10-24T04:09:17.045+0000] {processor.py:925} INFO - DAG(s) 'dataset_s3_bucket_producer_with_no_taskflow', 'dataset_alias_example_alias_consumer_with_no_taskflow', 'dataset_alias_example_alias_producer_with_no_taskflow', 'dataset_s3_bucket_consumer_with_no_taskflow' retrieved from /home/airflow/.local/lib/python3.12/site-packages/airflow/example_dags/example_dataset_alias_with_no_taskflow.py
[2024-10-24T04:09:17.093+0000] {logging_mixin.py:190} INFO - [2024-10-24T04:09:17.092+0000] {dag.py:3239} INFO - Sync 4 DAGs
[2024-10-24T04:09:17.160+0000] {logging_mixin.py:190} INFO - [2024-10-24T04:09:17.160+0000] {dag.py:4180} INFO - Setting next_dagrun for dataset_alias_example_alias_consumer_with_no_taskflow to None, run_after=None
[2024-10-24T04:09:17.164+0000] {logging_mixin.py:190} INFO - [2024-10-24T04:09:17.164+0000] {dag.py:4180} INFO - Setting next_dagrun for dataset_alias_example_alias_producer_with_no_taskflow to None, run_after=None
[2024-10-24T04:09:17.169+0000] {logging_mixin.py:190} INFO - [2024-10-24T04:09:17.169+0000] {dag.py:4180} INFO - Setting next_dagrun for dataset_s3_bucket_consumer_with_no_taskflow to None, run_after=None
[2024-10-24T04:09:17.173+0000] {logging_mixin.py:190} INFO - [2024-10-24T04:09:17.173+0000] {dag.py:4180} INFO - Setting next_dagrun for dataset_s3_bucket_producer_with_no_taskflow to None, run_after=None
[2024-10-24T04:09:17.204+0000] {processor.py:208} INFO - Processing /home/airflow/.local/lib/python3.12/site-packages/airflow/example_dags/example_dataset_alias_with_no_taskflow.py took 0.779 seconds
[2024-10-24T04:09:48.120+0000] {processor.py:186} INFO - Started process (PID=98949) to work on /home/airflow/.local/lib/python3.12/site-packages/airflow/example_dags/example_dataset_alias_with_no_taskflow.py
[2024-10-24T04:09:48.121+0000] {processor.py:914} INFO - Processing file /home/airflow/.local/lib/python3.12/site-packages/airflow/example_dags/example_dataset_alias_with_no_taskflow.py for tasks to queue
[2024-10-24T04:09:48.123+0000] {logging_mixin.py:190} INFO - [2024-10-24T04:09:48.122+0000] {dagbag.py:588} INFO - Filling up the DagBag from /home/airflow/.local/lib/python3.12/site-packages/airflow/example_dags/example_dataset_alias_with_no_taskflow.py
[2024-10-24T04:09:48.313+0000] {processor.py:925} INFO - DAG(s) 'dataset_s3_bucket_consumer_with_no_taskflow', 'dataset_alias_example_alias_producer_with_no_taskflow', 'dataset_s3_bucket_producer_with_no_taskflow', 'dataset_alias_example_alias_consumer_with_no_taskflow' retrieved from /home/airflow/.local/lib/python3.12/site-packages/airflow/example_dags/example_dataset_alias_with_no_taskflow.py
[2024-10-24T04:09:48.340+0000] {logging_mixin.py:190} INFO - [2024-10-24T04:09:48.340+0000] {dag.py:3239} INFO - Sync 4 DAGs
[2024-10-24T04:09:48.367+0000] {logging_mixin.py:190} INFO - [2024-10-24T04:09:48.366+0000] {dag.py:4180} INFO - Setting next_dagrun for dataset_alias_example_alias_consumer_with_no_taskflow to None, run_after=None
[2024-10-24T04:09:48.370+0000] {logging_mixin.py:190} INFO - [2024-10-24T04:09:48.369+0000] {dag.py:4180} INFO - Setting next_dagrun for dataset_alias_example_alias_producer_with_no_taskflow to None, run_after=None
[2024-10-24T04:09:48.371+0000] {logging_mixin.py:190} INFO - [2024-10-24T04:09:48.371+0000] {dag.py:4180} INFO - Setting next_dagrun for dataset_s3_bucket_consumer_with_no_taskflow to None, run_after=None
[2024-10-24T04:09:48.372+0000] {logging_mixin.py:190} INFO - [2024-10-24T04:09:48.372+0000] {dag.py:4180} INFO - Setting next_dagrun for dataset_s3_bucket_producer_with_no_taskflow to None, run_after=None
[2024-10-24T04:09:48.397+0000] {processor.py:208} INFO - Processing /home/airflow/.local/lib/python3.12/site-packages/airflow/example_dags/example_dataset_alias_with_no_taskflow.py took 0.285 seconds
[2024-10-24T04:10:18.819+0000] {processor.py:186} INFO - Started process (PID=99016) to work on /home/airflow/.local/lib/python3.12/site-packages/airflow/example_dags/example_dataset_alias_with_no_taskflow.py
[2024-10-24T04:10:18.820+0000] {processor.py:914} INFO - Processing file /home/airflow/.local/lib/python3.12/site-packages/airflow/example_dags/example_dataset_alias_with_no_taskflow.py for tasks to queue
[2024-10-24T04:10:18.821+0000] {logging_mixin.py:190} INFO - [2024-10-24T04:10:18.821+0000] {dagbag.py:588} INFO - Filling up the DagBag from /home/airflow/.local/lib/python3.12/site-packages/airflow/example_dags/example_dataset_alias_with_no_taskflow.py
[2024-10-24T04:10:19.014+0000] {processor.py:925} INFO - DAG(s) 'dataset_s3_bucket_producer_with_no_taskflow', 'dataset_s3_bucket_consumer_with_no_taskflow', 'dataset_alias_example_alias_consumer_with_no_taskflow', 'dataset_alias_example_alias_producer_with_no_taskflow' retrieved from /home/airflow/.local/lib/python3.12/site-packages/airflow/example_dags/example_dataset_alias_with_no_taskflow.py
[2024-10-24T04:10:19.042+0000] {logging_mixin.py:190} INFO - [2024-10-24T04:10:19.042+0000] {dag.py:3239} INFO - Sync 4 DAGs
[2024-10-24T04:10:19.070+0000] {logging_mixin.py:190} INFO - [2024-10-24T04:10:19.069+0000] {dag.py:4180} INFO - Setting next_dagrun for dataset_alias_example_alias_consumer_with_no_taskflow to None, run_after=None
[2024-10-24T04:10:19.073+0000] {logging_mixin.py:190} INFO - [2024-10-24T04:10:19.073+0000] {dag.py:4180} INFO - Setting next_dagrun for dataset_alias_example_alias_producer_with_no_taskflow to None, run_after=None
[2024-10-24T04:10:19.075+0000] {logging_mixin.py:190} INFO - [2024-10-24T04:10:19.075+0000] {dag.py:4180} INFO - Setting next_dagrun for dataset_s3_bucket_consumer_with_no_taskflow to None, run_after=None
[2024-10-24T04:10:19.076+0000] {logging_mixin.py:190} INFO - [2024-10-24T04:10:19.076+0000] {dag.py:4180} INFO - Setting next_dagrun for dataset_s3_bucket_producer_with_no_taskflow to None, run_after=None
[2024-10-24T04:10:19.097+0000] {processor.py:208} INFO - Processing /home/airflow/.local/lib/python3.12/site-packages/airflow/example_dags/example_dataset_alias_with_no_taskflow.py took 0.286 seconds
[2024-10-24T04:10:49.539+0000] {processor.py:186} INFO - Started process (PID=99082) to work on /home/airflow/.local/lib/python3.12/site-packages/airflow/example_dags/example_dataset_alias_with_no_taskflow.py
[2024-10-24T04:10:49.541+0000] {processor.py:914} INFO - Processing file /home/airflow/.local/lib/python3.12/site-packages/airflow/example_dags/example_dataset_alias_with_no_taskflow.py for tasks to queue
[2024-10-24T04:10:49.542+0000] {logging_mixin.py:190} INFO - [2024-10-24T04:10:49.542+0000] {dagbag.py:588} INFO - Filling up the DagBag from /home/airflow/.local/lib/python3.12/site-packages/airflow/example_dags/example_dataset_alias_with_no_taskflow.py
[2024-10-24T04:10:49.730+0000] {processor.py:925} INFO - DAG(s) 'dataset_alias_example_alias_producer_with_no_taskflow', 'dataset_alias_example_alias_consumer_with_no_taskflow', 'dataset_s3_bucket_consumer_with_no_taskflow', 'dataset_s3_bucket_producer_with_no_taskflow' retrieved from /home/airflow/.local/lib/python3.12/site-packages/airflow/example_dags/example_dataset_alias_with_no_taskflow.py
[2024-10-24T04:10:49.755+0000] {logging_mixin.py:190} INFO - [2024-10-24T04:10:49.755+0000] {dag.py:3239} INFO - Sync 4 DAGs
[2024-10-24T04:10:49.780+0000] {logging_mixin.py:190} INFO - [2024-10-24T04:10:49.780+0000] {dag.py:4180} INFO - Setting next_dagrun for dataset_alias_example_alias_consumer_with_no_taskflow to None, run_after=None
[2024-10-24T04:10:49.786+0000] {logging_mixin.py:190} INFO - [2024-10-24T04:10:49.785+0000] {dag.py:4180} INFO - Setting next_dagrun for dataset_alias_example_alias_producer_with_no_taskflow to None, run_after=None
[2024-10-24T04:10:49.788+0000] {logging_mixin.py:190} INFO - [2024-10-24T04:10:49.788+0000] {dag.py:4180} INFO - Setting next_dagrun for dataset_s3_bucket_consumer_with_no_taskflow to None, run_after=None
[2024-10-24T04:10:49.790+0000] {logging_mixin.py:190} INFO - [2024-10-24T04:10:49.789+0000] {dag.py:4180} INFO - Setting next_dagrun for dataset_s3_bucket_producer_with_no_taskflow to None, run_after=None
[2024-10-24T04:10:49.814+0000] {processor.py:208} INFO - Processing /home/airflow/.local/lib/python3.12/site-packages/airflow/example_dags/example_dataset_alias_with_no_taskflow.py took 0.283 seconds
[2024-10-24T04:11:20.329+0000] {processor.py:186} INFO - Started process (PID=99148) to work on /home/airflow/.local/lib/python3.12/site-packages/airflow/example_dags/example_dataset_alias_with_no_taskflow.py
[2024-10-24T04:11:20.330+0000] {processor.py:914} INFO - Processing file /home/airflow/.local/lib/python3.12/site-packages/airflow/example_dags/example_dataset_alias_with_no_taskflow.py for tasks to queue
[2024-10-24T04:11:20.333+0000] {logging_mixin.py:190} INFO - [2024-10-24T04:11:20.332+0000] {dagbag.py:588} INFO - Filling up the DagBag from /home/airflow/.local/lib/python3.12/site-packages/airflow/example_dags/example_dataset_alias_with_no_taskflow.py
[2024-10-24T04:11:20.537+0000] {processor.py:925} INFO - DAG(s) 'dataset_s3_bucket_consumer_with_no_taskflow', 'dataset_s3_bucket_producer_with_no_taskflow', 'dataset_alias_example_alias_consumer_with_no_taskflow', 'dataset_alias_example_alias_producer_with_no_taskflow' retrieved from /home/airflow/.local/lib/python3.12/site-packages/airflow/example_dags/example_dataset_alias_with_no_taskflow.py
[2024-10-24T04:11:20.571+0000] {logging_mixin.py:190} INFO - [2024-10-24T04:11:20.570+0000] {dag.py:3239} INFO - Sync 4 DAGs
[2024-10-24T04:11:20.598+0000] {logging_mixin.py:190} INFO - [2024-10-24T04:11:20.598+0000] {dag.py:4180} INFO - Setting next_dagrun for dataset_alias_example_alias_consumer_with_no_taskflow to None, run_after=None
[2024-10-24T04:11:20.601+0000] {logging_mixin.py:190} INFO - [2024-10-24T04:11:20.601+0000] {dag.py:4180} INFO - Setting next_dagrun for dataset_alias_example_alias_producer_with_no_taskflow to None, run_after=None
[2024-10-24T04:11:20.603+0000] {logging_mixin.py:190} INFO - [2024-10-24T04:11:20.603+0000] {dag.py:4180} INFO - Setting next_dagrun for dataset_s3_bucket_consumer_with_no_taskflow to None, run_after=None
[2024-10-24T04:11:20.605+0000] {logging_mixin.py:190} INFO - [2024-10-24T04:11:20.604+0000] {dag.py:4180} INFO - Setting next_dagrun for dataset_s3_bucket_producer_with_no_taskflow to None, run_after=None
[2024-10-24T04:11:20.627+0000] {processor.py:208} INFO - Processing /home/airflow/.local/lib/python3.12/site-packages/airflow/example_dags/example_dataset_alias_with_no_taskflow.py took 0.306 seconds
[2024-10-24T04:11:51.102+0000] {processor.py:186} INFO - Started process (PID=99221) to work on /home/airflow/.local/lib/python3.12/site-packages/airflow/example_dags/example_dataset_alias_with_no_taskflow.py
[2024-10-24T04:11:51.104+0000] {processor.py:914} INFO - Processing file /home/airflow/.local/lib/python3.12/site-packages/airflow/example_dags/example_dataset_alias_with_no_taskflow.py for tasks to queue
[2024-10-24T04:11:51.105+0000] {logging_mixin.py:190} INFO - [2024-10-24T04:11:51.105+0000] {dagbag.py:588} INFO - Filling up the DagBag from /home/airflow/.local/lib/python3.12/site-packages/airflow/example_dags/example_dataset_alias_with_no_taskflow.py
[2024-10-24T04:11:51.310+0000] {processor.py:925} INFO - DAG(s) 'dataset_s3_bucket_consumer_with_no_taskflow', 'dataset_alias_example_alias_consumer_with_no_taskflow', 'dataset_alias_example_alias_producer_with_no_taskflow', 'dataset_s3_bucket_producer_with_no_taskflow' retrieved from /home/airflow/.local/lib/python3.12/site-packages/airflow/example_dags/example_dataset_alias_with_no_taskflow.py
[2024-10-24T04:11:51.337+0000] {logging_mixin.py:190} INFO - [2024-10-24T04:11:51.337+0000] {dag.py:3239} INFO - Sync 4 DAGs
[2024-10-24T04:11:51.361+0000] {logging_mixin.py:190} INFO - [2024-10-24T04:11:51.361+0000] {dag.py:4180} INFO - Setting next_dagrun for dataset_alias_example_alias_consumer_with_no_taskflow to None, run_after=None
[2024-10-24T04:11:51.364+0000] {logging_mixin.py:190} INFO - [2024-10-24T04:11:51.364+0000] {dag.py:4180} INFO - Setting next_dagrun for dataset_alias_example_alias_producer_with_no_taskflow to None, run_after=None
[2024-10-24T04:11:51.366+0000] {logging_mixin.py:190} INFO - [2024-10-24T04:11:51.366+0000] {dag.py:4180} INFO - Setting next_dagrun for dataset_s3_bucket_consumer_with_no_taskflow to None, run_after=None
[2024-10-24T04:11:51.367+0000] {logging_mixin.py:190} INFO - [2024-10-24T04:11:51.367+0000] {dag.py:4180} INFO - Setting next_dagrun for dataset_s3_bucket_producer_with_no_taskflow to None, run_after=None
[2024-10-24T04:11:51.394+0000] {processor.py:208} INFO - Processing /home/airflow/.local/lib/python3.12/site-packages/airflow/example_dags/example_dataset_alias_with_no_taskflow.py took 0.300 seconds
[2024-10-24T04:12:21.516+0000] {processor.py:186} INFO - Started process (PID=99288) to work on /home/airflow/.local/lib/python3.12/site-packages/airflow/example_dags/example_dataset_alias_with_no_taskflow.py
[2024-10-24T04:12:21.518+0000] {processor.py:914} INFO - Processing file /home/airflow/.local/lib/python3.12/site-packages/airflow/example_dags/example_dataset_alias_with_no_taskflow.py for tasks to queue
[2024-10-24T04:12:21.519+0000] {logging_mixin.py:190} INFO - [2024-10-24T04:12:21.519+0000] {dagbag.py:588} INFO - Filling up the DagBag from /home/airflow/.local/lib/python3.12/site-packages/airflow/example_dags/example_dataset_alias_with_no_taskflow.py
[2024-10-24T04:12:21.899+0000] {processor.py:925} INFO - DAG(s) 'dataset_alias_example_alias_consumer_with_no_taskflow', 'dataset_s3_bucket_consumer_with_no_taskflow', 'dataset_alias_example_alias_producer_with_no_taskflow', 'dataset_s3_bucket_producer_with_no_taskflow' retrieved from /home/airflow/.local/lib/python3.12/site-packages/airflow/example_dags/example_dataset_alias_with_no_taskflow.py
[2024-10-24T04:12:21.926+0000] {logging_mixin.py:190} INFO - [2024-10-24T04:12:21.926+0000] {dag.py:3239} INFO - Sync 4 DAGs
[2024-10-24T04:12:21.946+0000] {logging_mixin.py:190} INFO - [2024-10-24T04:12:21.945+0000] {dag.py:4180} INFO - Setting next_dagrun for dataset_alias_example_alias_consumer_with_no_taskflow to None, run_after=None
[2024-10-24T04:12:21.948+0000] {logging_mixin.py:190} INFO - [2024-10-24T04:12:21.948+0000] {dag.py:4180} INFO - Setting next_dagrun for dataset_alias_example_alias_producer_with_no_taskflow to None, run_after=None
[2024-10-24T04:12:21.949+0000] {logging_mixin.py:190} INFO - [2024-10-24T04:12:21.949+0000] {dag.py:4180} INFO - Setting next_dagrun for dataset_s3_bucket_consumer_with_no_taskflow to None, run_after=None
[2024-10-24T04:12:21.951+0000] {logging_mixin.py:190} INFO - [2024-10-24T04:12:21.950+0000] {dag.py:4180} INFO - Setting next_dagrun for dataset_s3_bucket_producer_with_no_taskflow to None, run_after=None
[2024-10-24T04:12:21.971+0000] {processor.py:208} INFO - Processing /home/airflow/.local/lib/python3.12/site-packages/airflow/example_dags/example_dataset_alias_with_no_taskflow.py took 0.462 seconds
[2024-10-24T04:12:52.530+0000] {processor.py:186} INFO - Started process (PID=99354) to work on /home/airflow/.local/lib/python3.12/site-packages/airflow/example_dags/example_dataset_alias_with_no_taskflow.py
[2024-10-24T04:12:52.531+0000] {processor.py:914} INFO - Processing file /home/airflow/.local/lib/python3.12/site-packages/airflow/example_dags/example_dataset_alias_with_no_taskflow.py for tasks to queue
[2024-10-24T04:12:52.533+0000] {logging_mixin.py:190} INFO - [2024-10-24T04:12:52.533+0000] {dagbag.py:588} INFO - Filling up the DagBag from /home/airflow/.local/lib/python3.12/site-packages/airflow/example_dags/example_dataset_alias_with_no_taskflow.py
[2024-10-24T04:12:52.932+0000] {processor.py:925} INFO - DAG(s) 'dataset_s3_bucket_consumer_with_no_taskflow', 'dataset_alias_example_alias_producer_with_no_taskflow', 'dataset_alias_example_alias_consumer_with_no_taskflow', 'dataset_s3_bucket_producer_with_no_taskflow' retrieved from /home/airflow/.local/lib/python3.12/site-packages/airflow/example_dags/example_dataset_alias_with_no_taskflow.py
[2024-10-24T04:12:52.961+0000] {logging_mixin.py:190} INFO - [2024-10-24T04:12:52.961+0000] {dag.py:3239} INFO - Sync 4 DAGs
[2024-10-24T04:12:52.983+0000] {logging_mixin.py:190} INFO - [2024-10-24T04:12:52.982+0000] {dag.py:4180} INFO - Setting next_dagrun for dataset_alias_example_alias_consumer_with_no_taskflow to None, run_after=None
[2024-10-24T04:12:52.986+0000] {logging_mixin.py:190} INFO - [2024-10-24T04:12:52.985+0000] {dag.py:4180} INFO - Setting next_dagrun for dataset_alias_example_alias_producer_with_no_taskflow to None, run_after=None
[2024-10-24T04:12:52.987+0000] {logging_mixin.py:190} INFO - [2024-10-24T04:12:52.987+0000] {dag.py:4180} INFO - Setting next_dagrun for dataset_s3_bucket_consumer_with_no_taskflow to None, run_after=None
[2024-10-24T04:12:52.989+0000] {logging_mixin.py:190} INFO - [2024-10-24T04:12:52.988+0000] {dag.py:4180} INFO - Setting next_dagrun for dataset_s3_bucket_producer_with_no_taskflow to None, run_after=None
[2024-10-24T04:12:53.016+0000] {processor.py:208} INFO - Processing /home/airflow/.local/lib/python3.12/site-packages/airflow/example_dags/example_dataset_alias_with_no_taskflow.py took 0.494 seconds
[2024-10-24T04:13:23.093+0000] {processor.py:186} INFO - Started process (PID=99424) to work on /home/airflow/.local/lib/python3.12/site-packages/airflow/example_dags/example_dataset_alias_with_no_taskflow.py
[2024-10-24T04:13:23.094+0000] {processor.py:914} INFO - Processing file /home/airflow/.local/lib/python3.12/site-packages/airflow/example_dags/example_dataset_alias_with_no_taskflow.py for tasks to queue
[2024-10-24T04:13:23.096+0000] {logging_mixin.py:190} INFO - [2024-10-24T04:13:23.095+0000] {dagbag.py:588} INFO - Filling up the DagBag from /home/airflow/.local/lib/python3.12/site-packages/airflow/example_dags/example_dataset_alias_with_no_taskflow.py
[2024-10-24T04:13:23.281+0000] {processor.py:925} INFO - DAG(s) 'dataset_alias_example_alias_consumer_with_no_taskflow', 'dataset_s3_bucket_consumer_with_no_taskflow', 'dataset_s3_bucket_producer_with_no_taskflow', 'dataset_alias_example_alias_producer_with_no_taskflow' retrieved from /home/airflow/.local/lib/python3.12/site-packages/airflow/example_dags/example_dataset_alias_with_no_taskflow.py
[2024-10-24T04:13:23.499+0000] {logging_mixin.py:190} INFO - [2024-10-24T04:13:23.498+0000] {dag.py:3239} INFO - Sync 4 DAGs
[2024-10-24T04:13:23.522+0000] {logging_mixin.py:190} INFO - [2024-10-24T04:13:23.522+0000] {dag.py:4180} INFO - Setting next_dagrun for dataset_alias_example_alias_consumer_with_no_taskflow to None, run_after=None
[2024-10-24T04:13:23.524+0000] {logging_mixin.py:190} INFO - [2024-10-24T04:13:23.524+0000] {dag.py:4180} INFO - Setting next_dagrun for dataset_alias_example_alias_producer_with_no_taskflow to None, run_after=None
[2024-10-24T04:13:23.526+0000] {logging_mixin.py:190} INFO - [2024-10-24T04:13:23.526+0000] {dag.py:4180} INFO - Setting next_dagrun for dataset_s3_bucket_consumer_with_no_taskflow to None, run_after=None
[2024-10-24T04:13:23.528+0000] {logging_mixin.py:190} INFO - [2024-10-24T04:13:23.527+0000] {dag.py:4180} INFO - Setting next_dagrun for dataset_s3_bucket_producer_with_no_taskflow to None, run_after=None
[2024-10-24T04:13:23.548+0000] {processor.py:208} INFO - Processing /home/airflow/.local/lib/python3.12/site-packages/airflow/example_dags/example_dataset_alias_with_no_taskflow.py took 0.462 seconds
[2024-10-24T04:13:54.297+0000] {processor.py:186} INFO - Started process (PID=99491) to work on /home/airflow/.local/lib/python3.12/site-packages/airflow/example_dags/example_dataset_alias_with_no_taskflow.py
[2024-10-24T04:13:54.298+0000] {processor.py:914} INFO - Processing file /home/airflow/.local/lib/python3.12/site-packages/airflow/example_dags/example_dataset_alias_with_no_taskflow.py for tasks to queue
[2024-10-24T04:13:54.299+0000] {logging_mixin.py:190} INFO - [2024-10-24T04:13:54.299+0000] {dagbag.py:588} INFO - Filling up the DagBag from /home/airflow/.local/lib/python3.12/site-packages/airflow/example_dags/example_dataset_alias_with_no_taskflow.py
[2024-10-24T04:13:54.503+0000] {processor.py:925} INFO - DAG(s) 'dataset_alias_example_alias_consumer_with_no_taskflow', 'dataset_s3_bucket_consumer_with_no_taskflow', 'dataset_alias_example_alias_producer_with_no_taskflow', 'dataset_s3_bucket_producer_with_no_taskflow' retrieved from /home/airflow/.local/lib/python3.12/site-packages/airflow/example_dags/example_dataset_alias_with_no_taskflow.py
[2024-10-24T04:13:54.727+0000] {logging_mixin.py:190} INFO - [2024-10-24T04:13:54.727+0000] {dag.py:3239} INFO - Sync 4 DAGs
[2024-10-24T04:13:54.751+0000] {logging_mixin.py:190} INFO - [2024-10-24T04:13:54.750+0000] {dag.py:4180} INFO - Setting next_dagrun for dataset_alias_example_alias_consumer_with_no_taskflow to None, run_after=None
[2024-10-24T04:13:54.754+0000] {logging_mixin.py:190} INFO - [2024-10-24T04:13:54.754+0000] {dag.py:4180} INFO - Setting next_dagrun for dataset_alias_example_alias_producer_with_no_taskflow to None, run_after=None
[2024-10-24T04:13:54.755+0000] {logging_mixin.py:190} INFO - [2024-10-24T04:13:54.755+0000] {dag.py:4180} INFO - Setting next_dagrun for dataset_s3_bucket_consumer_with_no_taskflow to None, run_after=None
[2024-10-24T04:13:54.757+0000] {logging_mixin.py:190} INFO - [2024-10-24T04:13:54.757+0000] {dag.py:4180} INFO - Setting next_dagrun for dataset_s3_bucket_producer_with_no_taskflow to None, run_after=None
[2024-10-24T04:13:54.777+0000] {processor.py:208} INFO - Processing /home/airflow/.local/lib/python3.12/site-packages/airflow/example_dags/example_dataset_alias_with_no_taskflow.py took 0.487 seconds
[2024-10-24T04:14:25.013+0000] {processor.py:186} INFO - Started process (PID=99558) to work on /home/airflow/.local/lib/python3.12/site-packages/airflow/example_dags/example_dataset_alias_with_no_taskflow.py
[2024-10-24T04:14:25.014+0000] {processor.py:914} INFO - Processing file /home/airflow/.local/lib/python3.12/site-packages/airflow/example_dags/example_dataset_alias_with_no_taskflow.py for tasks to queue
[2024-10-24T04:14:25.016+0000] {logging_mixin.py:190} INFO - [2024-10-24T04:14:25.016+0000] {dagbag.py:588} INFO - Filling up the DagBag from /home/airflow/.local/lib/python3.12/site-packages/airflow/example_dags/example_dataset_alias_with_no_taskflow.py
[2024-10-24T04:14:25.405+0000] {processor.py:925} INFO - DAG(s) 'dataset_alias_example_alias_producer_with_no_taskflow', 'dataset_s3_bucket_producer_with_no_taskflow', 'dataset_alias_example_alias_consumer_with_no_taskflow', 'dataset_s3_bucket_consumer_with_no_taskflow' retrieved from /home/airflow/.local/lib/python3.12/site-packages/airflow/example_dags/example_dataset_alias_with_no_taskflow.py
[2024-10-24T04:14:25.429+0000] {logging_mixin.py:190} INFO - [2024-10-24T04:14:25.429+0000] {dag.py:3239} INFO - Sync 4 DAGs
[2024-10-24T04:14:25.450+0000] {logging_mixin.py:190} INFO - [2024-10-24T04:14:25.450+0000] {dag.py:4180} INFO - Setting next_dagrun for dataset_alias_example_alias_consumer_with_no_taskflow to None, run_after=None
[2024-10-24T04:14:25.453+0000] {logging_mixin.py:190} INFO - [2024-10-24T04:14:25.453+0000] {dag.py:4180} INFO - Setting next_dagrun for dataset_alias_example_alias_producer_with_no_taskflow to None, run_after=None
[2024-10-24T04:14:25.454+0000] {logging_mixin.py:190} INFO - [2024-10-24T04:14:25.454+0000] {dag.py:4180} INFO - Setting next_dagrun for dataset_s3_bucket_consumer_with_no_taskflow to None, run_after=None
[2024-10-24T04:14:25.456+0000] {logging_mixin.py:190} INFO - [2024-10-24T04:14:25.455+0000] {dag.py:4180} INFO - Setting next_dagrun for dataset_s3_bucket_producer_with_no_taskflow to None, run_after=None
[2024-10-24T04:14:25.476+0000] {processor.py:208} INFO - Processing /home/airflow/.local/lib/python3.12/site-packages/airflow/example_dags/example_dataset_alias_with_no_taskflow.py took 0.470 seconds
[2024-10-24T04:14:55.548+0000] {processor.py:186} INFO - Started process (PID=99624) to work on /home/airflow/.local/lib/python3.12/site-packages/airflow/example_dags/example_dataset_alias_with_no_taskflow.py
[2024-10-24T04:14:55.550+0000] {processor.py:914} INFO - Processing file /home/airflow/.local/lib/python3.12/site-packages/airflow/example_dags/example_dataset_alias_with_no_taskflow.py for tasks to queue
[2024-10-24T04:14:55.551+0000] {logging_mixin.py:190} INFO - [2024-10-24T04:14:55.551+0000] {dagbag.py:588} INFO - Filling up the DagBag from /home/airflow/.local/lib/python3.12/site-packages/airflow/example_dags/example_dataset_alias_with_no_taskflow.py
[2024-10-24T04:14:55.932+0000] {processor.py:925} INFO - DAG(s) 'dataset_s3_bucket_producer_with_no_taskflow', 'dataset_alias_example_alias_consumer_with_no_taskflow', 'dataset_s3_bucket_consumer_with_no_taskflow', 'dataset_alias_example_alias_producer_with_no_taskflow' retrieved from /home/airflow/.local/lib/python3.12/site-packages/airflow/example_dags/example_dataset_alias_with_no_taskflow.py
[2024-10-24T04:14:55.954+0000] {logging_mixin.py:190} INFO - [2024-10-24T04:14:55.953+0000] {dag.py:3239} INFO - Sync 4 DAGs
[2024-10-24T04:14:55.975+0000] {logging_mixin.py:190} INFO - [2024-10-24T04:14:55.974+0000] {dag.py:4180} INFO - Setting next_dagrun for dataset_alias_example_alias_consumer_with_no_taskflow to None, run_after=None
[2024-10-24T04:14:55.978+0000] {logging_mixin.py:190} INFO - [2024-10-24T04:14:55.977+0000] {dag.py:4180} INFO - Setting next_dagrun for dataset_alias_example_alias_producer_with_no_taskflow to None, run_after=None
[2024-10-24T04:14:55.979+0000] {logging_mixin.py:190} INFO - [2024-10-24T04:14:55.979+0000] {dag.py:4180} INFO - Setting next_dagrun for dataset_s3_bucket_consumer_with_no_taskflow to None, run_after=None
[2024-10-24T04:14:55.980+0000] {logging_mixin.py:190} INFO - [2024-10-24T04:14:55.980+0000] {dag.py:4180} INFO - Setting next_dagrun for dataset_s3_bucket_producer_with_no_taskflow to None, run_after=None
[2024-10-24T04:14:55.999+0000] {processor.py:208} INFO - Processing /home/airflow/.local/lib/python3.12/site-packages/airflow/example_dags/example_dataset_alias_with_no_taskflow.py took 0.458 seconds
[2024-10-24T04:15:26.060+0000] {processor.py:186} INFO - Started process (PID=99693) to work on /home/airflow/.local/lib/python3.12/site-packages/airflow/example_dags/example_dataset_alias_with_no_taskflow.py
[2024-10-24T04:15:26.061+0000] {processor.py:914} INFO - Processing file /home/airflow/.local/lib/python3.12/site-packages/airflow/example_dags/example_dataset_alias_with_no_taskflow.py for tasks to queue
[2024-10-24T04:15:26.062+0000] {logging_mixin.py:190} INFO - [2024-10-24T04:15:26.062+0000] {dagbag.py:588} INFO - Filling up the DagBag from /home/airflow/.local/lib/python3.12/site-packages/airflow/example_dags/example_dataset_alias_with_no_taskflow.py
[2024-10-24T04:15:26.444+0000] {processor.py:925} INFO - DAG(s) 'dataset_alias_example_alias_consumer_with_no_taskflow', 'dataset_s3_bucket_consumer_with_no_taskflow', 'dataset_s3_bucket_producer_with_no_taskflow', 'dataset_alias_example_alias_producer_with_no_taskflow' retrieved from /home/airflow/.local/lib/python3.12/site-packages/airflow/example_dags/example_dataset_alias_with_no_taskflow.py
[2024-10-24T04:15:26.466+0000] {logging_mixin.py:190} INFO - [2024-10-24T04:15:26.465+0000] {dag.py:3239} INFO - Sync 4 DAGs
[2024-10-24T04:15:26.489+0000] {logging_mixin.py:190} INFO - [2024-10-24T04:15:26.489+0000] {dag.py:4180} INFO - Setting next_dagrun for dataset_alias_example_alias_consumer_with_no_taskflow to None, run_after=None
[2024-10-24T04:15:26.492+0000] {logging_mixin.py:190} INFO - [2024-10-24T04:15:26.491+0000] {dag.py:4180} INFO - Setting next_dagrun for dataset_alias_example_alias_producer_with_no_taskflow to None, run_after=None
[2024-10-24T04:15:26.493+0000] {logging_mixin.py:190} INFO - [2024-10-24T04:15:26.493+0000] {dag.py:4180} INFO - Setting next_dagrun for dataset_s3_bucket_consumer_with_no_taskflow to None, run_after=None
[2024-10-24T04:15:26.494+0000] {logging_mixin.py:190} INFO - [2024-10-24T04:15:26.494+0000] {dag.py:4180} INFO - Setting next_dagrun for dataset_s3_bucket_producer_with_no_taskflow to None, run_after=None
[2024-10-24T04:15:26.516+0000] {processor.py:208} INFO - Processing /home/airflow/.local/lib/python3.12/site-packages/airflow/example_dags/example_dataset_alias_with_no_taskflow.py took 0.463 seconds
[2024-10-24T06:56:00.642+0000] {processor.py:186} INFO - Started process (PID=99754) to work on /home/airflow/.local/lib/python3.12/site-packages/airflow/example_dags/example_dataset_alias_with_no_taskflow.py
[2024-10-24T06:56:00.643+0000] {processor.py:914} INFO - Processing file /home/airflow/.local/lib/python3.12/site-packages/airflow/example_dags/example_dataset_alias_with_no_taskflow.py for tasks to queue
[2024-10-24T06:56:00.645+0000] {logging_mixin.py:190} INFO - [2024-10-24T06:56:00.645+0000] {dagbag.py:588} INFO - Filling up the DagBag from /home/airflow/.local/lib/python3.12/site-packages/airflow/example_dags/example_dataset_alias_with_no_taskflow.py
[2024-10-24T06:56:01.569+0000] {processor.py:925} INFO - DAG(s) 'dataset_alias_example_alias_producer_with_no_taskflow', 'dataset_s3_bucket_consumer_with_no_taskflow', 'dataset_s3_bucket_producer_with_no_taskflow', 'dataset_alias_example_alias_consumer_with_no_taskflow' retrieved from /home/airflow/.local/lib/python3.12/site-packages/airflow/example_dags/example_dataset_alias_with_no_taskflow.py
[2024-10-24T06:56:01.595+0000] {logging_mixin.py:190} INFO - [2024-10-24T06:56:01.595+0000] {dag.py:3239} INFO - Sync 4 DAGs
[2024-10-24T06:56:01.624+0000] {logging_mixin.py:190} INFO - [2024-10-24T06:56:01.623+0000] {dag.py:4180} INFO - Setting next_dagrun for dataset_alias_example_alias_consumer_with_no_taskflow to None, run_after=None
[2024-10-24T06:56:01.627+0000] {logging_mixin.py:190} INFO - [2024-10-24T06:56:01.627+0000] {dag.py:4180} INFO - Setting next_dagrun for dataset_alias_example_alias_producer_with_no_taskflow to None, run_after=None
[2024-10-24T06:56:01.629+0000] {logging_mixin.py:190} INFO - [2024-10-24T06:56:01.629+0000] {dag.py:4180} INFO - Setting next_dagrun for dataset_s3_bucket_consumer_with_no_taskflow to None, run_after=None
[2024-10-24T06:56:01.630+0000] {logging_mixin.py:190} INFO - [2024-10-24T06:56:01.630+0000] {dag.py:4180} INFO - Setting next_dagrun for dataset_s3_bucket_producer_with_no_taskflow to None, run_after=None
[2024-10-24T06:56:01.657+0000] {processor.py:208} INFO - Processing /home/airflow/.local/lib/python3.12/site-packages/airflow/example_dags/example_dataset_alias_with_no_taskflow.py took 1.024 seconds
[2024-10-24T06:56:32.510+0000] {processor.py:186} INFO - Started process (PID=99824) to work on /home/airflow/.local/lib/python3.12/site-packages/airflow/example_dags/example_dataset_alias_with_no_taskflow.py
[2024-10-24T06:56:32.514+0000] {processor.py:914} INFO - Processing file /home/airflow/.local/lib/python3.12/site-packages/airflow/example_dags/example_dataset_alias_with_no_taskflow.py for tasks to queue
[2024-10-24T06:56:32.516+0000] {logging_mixin.py:190} INFO - [2024-10-24T06:56:32.515+0000] {dagbag.py:588} INFO - Filling up the DagBag from /home/airflow/.local/lib/python3.12/site-packages/airflow/example_dags/example_dataset_alias_with_no_taskflow.py
[2024-10-24T06:56:32.919+0000] {processor.py:925} INFO - DAG(s) 'dataset_s3_bucket_producer_with_no_taskflow', 'dataset_alias_example_alias_producer_with_no_taskflow', 'dataset_s3_bucket_consumer_with_no_taskflow', 'dataset_alias_example_alias_consumer_with_no_taskflow' retrieved from /home/airflow/.local/lib/python3.12/site-packages/airflow/example_dags/example_dataset_alias_with_no_taskflow.py
[2024-10-24T06:56:32.947+0000] {logging_mixin.py:190} INFO - [2024-10-24T06:56:32.947+0000] {dag.py:3239} INFO - Sync 4 DAGs
[2024-10-24T06:56:32.970+0000] {logging_mixin.py:190} INFO - [2024-10-24T06:56:32.970+0000] {dag.py:4180} INFO - Setting next_dagrun for dataset_alias_example_alias_consumer_with_no_taskflow to None, run_after=None
[2024-10-24T06:56:32.973+0000] {logging_mixin.py:190} INFO - [2024-10-24T06:56:32.973+0000] {dag.py:4180} INFO - Setting next_dagrun for dataset_alias_example_alias_producer_with_no_taskflow to None, run_after=None
[2024-10-24T06:56:32.974+0000] {logging_mixin.py:190} INFO - [2024-10-24T06:56:32.974+0000] {dag.py:4180} INFO - Setting next_dagrun for dataset_s3_bucket_consumer_with_no_taskflow to None, run_after=None
[2024-10-24T06:56:32.976+0000] {logging_mixin.py:190} INFO - [2024-10-24T06:56:32.976+0000] {dag.py:4180} INFO - Setting next_dagrun for dataset_s3_bucket_producer_with_no_taskflow to None, run_after=None
[2024-10-24T06:56:33.017+0000] {processor.py:208} INFO - Processing /home/airflow/.local/lib/python3.12/site-packages/airflow/example_dags/example_dataset_alias_with_no_taskflow.py took 0.514 seconds
[2024-10-24T06:57:03.074+0000] {processor.py:186} INFO - Started process (PID=99891) to work on /home/airflow/.local/lib/python3.12/site-packages/airflow/example_dags/example_dataset_alias_with_no_taskflow.py
[2024-10-24T06:57:03.076+0000] {processor.py:914} INFO - Processing file /home/airflow/.local/lib/python3.12/site-packages/airflow/example_dags/example_dataset_alias_with_no_taskflow.py for tasks to queue
[2024-10-24T06:57:03.078+0000] {logging_mixin.py:190} INFO - [2024-10-24T06:57:03.077+0000] {dagbag.py:588} INFO - Filling up the DagBag from /home/airflow/.local/lib/python3.12/site-packages/airflow/example_dags/example_dataset_alias_with_no_taskflow.py
[2024-10-24T06:57:03.458+0000] {processor.py:925} INFO - DAG(s) 'dataset_s3_bucket_producer_with_no_taskflow', 'dataset_s3_bucket_consumer_with_no_taskflow', 'dataset_alias_example_alias_producer_with_no_taskflow', 'dataset_alias_example_alias_consumer_with_no_taskflow' retrieved from /home/airflow/.local/lib/python3.12/site-packages/airflow/example_dags/example_dataset_alias_with_no_taskflow.py
[2024-10-24T06:57:03.479+0000] {logging_mixin.py:190} INFO - [2024-10-24T06:57:03.478+0000] {dag.py:3239} INFO - Sync 4 DAGs
[2024-10-24T06:57:03.499+0000] {logging_mixin.py:190} INFO - [2024-10-24T06:57:03.499+0000] {dag.py:4180} INFO - Setting next_dagrun for dataset_alias_example_alias_consumer_with_no_taskflow to None, run_after=None
[2024-10-24T06:57:03.504+0000] {logging_mixin.py:190} INFO - [2024-10-24T06:57:03.504+0000] {dag.py:4180} INFO - Setting next_dagrun for dataset_alias_example_alias_producer_with_no_taskflow to None, run_after=None
[2024-10-24T06:57:03.506+0000] {logging_mixin.py:190} INFO - [2024-10-24T06:57:03.506+0000] {dag.py:4180} INFO - Setting next_dagrun for dataset_s3_bucket_consumer_with_no_taskflow to None, run_after=None
[2024-10-24T06:57:03.507+0000] {logging_mixin.py:190} INFO - [2024-10-24T06:57:03.507+0000] {dag.py:4180} INFO - Setting next_dagrun for dataset_s3_bucket_producer_with_no_taskflow to None, run_after=None
[2024-10-24T06:57:03.529+0000] {processor.py:208} INFO - Processing /home/airflow/.local/lib/python3.12/site-packages/airflow/example_dags/example_dataset_alias_with_no_taskflow.py took 0.464 seconds
[2024-10-24T06:57:33.906+0000] {processor.py:186} INFO - Started process (PID=99958) to work on /home/airflow/.local/lib/python3.12/site-packages/airflow/example_dags/example_dataset_alias_with_no_taskflow.py
[2024-10-24T06:57:33.907+0000] {processor.py:914} INFO - Processing file /home/airflow/.local/lib/python3.12/site-packages/airflow/example_dags/example_dataset_alias_with_no_taskflow.py for tasks to queue
[2024-10-24T06:57:33.909+0000] {logging_mixin.py:190} INFO - [2024-10-24T06:57:33.908+0000] {dagbag.py:588} INFO - Filling up the DagBag from /home/airflow/.local/lib/python3.12/site-packages/airflow/example_dags/example_dataset_alias_with_no_taskflow.py
[2024-10-24T06:57:34.309+0000] {processor.py:925} INFO - DAG(s) 'dataset_alias_example_alias_producer_with_no_taskflow', 'dataset_alias_example_alias_consumer_with_no_taskflow', 'dataset_s3_bucket_consumer_with_no_taskflow', 'dataset_s3_bucket_producer_with_no_taskflow' retrieved from /home/airflow/.local/lib/python3.12/site-packages/airflow/example_dags/example_dataset_alias_with_no_taskflow.py
[2024-10-24T06:57:34.333+0000] {logging_mixin.py:190} INFO - [2024-10-24T06:57:34.333+0000] {dag.py:3239} INFO - Sync 4 DAGs
[2024-10-24T06:57:34.355+0000] {logging_mixin.py:190} INFO - [2024-10-24T06:57:34.355+0000] {dag.py:4180} INFO - Setting next_dagrun for dataset_alias_example_alias_consumer_with_no_taskflow to None, run_after=None
[2024-10-24T06:57:34.358+0000] {logging_mixin.py:190} INFO - [2024-10-24T06:57:34.357+0000] {dag.py:4180} INFO - Setting next_dagrun for dataset_alias_example_alias_producer_with_no_taskflow to None, run_after=None
[2024-10-24T06:57:34.359+0000] {logging_mixin.py:190} INFO - [2024-10-24T06:57:34.359+0000] {dag.py:4180} INFO - Setting next_dagrun for dataset_s3_bucket_consumer_with_no_taskflow to None, run_after=None
[2024-10-24T06:57:34.360+0000] {logging_mixin.py:190} INFO - [2024-10-24T06:57:34.360+0000] {dag.py:4180} INFO - Setting next_dagrun for dataset_s3_bucket_producer_with_no_taskflow to None, run_after=None
[2024-10-24T06:57:34.384+0000] {processor.py:208} INFO - Processing /home/airflow/.local/lib/python3.12/site-packages/airflow/example_dags/example_dataset_alias_with_no_taskflow.py took 0.489 seconds
[2024-10-24T06:58:04.534+0000] {processor.py:186} INFO - Started process (PID=100027) to work on /home/airflow/.local/lib/python3.12/site-packages/airflow/example_dags/example_dataset_alias_with_no_taskflow.py
[2024-10-24T06:58:04.536+0000] {processor.py:914} INFO - Processing file /home/airflow/.local/lib/python3.12/site-packages/airflow/example_dags/example_dataset_alias_with_no_taskflow.py for tasks to queue
[2024-10-24T06:58:04.537+0000] {logging_mixin.py:190} INFO - [2024-10-24T06:58:04.537+0000] {dagbag.py:588} INFO - Filling up the DagBag from /home/airflow/.local/lib/python3.12/site-packages/airflow/example_dags/example_dataset_alias_with_no_taskflow.py
[2024-10-24T06:58:04.953+0000] {processor.py:925} INFO - DAG(s) 'dataset_alias_example_alias_producer_with_no_taskflow', 'dataset_s3_bucket_producer_with_no_taskflow', 'dataset_s3_bucket_consumer_with_no_taskflow', 'dataset_alias_example_alias_consumer_with_no_taskflow' retrieved from /home/airflow/.local/lib/python3.12/site-packages/airflow/example_dags/example_dataset_alias_with_no_taskflow.py
[2024-10-24T06:58:04.982+0000] {logging_mixin.py:190} INFO - [2024-10-24T06:58:04.982+0000] {dag.py:3239} INFO - Sync 4 DAGs
[2024-10-24T06:58:05.005+0000] {logging_mixin.py:190} INFO - [2024-10-24T06:58:05.005+0000] {dag.py:4180} INFO - Setting next_dagrun for dataset_alias_example_alias_consumer_with_no_taskflow to None, run_after=None
[2024-10-24T06:58:05.008+0000] {logging_mixin.py:190} INFO - [2024-10-24T06:58:05.008+0000] {dag.py:4180} INFO - Setting next_dagrun for dataset_alias_example_alias_producer_with_no_taskflow to None, run_after=None
[2024-10-24T06:58:05.010+0000] {logging_mixin.py:190} INFO - [2024-10-24T06:58:05.010+0000] {dag.py:4180} INFO - Setting next_dagrun for dataset_s3_bucket_consumer_with_no_taskflow to None, run_after=None
[2024-10-24T06:58:05.012+0000] {logging_mixin.py:190} INFO - [2024-10-24T06:58:05.012+0000] {dag.py:4180} INFO - Setting next_dagrun for dataset_s3_bucket_producer_with_no_taskflow to None, run_after=None
[2024-10-24T06:58:05.037+0000] {processor.py:208} INFO - Processing /home/airflow/.local/lib/python3.12/site-packages/airflow/example_dags/example_dataset_alias_with_no_taskflow.py took 0.512 seconds
[2024-10-24T06:58:35.111+0000] {processor.py:186} INFO - Started process (PID=100093) to work on /home/airflow/.local/lib/python3.12/site-packages/airflow/example_dags/example_dataset_alias_with_no_taskflow.py
[2024-10-24T06:58:35.116+0000] {processor.py:914} INFO - Processing file /home/airflow/.local/lib/python3.12/site-packages/airflow/example_dags/example_dataset_alias_with_no_taskflow.py for tasks to queue
[2024-10-24T06:58:35.117+0000] {logging_mixin.py:190} INFO - [2024-10-24T06:58:35.117+0000] {dagbag.py:588} INFO - Filling up the DagBag from /home/airflow/.local/lib/python3.12/site-packages/airflow/example_dags/example_dataset_alias_with_no_taskflow.py
[2024-10-24T06:58:35.619+0000] {processor.py:925} INFO - DAG(s) 'dataset_s3_bucket_consumer_with_no_taskflow', 'dataset_s3_bucket_producer_with_no_taskflow', 'dataset_alias_example_alias_producer_with_no_taskflow', 'dataset_alias_example_alias_consumer_with_no_taskflow' retrieved from /home/airflow/.local/lib/python3.12/site-packages/airflow/example_dags/example_dataset_alias_with_no_taskflow.py
[2024-10-24T06:58:35.649+0000] {logging_mixin.py:190} INFO - [2024-10-24T06:58:35.649+0000] {dag.py:3239} INFO - Sync 4 DAGs
[2024-10-24T06:58:35.675+0000] {logging_mixin.py:190} INFO - [2024-10-24T06:58:35.675+0000] {dag.py:4180} INFO - Setting next_dagrun for dataset_alias_example_alias_consumer_with_no_taskflow to None, run_after=None
[2024-10-24T06:58:35.681+0000] {logging_mixin.py:190} INFO - [2024-10-24T06:58:35.681+0000] {dag.py:4180} INFO - Setting next_dagrun for dataset_alias_example_alias_producer_with_no_taskflow to None, run_after=None
[2024-10-24T06:58:35.684+0000] {logging_mixin.py:190} INFO - [2024-10-24T06:58:35.684+0000] {dag.py:4180} INFO - Setting next_dagrun for dataset_s3_bucket_consumer_with_no_taskflow to None, run_after=None
[2024-10-24T06:58:35.686+0000] {logging_mixin.py:190} INFO - [2024-10-24T06:58:35.686+0000] {dag.py:4180} INFO - Setting next_dagrun for dataset_s3_bucket_producer_with_no_taskflow to None, run_after=None
[2024-10-24T06:58:35.712+0000] {processor.py:208} INFO - Processing /home/airflow/.local/lib/python3.12/site-packages/airflow/example_dags/example_dataset_alias_with_no_taskflow.py took 0.620 seconds
[2024-10-24T06:59:05.910+0000] {processor.py:186} INFO - Started process (PID=100161) to work on /home/airflow/.local/lib/python3.12/site-packages/airflow/example_dags/example_dataset_alias_with_no_taskflow.py
[2024-10-24T06:59:05.912+0000] {processor.py:914} INFO - Processing file /home/airflow/.local/lib/python3.12/site-packages/airflow/example_dags/example_dataset_alias_with_no_taskflow.py for tasks to queue
[2024-10-24T06:59:05.913+0000] {logging_mixin.py:190} INFO - [2024-10-24T06:59:05.913+0000] {dagbag.py:588} INFO - Filling up the DagBag from /home/airflow/.local/lib/python3.12/site-packages/airflow/example_dags/example_dataset_alias_with_no_taskflow.py
[2024-10-24T06:59:06.299+0000] {processor.py:925} INFO - DAG(s) 'dataset_alias_example_alias_producer_with_no_taskflow', 'dataset_s3_bucket_producer_with_no_taskflow', 'dataset_s3_bucket_consumer_with_no_taskflow', 'dataset_alias_example_alias_consumer_with_no_taskflow' retrieved from /home/airflow/.local/lib/python3.12/site-packages/airflow/example_dags/example_dataset_alias_with_no_taskflow.py
[2024-10-24T06:59:06.321+0000] {logging_mixin.py:190} INFO - [2024-10-24T06:59:06.321+0000] {dag.py:3239} INFO - Sync 4 DAGs
[2024-10-24T06:59:06.342+0000] {logging_mixin.py:190} INFO - [2024-10-24T06:59:06.342+0000] {dag.py:4180} INFO - Setting next_dagrun for dataset_alias_example_alias_consumer_with_no_taskflow to None, run_after=None
[2024-10-24T06:59:06.345+0000] {logging_mixin.py:190} INFO - [2024-10-24T06:59:06.345+0000] {dag.py:4180} INFO - Setting next_dagrun for dataset_alias_example_alias_producer_with_no_taskflow to None, run_after=None
[2024-10-24T06:59:06.349+0000] {logging_mixin.py:190} INFO - [2024-10-24T06:59:06.349+0000] {dag.py:4180} INFO - Setting next_dagrun for dataset_s3_bucket_consumer_with_no_taskflow to None, run_after=None
[2024-10-24T06:59:06.350+0000] {logging_mixin.py:190} INFO - [2024-10-24T06:59:06.350+0000] {dag.py:4180} INFO - Setting next_dagrun for dataset_s3_bucket_producer_with_no_taskflow to None, run_after=None
[2024-10-24T06:59:06.376+0000] {processor.py:208} INFO - Processing /home/airflow/.local/lib/python3.12/site-packages/airflow/example_dags/example_dataset_alias_with_no_taskflow.py took 0.473 seconds
