[2024-10-24T04:09:17.530+0000] {processor.py:186} INFO - Started process (PID=98886) to work on /home/airflow/.local/lib/python3.12/site-packages/airflow/example_dags/example_datasets.py
[2024-10-24T04:09:17.531+0000] {processor.py:914} INFO - Processing file /home/airflow/.local/lib/python3.12/site-packages/airflow/example_dags/example_datasets.py for tasks to queue
[2024-10-24T04:09:17.535+0000] {logging_mixin.py:190} INFO - [2024-10-24T04:09:17.534+0000] {dagbag.py:588} INFO - Filling up the DagBag from /home/airflow/.local/lib/python3.12/site-packages/airflow/example_dags/example_datasets.py
[2024-10-24T04:09:17.930+0000] {processor.py:925} INFO - DAG(s) 'consume_1_or_2_with_dataset_expressions', 'consume_1_or_both_2_and_3_with_dataset_expressions', 'conditional_dataset_and_time_based_timetable', 'dataset_produces_1', 'dataset_consumes_unknown_never_scheduled', 'dataset_consumes_1', 'dataset_consumes_1_and_2', 'consume_1_and_2_with_dataset_expressions', 'dataset_produces_2', 'dataset_consumes_1_never_scheduled' retrieved from /home/airflow/.local/lib/python3.12/site-packages/airflow/example_dags/example_datasets.py
[2024-10-24T04:09:17.995+0000] {logging_mixin.py:190} INFO - [2024-10-24T04:09:17.995+0000] {dag.py:3239} INFO - Sync 10 DAGs
[2024-10-24T04:09:18.037+0000] {logging_mixin.py:190} INFO - [2024-10-24T04:09:18.036+0000] {dag.py:4180} INFO - Setting next_dagrun for conditional_dataset_and_time_based_timetable to 2024-10-23 01:00:00+00:00, run_after=2024-10-23 01:00:00+00:00
[2024-10-24T04:09:18.619+0000] {logging_mixin.py:190} INFO - [2024-10-24T04:09:18.619+0000] {dag.py:4180} INFO - Setting next_dagrun for consume_1_and_2_with_dataset_expressions to None, run_after=None
[2024-10-24T04:09:18.621+0000] {logging_mixin.py:190} INFO - [2024-10-24T04:09:18.621+0000] {dag.py:4180} INFO - Setting next_dagrun for consume_1_or_2_with_dataset_expressions to None, run_after=None
[2024-10-24T04:09:18.622+0000] {logging_mixin.py:190} INFO - [2024-10-24T04:09:18.622+0000] {dag.py:4180} INFO - Setting next_dagrun for consume_1_or_both_2_and_3_with_dataset_expressions to None, run_after=None
[2024-10-24T04:09:18.624+0000] {logging_mixin.py:190} INFO - [2024-10-24T04:09:18.624+0000] {dag.py:4180} INFO - Setting next_dagrun for dataset_consumes_1 to None, run_after=None
[2024-10-24T04:09:18.625+0000] {logging_mixin.py:190} INFO - [2024-10-24T04:09:18.625+0000] {dag.py:4180} INFO - Setting next_dagrun for dataset_consumes_1_and_2 to None, run_after=None
[2024-10-24T04:09:18.627+0000] {logging_mixin.py:190} INFO - [2024-10-24T04:09:18.626+0000] {dag.py:4180} INFO - Setting next_dagrun for dataset_consumes_1_never_scheduled to None, run_after=None
[2024-10-24T04:09:18.629+0000] {logging_mixin.py:190} INFO - [2024-10-24T04:09:18.629+0000] {dag.py:4180} INFO - Setting next_dagrun for dataset_consumes_unknown_never_scheduled to None, run_after=None
[2024-10-24T04:09:18.632+0000] {logging_mixin.py:190} INFO - [2024-10-24T04:09:18.632+0000] {dag.py:4180} INFO - Setting next_dagrun for dataset_produces_1 to 2024-10-23 00:00:00+00:00, run_after=2024-10-24 00:00:00+00:00
[2024-10-24T04:09:18.633+0000] {logging_mixin.py:190} INFO - [2024-10-24T04:09:18.633+0000] {dag.py:4180} INFO - Setting next_dagrun for dataset_produces_2 to None, run_after=None
[2024-10-24T04:09:18.681+0000] {processor.py:208} INFO - Processing /home/airflow/.local/lib/python3.12/site-packages/airflow/example_dags/example_datasets.py took 1.167 seconds
[2024-10-24T04:09:49.585+0000] {processor.py:186} INFO - Started process (PID=98955) to work on /home/airflow/.local/lib/python3.12/site-packages/airflow/example_dags/example_datasets.py
[2024-10-24T04:09:49.587+0000] {processor.py:914} INFO - Processing file /home/airflow/.local/lib/python3.12/site-packages/airflow/example_dags/example_datasets.py for tasks to queue
[2024-10-24T04:09:49.588+0000] {logging_mixin.py:190} INFO - [2024-10-24T04:09:49.588+0000] {dagbag.py:588} INFO - Filling up the DagBag from /home/airflow/.local/lib/python3.12/site-packages/airflow/example_dags/example_datasets.py
[2024-10-24T04:09:49.762+0000] {processor.py:925} INFO - DAG(s) 'consume_1_and_2_with_dataset_expressions', 'dataset_consumes_unknown_never_scheduled', 'consume_1_or_2_with_dataset_expressions', 'conditional_dataset_and_time_based_timetable', 'dataset_produces_1', 'dataset_produces_2', 'dataset_consumes_1_never_scheduled', 'consume_1_or_both_2_and_3_with_dataset_expressions', 'dataset_consumes_1_and_2', 'dataset_consumes_1' retrieved from /home/airflow/.local/lib/python3.12/site-packages/airflow/example_dags/example_datasets.py
[2024-10-24T04:09:49.810+0000] {logging_mixin.py:190} INFO - [2024-10-24T04:09:49.810+0000] {dag.py:3239} INFO - Sync 10 DAGs
[2024-10-24T04:09:49.841+0000] {logging_mixin.py:190} INFO - [2024-10-24T04:09:49.841+0000] {dag.py:4180} INFO - Setting next_dagrun for conditional_dataset_and_time_based_timetable to 2024-10-23 01:00:00+00:00, run_after=2024-10-23 01:00:00+00:00
[2024-10-24T04:09:50.032+0000] {logging_mixin.py:190} INFO - [2024-10-24T04:09:50.032+0000] {dag.py:4180} INFO - Setting next_dagrun for consume_1_and_2_with_dataset_expressions to None, run_after=None
[2024-10-24T04:09:50.035+0000] {logging_mixin.py:190} INFO - [2024-10-24T04:09:50.035+0000] {dag.py:4180} INFO - Setting next_dagrun for consume_1_or_2_with_dataset_expressions to None, run_after=None
[2024-10-24T04:09:50.037+0000] {logging_mixin.py:190} INFO - [2024-10-24T04:09:50.036+0000] {dag.py:4180} INFO - Setting next_dagrun for consume_1_or_both_2_and_3_with_dataset_expressions to None, run_after=None
[2024-10-24T04:09:50.038+0000] {logging_mixin.py:190} INFO - [2024-10-24T04:09:50.038+0000] {dag.py:4180} INFO - Setting next_dagrun for dataset_consumes_1 to None, run_after=None
[2024-10-24T04:09:50.040+0000] {logging_mixin.py:190} INFO - [2024-10-24T04:09:50.039+0000] {dag.py:4180} INFO - Setting next_dagrun for dataset_consumes_1_and_2 to None, run_after=None
[2024-10-24T04:09:50.041+0000] {logging_mixin.py:190} INFO - [2024-10-24T04:09:50.041+0000] {dag.py:4180} INFO - Setting next_dagrun for dataset_consumes_1_never_scheduled to None, run_after=None
[2024-10-24T04:09:50.042+0000] {logging_mixin.py:190} INFO - [2024-10-24T04:09:50.042+0000] {dag.py:4180} INFO - Setting next_dagrun for dataset_consumes_unknown_never_scheduled to None, run_after=None
[2024-10-24T04:09:50.046+0000] {logging_mixin.py:190} INFO - [2024-10-24T04:09:50.046+0000] {dag.py:4180} INFO - Setting next_dagrun for dataset_produces_1 to 2024-10-23 00:00:00+00:00, run_after=2024-10-24 00:00:00+00:00
[2024-10-24T04:09:50.048+0000] {logging_mixin.py:190} INFO - [2024-10-24T04:09:50.048+0000] {dag.py:4180} INFO - Setting next_dagrun for dataset_produces_2 to None, run_after=None
[2024-10-24T04:09:50.085+0000] {processor.py:208} INFO - Processing /home/airflow/.local/lib/python3.12/site-packages/airflow/example_dags/example_datasets.py took 0.507 seconds
[2024-10-24T04:10:20.293+0000] {processor.py:186} INFO - Started process (PID=99022) to work on /home/airflow/.local/lib/python3.12/site-packages/airflow/example_dags/example_datasets.py
[2024-10-24T04:10:20.294+0000] {processor.py:914} INFO - Processing file /home/airflow/.local/lib/python3.12/site-packages/airflow/example_dags/example_datasets.py for tasks to queue
[2024-10-24T04:10:20.296+0000] {logging_mixin.py:190} INFO - [2024-10-24T04:10:20.296+0000] {dagbag.py:588} INFO - Filling up the DagBag from /home/airflow/.local/lib/python3.12/site-packages/airflow/example_dags/example_datasets.py
[2024-10-24T04:10:20.476+0000] {processor.py:925} INFO - DAG(s) 'consume_1_or_2_with_dataset_expressions', 'dataset_consumes_1_and_2', 'dataset_consumes_1_never_scheduled', 'dataset_produces_2', 'consume_1_and_2_with_dataset_expressions', 'dataset_consumes_1', 'dataset_produces_1', 'consume_1_or_both_2_and_3_with_dataset_expressions', 'conditional_dataset_and_time_based_timetable', 'dataset_consumes_unknown_never_scheduled' retrieved from /home/airflow/.local/lib/python3.12/site-packages/airflow/example_dags/example_datasets.py
[2024-10-24T04:10:20.562+0000] {logging_mixin.py:190} INFO - [2024-10-24T04:10:20.562+0000] {dag.py:3239} INFO - Sync 10 DAGs
[2024-10-24T04:10:20.597+0000] {logging_mixin.py:190} INFO - [2024-10-24T04:10:20.596+0000] {dag.py:4180} INFO - Setting next_dagrun for conditional_dataset_and_time_based_timetable to 2024-10-23 01:00:00+00:00, run_after=2024-10-23 01:00:00+00:00
[2024-10-24T04:10:20.603+0000] {logging_mixin.py:190} INFO - [2024-10-24T04:10:20.603+0000] {dag.py:4180} INFO - Setting next_dagrun for consume_1_and_2_with_dataset_expressions to None, run_after=None
[2024-10-24T04:10:20.606+0000] {logging_mixin.py:190} INFO - [2024-10-24T04:10:20.606+0000] {dag.py:4180} INFO - Setting next_dagrun for consume_1_or_2_with_dataset_expressions to None, run_after=None
[2024-10-24T04:10:20.608+0000] {logging_mixin.py:190} INFO - [2024-10-24T04:10:20.608+0000] {dag.py:4180} INFO - Setting next_dagrun for consume_1_or_both_2_and_3_with_dataset_expressions to None, run_after=None
[2024-10-24T04:10:20.609+0000] {logging_mixin.py:190} INFO - [2024-10-24T04:10:20.609+0000] {dag.py:4180} INFO - Setting next_dagrun for dataset_consumes_1 to None, run_after=None
[2024-10-24T04:10:20.611+0000] {logging_mixin.py:190} INFO - [2024-10-24T04:10:20.610+0000] {dag.py:4180} INFO - Setting next_dagrun for dataset_consumes_1_and_2 to None, run_after=None
[2024-10-24T04:10:20.612+0000] {logging_mixin.py:190} INFO - [2024-10-24T04:10:20.612+0000] {dag.py:4180} INFO - Setting next_dagrun for dataset_consumes_1_never_scheduled to None, run_after=None
[2024-10-24T04:10:20.613+0000] {logging_mixin.py:190} INFO - [2024-10-24T04:10:20.613+0000] {dag.py:4180} INFO - Setting next_dagrun for dataset_consumes_unknown_never_scheduled to None, run_after=None
[2024-10-24T04:10:20.616+0000] {logging_mixin.py:190} INFO - [2024-10-24T04:10:20.615+0000] {dag.py:4180} INFO - Setting next_dagrun for dataset_produces_1 to 2024-10-23 00:00:00+00:00, run_after=2024-10-24 00:00:00+00:00
[2024-10-24T04:10:20.617+0000] {logging_mixin.py:190} INFO - [2024-10-24T04:10:20.617+0000] {dag.py:4180} INFO - Setting next_dagrun for dataset_produces_2 to None, run_after=None
[2024-10-24T04:10:20.844+0000] {processor.py:208} INFO - Processing /home/airflow/.local/lib/python3.12/site-packages/airflow/example_dags/example_datasets.py took 0.558 seconds
[2024-10-24T04:10:51.018+0000] {processor.py:186} INFO - Started process (PID=99093) to work on /home/airflow/.local/lib/python3.12/site-packages/airflow/example_dags/example_datasets.py
[2024-10-24T04:10:51.019+0000] {processor.py:914} INFO - Processing file /home/airflow/.local/lib/python3.12/site-packages/airflow/example_dags/example_datasets.py for tasks to queue
[2024-10-24T04:10:51.021+0000] {logging_mixin.py:190} INFO - [2024-10-24T04:10:51.021+0000] {dagbag.py:588} INFO - Filling up the DagBag from /home/airflow/.local/lib/python3.12/site-packages/airflow/example_dags/example_datasets.py
[2024-10-24T04:10:51.197+0000] {processor.py:925} INFO - DAG(s) 'dataset_produces_1', 'consume_1_and_2_with_dataset_expressions', 'dataset_produces_2', 'dataset_consumes_unknown_never_scheduled', 'dataset_consumes_1_never_scheduled', 'conditional_dataset_and_time_based_timetable', 'dataset_consumes_1', 'consume_1_or_2_with_dataset_expressions', 'consume_1_or_both_2_and_3_with_dataset_expressions', 'dataset_consumes_1_and_2' retrieved from /home/airflow/.local/lib/python3.12/site-packages/airflow/example_dags/example_datasets.py
[2024-10-24T04:10:51.246+0000] {logging_mixin.py:190} INFO - [2024-10-24T04:10:51.245+0000] {dag.py:3239} INFO - Sync 10 DAGs
[2024-10-24T04:10:51.277+0000] {logging_mixin.py:190} INFO - [2024-10-24T04:10:51.276+0000] {dag.py:4180} INFO - Setting next_dagrun for conditional_dataset_and_time_based_timetable to 2024-10-23 01:00:00+00:00, run_after=2024-10-23 01:00:00+00:00
[2024-10-24T04:10:51.281+0000] {logging_mixin.py:190} INFO - [2024-10-24T04:10:51.281+0000] {dag.py:4180} INFO - Setting next_dagrun for consume_1_and_2_with_dataset_expressions to None, run_after=None
[2024-10-24T04:10:51.283+0000] {logging_mixin.py:190} INFO - [2024-10-24T04:10:51.283+0000] {dag.py:4180} INFO - Setting next_dagrun for consume_1_or_2_with_dataset_expressions to None, run_after=None
[2024-10-24T04:10:51.285+0000] {logging_mixin.py:190} INFO - [2024-10-24T04:10:51.285+0000] {dag.py:4180} INFO - Setting next_dagrun for consume_1_or_both_2_and_3_with_dataset_expressions to None, run_after=None
[2024-10-24T04:10:51.286+0000] {logging_mixin.py:190} INFO - [2024-10-24T04:10:51.286+0000] {dag.py:4180} INFO - Setting next_dagrun for dataset_consumes_1 to None, run_after=None
[2024-10-24T04:10:51.287+0000] {logging_mixin.py:190} INFO - [2024-10-24T04:10:51.287+0000] {dag.py:4180} INFO - Setting next_dagrun for dataset_consumes_1_and_2 to None, run_after=None
[2024-10-24T04:10:51.289+0000] {logging_mixin.py:190} INFO - [2024-10-24T04:10:51.288+0000] {dag.py:4180} INFO - Setting next_dagrun for dataset_consumes_1_never_scheduled to None, run_after=None
[2024-10-24T04:10:51.290+0000] {logging_mixin.py:190} INFO - [2024-10-24T04:10:51.290+0000] {dag.py:4180} INFO - Setting next_dagrun for dataset_consumes_unknown_never_scheduled to None, run_after=None
[2024-10-24T04:10:51.293+0000] {logging_mixin.py:190} INFO - [2024-10-24T04:10:51.293+0000] {dag.py:4180} INFO - Setting next_dagrun for dataset_produces_1 to 2024-10-23 00:00:00+00:00, run_after=2024-10-24 00:00:00+00:00
[2024-10-24T04:10:51.315+0000] {logging_mixin.py:190} INFO - [2024-10-24T04:10:51.314+0000] {dag.py:4180} INFO - Setting next_dagrun for dataset_produces_2 to None, run_after=None
[2024-10-24T04:10:51.572+0000] {processor.py:208} INFO - Processing /home/airflow/.local/lib/python3.12/site-packages/airflow/example_dags/example_datasets.py took 0.562 seconds
[2024-10-24T04:11:21.844+0000] {processor.py:186} INFO - Started process (PID=99160) to work on /home/airflow/.local/lib/python3.12/site-packages/airflow/example_dags/example_datasets.py
[2024-10-24T04:11:21.845+0000] {processor.py:914} INFO - Processing file /home/airflow/.local/lib/python3.12/site-packages/airflow/example_dags/example_datasets.py for tasks to queue
[2024-10-24T04:11:21.847+0000] {logging_mixin.py:190} INFO - [2024-10-24T04:11:21.846+0000] {dagbag.py:588} INFO - Filling up the DagBag from /home/airflow/.local/lib/python3.12/site-packages/airflow/example_dags/example_datasets.py
[2024-10-24T04:11:22.029+0000] {processor.py:925} INFO - DAG(s) 'conditional_dataset_and_time_based_timetable', 'dataset_produces_2', 'dataset_consumes_1_and_2', 'dataset_produces_1', 'consume_1_or_both_2_and_3_with_dataset_expressions', 'consume_1_or_2_with_dataset_expressions', 'dataset_consumes_1_never_scheduled', 'dataset_consumes_unknown_never_scheduled', 'consume_1_and_2_with_dataset_expressions', 'dataset_consumes_1' retrieved from /home/airflow/.local/lib/python3.12/site-packages/airflow/example_dags/example_datasets.py
[2024-10-24T04:11:22.088+0000] {logging_mixin.py:190} INFO - [2024-10-24T04:11:22.088+0000] {dag.py:3239} INFO - Sync 10 DAGs
[2024-10-24T04:11:22.123+0000] {logging_mixin.py:190} INFO - [2024-10-24T04:11:22.123+0000] {dag.py:4180} INFO - Setting next_dagrun for conditional_dataset_and_time_based_timetable to 2024-10-23 01:00:00+00:00, run_after=2024-10-23 01:00:00+00:00
[2024-10-24T04:11:22.130+0000] {logging_mixin.py:190} INFO - [2024-10-24T04:11:22.130+0000] {dag.py:4180} INFO - Setting next_dagrun for consume_1_and_2_with_dataset_expressions to None, run_after=None
[2024-10-24T04:11:22.132+0000] {logging_mixin.py:190} INFO - [2024-10-24T04:11:22.132+0000] {dag.py:4180} INFO - Setting next_dagrun for consume_1_or_2_with_dataset_expressions to None, run_after=None
[2024-10-24T04:11:22.134+0000] {logging_mixin.py:190} INFO - [2024-10-24T04:11:22.134+0000] {dag.py:4180} INFO - Setting next_dagrun for consume_1_or_both_2_and_3_with_dataset_expressions to None, run_after=None
[2024-10-24T04:11:22.135+0000] {logging_mixin.py:190} INFO - [2024-10-24T04:11:22.135+0000] {dag.py:4180} INFO - Setting next_dagrun for dataset_consumes_1 to None, run_after=None
[2024-10-24T04:11:22.136+0000] {logging_mixin.py:190} INFO - [2024-10-24T04:11:22.136+0000] {dag.py:4180} INFO - Setting next_dagrun for dataset_consumes_1_and_2 to None, run_after=None
[2024-10-24T04:11:22.138+0000] {logging_mixin.py:190} INFO - [2024-10-24T04:11:22.138+0000] {dag.py:4180} INFO - Setting next_dagrun for dataset_consumes_1_never_scheduled to None, run_after=None
[2024-10-24T04:11:22.139+0000] {logging_mixin.py:190} INFO - [2024-10-24T04:11:22.139+0000] {dag.py:4180} INFO - Setting next_dagrun for dataset_consumes_unknown_never_scheduled to None, run_after=None
[2024-10-24T04:11:22.142+0000] {logging_mixin.py:190} INFO - [2024-10-24T04:11:22.142+0000] {dag.py:4180} INFO - Setting next_dagrun for dataset_produces_1 to 2024-10-23 00:00:00+00:00, run_after=2024-10-24 00:00:00+00:00
[2024-10-24T04:11:22.144+0000] {logging_mixin.py:190} INFO - [2024-10-24T04:11:22.144+0000] {dag.py:4180} INFO - Setting next_dagrun for dataset_produces_2 to None, run_after=None
[2024-10-24T04:11:22.386+0000] {processor.py:208} INFO - Processing /home/airflow/.local/lib/python3.12/site-packages/airflow/example_dags/example_datasets.py took 0.550 seconds
[2024-10-24T04:11:52.569+0000] {processor.py:186} INFO - Started process (PID=99227) to work on /home/airflow/.local/lib/python3.12/site-packages/airflow/example_dags/example_datasets.py
[2024-10-24T04:11:52.570+0000] {processor.py:914} INFO - Processing file /home/airflow/.local/lib/python3.12/site-packages/airflow/example_dags/example_datasets.py for tasks to queue
[2024-10-24T04:11:52.572+0000] {logging_mixin.py:190} INFO - [2024-10-24T04:11:52.571+0000] {dagbag.py:588} INFO - Filling up the DagBag from /home/airflow/.local/lib/python3.12/site-packages/airflow/example_dags/example_datasets.py
[2024-10-24T04:11:52.758+0000] {processor.py:925} INFO - DAG(s) 'dataset_produces_1', 'dataset_consumes_1', 'consume_1_or_2_with_dataset_expressions', 'dataset_consumes_1_never_scheduled', 'dataset_consumes_unknown_never_scheduled', 'conditional_dataset_and_time_based_timetable', 'consume_1_or_both_2_and_3_with_dataset_expressions', 'consume_1_and_2_with_dataset_expressions', 'dataset_consumes_1_and_2', 'dataset_produces_2' retrieved from /home/airflow/.local/lib/python3.12/site-packages/airflow/example_dags/example_datasets.py
[2024-10-24T04:11:52.809+0000] {logging_mixin.py:190} INFO - [2024-10-24T04:11:52.809+0000] {dag.py:3239} INFO - Sync 10 DAGs
[2024-10-24T04:11:52.840+0000] {logging_mixin.py:190} INFO - [2024-10-24T04:11:52.839+0000] {dag.py:4180} INFO - Setting next_dagrun for conditional_dataset_and_time_based_timetable to 2024-10-23 01:00:00+00:00, run_after=2024-10-23 01:00:00+00:00
[2024-10-24T04:11:52.843+0000] {logging_mixin.py:190} INFO - [2024-10-24T04:11:52.843+0000] {dag.py:4180} INFO - Setting next_dagrun for consume_1_and_2_with_dataset_expressions to None, run_after=None
[2024-10-24T04:11:52.845+0000] {logging_mixin.py:190} INFO - [2024-10-24T04:11:52.845+0000] {dag.py:4180} INFO - Setting next_dagrun for consume_1_or_2_with_dataset_expressions to None, run_after=None
[2024-10-24T04:11:52.847+0000] {logging_mixin.py:190} INFO - [2024-10-24T04:11:52.847+0000] {dag.py:4180} INFO - Setting next_dagrun for consume_1_or_both_2_and_3_with_dataset_expressions to None, run_after=None
[2024-10-24T04:11:52.848+0000] {logging_mixin.py:190} INFO - [2024-10-24T04:11:52.848+0000] {dag.py:4180} INFO - Setting next_dagrun for dataset_consumes_1 to None, run_after=None
[2024-10-24T04:11:52.850+0000] {logging_mixin.py:190} INFO - [2024-10-24T04:11:52.849+0000] {dag.py:4180} INFO - Setting next_dagrun for dataset_consumes_1_and_2 to None, run_after=None
[2024-10-24T04:11:52.851+0000] {logging_mixin.py:190} INFO - [2024-10-24T04:11:52.851+0000] {dag.py:4180} INFO - Setting next_dagrun for dataset_consumes_1_never_scheduled to None, run_after=None
[2024-10-24T04:11:52.852+0000] {logging_mixin.py:190} INFO - [2024-10-24T04:11:52.852+0000] {dag.py:4180} INFO - Setting next_dagrun for dataset_consumes_unknown_never_scheduled to None, run_after=None
[2024-10-24T04:11:52.855+0000] {logging_mixin.py:190} INFO - [2024-10-24T04:11:52.854+0000] {dag.py:4180} INFO - Setting next_dagrun for dataset_produces_1 to 2024-10-23 00:00:00+00:00, run_after=2024-10-24 00:00:00+00:00
[2024-10-24T04:11:52.856+0000] {logging_mixin.py:190} INFO - [2024-10-24T04:11:52.856+0000] {dag.py:4180} INFO - Setting next_dagrun for dataset_produces_2 to None, run_after=None
[2024-10-24T04:11:53.096+0000] {processor.py:208} INFO - Processing /home/airflow/.local/lib/python3.12/site-packages/airflow/example_dags/example_datasets.py took 0.534 seconds
[2024-10-24T04:12:23.520+0000] {processor.py:186} INFO - Started process (PID=99298) to work on /home/airflow/.local/lib/python3.12/site-packages/airflow/example_dags/example_datasets.py
[2024-10-24T04:12:23.523+0000] {processor.py:914} INFO - Processing file /home/airflow/.local/lib/python3.12/site-packages/airflow/example_dags/example_datasets.py for tasks to queue
[2024-10-24T04:12:23.527+0000] {logging_mixin.py:190} INFO - [2024-10-24T04:12:23.525+0000] {dagbag.py:588} INFO - Filling up the DagBag from /home/airflow/.local/lib/python3.12/site-packages/airflow/example_dags/example_datasets.py
[2024-10-24T04:12:23.753+0000] {processor.py:925} INFO - DAG(s) 'dataset_produces_1', 'dataset_produces_2', 'consume_1_or_both_2_and_3_with_dataset_expressions', 'dataset_consumes_1_and_2', 'consume_1_or_2_with_dataset_expressions', 'conditional_dataset_and_time_based_timetable', 'dataset_consumes_1_never_scheduled', 'dataset_consumes_unknown_never_scheduled', 'consume_1_and_2_with_dataset_expressions', 'dataset_consumes_1' retrieved from /home/airflow/.local/lib/python3.12/site-packages/airflow/example_dags/example_datasets.py
[2024-10-24T04:12:23.804+0000] {logging_mixin.py:190} INFO - [2024-10-24T04:12:23.803+0000] {dag.py:3239} INFO - Sync 10 DAGs
[2024-10-24T04:12:23.832+0000] {logging_mixin.py:190} INFO - [2024-10-24T04:12:23.832+0000] {dag.py:4180} INFO - Setting next_dagrun for conditional_dataset_and_time_based_timetable to 2024-10-23 01:00:00+00:00, run_after=2024-10-23 01:00:00+00:00
[2024-10-24T04:12:23.836+0000] {logging_mixin.py:190} INFO - [2024-10-24T04:12:23.836+0000] {dag.py:4180} INFO - Setting next_dagrun for consume_1_and_2_with_dataset_expressions to None, run_after=None
[2024-10-24T04:12:23.837+0000] {logging_mixin.py:190} INFO - [2024-10-24T04:12:23.837+0000] {dag.py:4180} INFO - Setting next_dagrun for consume_1_or_2_with_dataset_expressions to None, run_after=None
[2024-10-24T04:12:23.839+0000] {logging_mixin.py:190} INFO - [2024-10-24T04:12:23.838+0000] {dag.py:4180} INFO - Setting next_dagrun for consume_1_or_both_2_and_3_with_dataset_expressions to None, run_after=None
[2024-10-24T04:12:23.840+0000] {logging_mixin.py:190} INFO - [2024-10-24T04:12:23.840+0000] {dag.py:4180} INFO - Setting next_dagrun for dataset_consumes_1 to None, run_after=None
[2024-10-24T04:12:23.841+0000] {logging_mixin.py:190} INFO - [2024-10-24T04:12:23.841+0000] {dag.py:4180} INFO - Setting next_dagrun for dataset_consumes_1_and_2 to None, run_after=None
[2024-10-24T04:12:23.842+0000] {logging_mixin.py:190} INFO - [2024-10-24T04:12:23.842+0000] {dag.py:4180} INFO - Setting next_dagrun for dataset_consumes_1_never_scheduled to None, run_after=None
[2024-10-24T04:12:23.843+0000] {logging_mixin.py:190} INFO - [2024-10-24T04:12:23.843+0000] {dag.py:4180} INFO - Setting next_dagrun for dataset_consumes_unknown_never_scheduled to None, run_after=None
[2024-10-24T04:12:23.847+0000] {logging_mixin.py:190} INFO - [2024-10-24T04:12:23.846+0000] {dag.py:4180} INFO - Setting next_dagrun for dataset_produces_1 to 2024-10-23 00:00:00+00:00, run_after=2024-10-24 00:00:00+00:00
[2024-10-24T04:12:23.848+0000] {logging_mixin.py:190} INFO - [2024-10-24T04:12:23.848+0000] {dag.py:4180} INFO - Setting next_dagrun for dataset_produces_2 to None, run_after=None
[2024-10-24T04:12:24.078+0000] {processor.py:208} INFO - Processing /home/airflow/.local/lib/python3.12/site-packages/airflow/example_dags/example_datasets.py took 0.572 seconds
[2024-10-24T04:12:54.155+0000] {processor.py:186} INFO - Started process (PID=99360) to work on /home/airflow/.local/lib/python3.12/site-packages/airflow/example_dags/example_datasets.py
[2024-10-24T04:12:54.157+0000] {processor.py:914} INFO - Processing file /home/airflow/.local/lib/python3.12/site-packages/airflow/example_dags/example_datasets.py for tasks to queue
[2024-10-24T04:12:54.160+0000] {logging_mixin.py:190} INFO - [2024-10-24T04:12:54.160+0000] {dagbag.py:588} INFO - Filling up the DagBag from /home/airflow/.local/lib/python3.12/site-packages/airflow/example_dags/example_datasets.py
[2024-10-24T04:12:54.621+0000] {processor.py:925} INFO - DAG(s) 'consume_1_or_both_2_and_3_with_dataset_expressions', 'dataset_consumes_1', 'dataset_consumes_1_never_scheduled', 'consume_1_and_2_with_dataset_expressions', 'dataset_produces_2', 'consume_1_or_2_with_dataset_expressions', 'conditional_dataset_and_time_based_timetable', 'dataset_consumes_1_and_2', 'dataset_consumes_unknown_never_scheduled', 'dataset_produces_1' retrieved from /home/airflow/.local/lib/python3.12/site-packages/airflow/example_dags/example_datasets.py
[2024-10-24T04:12:54.697+0000] {logging_mixin.py:190} INFO - [2024-10-24T04:12:54.697+0000] {dag.py:3239} INFO - Sync 10 DAGs
[2024-10-24T04:12:54.727+0000] {logging_mixin.py:190} INFO - [2024-10-24T04:12:54.727+0000] {dag.py:4180} INFO - Setting next_dagrun for conditional_dataset_and_time_based_timetable to 2024-10-23 01:00:00+00:00, run_after=2024-10-23 01:00:00+00:00
[2024-10-24T04:12:54.731+0000] {logging_mixin.py:190} INFO - [2024-10-24T04:12:54.731+0000] {dag.py:4180} INFO - Setting next_dagrun for consume_1_and_2_with_dataset_expressions to None, run_after=None
[2024-10-24T04:12:54.733+0000] {logging_mixin.py:190} INFO - [2024-10-24T04:12:54.732+0000] {dag.py:4180} INFO - Setting next_dagrun for consume_1_or_2_with_dataset_expressions to None, run_after=None
[2024-10-24T04:12:54.734+0000] {logging_mixin.py:190} INFO - [2024-10-24T04:12:54.734+0000] {dag.py:4180} INFO - Setting next_dagrun for consume_1_or_both_2_and_3_with_dataset_expressions to None, run_after=None
[2024-10-24T04:12:54.735+0000] {logging_mixin.py:190} INFO - [2024-10-24T04:12:54.735+0000] {dag.py:4180} INFO - Setting next_dagrun for dataset_consumes_1 to None, run_after=None
[2024-10-24T04:12:54.737+0000] {logging_mixin.py:190} INFO - [2024-10-24T04:12:54.736+0000] {dag.py:4180} INFO - Setting next_dagrun for dataset_consumes_1_and_2 to None, run_after=None
[2024-10-24T04:12:54.738+0000] {logging_mixin.py:190} INFO - [2024-10-24T04:12:54.738+0000] {dag.py:4180} INFO - Setting next_dagrun for dataset_consumes_1_never_scheduled to None, run_after=None
[2024-10-24T04:12:54.741+0000] {logging_mixin.py:190} INFO - [2024-10-24T04:12:54.741+0000] {dag.py:4180} INFO - Setting next_dagrun for dataset_consumes_unknown_never_scheduled to None, run_after=None
[2024-10-24T04:12:54.744+0000] {logging_mixin.py:190} INFO - [2024-10-24T04:12:54.744+0000] {dag.py:4180} INFO - Setting next_dagrun for dataset_produces_1 to 2024-10-23 00:00:00+00:00, run_after=2024-10-24 00:00:00+00:00
[2024-10-24T04:12:54.746+0000] {logging_mixin.py:190} INFO - [2024-10-24T04:12:54.746+0000] {dag.py:4180} INFO - Setting next_dagrun for dataset_produces_2 to None, run_after=None
[2024-10-24T04:12:54.787+0000] {processor.py:208} INFO - Processing /home/airflow/.local/lib/python3.12/site-packages/airflow/example_dags/example_datasets.py took 0.645 seconds
[2024-10-24T04:13:24.959+0000] {processor.py:186} INFO - Started process (PID=99430) to work on /home/airflow/.local/lib/python3.12/site-packages/airflow/example_dags/example_datasets.py
[2024-10-24T04:13:24.960+0000] {processor.py:914} INFO - Processing file /home/airflow/.local/lib/python3.12/site-packages/airflow/example_dags/example_datasets.py for tasks to queue
[2024-10-24T04:13:24.962+0000] {logging_mixin.py:190} INFO - [2024-10-24T04:13:24.962+0000] {dagbag.py:588} INFO - Filling up the DagBag from /home/airflow/.local/lib/python3.12/site-packages/airflow/example_dags/example_datasets.py
[2024-10-24T04:13:25.353+0000] {processor.py:925} INFO - DAG(s) 'consume_1_or_both_2_and_3_with_dataset_expressions', 'dataset_consumes_1_never_scheduled', 'dataset_consumes_1', 'conditional_dataset_and_time_based_timetable', 'dataset_consumes_unknown_never_scheduled', 'dataset_produces_1', 'dataset_produces_2', 'consume_1_and_2_with_dataset_expressions', 'consume_1_or_2_with_dataset_expressions', 'dataset_consumes_1_and_2' retrieved from /home/airflow/.local/lib/python3.12/site-packages/airflow/example_dags/example_datasets.py
[2024-10-24T04:13:25.404+0000] {logging_mixin.py:190} INFO - [2024-10-24T04:13:25.404+0000] {dag.py:3239} INFO - Sync 10 DAGs
[2024-10-24T04:13:25.427+0000] {logging_mixin.py:190} INFO - [2024-10-24T04:13:25.427+0000] {dag.py:4180} INFO - Setting next_dagrun for conditional_dataset_and_time_based_timetable to 2024-10-23 01:00:00+00:00, run_after=2024-10-23 01:00:00+00:00
[2024-10-24T04:13:25.431+0000] {logging_mixin.py:190} INFO - [2024-10-24T04:13:25.430+0000] {dag.py:4180} INFO - Setting next_dagrun for consume_1_and_2_with_dataset_expressions to None, run_after=None
[2024-10-24T04:13:25.432+0000] {logging_mixin.py:190} INFO - [2024-10-24T04:13:25.432+0000] {dag.py:4180} INFO - Setting next_dagrun for consume_1_or_2_with_dataset_expressions to None, run_after=None
[2024-10-24T04:13:25.433+0000] {logging_mixin.py:190} INFO - [2024-10-24T04:13:25.433+0000] {dag.py:4180} INFO - Setting next_dagrun for consume_1_or_both_2_and_3_with_dataset_expressions to None, run_after=None
[2024-10-24T04:13:25.435+0000] {logging_mixin.py:190} INFO - [2024-10-24T04:13:25.434+0000] {dag.py:4180} INFO - Setting next_dagrun for dataset_consumes_1 to None, run_after=None
[2024-10-24T04:13:25.436+0000] {logging_mixin.py:190} INFO - [2024-10-24T04:13:25.436+0000] {dag.py:4180} INFO - Setting next_dagrun for dataset_consumes_1_and_2 to None, run_after=None
[2024-10-24T04:13:25.437+0000] {logging_mixin.py:190} INFO - [2024-10-24T04:13:25.437+0000] {dag.py:4180} INFO - Setting next_dagrun for dataset_consumes_1_never_scheduled to None, run_after=None
[2024-10-24T04:13:25.438+0000] {logging_mixin.py:190} INFO - [2024-10-24T04:13:25.438+0000] {dag.py:4180} INFO - Setting next_dagrun for dataset_consumes_unknown_never_scheduled to None, run_after=None
[2024-10-24T04:13:25.441+0000] {logging_mixin.py:190} INFO - [2024-10-24T04:13:25.441+0000] {dag.py:4180} INFO - Setting next_dagrun for dataset_produces_1 to 2024-10-23 00:00:00+00:00, run_after=2024-10-24 00:00:00+00:00
[2024-10-24T04:13:25.442+0000] {logging_mixin.py:190} INFO - [2024-10-24T04:13:25.442+0000] {dag.py:4180} INFO - Setting next_dagrun for dataset_produces_2 to None, run_after=None
[2024-10-24T04:13:25.475+0000] {processor.py:208} INFO - Processing /home/airflow/.local/lib/python3.12/site-packages/airflow/example_dags/example_datasets.py took 0.523 seconds
[2024-10-24T04:13:55.623+0000] {processor.py:186} INFO - Started process (PID=99494) to work on /home/airflow/.local/lib/python3.12/site-packages/airflow/example_dags/example_datasets.py
[2024-10-24T04:13:55.624+0000] {processor.py:914} INFO - Processing file /home/airflow/.local/lib/python3.12/site-packages/airflow/example_dags/example_datasets.py for tasks to queue
[2024-10-24T04:13:55.625+0000] {logging_mixin.py:190} INFO - [2024-10-24T04:13:55.625+0000] {dagbag.py:588} INFO - Filling up the DagBag from /home/airflow/.local/lib/python3.12/site-packages/airflow/example_dags/example_datasets.py
[2024-10-24T04:13:55.983+0000] {processor.py:925} INFO - DAG(s) 'dataset_consumes_1_never_scheduled', 'consume_1_or_2_with_dataset_expressions', 'consume_1_or_both_2_and_3_with_dataset_expressions', 'dataset_consumes_unknown_never_scheduled', 'dataset_produces_1', 'conditional_dataset_and_time_based_timetable', 'consume_1_and_2_with_dataset_expressions', 'dataset_consumes_1', 'dataset_consumes_1_and_2', 'dataset_produces_2' retrieved from /home/airflow/.local/lib/python3.12/site-packages/airflow/example_dags/example_datasets.py
[2024-10-24T04:13:56.043+0000] {logging_mixin.py:190} INFO - [2024-10-24T04:13:56.043+0000] {dag.py:3239} INFO - Sync 10 DAGs
[2024-10-24T04:13:56.066+0000] {logging_mixin.py:190} INFO - [2024-10-24T04:13:56.066+0000] {dag.py:4180} INFO - Setting next_dagrun for conditional_dataset_and_time_based_timetable to 2024-10-23 01:00:00+00:00, run_after=2024-10-23 01:00:00+00:00
[2024-10-24T04:13:56.070+0000] {logging_mixin.py:190} INFO - [2024-10-24T04:13:56.070+0000] {dag.py:4180} INFO - Setting next_dagrun for consume_1_and_2_with_dataset_expressions to None, run_after=None
[2024-10-24T04:13:56.071+0000] {logging_mixin.py:190} INFO - [2024-10-24T04:13:56.071+0000] {dag.py:4180} INFO - Setting next_dagrun for consume_1_or_2_with_dataset_expressions to None, run_after=None
[2024-10-24T04:13:56.072+0000] {logging_mixin.py:190} INFO - [2024-10-24T04:13:56.072+0000] {dag.py:4180} INFO - Setting next_dagrun for consume_1_or_both_2_and_3_with_dataset_expressions to None, run_after=None
[2024-10-24T04:13:56.074+0000] {logging_mixin.py:190} INFO - [2024-10-24T04:13:56.074+0000] {dag.py:4180} INFO - Setting next_dagrun for dataset_consumes_1 to None, run_after=None
[2024-10-24T04:13:56.076+0000] {logging_mixin.py:190} INFO - [2024-10-24T04:13:56.075+0000] {dag.py:4180} INFO - Setting next_dagrun for dataset_consumes_1_and_2 to None, run_after=None
[2024-10-24T04:13:56.077+0000] {logging_mixin.py:190} INFO - [2024-10-24T04:13:56.077+0000] {dag.py:4180} INFO - Setting next_dagrun for dataset_consumes_1_never_scheduled to None, run_after=None
[2024-10-24T04:13:56.078+0000] {logging_mixin.py:190} INFO - [2024-10-24T04:13:56.078+0000] {dag.py:4180} INFO - Setting next_dagrun for dataset_consumes_unknown_never_scheduled to None, run_after=None
[2024-10-24T04:13:56.080+0000] {logging_mixin.py:190} INFO - [2024-10-24T04:13:56.080+0000] {dag.py:4180} INFO - Setting next_dagrun for dataset_produces_1 to 2024-10-23 00:00:00+00:00, run_after=2024-10-24 00:00:00+00:00
[2024-10-24T04:13:56.082+0000] {logging_mixin.py:190} INFO - [2024-10-24T04:13:56.082+0000] {dag.py:4180} INFO - Setting next_dagrun for dataset_produces_2 to None, run_after=None
[2024-10-24T04:13:56.115+0000] {processor.py:208} INFO - Processing /home/airflow/.local/lib/python3.12/site-packages/airflow/example_dags/example_datasets.py took 0.501 seconds
[2024-10-24T04:14:26.333+0000] {processor.py:186} INFO - Started process (PID=99561) to work on /home/airflow/.local/lib/python3.12/site-packages/airflow/example_dags/example_datasets.py
[2024-10-24T04:14:26.334+0000] {processor.py:914} INFO - Processing file /home/airflow/.local/lib/python3.12/site-packages/airflow/example_dags/example_datasets.py for tasks to queue
[2024-10-24T04:14:26.335+0000] {logging_mixin.py:190} INFO - [2024-10-24T04:14:26.335+0000] {dagbag.py:588} INFO - Filling up the DagBag from /home/airflow/.local/lib/python3.12/site-packages/airflow/example_dags/example_datasets.py
[2024-10-24T04:14:26.700+0000] {processor.py:925} INFO - DAG(s) 'consume_1_or_2_with_dataset_expressions', 'consume_1_or_both_2_and_3_with_dataset_expressions', 'conditional_dataset_and_time_based_timetable', 'dataset_consumes_1_never_scheduled', 'dataset_consumes_unknown_never_scheduled', 'dataset_consumes_1_and_2', 'dataset_produces_1', 'dataset_produces_2', 'consume_1_and_2_with_dataset_expressions', 'dataset_consumes_1' retrieved from /home/airflow/.local/lib/python3.12/site-packages/airflow/example_dags/example_datasets.py
[2024-10-24T04:14:26.753+0000] {logging_mixin.py:190} INFO - [2024-10-24T04:14:26.753+0000] {dag.py:3239} INFO - Sync 10 DAGs
[2024-10-24T04:14:26.776+0000] {logging_mixin.py:190} INFO - [2024-10-24T04:14:26.776+0000] {dag.py:4180} INFO - Setting next_dagrun for conditional_dataset_and_time_based_timetable to 2024-10-23 01:00:00+00:00, run_after=2024-10-23 01:00:00+00:00
[2024-10-24T04:14:26.780+0000] {logging_mixin.py:190} INFO - [2024-10-24T04:14:26.779+0000] {dag.py:4180} INFO - Setting next_dagrun for consume_1_and_2_with_dataset_expressions to None, run_after=None
[2024-10-24T04:14:26.781+0000] {logging_mixin.py:190} INFO - [2024-10-24T04:14:26.781+0000] {dag.py:4180} INFO - Setting next_dagrun for consume_1_or_2_with_dataset_expressions to None, run_after=None
[2024-10-24T04:14:26.783+0000] {logging_mixin.py:190} INFO - [2024-10-24T04:14:26.783+0000] {dag.py:4180} INFO - Setting next_dagrun for consume_1_or_both_2_and_3_with_dataset_expressions to None, run_after=None
[2024-10-24T04:14:26.784+0000] {logging_mixin.py:190} INFO - [2024-10-24T04:14:26.784+0000] {dag.py:4180} INFO - Setting next_dagrun for dataset_consumes_1 to None, run_after=None
[2024-10-24T04:14:26.786+0000] {logging_mixin.py:190} INFO - [2024-10-24T04:14:26.785+0000] {dag.py:4180} INFO - Setting next_dagrun for dataset_consumes_1_and_2 to None, run_after=None
[2024-10-24T04:14:26.787+0000] {logging_mixin.py:190} INFO - [2024-10-24T04:14:26.787+0000] {dag.py:4180} INFO - Setting next_dagrun for dataset_consumes_1_never_scheduled to None, run_after=None
[2024-10-24T04:14:26.788+0000] {logging_mixin.py:190} INFO - [2024-10-24T04:14:26.788+0000] {dag.py:4180} INFO - Setting next_dagrun for dataset_consumes_unknown_never_scheduled to None, run_after=None
[2024-10-24T04:14:26.791+0000] {logging_mixin.py:190} INFO - [2024-10-24T04:14:26.790+0000] {dag.py:4180} INFO - Setting next_dagrun for dataset_produces_1 to 2024-10-23 00:00:00+00:00, run_after=2024-10-24 00:00:00+00:00
[2024-10-24T04:14:26.792+0000] {logging_mixin.py:190} INFO - [2024-10-24T04:14:26.792+0000] {dag.py:4180} INFO - Setting next_dagrun for dataset_produces_2 to None, run_after=None
[2024-10-24T04:14:26.827+0000] {processor.py:208} INFO - Processing /home/airflow/.local/lib/python3.12/site-packages/airflow/example_dags/example_datasets.py took 0.501 seconds
[2024-10-24T04:14:56.861+0000] {processor.py:186} INFO - Started process (PID=99627) to work on /home/airflow/.local/lib/python3.12/site-packages/airflow/example_dags/example_datasets.py
[2024-10-24T04:14:56.862+0000] {processor.py:914} INFO - Processing file /home/airflow/.local/lib/python3.12/site-packages/airflow/example_dags/example_datasets.py for tasks to queue
[2024-10-24T04:14:56.864+0000] {logging_mixin.py:190} INFO - [2024-10-24T04:14:56.863+0000] {dagbag.py:588} INFO - Filling up the DagBag from /home/airflow/.local/lib/python3.12/site-packages/airflow/example_dags/example_datasets.py
[2024-10-24T04:14:57.235+0000] {processor.py:925} INFO - DAG(s) 'dataset_consumes_1', 'dataset_consumes_1_and_2', 'dataset_consumes_1_never_scheduled', 'consume_1_and_2_with_dataset_expressions', 'conditional_dataset_and_time_based_timetable', 'dataset_consumes_unknown_never_scheduled', 'dataset_produces_2', 'consume_1_or_both_2_and_3_with_dataset_expressions', 'dataset_produces_1', 'consume_1_or_2_with_dataset_expressions' retrieved from /home/airflow/.local/lib/python3.12/site-packages/airflow/example_dags/example_datasets.py
[2024-10-24T04:14:57.281+0000] {logging_mixin.py:190} INFO - [2024-10-24T04:14:57.281+0000] {dag.py:3239} INFO - Sync 10 DAGs
[2024-10-24T04:14:57.305+0000] {logging_mixin.py:190} INFO - [2024-10-24T04:14:57.305+0000] {dag.py:4180} INFO - Setting next_dagrun for conditional_dataset_and_time_based_timetable to 2024-10-23 01:00:00+00:00, run_after=2024-10-23 01:00:00+00:00
[2024-10-24T04:14:57.309+0000] {logging_mixin.py:190} INFO - [2024-10-24T04:14:57.308+0000] {dag.py:4180} INFO - Setting next_dagrun for consume_1_and_2_with_dataset_expressions to None, run_after=None
[2024-10-24T04:14:57.310+0000] {logging_mixin.py:190} INFO - [2024-10-24T04:14:57.310+0000] {dag.py:4180} INFO - Setting next_dagrun for consume_1_or_2_with_dataset_expressions to None, run_after=None
[2024-10-24T04:14:57.312+0000] {logging_mixin.py:190} INFO - [2024-10-24T04:14:57.311+0000] {dag.py:4180} INFO - Setting next_dagrun for consume_1_or_both_2_and_3_with_dataset_expressions to None, run_after=None
[2024-10-24T04:14:57.313+0000] {logging_mixin.py:190} INFO - [2024-10-24T04:14:57.313+0000] {dag.py:4180} INFO - Setting next_dagrun for dataset_consumes_1 to None, run_after=None
[2024-10-24T04:14:57.314+0000] {logging_mixin.py:190} INFO - [2024-10-24T04:14:57.314+0000] {dag.py:4180} INFO - Setting next_dagrun for dataset_consumes_1_and_2 to None, run_after=None
[2024-10-24T04:14:57.315+0000] {logging_mixin.py:190} INFO - [2024-10-24T04:14:57.315+0000] {dag.py:4180} INFO - Setting next_dagrun for dataset_consumes_1_never_scheduled to None, run_after=None
[2024-10-24T04:14:57.317+0000] {logging_mixin.py:190} INFO - [2024-10-24T04:14:57.317+0000] {dag.py:4180} INFO - Setting next_dagrun for dataset_consumes_unknown_never_scheduled to None, run_after=None
[2024-10-24T04:14:57.320+0000] {logging_mixin.py:190} INFO - [2024-10-24T04:14:57.320+0000] {dag.py:4180} INFO - Setting next_dagrun for dataset_produces_1 to 2024-10-23 00:00:00+00:00, run_after=2024-10-24 00:00:00+00:00
[2024-10-24T04:14:57.321+0000] {logging_mixin.py:190} INFO - [2024-10-24T04:14:57.321+0000] {dag.py:4180} INFO - Setting next_dagrun for dataset_produces_2 to None, run_after=None
[2024-10-24T04:14:57.354+0000] {processor.py:208} INFO - Processing /home/airflow/.local/lib/python3.12/site-packages/airflow/example_dags/example_datasets.py took 0.501 seconds
[2024-10-24T04:15:27.497+0000] {processor.py:186} INFO - Started process (PID=99697) to work on /home/airflow/.local/lib/python3.12/site-packages/airflow/example_dags/example_datasets.py
[2024-10-24T04:15:27.498+0000] {processor.py:914} INFO - Processing file /home/airflow/.local/lib/python3.12/site-packages/airflow/example_dags/example_datasets.py for tasks to queue
[2024-10-24T04:15:27.500+0000] {logging_mixin.py:190} INFO - [2024-10-24T04:15:27.500+0000] {dagbag.py:588} INFO - Filling up the DagBag from /home/airflow/.local/lib/python3.12/site-packages/airflow/example_dags/example_datasets.py
[2024-10-24T04:15:27.895+0000] {processor.py:925} INFO - DAG(s) 'consume_1_or_2_with_dataset_expressions', 'conditional_dataset_and_time_based_timetable', 'dataset_produces_1', 'consume_1_or_both_2_and_3_with_dataset_expressions', 'dataset_consumes_1_and_2', 'dataset_consumes_1_never_scheduled', 'dataset_consumes_1', 'consume_1_and_2_with_dataset_expressions', 'dataset_produces_2', 'dataset_consumes_unknown_never_scheduled' retrieved from /home/airflow/.local/lib/python3.12/site-packages/airflow/example_dags/example_datasets.py
[2024-10-24T04:15:27.952+0000] {logging_mixin.py:190} INFO - [2024-10-24T04:15:27.951+0000] {dag.py:3239} INFO - Sync 10 DAGs
[2024-10-24T04:15:27.976+0000] {logging_mixin.py:190} INFO - [2024-10-24T04:15:27.975+0000] {dag.py:4180} INFO - Setting next_dagrun for conditional_dataset_and_time_based_timetable to 2024-10-23 01:00:00+00:00, run_after=2024-10-23 01:00:00+00:00
[2024-10-24T04:15:27.979+0000] {logging_mixin.py:190} INFO - [2024-10-24T04:15:27.979+0000] {dag.py:4180} INFO - Setting next_dagrun for consume_1_and_2_with_dataset_expressions to None, run_after=None
[2024-10-24T04:15:27.981+0000] {logging_mixin.py:190} INFO - [2024-10-24T04:15:27.980+0000] {dag.py:4180} INFO - Setting next_dagrun for consume_1_or_2_with_dataset_expressions to None, run_after=None
[2024-10-24T04:15:27.982+0000] {logging_mixin.py:190} INFO - [2024-10-24T04:15:27.982+0000] {dag.py:4180} INFO - Setting next_dagrun for consume_1_or_both_2_and_3_with_dataset_expressions to None, run_after=None
[2024-10-24T04:15:27.983+0000] {logging_mixin.py:190} INFO - [2024-10-24T04:15:27.983+0000] {dag.py:4180} INFO - Setting next_dagrun for dataset_consumes_1 to None, run_after=None
[2024-10-24T04:15:27.985+0000] {logging_mixin.py:190} INFO - [2024-10-24T04:15:27.985+0000] {dag.py:4180} INFO - Setting next_dagrun for dataset_consumes_1_and_2 to None, run_after=None
[2024-10-24T04:15:27.986+0000] {logging_mixin.py:190} INFO - [2024-10-24T04:15:27.986+0000] {dag.py:4180} INFO - Setting next_dagrun for dataset_consumes_1_never_scheduled to None, run_after=None
[2024-10-24T04:15:27.987+0000] {logging_mixin.py:190} INFO - [2024-10-24T04:15:27.987+0000] {dag.py:4180} INFO - Setting next_dagrun for dataset_consumes_unknown_never_scheduled to None, run_after=None
[2024-10-24T04:15:27.990+0000] {logging_mixin.py:190} INFO - [2024-10-24T04:15:27.989+0000] {dag.py:4180} INFO - Setting next_dagrun for dataset_produces_1 to 2024-10-23 00:00:00+00:00, run_after=2024-10-24 00:00:00+00:00
[2024-10-24T04:15:27.991+0000] {logging_mixin.py:190} INFO - [2024-10-24T04:15:27.991+0000] {dag.py:4180} INFO - Setting next_dagrun for dataset_produces_2 to None, run_after=None
[2024-10-24T04:15:28.038+0000] {processor.py:208} INFO - Processing /home/airflow/.local/lib/python3.12/site-packages/airflow/example_dags/example_datasets.py took 0.550 seconds
[2024-10-24T06:56:01.267+0000] {processor.py:186} INFO - Started process (PID=99758) to work on /home/airflow/.local/lib/python3.12/site-packages/airflow/example_dags/example_datasets.py
[2024-10-24T06:56:01.269+0000] {processor.py:914} INFO - Processing file /home/airflow/.local/lib/python3.12/site-packages/airflow/example_dags/example_datasets.py for tasks to queue
[2024-10-24T06:56:01.271+0000] {logging_mixin.py:190} INFO - [2024-10-24T06:56:01.270+0000] {dagbag.py:588} INFO - Filling up the DagBag from /home/airflow/.local/lib/python3.12/site-packages/airflow/example_dags/example_datasets.py
[2024-10-24T06:56:01.844+0000] {processor.py:925} INFO - DAG(s) 'dataset_produces_1', 'dataset_consumes_1_and_2', 'consume_1_and_2_with_dataset_expressions', 'consume_1_or_both_2_and_3_with_dataset_expressions', 'dataset_consumes_1', 'dataset_consumes_unknown_never_scheduled', 'dataset_produces_2', 'conditional_dataset_and_time_based_timetable', 'consume_1_or_2_with_dataset_expressions', 'dataset_consumes_1_never_scheduled' retrieved from /home/airflow/.local/lib/python3.12/site-packages/airflow/example_dags/example_datasets.py
[2024-10-24T06:56:01.921+0000] {logging_mixin.py:190} INFO - [2024-10-24T06:56:01.921+0000] {dag.py:3239} INFO - Sync 10 DAGs
[2024-10-24T06:56:01.966+0000] {logging_mixin.py:190} INFO - [2024-10-24T06:56:01.966+0000] {dag.py:4180} INFO - Setting next_dagrun for conditional_dataset_and_time_based_timetable to 2024-10-23 01:00:00+00:00, run_after=2024-10-23 01:00:00+00:00
[2024-10-24T06:56:01.970+0000] {logging_mixin.py:190} INFO - [2024-10-24T06:56:01.970+0000] {dag.py:4180} INFO - Setting next_dagrun for consume_1_and_2_with_dataset_expressions to None, run_after=None
[2024-10-24T06:56:01.972+0000] {logging_mixin.py:190} INFO - [2024-10-24T06:56:01.972+0000] {dag.py:4180} INFO - Setting next_dagrun for consume_1_or_2_with_dataset_expressions to None, run_after=None
[2024-10-24T06:56:01.974+0000] {logging_mixin.py:190} INFO - [2024-10-24T06:56:01.974+0000] {dag.py:4180} INFO - Setting next_dagrun for consume_1_or_both_2_and_3_with_dataset_expressions to None, run_after=None
[2024-10-24T06:56:01.976+0000] {logging_mixin.py:190} INFO - [2024-10-24T06:56:01.976+0000] {dag.py:4180} INFO - Setting next_dagrun for dataset_consumes_1 to None, run_after=None
[2024-10-24T06:56:01.978+0000] {logging_mixin.py:190} INFO - [2024-10-24T06:56:01.978+0000] {dag.py:4180} INFO - Setting next_dagrun for dataset_consumes_1_and_2 to None, run_after=None
[2024-10-24T06:56:01.980+0000] {logging_mixin.py:190} INFO - [2024-10-24T06:56:01.980+0000] {dag.py:4180} INFO - Setting next_dagrun for dataset_consumes_1_never_scheduled to None, run_after=None
[2024-10-24T06:56:01.981+0000] {logging_mixin.py:190} INFO - [2024-10-24T06:56:01.981+0000] {dag.py:4180} INFO - Setting next_dagrun for dataset_consumes_unknown_never_scheduled to None, run_after=None
[2024-10-24T06:56:01.984+0000] {logging_mixin.py:190} INFO - [2024-10-24T06:56:01.984+0000] {dag.py:4180} INFO - Setting next_dagrun for dataset_produces_1 to 2024-10-23 00:00:00+00:00, run_after=2024-10-24 00:00:00+00:00
[2024-10-24T06:56:01.986+0000] {logging_mixin.py:190} INFO - [2024-10-24T06:56:01.986+0000] {dag.py:4180} INFO - Setting next_dagrun for dataset_produces_2 to None, run_after=None
[2024-10-24T06:56:02.031+0000] {processor.py:208} INFO - Processing /home/airflow/.local/lib/python3.12/site-packages/airflow/example_dags/example_datasets.py took 0.771 seconds
[2024-10-24T06:56:32.524+0000] {processor.py:186} INFO - Started process (PID=99825) to work on /home/airflow/.local/lib/python3.12/site-packages/airflow/example_dags/example_datasets.py
[2024-10-24T06:56:32.525+0000] {processor.py:914} INFO - Processing file /home/airflow/.local/lib/python3.12/site-packages/airflow/example_dags/example_datasets.py for tasks to queue
[2024-10-24T06:56:32.527+0000] {logging_mixin.py:190} INFO - [2024-10-24T06:56:32.526+0000] {dagbag.py:588} INFO - Filling up the DagBag from /home/airflow/.local/lib/python3.12/site-packages/airflow/example_dags/example_datasets.py
[2024-10-24T06:56:32.913+0000] {processor.py:925} INFO - DAG(s) 'dataset_produces_2', 'dataset_consumes_1', 'consume_1_or_both_2_and_3_with_dataset_expressions', 'consume_1_and_2_with_dataset_expressions', 'conditional_dataset_and_time_based_timetable', 'dataset_consumes_1_and_2', 'dataset_consumes_unknown_never_scheduled', 'dataset_produces_1', 'dataset_consumes_1_never_scheduled', 'consume_1_or_2_with_dataset_expressions' retrieved from /home/airflow/.local/lib/python3.12/site-packages/airflow/example_dags/example_datasets.py
[2024-10-24T06:56:32.958+0000] {logging_mixin.py:190} INFO - [2024-10-24T06:56:32.958+0000] {dag.py:3239} INFO - Sync 10 DAGs
[2024-10-24T06:56:32.987+0000] {logging_mixin.py:190} INFO - [2024-10-24T06:56:32.986+0000] {dag.py:4180} INFO - Setting next_dagrun for conditional_dataset_and_time_based_timetable to 2024-10-23 01:00:00+00:00, run_after=2024-10-23 01:00:00+00:00
[2024-10-24T06:56:32.990+0000] {logging_mixin.py:190} INFO - [2024-10-24T06:56:32.990+0000] {dag.py:4180} INFO - Setting next_dagrun for consume_1_and_2_with_dataset_expressions to None, run_after=None
[2024-10-24T06:56:32.992+0000] {logging_mixin.py:190} INFO - [2024-10-24T06:56:32.992+0000] {dag.py:4180} INFO - Setting next_dagrun for consume_1_or_2_with_dataset_expressions to None, run_after=None
[2024-10-24T06:56:32.993+0000] {logging_mixin.py:190} INFO - [2024-10-24T06:56:32.993+0000] {dag.py:4180} INFO - Setting next_dagrun for consume_1_or_both_2_and_3_with_dataset_expressions to None, run_after=None
[2024-10-24T06:56:32.996+0000] {logging_mixin.py:190} INFO - [2024-10-24T06:56:32.996+0000] {dag.py:4180} INFO - Setting next_dagrun for dataset_consumes_1 to None, run_after=None
[2024-10-24T06:56:32.998+0000] {logging_mixin.py:190} INFO - [2024-10-24T06:56:32.998+0000] {dag.py:4180} INFO - Setting next_dagrun for dataset_consumes_1_and_2 to None, run_after=None
[2024-10-24T06:56:33.005+0000] {logging_mixin.py:190} INFO - [2024-10-24T06:56:33.004+0000] {dag.py:4180} INFO - Setting next_dagrun for dataset_consumes_1_never_scheduled to None, run_after=None
[2024-10-24T06:56:33.007+0000] {logging_mixin.py:190} INFO - [2024-10-24T06:56:33.007+0000] {dag.py:4180} INFO - Setting next_dagrun for dataset_consumes_unknown_never_scheduled to None, run_after=None
[2024-10-24T06:56:33.010+0000] {logging_mixin.py:190} INFO - [2024-10-24T06:56:33.010+0000] {dag.py:4180} INFO - Setting next_dagrun for dataset_produces_1 to 2024-10-23 00:00:00+00:00, run_after=2024-10-24 00:00:00+00:00
[2024-10-24T06:56:33.012+0000] {logging_mixin.py:190} INFO - [2024-10-24T06:56:33.012+0000] {dag.py:4180} INFO - Setting next_dagrun for dataset_produces_2 to None, run_after=None
[2024-10-24T06:56:33.054+0000] {processor.py:208} INFO - Processing /home/airflow/.local/lib/python3.12/site-packages/airflow/example_dags/example_datasets.py took 0.537 seconds
[2024-10-24T06:57:03.566+0000] {processor.py:186} INFO - Started process (PID=99892) to work on /home/airflow/.local/lib/python3.12/site-packages/airflow/example_dags/example_datasets.py
[2024-10-24T06:57:03.567+0000] {processor.py:914} INFO - Processing file /home/airflow/.local/lib/python3.12/site-packages/airflow/example_dags/example_datasets.py for tasks to queue
[2024-10-24T06:57:03.568+0000] {logging_mixin.py:190} INFO - [2024-10-24T06:57:03.568+0000] {dagbag.py:588} INFO - Filling up the DagBag from /home/airflow/.local/lib/python3.12/site-packages/airflow/example_dags/example_datasets.py
[2024-10-24T06:57:03.952+0000] {processor.py:925} INFO - DAG(s) 'dataset_consumes_1', 'dataset_produces_2', 'dataset_consumes_1_and_2', 'dataset_consumes_unknown_never_scheduled', 'conditional_dataset_and_time_based_timetable', 'dataset_produces_1', 'dataset_consumes_1_never_scheduled', 'consume_1_or_both_2_and_3_with_dataset_expressions', 'consume_1_and_2_with_dataset_expressions', 'consume_1_or_2_with_dataset_expressions' retrieved from /home/airflow/.local/lib/python3.12/site-packages/airflow/example_dags/example_datasets.py
[2024-10-24T06:57:04.055+0000] {logging_mixin.py:190} INFO - [2024-10-24T06:57:04.055+0000] {dag.py:3239} INFO - Sync 10 DAGs
[2024-10-24T06:57:04.091+0000] {logging_mixin.py:190} INFO - [2024-10-24T06:57:04.090+0000] {dag.py:4180} INFO - Setting next_dagrun for conditional_dataset_and_time_based_timetable to 2024-10-23 01:00:00+00:00, run_after=2024-10-23 01:00:00+00:00
[2024-10-24T06:57:04.097+0000] {logging_mixin.py:190} INFO - [2024-10-24T06:57:04.097+0000] {dag.py:4180} INFO - Setting next_dagrun for consume_1_and_2_with_dataset_expressions to None, run_after=None
[2024-10-24T06:57:04.099+0000] {logging_mixin.py:190} INFO - [2024-10-24T06:57:04.099+0000] {dag.py:4180} INFO - Setting next_dagrun for consume_1_or_2_with_dataset_expressions to None, run_after=None
[2024-10-24T06:57:04.100+0000] {logging_mixin.py:190} INFO - [2024-10-24T06:57:04.100+0000] {dag.py:4180} INFO - Setting next_dagrun for consume_1_or_both_2_and_3_with_dataset_expressions to None, run_after=None
[2024-10-24T06:57:04.102+0000] {logging_mixin.py:190} INFO - [2024-10-24T06:57:04.102+0000] {dag.py:4180} INFO - Setting next_dagrun for dataset_consumes_1 to None, run_after=None
[2024-10-24T06:57:04.103+0000] {logging_mixin.py:190} INFO - [2024-10-24T06:57:04.103+0000] {dag.py:4180} INFO - Setting next_dagrun for dataset_consumes_1_and_2 to None, run_after=None
[2024-10-24T06:57:04.105+0000] {logging_mixin.py:190} INFO - [2024-10-24T06:57:04.105+0000] {dag.py:4180} INFO - Setting next_dagrun for dataset_consumes_1_never_scheduled to None, run_after=None
[2024-10-24T06:57:04.107+0000] {logging_mixin.py:190} INFO - [2024-10-24T06:57:04.107+0000] {dag.py:4180} INFO - Setting next_dagrun for dataset_consumes_unknown_never_scheduled to None, run_after=None
[2024-10-24T06:57:04.110+0000] {logging_mixin.py:190} INFO - [2024-10-24T06:57:04.110+0000] {dag.py:4180} INFO - Setting next_dagrun for dataset_produces_1 to 2024-10-23 00:00:00+00:00, run_after=2024-10-24 00:00:00+00:00
[2024-10-24T06:57:04.112+0000] {logging_mixin.py:190} INFO - [2024-10-24T06:57:04.112+0000] {dag.py:4180} INFO - Setting next_dagrun for dataset_produces_2 to None, run_after=None
[2024-10-24T06:57:04.151+0000] {processor.py:208} INFO - Processing /home/airflow/.local/lib/python3.12/site-packages/airflow/example_dags/example_datasets.py took 0.594 seconds
[2024-10-24T06:57:34.205+0000] {processor.py:186} INFO - Started process (PID=99961) to work on /home/airflow/.local/lib/python3.12/site-packages/airflow/example_dags/example_datasets.py
[2024-10-24T06:57:34.207+0000] {processor.py:914} INFO - Processing file /home/airflow/.local/lib/python3.12/site-packages/airflow/example_dags/example_datasets.py for tasks to queue
[2024-10-24T06:57:34.209+0000] {logging_mixin.py:190} INFO - [2024-10-24T06:57:34.208+0000] {dagbag.py:588} INFO - Filling up the DagBag from /home/airflow/.local/lib/python3.12/site-packages/airflow/example_dags/example_datasets.py
[2024-10-24T06:57:34.588+0000] {processor.py:925} INFO - DAG(s) 'dataset_consumes_1_and_2', 'dataset_consumes_unknown_never_scheduled', 'dataset_consumes_1_never_scheduled', 'dataset_consumes_1', 'dataset_produces_2', 'consume_1_or_both_2_and_3_with_dataset_expressions', 'consume_1_or_2_with_dataset_expressions', 'dataset_produces_1', 'consume_1_and_2_with_dataset_expressions', 'conditional_dataset_and_time_based_timetable' retrieved from /home/airflow/.local/lib/python3.12/site-packages/airflow/example_dags/example_datasets.py
[2024-10-24T06:57:34.639+0000] {logging_mixin.py:190} INFO - [2024-10-24T06:57:34.639+0000] {dag.py:3239} INFO - Sync 10 DAGs
[2024-10-24T06:57:34.664+0000] {logging_mixin.py:190} INFO - [2024-10-24T06:57:34.664+0000] {dag.py:4180} INFO - Setting next_dagrun for conditional_dataset_and_time_based_timetable to 2024-10-23 01:00:00+00:00, run_after=2024-10-23 01:00:00+00:00
[2024-10-24T06:57:34.669+0000] {logging_mixin.py:190} INFO - [2024-10-24T06:57:34.668+0000] {dag.py:4180} INFO - Setting next_dagrun for consume_1_and_2_with_dataset_expressions to None, run_after=None
[2024-10-24T06:57:34.670+0000] {logging_mixin.py:190} INFO - [2024-10-24T06:57:34.670+0000] {dag.py:4180} INFO - Setting next_dagrun for consume_1_or_2_with_dataset_expressions to None, run_after=None
[2024-10-24T06:57:34.671+0000] {logging_mixin.py:190} INFO - [2024-10-24T06:57:34.671+0000] {dag.py:4180} INFO - Setting next_dagrun for consume_1_or_both_2_and_3_with_dataset_expressions to None, run_after=None
[2024-10-24T06:57:34.672+0000] {logging_mixin.py:190} INFO - [2024-10-24T06:57:34.672+0000] {dag.py:4180} INFO - Setting next_dagrun for dataset_consumes_1 to None, run_after=None
[2024-10-24T06:57:34.673+0000] {logging_mixin.py:190} INFO - [2024-10-24T06:57:34.673+0000] {dag.py:4180} INFO - Setting next_dagrun for dataset_consumes_1_and_2 to None, run_after=None
[2024-10-24T06:57:34.674+0000] {logging_mixin.py:190} INFO - [2024-10-24T06:57:34.674+0000] {dag.py:4180} INFO - Setting next_dagrun for dataset_consumes_1_never_scheduled to None, run_after=None
[2024-10-24T06:57:34.675+0000] {logging_mixin.py:190} INFO - [2024-10-24T06:57:34.675+0000] {dag.py:4180} INFO - Setting next_dagrun for dataset_consumes_unknown_never_scheduled to None, run_after=None
[2024-10-24T06:57:34.678+0000] {logging_mixin.py:190} INFO - [2024-10-24T06:57:34.678+0000] {dag.py:4180} INFO - Setting next_dagrun for dataset_produces_1 to 2024-10-23 00:00:00+00:00, run_after=2024-10-24 00:00:00+00:00
[2024-10-24T06:57:34.679+0000] {logging_mixin.py:190} INFO - [2024-10-24T06:57:34.679+0000] {dag.py:4180} INFO - Setting next_dagrun for dataset_produces_2 to None, run_after=None
[2024-10-24T06:57:34.711+0000] {processor.py:208} INFO - Processing /home/airflow/.local/lib/python3.12/site-packages/airflow/example_dags/example_datasets.py took 0.515 seconds
[2024-10-24T06:58:04.835+0000] {processor.py:186} INFO - Started process (PID=100029) to work on /home/airflow/.local/lib/python3.12/site-packages/airflow/example_dags/example_datasets.py
[2024-10-24T06:58:04.837+0000] {processor.py:914} INFO - Processing file /home/airflow/.local/lib/python3.12/site-packages/airflow/example_dags/example_datasets.py for tasks to queue
[2024-10-24T06:58:04.838+0000] {logging_mixin.py:190} INFO - [2024-10-24T06:58:04.838+0000] {dagbag.py:588} INFO - Filling up the DagBag from /home/airflow/.local/lib/python3.12/site-packages/airflow/example_dags/example_datasets.py
[2024-10-24T06:58:05.219+0000] {processor.py:925} INFO - DAG(s) 'dataset_produces_2', 'dataset_consumes_1', 'consume_1_or_both_2_and_3_with_dataset_expressions', 'conditional_dataset_and_time_based_timetable', 'dataset_consumes_unknown_never_scheduled', 'dataset_produces_1', 'dataset_consumes_1_and_2', 'consume_1_or_2_with_dataset_expressions', 'consume_1_and_2_with_dataset_expressions', 'dataset_consumes_1_never_scheduled' retrieved from /home/airflow/.local/lib/python3.12/site-packages/airflow/example_dags/example_datasets.py
[2024-10-24T06:58:05.274+0000] {logging_mixin.py:190} INFO - [2024-10-24T06:58:05.273+0000] {dag.py:3239} INFO - Sync 10 DAGs
[2024-10-24T06:58:05.302+0000] {logging_mixin.py:190} INFO - [2024-10-24T06:58:05.302+0000] {dag.py:4180} INFO - Setting next_dagrun for conditional_dataset_and_time_based_timetable to 2024-10-23 01:00:00+00:00, run_after=2024-10-23 01:00:00+00:00
[2024-10-24T06:58:05.306+0000] {logging_mixin.py:190} INFO - [2024-10-24T06:58:05.305+0000] {dag.py:4180} INFO - Setting next_dagrun for consume_1_and_2_with_dataset_expressions to None, run_after=None
[2024-10-24T06:58:05.307+0000] {logging_mixin.py:190} INFO - [2024-10-24T06:58:05.307+0000] {dag.py:4180} INFO - Setting next_dagrun for consume_1_or_2_with_dataset_expressions to None, run_after=None
[2024-10-24T06:58:05.309+0000] {logging_mixin.py:190} INFO - [2024-10-24T06:58:05.308+0000] {dag.py:4180} INFO - Setting next_dagrun for consume_1_or_both_2_and_3_with_dataset_expressions to None, run_after=None
[2024-10-24T06:58:05.311+0000] {logging_mixin.py:190} INFO - [2024-10-24T06:58:05.310+0000] {dag.py:4180} INFO - Setting next_dagrun for dataset_consumes_1 to None, run_after=None
[2024-10-24T06:58:05.313+0000] {logging_mixin.py:190} INFO - [2024-10-24T06:58:05.313+0000] {dag.py:4180} INFO - Setting next_dagrun for dataset_consumes_1_and_2 to None, run_after=None
[2024-10-24T06:58:05.316+0000] {logging_mixin.py:190} INFO - [2024-10-24T06:58:05.316+0000] {dag.py:4180} INFO - Setting next_dagrun for dataset_consumes_1_never_scheduled to None, run_after=None
[2024-10-24T06:58:05.318+0000] {logging_mixin.py:190} INFO - [2024-10-24T06:58:05.317+0000] {dag.py:4180} INFO - Setting next_dagrun for dataset_consumes_unknown_never_scheduled to None, run_after=None
[2024-10-24T06:58:05.320+0000] {logging_mixin.py:190} INFO - [2024-10-24T06:58:05.320+0000] {dag.py:4180} INFO - Setting next_dagrun for dataset_produces_1 to 2024-10-23 00:00:00+00:00, run_after=2024-10-24 00:00:00+00:00
[2024-10-24T06:58:05.322+0000] {logging_mixin.py:190} INFO - [2024-10-24T06:58:05.321+0000] {dag.py:4180} INFO - Setting next_dagrun for dataset_produces_2 to None, run_after=None
[2024-10-24T06:58:05.357+0000] {processor.py:208} INFO - Processing /home/airflow/.local/lib/python3.12/site-packages/airflow/example_dags/example_datasets.py took 0.531 seconds
[2024-10-24T06:58:35.564+0000] {processor.py:186} INFO - Started process (PID=100095) to work on /home/airflow/.local/lib/python3.12/site-packages/airflow/example_dags/example_datasets.py
[2024-10-24T06:58:35.565+0000] {processor.py:914} INFO - Processing file /home/airflow/.local/lib/python3.12/site-packages/airflow/example_dags/example_datasets.py for tasks to queue
[2024-10-24T06:58:35.567+0000] {logging_mixin.py:190} INFO - [2024-10-24T06:58:35.566+0000] {dagbag.py:588} INFO - Filling up the DagBag from /home/airflow/.local/lib/python3.12/site-packages/airflow/example_dags/example_datasets.py
[2024-10-24T06:58:36.105+0000] {processor.py:925} INFO - DAG(s) 'dataset_consumes_1', 'dataset_consumes_1_never_scheduled', 'consume_1_or_2_with_dataset_expressions', 'consume_1_or_both_2_and_3_with_dataset_expressions', 'dataset_produces_1', 'dataset_produces_2', 'dataset_consumes_unknown_never_scheduled', 'conditional_dataset_and_time_based_timetable', 'dataset_consumes_1_and_2', 'consume_1_and_2_with_dataset_expressions' retrieved from /home/airflow/.local/lib/python3.12/site-packages/airflow/example_dags/example_datasets.py
[2024-10-24T06:58:36.176+0000] {logging_mixin.py:190} INFO - [2024-10-24T06:58:36.176+0000] {dag.py:3239} INFO - Sync 10 DAGs
[2024-10-24T06:58:36.213+0000] {logging_mixin.py:190} INFO - [2024-10-24T06:58:36.213+0000] {dag.py:4180} INFO - Setting next_dagrun for conditional_dataset_and_time_based_timetable to 2024-10-23 01:00:00+00:00, run_after=2024-10-23 01:00:00+00:00
[2024-10-24T06:58:36.220+0000] {logging_mixin.py:190} INFO - [2024-10-24T06:58:36.219+0000] {dag.py:4180} INFO - Setting next_dagrun for consume_1_and_2_with_dataset_expressions to None, run_after=None
[2024-10-24T06:58:36.223+0000] {logging_mixin.py:190} INFO - [2024-10-24T06:58:36.223+0000] {dag.py:4180} INFO - Setting next_dagrun for consume_1_or_2_with_dataset_expressions to None, run_after=None
[2024-10-24T06:58:36.224+0000] {logging_mixin.py:190} INFO - [2024-10-24T06:58:36.224+0000] {dag.py:4180} INFO - Setting next_dagrun for consume_1_or_both_2_and_3_with_dataset_expressions to None, run_after=None
[2024-10-24T06:58:36.227+0000] {logging_mixin.py:190} INFO - [2024-10-24T06:58:36.226+0000] {dag.py:4180} INFO - Setting next_dagrun for dataset_consumes_1 to None, run_after=None
[2024-10-24T06:58:36.228+0000] {logging_mixin.py:190} INFO - [2024-10-24T06:58:36.228+0000] {dag.py:4180} INFO - Setting next_dagrun for dataset_consumes_1_and_2 to None, run_after=None
[2024-10-24T06:58:36.231+0000] {logging_mixin.py:190} INFO - [2024-10-24T06:58:36.231+0000] {dag.py:4180} INFO - Setting next_dagrun for dataset_consumes_1_never_scheduled to None, run_after=None
[2024-10-24T06:58:36.232+0000] {logging_mixin.py:190} INFO - [2024-10-24T06:58:36.232+0000] {dag.py:4180} INFO - Setting next_dagrun for dataset_consumes_unknown_never_scheduled to None, run_after=None
[2024-10-24T06:58:36.236+0000] {logging_mixin.py:190} INFO - [2024-10-24T06:58:36.236+0000] {dag.py:4180} INFO - Setting next_dagrun for dataset_produces_1 to 2024-10-23 00:00:00+00:00, run_after=2024-10-24 00:00:00+00:00
[2024-10-24T06:58:36.237+0000] {logging_mixin.py:190} INFO - [2024-10-24T06:58:36.237+0000] {dag.py:4180} INFO - Setting next_dagrun for dataset_produces_2 to None, run_after=None
[2024-10-24T06:58:36.273+0000] {processor.py:208} INFO - Processing /home/airflow/.local/lib/python3.12/site-packages/airflow/example_dags/example_datasets.py took 0.731 seconds
[2024-10-24T06:59:06.414+0000] {processor.py:186} INFO - Started process (PID=100162) to work on /home/airflow/.local/lib/python3.12/site-packages/airflow/example_dags/example_datasets.py
[2024-10-24T06:59:06.415+0000] {processor.py:914} INFO - Processing file /home/airflow/.local/lib/python3.12/site-packages/airflow/example_dags/example_datasets.py for tasks to queue
[2024-10-24T06:59:06.417+0000] {logging_mixin.py:190} INFO - [2024-10-24T06:59:06.416+0000] {dagbag.py:588} INFO - Filling up the DagBag from /home/airflow/.local/lib/python3.12/site-packages/airflow/example_dags/example_datasets.py
[2024-10-24T06:59:06.817+0000] {processor.py:925} INFO - DAG(s) 'dataset_consumes_1_never_scheduled', 'dataset_produces_2', 'dataset_produces_1', 'consume_1_and_2_with_dataset_expressions', 'dataset_consumes_unknown_never_scheduled', 'consume_1_or_2_with_dataset_expressions', 'dataset_consumes_1_and_2', 'consume_1_or_both_2_and_3_with_dataset_expressions', 'conditional_dataset_and_time_based_timetable', 'dataset_consumes_1' retrieved from /home/airflow/.local/lib/python3.12/site-packages/airflow/example_dags/example_datasets.py
[2024-10-24T06:59:06.870+0000] {logging_mixin.py:190} INFO - [2024-10-24T06:59:06.870+0000] {dag.py:3239} INFO - Sync 10 DAGs
[2024-10-24T06:59:06.895+0000] {logging_mixin.py:190} INFO - [2024-10-24T06:59:06.895+0000] {dag.py:4180} INFO - Setting next_dagrun for conditional_dataset_and_time_based_timetable to 2024-10-23 01:00:00+00:00, run_after=2024-10-23 01:00:00+00:00
[2024-10-24T06:59:06.898+0000] {logging_mixin.py:190} INFO - [2024-10-24T06:59:06.898+0000] {dag.py:4180} INFO - Setting next_dagrun for consume_1_and_2_with_dataset_expressions to None, run_after=None
[2024-10-24T06:59:06.900+0000] {logging_mixin.py:190} INFO - [2024-10-24T06:59:06.900+0000] {dag.py:4180} INFO - Setting next_dagrun for consume_1_or_2_with_dataset_expressions to None, run_after=None
[2024-10-24T06:59:06.901+0000] {logging_mixin.py:190} INFO - [2024-10-24T06:59:06.901+0000] {dag.py:4180} INFO - Setting next_dagrun for consume_1_or_both_2_and_3_with_dataset_expressions to None, run_after=None
[2024-10-24T06:59:06.902+0000] {logging_mixin.py:190} INFO - [2024-10-24T06:59:06.902+0000] {dag.py:4180} INFO - Setting next_dagrun for dataset_consumes_1 to None, run_after=None
[2024-10-24T06:59:06.903+0000] {logging_mixin.py:190} INFO - [2024-10-24T06:59:06.903+0000] {dag.py:4180} INFO - Setting next_dagrun for dataset_consumes_1_and_2 to None, run_after=None
[2024-10-24T06:59:06.905+0000] {logging_mixin.py:190} INFO - [2024-10-24T06:59:06.904+0000] {dag.py:4180} INFO - Setting next_dagrun for dataset_consumes_1_never_scheduled to None, run_after=None
[2024-10-24T06:59:06.906+0000] {logging_mixin.py:190} INFO - [2024-10-24T06:59:06.906+0000] {dag.py:4180} INFO - Setting next_dagrun for dataset_consumes_unknown_never_scheduled to None, run_after=None
[2024-10-24T06:59:06.909+0000] {logging_mixin.py:190} INFO - [2024-10-24T06:59:06.909+0000] {dag.py:4180} INFO - Setting next_dagrun for dataset_produces_1 to 2024-10-23 00:00:00+00:00, run_after=2024-10-24 00:00:00+00:00
[2024-10-24T06:59:06.910+0000] {logging_mixin.py:190} INFO - [2024-10-24T06:59:06.910+0000] {dag.py:4180} INFO - Setting next_dagrun for dataset_produces_2 to None, run_after=None
[2024-10-24T06:59:06.948+0000] {processor.py:208} INFO - Processing /home/airflow/.local/lib/python3.12/site-packages/airflow/example_dags/example_datasets.py took 0.543 seconds
