[2024-10-24T04:09:22.057+0000] {processor.py:186} INFO - Started process (PID=98922) to work on /home/airflow/.local/lib/python3.12/site-packages/airflow/example_dags/example_params_ui_tutorial.py
[2024-10-24T04:09:22.058+0000] {processor.py:914} INFO - Processing file /home/airflow/.local/lib/python3.12/site-packages/airflow/example_dags/example_params_ui_tutorial.py for tasks to queue
[2024-10-24T04:09:22.059+0000] {logging_mixin.py:190} INFO - [2024-10-24T04:09:22.059+0000] {dagbag.py:588} INFO - Filling up the DagBag from /home/airflow/.local/lib/python3.12/site-packages/airflow/example_dags/example_params_ui_tutorial.py
[2024-10-24T04:09:22.067+0000] {processor.py:925} INFO - DAG(s) 'example_params_ui_tutorial' retrieved from /home/airflow/.local/lib/python3.12/site-packages/airflow/example_dags/example_params_ui_tutorial.py
[2024-10-24T04:09:22.253+0000] {logging_mixin.py:190} INFO - [2024-10-24T04:09:22.253+0000] {dag.py:3239} INFO - Sync 1 DAGs
[2024-10-24T04:09:22.268+0000] {logging_mixin.py:190} INFO - [2024-10-24T04:09:22.268+0000] {dag.py:4180} INFO - Setting next_dagrun for example_params_ui_tutorial to None, run_after=None
[2024-10-24T04:09:22.290+0000] {processor.py:208} INFO - Processing /home/airflow/.local/lib/python3.12/site-packages/airflow/example_dags/example_params_ui_tutorial.py took 0.240 seconds
[2024-10-24T04:09:52.732+0000] {processor.py:186} INFO - Started process (PID=98989) to work on /home/airflow/.local/lib/python3.12/site-packages/airflow/example_dags/example_params_ui_tutorial.py
[2024-10-24T04:09:52.733+0000] {processor.py:914} INFO - Processing file /home/airflow/.local/lib/python3.12/site-packages/airflow/example_dags/example_params_ui_tutorial.py for tasks to queue
[2024-10-24T04:09:52.736+0000] {logging_mixin.py:190} INFO - [2024-10-24T04:09:52.735+0000] {dagbag.py:588} INFO - Filling up the DagBag from /home/airflow/.local/lib/python3.12/site-packages/airflow/example_dags/example_params_ui_tutorial.py
[2024-10-24T04:09:52.744+0000] {processor.py:925} INFO - DAG(s) 'example_params_ui_tutorial' retrieved from /home/airflow/.local/lib/python3.12/site-packages/airflow/example_dags/example_params_ui_tutorial.py
[2024-10-24T04:09:52.801+0000] {logging_mixin.py:190} INFO - [2024-10-24T04:09:52.800+0000] {dag.py:3239} INFO - Sync 1 DAGs
[2024-10-24T04:09:52.818+0000] {logging_mixin.py:190} INFO - [2024-10-24T04:09:52.818+0000] {dag.py:4180} INFO - Setting next_dagrun for example_params_ui_tutorial to None, run_after=None
[2024-10-24T04:09:52.839+0000] {processor.py:208} INFO - Processing /home/airflow/.local/lib/python3.12/site-packages/airflow/example_dags/example_params_ui_tutorial.py took 0.114 seconds
[2024-10-24T04:10:23.508+0000] {processor.py:186} INFO - Started process (PID=99055) to work on /home/airflow/.local/lib/python3.12/site-packages/airflow/example_dags/example_params_ui_tutorial.py
[2024-10-24T04:10:23.509+0000] {processor.py:914} INFO - Processing file /home/airflow/.local/lib/python3.12/site-packages/airflow/example_dags/example_params_ui_tutorial.py for tasks to queue
[2024-10-24T04:10:23.510+0000] {logging_mixin.py:190} INFO - [2024-10-24T04:10:23.510+0000] {dagbag.py:588} INFO - Filling up the DagBag from /home/airflow/.local/lib/python3.12/site-packages/airflow/example_dags/example_params_ui_tutorial.py
[2024-10-24T04:10:23.519+0000] {processor.py:925} INFO - DAG(s) 'example_params_ui_tutorial' retrieved from /home/airflow/.local/lib/python3.12/site-packages/airflow/example_dags/example_params_ui_tutorial.py
[2024-10-24T04:10:23.576+0000] {logging_mixin.py:190} INFO - [2024-10-24T04:10:23.576+0000] {dag.py:3239} INFO - Sync 1 DAGs
[2024-10-24T04:10:23.598+0000] {logging_mixin.py:190} INFO - [2024-10-24T04:10:23.598+0000] {dag.py:4180} INFO - Setting next_dagrun for example_params_ui_tutorial to None, run_after=None
[2024-10-24T04:10:23.616+0000] {processor.py:208} INFO - Processing /home/airflow/.local/lib/python3.12/site-packages/airflow/example_dags/example_params_ui_tutorial.py took 0.116 seconds
[2024-10-24T04:10:54.307+0000] {processor.py:186} INFO - Started process (PID=99121) to work on /home/airflow/.local/lib/python3.12/site-packages/airflow/example_dags/example_params_ui_tutorial.py
[2024-10-24T04:10:54.308+0000] {processor.py:914} INFO - Processing file /home/airflow/.local/lib/python3.12/site-packages/airflow/example_dags/example_params_ui_tutorial.py for tasks to queue
[2024-10-24T04:10:54.310+0000] {logging_mixin.py:190} INFO - [2024-10-24T04:10:54.309+0000] {dagbag.py:588} INFO - Filling up the DagBag from /home/airflow/.local/lib/python3.12/site-packages/airflow/example_dags/example_params_ui_tutorial.py
[2024-10-24T04:10:54.319+0000] {processor.py:925} INFO - DAG(s) 'example_params_ui_tutorial' retrieved from /home/airflow/.local/lib/python3.12/site-packages/airflow/example_dags/example_params_ui_tutorial.py
[2024-10-24T04:10:54.375+0000] {logging_mixin.py:190} INFO - [2024-10-24T04:10:54.375+0000] {dag.py:3239} INFO - Sync 1 DAGs
[2024-10-24T04:10:54.391+0000] {logging_mixin.py:190} INFO - [2024-10-24T04:10:54.391+0000] {dag.py:4180} INFO - Setting next_dagrun for example_params_ui_tutorial to None, run_after=None
[2024-10-24T04:10:54.411+0000] {processor.py:208} INFO - Processing /home/airflow/.local/lib/python3.12/site-packages/airflow/example_dags/example_params_ui_tutorial.py took 0.113 seconds
[2024-10-24T04:11:25.323+0000] {processor.py:186} INFO - Started process (PID=99188) to work on /home/airflow/.local/lib/python3.12/site-packages/airflow/example_dags/example_params_ui_tutorial.py
[2024-10-24T04:11:25.325+0000] {processor.py:914} INFO - Processing file /home/airflow/.local/lib/python3.12/site-packages/airflow/example_dags/example_params_ui_tutorial.py for tasks to queue
[2024-10-24T04:11:25.326+0000] {logging_mixin.py:190} INFO - [2024-10-24T04:11:25.325+0000] {dagbag.py:588} INFO - Filling up the DagBag from /home/airflow/.local/lib/python3.12/site-packages/airflow/example_dags/example_params_ui_tutorial.py
[2024-10-24T04:11:25.334+0000] {processor.py:925} INFO - DAG(s) 'example_params_ui_tutorial' retrieved from /home/airflow/.local/lib/python3.12/site-packages/airflow/example_dags/example_params_ui_tutorial.py
[2024-10-24T04:11:25.394+0000] {logging_mixin.py:190} INFO - [2024-10-24T04:11:25.394+0000] {dag.py:3239} INFO - Sync 1 DAGs
[2024-10-24T04:11:25.409+0000] {logging_mixin.py:190} INFO - [2024-10-24T04:11:25.409+0000] {dag.py:4180} INFO - Setting next_dagrun for example_params_ui_tutorial to None, run_after=None
[2024-10-24T04:11:25.427+0000] {processor.py:208} INFO - Processing /home/airflow/.local/lib/python3.12/site-packages/airflow/example_dags/example_params_ui_tutorial.py took 0.111 seconds
[2024-10-24T04:11:57.655+0000] {processor.py:186} INFO - Started process (PID=99255) to work on /home/airflow/.local/lib/python3.12/site-packages/airflow/example_dags/example_params_ui_tutorial.py
[2024-10-24T04:11:57.656+0000] {processor.py:914} INFO - Processing file /home/airflow/.local/lib/python3.12/site-packages/airflow/example_dags/example_params_ui_tutorial.py for tasks to queue
[2024-10-24T04:11:57.658+0000] {logging_mixin.py:190} INFO - [2024-10-24T04:11:57.657+0000] {dagbag.py:588} INFO - Filling up the DagBag from /home/airflow/.local/lib/python3.12/site-packages/airflow/example_dags/example_params_ui_tutorial.py
[2024-10-24T04:11:57.671+0000] {processor.py:925} INFO - DAG(s) 'example_params_ui_tutorial' retrieved from /home/airflow/.local/lib/python3.12/site-packages/airflow/example_dags/example_params_ui_tutorial.py
[2024-10-24T04:11:58.097+0000] {logging_mixin.py:190} INFO - [2024-10-24T04:11:58.097+0000] {dag.py:3239} INFO - Sync 1 DAGs
[2024-10-24T04:11:58.118+0000] {logging_mixin.py:190} INFO - [2024-10-24T04:11:58.118+0000] {dag.py:4180} INFO - Setting next_dagrun for example_params_ui_tutorial to None, run_after=None
[2024-10-24T04:11:58.137+0000] {processor.py:208} INFO - Processing /home/airflow/.local/lib/python3.12/site-packages/airflow/example_dags/example_params_ui_tutorial.py took 0.491 seconds
[2024-10-24T04:12:28.479+0000] {processor.py:186} INFO - Started process (PID=99322) to work on /home/airflow/.local/lib/python3.12/site-packages/airflow/example_dags/example_params_ui_tutorial.py
[2024-10-24T04:12:28.480+0000] {processor.py:914} INFO - Processing file /home/airflow/.local/lib/python3.12/site-packages/airflow/example_dags/example_params_ui_tutorial.py for tasks to queue
[2024-10-24T04:12:28.482+0000] {logging_mixin.py:190} INFO - [2024-10-24T04:12:28.481+0000] {dagbag.py:588} INFO - Filling up the DagBag from /home/airflow/.local/lib/python3.12/site-packages/airflow/example_dags/example_params_ui_tutorial.py
[2024-10-24T04:12:28.490+0000] {processor.py:925} INFO - DAG(s) 'example_params_ui_tutorial' retrieved from /home/airflow/.local/lib/python3.12/site-packages/airflow/example_dags/example_params_ui_tutorial.py
[2024-10-24T04:12:28.547+0000] {logging_mixin.py:190} INFO - [2024-10-24T04:12:28.547+0000] {dag.py:3239} INFO - Sync 1 DAGs
[2024-10-24T04:12:28.564+0000] {logging_mixin.py:190} INFO - [2024-10-24T04:12:28.564+0000] {dag.py:4180} INFO - Setting next_dagrun for example_params_ui_tutorial to None, run_after=None
[2024-10-24T04:12:28.580+0000] {processor.py:208} INFO - Processing /home/airflow/.local/lib/python3.12/site-packages/airflow/example_dags/example_params_ui_tutorial.py took 0.109 seconds
[2024-10-24T04:12:58.912+0000] {processor.py:186} INFO - Started process (PID=99388) to work on /home/airflow/.local/lib/python3.12/site-packages/airflow/example_dags/example_params_ui_tutorial.py
[2024-10-24T04:12:58.913+0000] {processor.py:914} INFO - Processing file /home/airflow/.local/lib/python3.12/site-packages/airflow/example_dags/example_params_ui_tutorial.py for tasks to queue
[2024-10-24T04:12:58.915+0000] {logging_mixin.py:190} INFO - [2024-10-24T04:12:58.914+0000] {dagbag.py:588} INFO - Filling up the DagBag from /home/airflow/.local/lib/python3.12/site-packages/airflow/example_dags/example_params_ui_tutorial.py
[2024-10-24T04:12:58.922+0000] {processor.py:925} INFO - DAG(s) 'example_params_ui_tutorial' retrieved from /home/airflow/.local/lib/python3.12/site-packages/airflow/example_dags/example_params_ui_tutorial.py
[2024-10-24T04:12:58.977+0000] {logging_mixin.py:190} INFO - [2024-10-24T04:12:58.977+0000] {dag.py:3239} INFO - Sync 1 DAGs
[2024-10-24T04:12:58.994+0000] {logging_mixin.py:190} INFO - [2024-10-24T04:12:58.993+0000] {dag.py:4180} INFO - Setting next_dagrun for example_params_ui_tutorial to None, run_after=None
[2024-10-24T04:12:59.014+0000] {processor.py:208} INFO - Processing /home/airflow/.local/lib/python3.12/site-packages/airflow/example_dags/example_params_ui_tutorial.py took 0.110 seconds
[2024-10-24T04:13:29.236+0000] {processor.py:186} INFO - Started process (PID=99455) to work on /home/airflow/.local/lib/python3.12/site-packages/airflow/example_dags/example_params_ui_tutorial.py
[2024-10-24T04:13:29.237+0000] {processor.py:914} INFO - Processing file /home/airflow/.local/lib/python3.12/site-packages/airflow/example_dags/example_params_ui_tutorial.py for tasks to queue
[2024-10-24T04:13:29.239+0000] {logging_mixin.py:190} INFO - [2024-10-24T04:13:29.238+0000] {dagbag.py:588} INFO - Filling up the DagBag from /home/airflow/.local/lib/python3.12/site-packages/airflow/example_dags/example_params_ui_tutorial.py
[2024-10-24T04:13:29.246+0000] {processor.py:925} INFO - DAG(s) 'example_params_ui_tutorial' retrieved from /home/airflow/.local/lib/python3.12/site-packages/airflow/example_dags/example_params_ui_tutorial.py
[2024-10-24T04:13:29.314+0000] {logging_mixin.py:190} INFO - [2024-10-24T04:13:29.313+0000] {dag.py:3239} INFO - Sync 1 DAGs
[2024-10-24T04:13:29.332+0000] {logging_mixin.py:190} INFO - [2024-10-24T04:13:29.332+0000] {dag.py:4180} INFO - Setting next_dagrun for example_params_ui_tutorial to None, run_after=None
[2024-10-24T04:13:29.356+0000] {processor.py:208} INFO - Processing /home/airflow/.local/lib/python3.12/site-packages/airflow/example_dags/example_params_ui_tutorial.py took 0.127 seconds
[2024-10-24T04:13:59.809+0000] {processor.py:186} INFO - Started process (PID=99522) to work on /home/airflow/.local/lib/python3.12/site-packages/airflow/example_dags/example_params_ui_tutorial.py
[2024-10-24T04:13:59.810+0000] {processor.py:914} INFO - Processing file /home/airflow/.local/lib/python3.12/site-packages/airflow/example_dags/example_params_ui_tutorial.py for tasks to queue
[2024-10-24T04:13:59.812+0000] {logging_mixin.py:190} INFO - [2024-10-24T04:13:59.811+0000] {dagbag.py:588} INFO - Filling up the DagBag from /home/airflow/.local/lib/python3.12/site-packages/airflow/example_dags/example_params_ui_tutorial.py
[2024-10-24T04:13:59.820+0000] {processor.py:925} INFO - DAG(s) 'example_params_ui_tutorial' retrieved from /home/airflow/.local/lib/python3.12/site-packages/airflow/example_dags/example_params_ui_tutorial.py
[2024-10-24T04:13:59.874+0000] {logging_mixin.py:190} INFO - [2024-10-24T04:13:59.874+0000] {dag.py:3239} INFO - Sync 1 DAGs
[2024-10-24T04:13:59.891+0000] {logging_mixin.py:190} INFO - [2024-10-24T04:13:59.890+0000] {dag.py:4180} INFO - Setting next_dagrun for example_params_ui_tutorial to None, run_after=None
[2024-10-24T04:13:59.910+0000] {processor.py:208} INFO - Processing /home/airflow/.local/lib/python3.12/site-packages/airflow/example_dags/example_params_ui_tutorial.py took 0.108 seconds
[2024-10-24T04:14:30.463+0000] {processor.py:186} INFO - Started process (PID=99589) to work on /home/airflow/.local/lib/python3.12/site-packages/airflow/example_dags/example_params_ui_tutorial.py
[2024-10-24T04:14:30.464+0000] {processor.py:914} INFO - Processing file /home/airflow/.local/lib/python3.12/site-packages/airflow/example_dags/example_params_ui_tutorial.py for tasks to queue
[2024-10-24T04:14:30.466+0000] {logging_mixin.py:190} INFO - [2024-10-24T04:14:30.465+0000] {dagbag.py:588} INFO - Filling up the DagBag from /home/airflow/.local/lib/python3.12/site-packages/airflow/example_dags/example_params_ui_tutorial.py
[2024-10-24T04:14:30.474+0000] {processor.py:925} INFO - DAG(s) 'example_params_ui_tutorial' retrieved from /home/airflow/.local/lib/python3.12/site-packages/airflow/example_dags/example_params_ui_tutorial.py
[2024-10-24T04:14:30.533+0000] {logging_mixin.py:190} INFO - [2024-10-24T04:14:30.532+0000] {dag.py:3239} INFO - Sync 1 DAGs
[2024-10-24T04:14:30.554+0000] {logging_mixin.py:190} INFO - [2024-10-24T04:14:30.554+0000] {dag.py:4180} INFO - Setting next_dagrun for example_params_ui_tutorial to None, run_after=None
[2024-10-24T04:14:30.578+0000] {processor.py:208} INFO - Processing /home/airflow/.local/lib/python3.12/site-packages/airflow/example_dags/example_params_ui_tutorial.py took 0.126 seconds
[2024-10-24T04:15:00.851+0000] {processor.py:186} INFO - Started process (PID=99655) to work on /home/airflow/.local/lib/python3.12/site-packages/airflow/example_dags/example_params_ui_tutorial.py
[2024-10-24T04:15:00.852+0000] {processor.py:914} INFO - Processing file /home/airflow/.local/lib/python3.12/site-packages/airflow/example_dags/example_params_ui_tutorial.py for tasks to queue
[2024-10-24T04:15:00.854+0000] {logging_mixin.py:190} INFO - [2024-10-24T04:15:00.853+0000] {dagbag.py:588} INFO - Filling up the DagBag from /home/airflow/.local/lib/python3.12/site-packages/airflow/example_dags/example_params_ui_tutorial.py
[2024-10-24T04:15:00.862+0000] {processor.py:925} INFO - DAG(s) 'example_params_ui_tutorial' retrieved from /home/airflow/.local/lib/python3.12/site-packages/airflow/example_dags/example_params_ui_tutorial.py
[2024-10-24T04:15:00.924+0000] {logging_mixin.py:190} INFO - [2024-10-24T04:15:00.924+0000] {dag.py:3239} INFO - Sync 1 DAGs
[2024-10-24T04:15:00.944+0000] {logging_mixin.py:190} INFO - [2024-10-24T04:15:00.944+0000] {dag.py:4180} INFO - Setting next_dagrun for example_params_ui_tutorial to None, run_after=None
[2024-10-24T04:15:00.962+0000] {processor.py:208} INFO - Processing /home/airflow/.local/lib/python3.12/site-packages/airflow/example_dags/example_params_ui_tutorial.py took 0.120 seconds
[2024-10-24T04:15:31.500+0000] {processor.py:186} INFO - Started process (PID=99721) to work on /home/airflow/.local/lib/python3.12/site-packages/airflow/example_dags/example_params_ui_tutorial.py
[2024-10-24T04:15:31.502+0000] {processor.py:914} INFO - Processing file /home/airflow/.local/lib/python3.12/site-packages/airflow/example_dags/example_params_ui_tutorial.py for tasks to queue
[2024-10-24T04:15:31.503+0000] {logging_mixin.py:190} INFO - [2024-10-24T04:15:31.503+0000] {dagbag.py:588} INFO - Filling up the DagBag from /home/airflow/.local/lib/python3.12/site-packages/airflow/example_dags/example_params_ui_tutorial.py
[2024-10-24T04:15:31.512+0000] {processor.py:925} INFO - DAG(s) 'example_params_ui_tutorial' retrieved from /home/airflow/.local/lib/python3.12/site-packages/airflow/example_dags/example_params_ui_tutorial.py
[2024-10-24T04:15:31.566+0000] {logging_mixin.py:190} INFO - [2024-10-24T04:15:31.566+0000] {dag.py:3239} INFO - Sync 1 DAGs
[2024-10-24T04:15:31.582+0000] {logging_mixin.py:190} INFO - [2024-10-24T04:15:31.582+0000] {dag.py:4180} INFO - Setting next_dagrun for example_params_ui_tutorial to None, run_after=None
[2024-10-24T04:15:31.601+0000] {processor.py:208} INFO - Processing /home/airflow/.local/lib/python3.12/site-packages/airflow/example_dags/example_params_ui_tutorial.py took 0.108 seconds
[2024-10-24T06:56:04.416+0000] {processor.py:186} INFO - Started process (PID=99789) to work on /home/airflow/.local/lib/python3.12/site-packages/airflow/example_dags/example_params_ui_tutorial.py
[2024-10-24T06:56:04.417+0000] {processor.py:914} INFO - Processing file /home/airflow/.local/lib/python3.12/site-packages/airflow/example_dags/example_params_ui_tutorial.py for tasks to queue
[2024-10-24T06:56:04.419+0000] {logging_mixin.py:190} INFO - [2024-10-24T06:56:04.418+0000] {dagbag.py:588} INFO - Filling up the DagBag from /home/airflow/.local/lib/python3.12/site-packages/airflow/example_dags/example_params_ui_tutorial.py
[2024-10-24T06:56:04.430+0000] {processor.py:925} INFO - DAG(s) 'example_params_ui_tutorial' retrieved from /home/airflow/.local/lib/python3.12/site-packages/airflow/example_dags/example_params_ui_tutorial.py
[2024-10-24T06:56:04.496+0000] {logging_mixin.py:190} INFO - [2024-10-24T06:56:04.496+0000] {dag.py:3239} INFO - Sync 1 DAGs
[2024-10-24T06:56:04.516+0000] {logging_mixin.py:190} INFO - [2024-10-24T06:56:04.516+0000] {dag.py:4180} INFO - Setting next_dagrun for example_params_ui_tutorial to None, run_after=None
[2024-10-24T06:56:04.536+0000] {processor.py:208} INFO - Processing /home/airflow/.local/lib/python3.12/site-packages/airflow/example_dags/example_params_ui_tutorial.py took 0.131 seconds
[2024-10-24T06:56:35.528+0000] {processor.py:186} INFO - Started process (PID=99856) to work on /home/airflow/.local/lib/python3.12/site-packages/airflow/example_dags/example_params_ui_tutorial.py
[2024-10-24T06:56:35.529+0000] {processor.py:914} INFO - Processing file /home/airflow/.local/lib/python3.12/site-packages/airflow/example_dags/example_params_ui_tutorial.py for tasks to queue
[2024-10-24T06:56:35.531+0000] {logging_mixin.py:190} INFO - [2024-10-24T06:56:35.531+0000] {dagbag.py:588} INFO - Filling up the DagBag from /home/airflow/.local/lib/python3.12/site-packages/airflow/example_dags/example_params_ui_tutorial.py
[2024-10-24T06:56:35.539+0000] {processor.py:925} INFO - DAG(s) 'example_params_ui_tutorial' retrieved from /home/airflow/.local/lib/python3.12/site-packages/airflow/example_dags/example_params_ui_tutorial.py
[2024-10-24T06:56:35.605+0000] {logging_mixin.py:190} INFO - [2024-10-24T06:56:35.603+0000] {dag.py:3239} INFO - Sync 1 DAGs
[2024-10-24T06:56:35.625+0000] {logging_mixin.py:190} INFO - [2024-10-24T06:56:35.624+0000] {dag.py:4180} INFO - Setting next_dagrun for example_params_ui_tutorial to None, run_after=None
[2024-10-24T06:56:35.649+0000] {processor.py:208} INFO - Processing /home/airflow/.local/lib/python3.12/site-packages/airflow/example_dags/example_params_ui_tutorial.py took 0.129 seconds
[2024-10-24T06:57:06.410+0000] {processor.py:186} INFO - Started process (PID=99923) to work on /home/airflow/.local/lib/python3.12/site-packages/airflow/example_dags/example_params_ui_tutorial.py
[2024-10-24T06:57:06.413+0000] {processor.py:914} INFO - Processing file /home/airflow/.local/lib/python3.12/site-packages/airflow/example_dags/example_params_ui_tutorial.py for tasks to queue
[2024-10-24T06:57:06.414+0000] {logging_mixin.py:190} INFO - [2024-10-24T06:57:06.414+0000] {dagbag.py:588} INFO - Filling up the DagBag from /home/airflow/.local/lib/python3.12/site-packages/airflow/example_dags/example_params_ui_tutorial.py
[2024-10-24T06:57:06.424+0000] {processor.py:925} INFO - DAG(s) 'example_params_ui_tutorial' retrieved from /home/airflow/.local/lib/python3.12/site-packages/airflow/example_dags/example_params_ui_tutorial.py
[2024-10-24T06:57:06.497+0000] {logging_mixin.py:190} INFO - [2024-10-24T06:57:06.496+0000] {dag.py:3239} INFO - Sync 1 DAGs
[2024-10-24T06:57:06.516+0000] {logging_mixin.py:190} INFO - [2024-10-24T06:57:06.516+0000] {dag.py:4180} INFO - Setting next_dagrun for example_params_ui_tutorial to None, run_after=None
[2024-10-24T06:57:06.535+0000] {processor.py:208} INFO - Processing /home/airflow/.local/lib/python3.12/site-packages/airflow/example_dags/example_params_ui_tutorial.py took 0.135 seconds
[2024-10-24T06:57:36.849+0000] {processor.py:186} INFO - Started process (PID=99990) to work on /home/airflow/.local/lib/python3.12/site-packages/airflow/example_dags/example_params_ui_tutorial.py
[2024-10-24T06:57:36.850+0000] {processor.py:914} INFO - Processing file /home/airflow/.local/lib/python3.12/site-packages/airflow/example_dags/example_params_ui_tutorial.py for tasks to queue
[2024-10-24T06:57:36.852+0000] {logging_mixin.py:190} INFO - [2024-10-24T06:57:36.851+0000] {dagbag.py:588} INFO - Filling up the DagBag from /home/airflow/.local/lib/python3.12/site-packages/airflow/example_dags/example_params_ui_tutorial.py
[2024-10-24T06:57:36.860+0000] {processor.py:925} INFO - DAG(s) 'example_params_ui_tutorial' retrieved from /home/airflow/.local/lib/python3.12/site-packages/airflow/example_dags/example_params_ui_tutorial.py
[2024-10-24T06:57:36.923+0000] {logging_mixin.py:190} INFO - [2024-10-24T06:57:36.923+0000] {dag.py:3239} INFO - Sync 1 DAGs
[2024-10-24T06:57:36.942+0000] {logging_mixin.py:190} INFO - [2024-10-24T06:57:36.942+0000] {dag.py:4180} INFO - Setting next_dagrun for example_params_ui_tutorial to None, run_after=None
[2024-10-24T06:57:36.960+0000] {processor.py:208} INFO - Processing /home/airflow/.local/lib/python3.12/site-packages/airflow/example_dags/example_params_ui_tutorial.py took 0.122 seconds
[2024-10-24T06:58:07.466+0000] {processor.py:186} INFO - Started process (PID=100057) to work on /home/airflow/.local/lib/python3.12/site-packages/airflow/example_dags/example_params_ui_tutorial.py
[2024-10-24T06:58:07.467+0000] {processor.py:914} INFO - Processing file /home/airflow/.local/lib/python3.12/site-packages/airflow/example_dags/example_params_ui_tutorial.py for tasks to queue
[2024-10-24T06:58:07.469+0000] {logging_mixin.py:190} INFO - [2024-10-24T06:58:07.469+0000] {dagbag.py:588} INFO - Filling up the DagBag from /home/airflow/.local/lib/python3.12/site-packages/airflow/example_dags/example_params_ui_tutorial.py
[2024-10-24T06:58:07.479+0000] {processor.py:925} INFO - DAG(s) 'example_params_ui_tutorial' retrieved from /home/airflow/.local/lib/python3.12/site-packages/airflow/example_dags/example_params_ui_tutorial.py
[2024-10-24T06:58:07.536+0000] {logging_mixin.py:190} INFO - [2024-10-24T06:58:07.536+0000] {dag.py:3239} INFO - Sync 1 DAGs
[2024-10-24T06:58:07.553+0000] {logging_mixin.py:190} INFO - [2024-10-24T06:58:07.553+0000] {dag.py:4180} INFO - Setting next_dagrun for example_params_ui_tutorial to None, run_after=None
[2024-10-24T06:58:07.571+0000] {processor.py:208} INFO - Processing /home/airflow/.local/lib/python3.12/site-packages/airflow/example_dags/example_params_ui_tutorial.py took 0.118 seconds
[2024-10-24T06:58:38.087+0000] {processor.py:186} INFO - Started process (PID=100123) to work on /home/airflow/.local/lib/python3.12/site-packages/airflow/example_dags/example_params_ui_tutorial.py
[2024-10-24T06:58:38.089+0000] {processor.py:914} INFO - Processing file /home/airflow/.local/lib/python3.12/site-packages/airflow/example_dags/example_params_ui_tutorial.py for tasks to queue
[2024-10-24T06:58:38.092+0000] {logging_mixin.py:190} INFO - [2024-10-24T06:58:38.091+0000] {dagbag.py:588} INFO - Filling up the DagBag from /home/airflow/.local/lib/python3.12/site-packages/airflow/example_dags/example_params_ui_tutorial.py
[2024-10-24T06:58:38.100+0000] {processor.py:925} INFO - DAG(s) 'example_params_ui_tutorial' retrieved from /home/airflow/.local/lib/python3.12/site-packages/airflow/example_dags/example_params_ui_tutorial.py
[2024-10-24T06:58:38.157+0000] {logging_mixin.py:190} INFO - [2024-10-24T06:58:38.156+0000] {dag.py:3239} INFO - Sync 1 DAGs
[2024-10-24T06:58:38.173+0000] {logging_mixin.py:190} INFO - [2024-10-24T06:58:38.173+0000] {dag.py:4180} INFO - Setting next_dagrun for example_params_ui_tutorial to None, run_after=None
[2024-10-24T06:58:38.193+0000] {processor.py:208} INFO - Processing /home/airflow/.local/lib/python3.12/site-packages/airflow/example_dags/example_params_ui_tutorial.py took 0.114 seconds
