[2024-10-24T04:09:21.828+0000] {processor.py:186} INFO - Started process (PID=98920) to work on /home/airflow/.local/lib/python3.12/site-packages/airflow/example_dags/example_trigger_target_dag.py
[2024-10-24T04:09:21.829+0000] {processor.py:914} INFO - Processing file /home/airflow/.local/lib/python3.12/site-packages/airflow/example_dags/example_trigger_target_dag.py for tasks to queue
[2024-10-24T04:09:21.830+0000] {logging_mixin.py:190} INFO - [2024-10-24T04:09:21.830+0000] {dagbag.py:588} INFO - Filling up the DagBag from /home/airflow/.local/lib/python3.12/site-packages/airflow/example_dags/example_trigger_target_dag.py
[2024-10-24T04:09:21.837+0000] {processor.py:925} INFO - DAG(s) 'example_trigger_target_dag' retrieved from /home/airflow/.local/lib/python3.12/site-packages/airflow/example_dags/example_trigger_target_dag.py
[2024-10-24T04:09:21.863+0000] {logging_mixin.py:190} INFO - [2024-10-24T04:09:21.863+0000] {dag.py:3239} INFO - Sync 1 DAGs
[2024-10-24T04:09:21.882+0000] {logging_mixin.py:190} INFO - [2024-10-24T04:09:21.882+0000] {dag.py:4180} INFO - Setting next_dagrun for example_trigger_target_dag to None, run_after=None
[2024-10-24T04:09:21.905+0000] {processor.py:208} INFO - Processing /home/airflow/.local/lib/python3.12/site-packages/airflow/example_dags/example_trigger_target_dag.py took 0.086 seconds
[2024-10-24T04:09:52.619+0000] {processor.py:186} INFO - Started process (PID=98987) to work on /home/airflow/.local/lib/python3.12/site-packages/airflow/example_dags/example_trigger_target_dag.py
[2024-10-24T04:09:52.621+0000] {processor.py:914} INFO - Processing file /home/airflow/.local/lib/python3.12/site-packages/airflow/example_dags/example_trigger_target_dag.py for tasks to queue
[2024-10-24T04:09:52.622+0000] {logging_mixin.py:190} INFO - [2024-10-24T04:09:52.622+0000] {dagbag.py:588} INFO - Filling up the DagBag from /home/airflow/.local/lib/python3.12/site-packages/airflow/example_dags/example_trigger_target_dag.py
[2024-10-24T04:09:52.629+0000] {processor.py:925} INFO - DAG(s) 'example_trigger_target_dag' retrieved from /home/airflow/.local/lib/python3.12/site-packages/airflow/example_dags/example_trigger_target_dag.py
[2024-10-24T04:09:52.655+0000] {logging_mixin.py:190} INFO - [2024-10-24T04:09:52.655+0000] {dag.py:3239} INFO - Sync 1 DAGs
[2024-10-24T04:09:52.675+0000] {logging_mixin.py:190} INFO - [2024-10-24T04:09:52.675+0000] {dag.py:4180} INFO - Setting next_dagrun for example_trigger_target_dag to None, run_after=None
[2024-10-24T04:09:52.694+0000] {processor.py:208} INFO - Processing /home/airflow/.local/lib/python3.12/site-packages/airflow/example_dags/example_trigger_target_dag.py took 0.084 seconds
[2024-10-24T04:10:23.400+0000] {processor.py:186} INFO - Started process (PID=99053) to work on /home/airflow/.local/lib/python3.12/site-packages/airflow/example_dags/example_trigger_target_dag.py
[2024-10-24T04:10:23.401+0000] {processor.py:914} INFO - Processing file /home/airflow/.local/lib/python3.12/site-packages/airflow/example_dags/example_trigger_target_dag.py for tasks to queue
[2024-10-24T04:10:23.403+0000] {logging_mixin.py:190} INFO - [2024-10-24T04:10:23.402+0000] {dagbag.py:588} INFO - Filling up the DagBag from /home/airflow/.local/lib/python3.12/site-packages/airflow/example_dags/example_trigger_target_dag.py
[2024-10-24T04:10:23.409+0000] {processor.py:925} INFO - DAG(s) 'example_trigger_target_dag' retrieved from /home/airflow/.local/lib/python3.12/site-packages/airflow/example_dags/example_trigger_target_dag.py
[2024-10-24T04:10:23.434+0000] {logging_mixin.py:190} INFO - [2024-10-24T04:10:23.434+0000] {dag.py:3239} INFO - Sync 1 DAGs
[2024-10-24T04:10:23.451+0000] {logging_mixin.py:190} INFO - [2024-10-24T04:10:23.451+0000] {dag.py:4180} INFO - Setting next_dagrun for example_trigger_target_dag to None, run_after=None
[2024-10-24T04:10:23.470+0000] {processor.py:208} INFO - Processing /home/airflow/.local/lib/python3.12/site-packages/airflow/example_dags/example_trigger_target_dag.py took 0.079 seconds
[2024-10-24T04:10:54.202+0000] {processor.py:186} INFO - Started process (PID=99119) to work on /home/airflow/.local/lib/python3.12/site-packages/airflow/example_dags/example_trigger_target_dag.py
[2024-10-24T04:10:54.204+0000] {processor.py:914} INFO - Processing file /home/airflow/.local/lib/python3.12/site-packages/airflow/example_dags/example_trigger_target_dag.py for tasks to queue
[2024-10-24T04:10:54.206+0000] {logging_mixin.py:190} INFO - [2024-10-24T04:10:54.206+0000] {dagbag.py:588} INFO - Filling up the DagBag from /home/airflow/.local/lib/python3.12/site-packages/airflow/example_dags/example_trigger_target_dag.py
[2024-10-24T04:10:54.212+0000] {processor.py:925} INFO - DAG(s) 'example_trigger_target_dag' retrieved from /home/airflow/.local/lib/python3.12/site-packages/airflow/example_dags/example_trigger_target_dag.py
[2024-10-24T04:10:54.235+0000] {logging_mixin.py:190} INFO - [2024-10-24T04:10:54.235+0000] {dag.py:3239} INFO - Sync 1 DAGs
[2024-10-24T04:10:54.255+0000] {logging_mixin.py:190} INFO - [2024-10-24T04:10:54.253+0000] {dag.py:4180} INFO - Setting next_dagrun for example_trigger_target_dag to None, run_after=None
[2024-10-24T04:10:54.273+0000] {processor.py:208} INFO - Processing /home/airflow/.local/lib/python3.12/site-packages/airflow/example_dags/example_trigger_target_dag.py took 0.079 seconds
[2024-10-24T04:11:25.194+0000] {processor.py:186} INFO - Started process (PID=99186) to work on /home/airflow/.local/lib/python3.12/site-packages/airflow/example_dags/example_trigger_target_dag.py
[2024-10-24T04:11:25.196+0000] {processor.py:914} INFO - Processing file /home/airflow/.local/lib/python3.12/site-packages/airflow/example_dags/example_trigger_target_dag.py for tasks to queue
[2024-10-24T04:11:25.199+0000] {logging_mixin.py:190} INFO - [2024-10-24T04:11:25.198+0000] {dagbag.py:588} INFO - Filling up the DagBag from /home/airflow/.local/lib/python3.12/site-packages/airflow/example_dags/example_trigger_target_dag.py
[2024-10-24T04:11:25.205+0000] {processor.py:925} INFO - DAG(s) 'example_trigger_target_dag' retrieved from /home/airflow/.local/lib/python3.12/site-packages/airflow/example_dags/example_trigger_target_dag.py
[2024-10-24T04:11:25.233+0000] {logging_mixin.py:190} INFO - [2024-10-24T04:11:25.233+0000] {dag.py:3239} INFO - Sync 1 DAGs
[2024-10-24T04:11:25.264+0000] {logging_mixin.py:190} INFO - [2024-10-24T04:11:25.263+0000] {dag.py:4180} INFO - Setting next_dagrun for example_trigger_target_dag to None, run_after=None
[2024-10-24T04:11:25.284+0000] {processor.py:208} INFO - Processing /home/airflow/.local/lib/python3.12/site-packages/airflow/example_dags/example_trigger_target_dag.py took 0.100 seconds
[2024-10-24T04:11:57.524+0000] {processor.py:186} INFO - Started process (PID=99253) to work on /home/airflow/.local/lib/python3.12/site-packages/airflow/example_dags/example_trigger_target_dag.py
[2024-10-24T04:11:57.526+0000] {processor.py:914} INFO - Processing file /home/airflow/.local/lib/python3.12/site-packages/airflow/example_dags/example_trigger_target_dag.py for tasks to queue
[2024-10-24T04:11:57.527+0000] {logging_mixin.py:190} INFO - [2024-10-24T04:11:57.527+0000] {dagbag.py:588} INFO - Filling up the DagBag from /home/airflow/.local/lib/python3.12/site-packages/airflow/example_dags/example_trigger_target_dag.py
[2024-10-24T04:11:57.538+0000] {processor.py:925} INFO - DAG(s) 'example_trigger_target_dag' retrieved from /home/airflow/.local/lib/python3.12/site-packages/airflow/example_dags/example_trigger_target_dag.py
[2024-10-24T04:11:57.565+0000] {logging_mixin.py:190} INFO - [2024-10-24T04:11:57.565+0000] {dag.py:3239} INFO - Sync 1 DAGs
[2024-10-24T04:11:57.583+0000] {logging_mixin.py:190} INFO - [2024-10-24T04:11:57.583+0000] {dag.py:4180} INFO - Setting next_dagrun for example_trigger_target_dag to None, run_after=None
[2024-10-24T04:11:57.604+0000] {processor.py:208} INFO - Processing /home/airflow/.local/lib/python3.12/site-packages/airflow/example_dags/example_trigger_target_dag.py took 0.090 seconds
[2024-10-24T04:12:28.370+0000] {processor.py:186} INFO - Started process (PID=99320) to work on /home/airflow/.local/lib/python3.12/site-packages/airflow/example_dags/example_trigger_target_dag.py
[2024-10-24T04:12:28.372+0000] {processor.py:914} INFO - Processing file /home/airflow/.local/lib/python3.12/site-packages/airflow/example_dags/example_trigger_target_dag.py for tasks to queue
[2024-10-24T04:12:28.373+0000] {logging_mixin.py:190} INFO - [2024-10-24T04:12:28.373+0000] {dagbag.py:588} INFO - Filling up the DagBag from /home/airflow/.local/lib/python3.12/site-packages/airflow/example_dags/example_trigger_target_dag.py
[2024-10-24T04:12:28.380+0000] {processor.py:925} INFO - DAG(s) 'example_trigger_target_dag' retrieved from /home/airflow/.local/lib/python3.12/site-packages/airflow/example_dags/example_trigger_target_dag.py
[2024-10-24T04:12:28.403+0000] {logging_mixin.py:190} INFO - [2024-10-24T04:12:28.403+0000] {dag.py:3239} INFO - Sync 1 DAGs
[2024-10-24T04:12:28.423+0000] {logging_mixin.py:190} INFO - [2024-10-24T04:12:28.423+0000] {dag.py:4180} INFO - Setting next_dagrun for example_trigger_target_dag to None, run_after=None
[2024-10-24T04:12:28.443+0000] {processor.py:208} INFO - Processing /home/airflow/.local/lib/python3.12/site-packages/airflow/example_dags/example_trigger_target_dag.py took 0.081 seconds
[2024-10-24T04:12:58.707+0000] {processor.py:186} INFO - Started process (PID=99386) to work on /home/airflow/.local/lib/python3.12/site-packages/airflow/example_dags/example_trigger_target_dag.py
[2024-10-24T04:12:58.708+0000] {processor.py:914} INFO - Processing file /home/airflow/.local/lib/python3.12/site-packages/airflow/example_dags/example_trigger_target_dag.py for tasks to queue
[2024-10-24T04:12:58.709+0000] {logging_mixin.py:190} INFO - [2024-10-24T04:12:58.709+0000] {dagbag.py:588} INFO - Filling up the DagBag from /home/airflow/.local/lib/python3.12/site-packages/airflow/example_dags/example_trigger_target_dag.py
[2024-10-24T04:12:58.716+0000] {processor.py:925} INFO - DAG(s) 'example_trigger_target_dag' retrieved from /home/airflow/.local/lib/python3.12/site-packages/airflow/example_dags/example_trigger_target_dag.py
[2024-10-24T04:12:58.739+0000] {logging_mixin.py:190} INFO - [2024-10-24T04:12:58.739+0000] {dag.py:3239} INFO - Sync 1 DAGs
[2024-10-24T04:12:58.756+0000] {logging_mixin.py:190} INFO - [2024-10-24T04:12:58.756+0000] {dag.py:4180} INFO - Setting next_dagrun for example_trigger_target_dag to None, run_after=None
[2024-10-24T04:12:58.774+0000] {processor.py:208} INFO - Processing /home/airflow/.local/lib/python3.12/site-packages/airflow/example_dags/example_trigger_target_dag.py took 0.075 seconds
[2024-10-24T04:13:28.978+0000] {processor.py:186} INFO - Started process (PID=99453) to work on /home/airflow/.local/lib/python3.12/site-packages/airflow/example_dags/example_trigger_target_dag.py
[2024-10-24T04:13:28.980+0000] {processor.py:914} INFO - Processing file /home/airflow/.local/lib/python3.12/site-packages/airflow/example_dags/example_trigger_target_dag.py for tasks to queue
[2024-10-24T04:13:28.981+0000] {logging_mixin.py:190} INFO - [2024-10-24T04:13:28.981+0000] {dagbag.py:588} INFO - Filling up the DagBag from /home/airflow/.local/lib/python3.12/site-packages/airflow/example_dags/example_trigger_target_dag.py
[2024-10-24T04:13:28.988+0000] {processor.py:925} INFO - DAG(s) 'example_trigger_target_dag' retrieved from /home/airflow/.local/lib/python3.12/site-packages/airflow/example_dags/example_trigger_target_dag.py
[2024-10-24T04:13:29.013+0000] {logging_mixin.py:190} INFO - [2024-10-24T04:13:29.013+0000] {dag.py:3239} INFO - Sync 1 DAGs
[2024-10-24T04:13:29.033+0000] {logging_mixin.py:190} INFO - [2024-10-24T04:13:29.033+0000] {dag.py:4180} INFO - Setting next_dagrun for example_trigger_target_dag to None, run_after=None
[2024-10-24T04:13:29.063+0000] {processor.py:208} INFO - Processing /home/airflow/.local/lib/python3.12/site-packages/airflow/example_dags/example_trigger_target_dag.py took 0.093 seconds
[2024-10-24T04:13:59.570+0000] {processor.py:186} INFO - Started process (PID=99520) to work on /home/airflow/.local/lib/python3.12/site-packages/airflow/example_dags/example_trigger_target_dag.py
[2024-10-24T04:13:59.572+0000] {processor.py:914} INFO - Processing file /home/airflow/.local/lib/python3.12/site-packages/airflow/example_dags/example_trigger_target_dag.py for tasks to queue
[2024-10-24T04:13:59.573+0000] {logging_mixin.py:190} INFO - [2024-10-24T04:13:59.573+0000] {dagbag.py:588} INFO - Filling up the DagBag from /home/airflow/.local/lib/python3.12/site-packages/airflow/example_dags/example_trigger_target_dag.py
[2024-10-24T04:13:59.581+0000] {processor.py:925} INFO - DAG(s) 'example_trigger_target_dag' retrieved from /home/airflow/.local/lib/python3.12/site-packages/airflow/example_dags/example_trigger_target_dag.py
[2024-10-24T04:13:59.608+0000] {logging_mixin.py:190} INFO - [2024-10-24T04:13:59.608+0000] {dag.py:3239} INFO - Sync 1 DAGs
[2024-10-24T04:13:59.632+0000] {logging_mixin.py:190} INFO - [2024-10-24T04:13:59.631+0000] {dag.py:4180} INFO - Setting next_dagrun for example_trigger_target_dag to None, run_after=None
[2024-10-24T04:13:59.659+0000] {processor.py:208} INFO - Processing /home/airflow/.local/lib/python3.12/site-packages/airflow/example_dags/example_trigger_target_dag.py took 0.098 seconds
[2024-10-24T04:14:30.235+0000] {processor.py:186} INFO - Started process (PID=99587) to work on /home/airflow/.local/lib/python3.12/site-packages/airflow/example_dags/example_trigger_target_dag.py
[2024-10-24T04:14:30.236+0000] {processor.py:914} INFO - Processing file /home/airflow/.local/lib/python3.12/site-packages/airflow/example_dags/example_trigger_target_dag.py for tasks to queue
[2024-10-24T04:14:30.237+0000] {logging_mixin.py:190} INFO - [2024-10-24T04:14:30.237+0000] {dagbag.py:588} INFO - Filling up the DagBag from /home/airflow/.local/lib/python3.12/site-packages/airflow/example_dags/example_trigger_target_dag.py
[2024-10-24T04:14:30.245+0000] {processor.py:925} INFO - DAG(s) 'example_trigger_target_dag' retrieved from /home/airflow/.local/lib/python3.12/site-packages/airflow/example_dags/example_trigger_target_dag.py
[2024-10-24T04:14:30.269+0000] {logging_mixin.py:190} INFO - [2024-10-24T04:14:30.269+0000] {dag.py:3239} INFO - Sync 1 DAGs
[2024-10-24T04:14:30.286+0000] {logging_mixin.py:190} INFO - [2024-10-24T04:14:30.286+0000] {dag.py:4180} INFO - Setting next_dagrun for example_trigger_target_dag to None, run_after=None
[2024-10-24T04:14:30.308+0000] {processor.py:208} INFO - Processing /home/airflow/.local/lib/python3.12/site-packages/airflow/example_dags/example_trigger_target_dag.py took 0.081 seconds
[2024-10-24T04:15:00.623+0000] {processor.py:186} INFO - Started process (PID=99652) to work on /home/airflow/.local/lib/python3.12/site-packages/airflow/example_dags/example_trigger_target_dag.py
[2024-10-24T04:15:00.624+0000] {processor.py:914} INFO - Processing file /home/airflow/.local/lib/python3.12/site-packages/airflow/example_dags/example_trigger_target_dag.py for tasks to queue
[2024-10-24T04:15:00.626+0000] {logging_mixin.py:190} INFO - [2024-10-24T04:15:00.625+0000] {dagbag.py:588} INFO - Filling up the DagBag from /home/airflow/.local/lib/python3.12/site-packages/airflow/example_dags/example_trigger_target_dag.py
[2024-10-24T04:15:00.633+0000] {processor.py:925} INFO - DAG(s) 'example_trigger_target_dag' retrieved from /home/airflow/.local/lib/python3.12/site-packages/airflow/example_dags/example_trigger_target_dag.py
[2024-10-24T04:15:00.658+0000] {logging_mixin.py:190} INFO - [2024-10-24T04:15:00.657+0000] {dag.py:3239} INFO - Sync 1 DAGs
[2024-10-24T04:15:00.677+0000] {logging_mixin.py:190} INFO - [2024-10-24T04:15:00.676+0000] {dag.py:4180} INFO - Setting next_dagrun for example_trigger_target_dag to None, run_after=None
[2024-10-24T04:15:00.695+0000] {processor.py:208} INFO - Processing /home/airflow/.local/lib/python3.12/site-packages/airflow/example_dags/example_trigger_target_dag.py took 0.081 seconds
[2024-10-24T04:15:31.278+0000] {processor.py:186} INFO - Started process (PID=99719) to work on /home/airflow/.local/lib/python3.12/site-packages/airflow/example_dags/example_trigger_target_dag.py
[2024-10-24T04:15:31.279+0000] {processor.py:914} INFO - Processing file /home/airflow/.local/lib/python3.12/site-packages/airflow/example_dags/example_trigger_target_dag.py for tasks to queue
[2024-10-24T04:15:31.280+0000] {logging_mixin.py:190} INFO - [2024-10-24T04:15:31.280+0000] {dagbag.py:588} INFO - Filling up the DagBag from /home/airflow/.local/lib/python3.12/site-packages/airflow/example_dags/example_trigger_target_dag.py
[2024-10-24T04:15:31.287+0000] {processor.py:925} INFO - DAG(s) 'example_trigger_target_dag' retrieved from /home/airflow/.local/lib/python3.12/site-packages/airflow/example_dags/example_trigger_target_dag.py
[2024-10-24T04:15:31.313+0000] {logging_mixin.py:190} INFO - [2024-10-24T04:15:31.313+0000] {dag.py:3239} INFO - Sync 1 DAGs
[2024-10-24T04:15:31.334+0000] {logging_mixin.py:190} INFO - [2024-10-24T04:15:31.334+0000] {dag.py:4180} INFO - Setting next_dagrun for example_trigger_target_dag to None, run_after=None
[2024-10-24T04:15:31.356+0000] {processor.py:208} INFO - Processing /home/airflow/.local/lib/python3.12/site-packages/airflow/example_dags/example_trigger_target_dag.py took 0.088 seconds
[2024-10-24T06:56:04.278+0000] {processor.py:186} INFO - Started process (PID=99787) to work on /home/airflow/.local/lib/python3.12/site-packages/airflow/example_dags/example_trigger_target_dag.py
[2024-10-24T06:56:04.281+0000] {processor.py:914} INFO - Processing file /home/airflow/.local/lib/python3.12/site-packages/airflow/example_dags/example_trigger_target_dag.py for tasks to queue
[2024-10-24T06:56:04.282+0000] {logging_mixin.py:190} INFO - [2024-10-24T06:56:04.282+0000] {dagbag.py:588} INFO - Filling up the DagBag from /home/airflow/.local/lib/python3.12/site-packages/airflow/example_dags/example_trigger_target_dag.py
[2024-10-24T06:56:04.290+0000] {processor.py:925} INFO - DAG(s) 'example_trigger_target_dag' retrieved from /home/airflow/.local/lib/python3.12/site-packages/airflow/example_dags/example_trigger_target_dag.py
[2024-10-24T06:56:04.323+0000] {logging_mixin.py:190} INFO - [2024-10-24T06:56:04.323+0000] {dag.py:3239} INFO - Sync 1 DAGs
[2024-10-24T06:56:04.346+0000] {logging_mixin.py:190} INFO - [2024-10-24T06:56:04.345+0000] {dag.py:4180} INFO - Setting next_dagrun for example_trigger_target_dag to None, run_after=None
[2024-10-24T06:56:04.365+0000] {processor.py:208} INFO - Processing /home/airflow/.local/lib/python3.12/site-packages/airflow/example_dags/example_trigger_target_dag.py took 0.097 seconds
[2024-10-24T06:56:35.301+0000] {processor.py:186} INFO - Started process (PID=99854) to work on /home/airflow/.local/lib/python3.12/site-packages/airflow/example_dags/example_trigger_target_dag.py
[2024-10-24T06:56:35.303+0000] {processor.py:914} INFO - Processing file /home/airflow/.local/lib/python3.12/site-packages/airflow/example_dags/example_trigger_target_dag.py for tasks to queue
[2024-10-24T06:56:35.304+0000] {logging_mixin.py:190} INFO - [2024-10-24T06:56:35.304+0000] {dagbag.py:588} INFO - Filling up the DagBag from /home/airflow/.local/lib/python3.12/site-packages/airflow/example_dags/example_trigger_target_dag.py
[2024-10-24T06:56:35.312+0000] {processor.py:925} INFO - DAG(s) 'example_trigger_target_dag' retrieved from /home/airflow/.local/lib/python3.12/site-packages/airflow/example_dags/example_trigger_target_dag.py
[2024-10-24T06:56:35.339+0000] {logging_mixin.py:190} INFO - [2024-10-24T06:56:35.338+0000] {dag.py:3239} INFO - Sync 1 DAGs
[2024-10-24T06:56:35.358+0000] {logging_mixin.py:190} INFO - [2024-10-24T06:56:35.358+0000] {dag.py:4180} INFO - Setting next_dagrun for example_trigger_target_dag to None, run_after=None
[2024-10-24T06:56:35.378+0000] {processor.py:208} INFO - Processing /home/airflow/.local/lib/python3.12/site-packages/airflow/example_dags/example_trigger_target_dag.py took 0.087 seconds
[2024-10-24T06:57:06.265+0000] {processor.py:186} INFO - Started process (PID=99921) to work on /home/airflow/.local/lib/python3.12/site-packages/airflow/example_dags/example_trigger_target_dag.py
[2024-10-24T06:57:06.267+0000] {processor.py:914} INFO - Processing file /home/airflow/.local/lib/python3.12/site-packages/airflow/example_dags/example_trigger_target_dag.py for tasks to queue
[2024-10-24T06:57:06.268+0000] {logging_mixin.py:190} INFO - [2024-10-24T06:57:06.268+0000] {dagbag.py:588} INFO - Filling up the DagBag from /home/airflow/.local/lib/python3.12/site-packages/airflow/example_dags/example_trigger_target_dag.py
[2024-10-24T06:57:06.276+0000] {processor.py:925} INFO - DAG(s) 'example_trigger_target_dag' retrieved from /home/airflow/.local/lib/python3.12/site-packages/airflow/example_dags/example_trigger_target_dag.py
[2024-10-24T06:57:06.305+0000] {logging_mixin.py:190} INFO - [2024-10-24T06:57:06.304+0000] {dag.py:3239} INFO - Sync 1 DAGs
[2024-10-24T06:57:06.326+0000] {logging_mixin.py:190} INFO - [2024-10-24T06:57:06.325+0000] {dag.py:4180} INFO - Setting next_dagrun for example_trigger_target_dag to None, run_after=None
[2024-10-24T06:57:06.354+0000] {processor.py:208} INFO - Processing /home/airflow/.local/lib/python3.12/site-packages/airflow/example_dags/example_trigger_target_dag.py took 0.101 seconds
[2024-10-24T06:57:36.704+0000] {processor.py:186} INFO - Started process (PID=99988) to work on /home/airflow/.local/lib/python3.12/site-packages/airflow/example_dags/example_trigger_target_dag.py
[2024-10-24T06:57:36.706+0000] {processor.py:914} INFO - Processing file /home/airflow/.local/lib/python3.12/site-packages/airflow/example_dags/example_trigger_target_dag.py for tasks to queue
[2024-10-24T06:57:36.711+0000] {logging_mixin.py:190} INFO - [2024-10-24T06:57:36.711+0000] {dagbag.py:588} INFO - Filling up the DagBag from /home/airflow/.local/lib/python3.12/site-packages/airflow/example_dags/example_trigger_target_dag.py
[2024-10-24T06:57:36.721+0000] {processor.py:925} INFO - DAG(s) 'example_trigger_target_dag' retrieved from /home/airflow/.local/lib/python3.12/site-packages/airflow/example_dags/example_trigger_target_dag.py
[2024-10-24T06:57:36.744+0000] {logging_mixin.py:190} INFO - [2024-10-24T06:57:36.744+0000] {dag.py:3239} INFO - Sync 1 DAGs
[2024-10-24T06:57:36.763+0000] {logging_mixin.py:190} INFO - [2024-10-24T06:57:36.762+0000] {dag.py:4180} INFO - Setting next_dagrun for example_trigger_target_dag to None, run_after=None
[2024-10-24T06:57:36.795+0000] {processor.py:208} INFO - Processing /home/airflow/.local/lib/python3.12/site-packages/airflow/example_dags/example_trigger_target_dag.py took 0.104 seconds
[2024-10-24T06:58:07.336+0000] {processor.py:186} INFO - Started process (PID=100055) to work on /home/airflow/.local/lib/python3.12/site-packages/airflow/example_dags/example_trigger_target_dag.py
[2024-10-24T06:58:07.337+0000] {processor.py:914} INFO - Processing file /home/airflow/.local/lib/python3.12/site-packages/airflow/example_dags/example_trigger_target_dag.py for tasks to queue
[2024-10-24T06:58:07.339+0000] {logging_mixin.py:190} INFO - [2024-10-24T06:58:07.338+0000] {dagbag.py:588} INFO - Filling up the DagBag from /home/airflow/.local/lib/python3.12/site-packages/airflow/example_dags/example_trigger_target_dag.py
[2024-10-24T06:58:07.345+0000] {processor.py:925} INFO - DAG(s) 'example_trigger_target_dag' retrieved from /home/airflow/.local/lib/python3.12/site-packages/airflow/example_dags/example_trigger_target_dag.py
[2024-10-24T06:58:07.375+0000] {logging_mixin.py:190} INFO - [2024-10-24T06:58:07.375+0000] {dag.py:3239} INFO - Sync 1 DAGs
[2024-10-24T06:58:07.395+0000] {logging_mixin.py:190} INFO - [2024-10-24T06:58:07.394+0000] {dag.py:4180} INFO - Setting next_dagrun for example_trigger_target_dag to None, run_after=None
[2024-10-24T06:58:07.421+0000] {processor.py:208} INFO - Processing /home/airflow/.local/lib/python3.12/site-packages/airflow/example_dags/example_trigger_target_dag.py took 0.092 seconds
[2024-10-24T06:58:37.976+0000] {processor.py:186} INFO - Started process (PID=100121) to work on /home/airflow/.local/lib/python3.12/site-packages/airflow/example_dags/example_trigger_target_dag.py
[2024-10-24T06:58:37.978+0000] {processor.py:914} INFO - Processing file /home/airflow/.local/lib/python3.12/site-packages/airflow/example_dags/example_trigger_target_dag.py for tasks to queue
[2024-10-24T06:58:37.979+0000] {logging_mixin.py:190} INFO - [2024-10-24T06:58:37.979+0000] {dagbag.py:588} INFO - Filling up the DagBag from /home/airflow/.local/lib/python3.12/site-packages/airflow/example_dags/example_trigger_target_dag.py
[2024-10-24T06:58:37.987+0000] {processor.py:925} INFO - DAG(s) 'example_trigger_target_dag' retrieved from /home/airflow/.local/lib/python3.12/site-packages/airflow/example_dags/example_trigger_target_dag.py
[2024-10-24T06:58:38.012+0000] {logging_mixin.py:190} INFO - [2024-10-24T06:58:38.011+0000] {dag.py:3239} INFO - Sync 1 DAGs
[2024-10-24T06:58:38.029+0000] {logging_mixin.py:190} INFO - [2024-10-24T06:58:38.029+0000] {dag.py:4180} INFO - Setting next_dagrun for example_trigger_target_dag to None, run_after=None
[2024-10-24T06:58:38.051+0000] {processor.py:208} INFO - Processing /home/airflow/.local/lib/python3.12/site-packages/airflow/example_dags/example_trigger_target_dag.py took 0.083 seconds
