[2024-10-24T04:09:19.950+0000] {processor.py:186} INFO - Started process (PID=98899) to work on /home/airflow/.local/lib/python3.12/site-packages/airflow/example_dags/example_workday_timetable.py
[2024-10-24T04:09:19.951+0000] {processor.py:914} INFO - Processing file /home/airflow/.local/lib/python3.12/site-packages/airflow/example_dags/example_workday_timetable.py for tasks to queue
[2024-10-24T04:09:19.961+0000] {logging_mixin.py:190} INFO - [2024-10-24T04:09:19.957+0000] {dagbag.py:588} INFO - Filling up the DagBag from /home/airflow/.local/lib/python3.12/site-packages/airflow/example_dags/example_workday_timetable.py
[2024-10-24T04:09:19.973+0000] {processor.py:925} INFO - DAG(s) 'example_workday_timetable' retrieved from /home/airflow/.local/lib/python3.12/site-packages/airflow/example_dags/example_workday_timetable.py
[2024-10-24T04:09:20.071+0000] {logging_mixin.py:190} INFO - [2024-10-24T04:09:20.069+0000] {dag.py:3239} INFO - Sync 1 DAGs
[2024-10-24T04:09:20.196+0000] {logging_mixin.py:190} INFO - [2024-10-24T04:09:20.196+0000] {dag.py:4180} INFO - Setting next_dagrun for example_workday_timetable to 2021-01-04 00:00:00+00:00, run_after=2021-01-05 00:00:00+00:00
[2024-10-24T04:09:20.218+0000] {processor.py:208} INFO - Processing /home/airflow/.local/lib/python3.12/site-packages/airflow/example_dags/example_workday_timetable.py took 0.297 seconds
[2024-10-24T04:09:50.447+0000] {processor.py:186} INFO - Started process (PID=98966) to work on /home/airflow/.local/lib/python3.12/site-packages/airflow/example_dags/example_workday_timetable.py
[2024-10-24T04:09:50.449+0000] {processor.py:914} INFO - Processing file /home/airflow/.local/lib/python3.12/site-packages/airflow/example_dags/example_workday_timetable.py for tasks to queue
[2024-10-24T04:09:50.453+0000] {logging_mixin.py:190} INFO - [2024-10-24T04:09:50.452+0000] {dagbag.py:588} INFO - Filling up the DagBag from /home/airflow/.local/lib/python3.12/site-packages/airflow/example_dags/example_workday_timetable.py
[2024-10-24T04:09:50.458+0000] {processor.py:925} INFO - DAG(s) 'example_workday_timetable' retrieved from /home/airflow/.local/lib/python3.12/site-packages/airflow/example_dags/example_workday_timetable.py
[2024-10-24T04:09:50.486+0000] {logging_mixin.py:190} INFO - [2024-10-24T04:09:50.486+0000] {dag.py:3239} INFO - Sync 1 DAGs
[2024-10-24T04:09:50.567+0000] {logging_mixin.py:190} INFO - [2024-10-24T04:09:50.567+0000] {dag.py:4180} INFO - Setting next_dagrun for example_workday_timetable to 2021-01-04 00:00:00+00:00, run_after=2021-01-05 00:00:00+00:00
[2024-10-24T04:09:50.585+0000] {processor.py:208} INFO - Processing /home/airflow/.local/lib/python3.12/site-packages/airflow/example_dags/example_workday_timetable.py took 0.149 seconds
[2024-10-24T04:10:21.155+0000] {processor.py:186} INFO - Started process (PID=99037) to work on /home/airflow/.local/lib/python3.12/site-packages/airflow/example_dags/example_workday_timetable.py
[2024-10-24T04:10:21.156+0000] {processor.py:914} INFO - Processing file /home/airflow/.local/lib/python3.12/site-packages/airflow/example_dags/example_workday_timetable.py for tasks to queue
[2024-10-24T04:10:21.157+0000] {logging_mixin.py:190} INFO - [2024-10-24T04:10:21.157+0000] {dagbag.py:588} INFO - Filling up the DagBag from /home/airflow/.local/lib/python3.12/site-packages/airflow/example_dags/example_workday_timetable.py
[2024-10-24T04:10:21.161+0000] {processor.py:925} INFO - DAG(s) 'example_workday_timetable' retrieved from /home/airflow/.local/lib/python3.12/site-packages/airflow/example_dags/example_workday_timetable.py
[2024-10-24T04:10:21.185+0000] {logging_mixin.py:190} INFO - [2024-10-24T04:10:21.185+0000] {dag.py:3239} INFO - Sync 1 DAGs
[2024-10-24T04:10:21.261+0000] {logging_mixin.py:190} INFO - [2024-10-24T04:10:21.261+0000] {dag.py:4180} INFO - Setting next_dagrun for example_workday_timetable to 2021-01-04 00:00:00+00:00, run_after=2021-01-05 00:00:00+00:00
[2024-10-24T04:10:21.282+0000] {processor.py:208} INFO - Processing /home/airflow/.local/lib/python3.12/site-packages/airflow/example_dags/example_workday_timetable.py took 0.135 seconds
[2024-10-24T04:10:51.872+0000] {processor.py:186} INFO - Started process (PID=99103) to work on /home/airflow/.local/lib/python3.12/site-packages/airflow/example_dags/example_workday_timetable.py
[2024-10-24T04:10:51.873+0000] {processor.py:914} INFO - Processing file /home/airflow/.local/lib/python3.12/site-packages/airflow/example_dags/example_workday_timetable.py for tasks to queue
[2024-10-24T04:10:51.874+0000] {logging_mixin.py:190} INFO - [2024-10-24T04:10:51.874+0000] {dagbag.py:588} INFO - Filling up the DagBag from /home/airflow/.local/lib/python3.12/site-packages/airflow/example_dags/example_workday_timetable.py
[2024-10-24T04:10:51.878+0000] {processor.py:925} INFO - DAG(s) 'example_workday_timetable' retrieved from /home/airflow/.local/lib/python3.12/site-packages/airflow/example_dags/example_workday_timetable.py
[2024-10-24T04:10:51.903+0000] {logging_mixin.py:190} INFO - [2024-10-24T04:10:51.903+0000] {dag.py:3239} INFO - Sync 1 DAGs
[2024-10-24T04:10:51.978+0000] {logging_mixin.py:190} INFO - [2024-10-24T04:10:51.977+0000] {dag.py:4180} INFO - Setting next_dagrun for example_workday_timetable to 2021-01-04 00:00:00+00:00, run_after=2021-01-05 00:00:00+00:00
[2024-10-24T04:10:51.995+0000] {processor.py:208} INFO - Processing /home/airflow/.local/lib/python3.12/site-packages/airflow/example_dags/example_workday_timetable.py took 0.131 seconds
[2024-10-24T04:11:22.764+0000] {processor.py:186} INFO - Started process (PID=99170) to work on /home/airflow/.local/lib/python3.12/site-packages/airflow/example_dags/example_workday_timetable.py
[2024-10-24T04:11:22.765+0000] {processor.py:914} INFO - Processing file /home/airflow/.local/lib/python3.12/site-packages/airflow/example_dags/example_workday_timetable.py for tasks to queue
[2024-10-24T04:11:22.768+0000] {logging_mixin.py:190} INFO - [2024-10-24T04:11:22.767+0000] {dagbag.py:588} INFO - Filling up the DagBag from /home/airflow/.local/lib/python3.12/site-packages/airflow/example_dags/example_workday_timetable.py
[2024-10-24T04:11:22.774+0000] {processor.py:925} INFO - DAG(s) 'example_workday_timetable' retrieved from /home/airflow/.local/lib/python3.12/site-packages/airflow/example_dags/example_workday_timetable.py
[2024-10-24T04:11:22.806+0000] {logging_mixin.py:190} INFO - [2024-10-24T04:11:22.805+0000] {dag.py:3239} INFO - Sync 1 DAGs
[2024-10-24T04:11:22.918+0000] {logging_mixin.py:190} INFO - [2024-10-24T04:11:22.918+0000] {dag.py:4180} INFO - Setting next_dagrun for example_workday_timetable to 2021-01-04 00:00:00+00:00, run_after=2021-01-05 00:00:00+00:00
[2024-10-24T04:11:22.949+0000] {processor.py:208} INFO - Processing /home/airflow/.local/lib/python3.12/site-packages/airflow/example_dags/example_workday_timetable.py took 0.197 seconds
[2024-10-24T04:11:53.451+0000] {processor.py:186} INFO - Started process (PID=99237) to work on /home/airflow/.local/lib/python3.12/site-packages/airflow/example_dags/example_workday_timetable.py
[2024-10-24T04:11:53.454+0000] {processor.py:914} INFO - Processing file /home/airflow/.local/lib/python3.12/site-packages/airflow/example_dags/example_workday_timetable.py for tasks to queue
[2024-10-24T04:11:53.456+0000] {logging_mixin.py:190} INFO - [2024-10-24T04:11:53.455+0000] {dagbag.py:588} INFO - Filling up the DagBag from /home/airflow/.local/lib/python3.12/site-packages/airflow/example_dags/example_workday_timetable.py
[2024-10-24T04:11:53.460+0000] {processor.py:925} INFO - DAG(s) 'example_workday_timetable' retrieved from /home/airflow/.local/lib/python3.12/site-packages/airflow/example_dags/example_workday_timetable.py
[2024-10-24T04:11:53.486+0000] {logging_mixin.py:190} INFO - [2024-10-24T04:11:53.486+0000] {dag.py:3239} INFO - Sync 1 DAGs
[2024-10-24T04:11:53.565+0000] {logging_mixin.py:190} INFO - [2024-10-24T04:11:53.564+0000] {dag.py:4180} INFO - Setting next_dagrun for example_workday_timetable to 2021-01-04 00:00:00+00:00, run_after=2021-01-05 00:00:00+00:00
[2024-10-24T04:11:53.583+0000] {processor.py:208} INFO - Processing /home/airflow/.local/lib/python3.12/site-packages/airflow/example_dags/example_workday_timetable.py took 0.140 seconds
[2024-10-24T04:12:24.119+0000] {processor.py:186} INFO - Started process (PID=99304) to work on /home/airflow/.local/lib/python3.12/site-packages/airflow/example_dags/example_workday_timetable.py
[2024-10-24T04:12:24.121+0000] {processor.py:914} INFO - Processing file /home/airflow/.local/lib/python3.12/site-packages/airflow/example_dags/example_workday_timetable.py for tasks to queue
[2024-10-24T04:12:24.123+0000] {logging_mixin.py:190} INFO - [2024-10-24T04:12:24.123+0000] {dagbag.py:588} INFO - Filling up the DagBag from /home/airflow/.local/lib/python3.12/site-packages/airflow/example_dags/example_workday_timetable.py
[2024-10-24T04:12:24.128+0000] {processor.py:925} INFO - DAG(s) 'example_workday_timetable' retrieved from /home/airflow/.local/lib/python3.12/site-packages/airflow/example_dags/example_workday_timetable.py
[2024-10-24T04:12:24.152+0000] {logging_mixin.py:190} INFO - [2024-10-24T04:12:24.152+0000] {dag.py:3239} INFO - Sync 1 DAGs
[2024-10-24T04:12:24.240+0000] {logging_mixin.py:190} INFO - [2024-10-24T04:12:24.239+0000] {dag.py:4180} INFO - Setting next_dagrun for example_workday_timetable to 2021-01-04 00:00:00+00:00, run_after=2021-01-05 00:00:00+00:00
[2024-10-24T04:12:24.261+0000] {processor.py:208} INFO - Processing /home/airflow/.local/lib/python3.12/site-packages/airflow/example_dags/example_workday_timetable.py took 0.149 seconds
[2024-10-24T04:12:55.197+0000] {processor.py:186} INFO - Started process (PID=99370) to work on /home/airflow/.local/lib/python3.12/site-packages/airflow/example_dags/example_workday_timetable.py
[2024-10-24T04:12:55.198+0000] {processor.py:914} INFO - Processing file /home/airflow/.local/lib/python3.12/site-packages/airflow/example_dags/example_workday_timetable.py for tasks to queue
[2024-10-24T04:12:55.199+0000] {logging_mixin.py:190} INFO - [2024-10-24T04:12:55.199+0000] {dagbag.py:588} INFO - Filling up the DagBag from /home/airflow/.local/lib/python3.12/site-packages/airflow/example_dags/example_workday_timetable.py
[2024-10-24T04:12:55.204+0000] {processor.py:925} INFO - DAG(s) 'example_workday_timetable' retrieved from /home/airflow/.local/lib/python3.12/site-packages/airflow/example_dags/example_workday_timetable.py
[2024-10-24T04:12:55.233+0000] {logging_mixin.py:190} INFO - [2024-10-24T04:12:55.232+0000] {dag.py:3239} INFO - Sync 1 DAGs
[2024-10-24T04:12:55.338+0000] {logging_mixin.py:190} INFO - [2024-10-24T04:12:55.337+0000] {dag.py:4180} INFO - Setting next_dagrun for example_workday_timetable to 2021-01-04 00:00:00+00:00, run_after=2021-01-05 00:00:00+00:00
[2024-10-24T04:12:55.367+0000] {processor.py:208} INFO - Processing /home/airflow/.local/lib/python3.12/site-packages/airflow/example_dags/example_workday_timetable.py took 0.183 seconds
[2024-10-24T04:13:25.605+0000] {processor.py:186} INFO - Started process (PID=99437) to work on /home/airflow/.local/lib/python3.12/site-packages/airflow/example_dags/example_workday_timetable.py
[2024-10-24T04:13:25.606+0000] {processor.py:914} INFO - Processing file /home/airflow/.local/lib/python3.12/site-packages/airflow/example_dags/example_workday_timetable.py for tasks to queue
[2024-10-24T04:13:25.607+0000] {logging_mixin.py:190} INFO - [2024-10-24T04:13:25.607+0000] {dagbag.py:588} INFO - Filling up the DagBag from /home/airflow/.local/lib/python3.12/site-packages/airflow/example_dags/example_workday_timetable.py
[2024-10-24T04:13:25.612+0000] {processor.py:925} INFO - DAG(s) 'example_workday_timetable' retrieved from /home/airflow/.local/lib/python3.12/site-packages/airflow/example_dags/example_workday_timetable.py
[2024-10-24T04:13:25.634+0000] {logging_mixin.py:190} INFO - [2024-10-24T04:13:25.633+0000] {dag.py:3239} INFO - Sync 1 DAGs
[2024-10-24T04:13:25.712+0000] {logging_mixin.py:190} INFO - [2024-10-24T04:13:25.712+0000] {dag.py:4180} INFO - Setting next_dagrun for example_workday_timetable to 2021-01-04 00:00:00+00:00, run_after=2021-01-05 00:00:00+00:00
[2024-10-24T04:13:25.731+0000] {processor.py:208} INFO - Processing /home/airflow/.local/lib/python3.12/site-packages/airflow/example_dags/example_workday_timetable.py took 0.134 seconds
[2024-10-24T04:13:56.435+0000] {processor.py:186} INFO - Started process (PID=99504) to work on /home/airflow/.local/lib/python3.12/site-packages/airflow/example_dags/example_workday_timetable.py
[2024-10-24T04:13:56.436+0000] {processor.py:914} INFO - Processing file /home/airflow/.local/lib/python3.12/site-packages/airflow/example_dags/example_workday_timetable.py for tasks to queue
[2024-10-24T04:13:56.437+0000] {logging_mixin.py:190} INFO - [2024-10-24T04:13:56.437+0000] {dagbag.py:588} INFO - Filling up the DagBag from /home/airflow/.local/lib/python3.12/site-packages/airflow/example_dags/example_workday_timetable.py
[2024-10-24T04:13:56.442+0000] {processor.py:925} INFO - DAG(s) 'example_workday_timetable' retrieved from /home/airflow/.local/lib/python3.12/site-packages/airflow/example_dags/example_workday_timetable.py
[2024-10-24T04:13:56.465+0000] {logging_mixin.py:190} INFO - [2024-10-24T04:13:56.465+0000] {dag.py:3239} INFO - Sync 1 DAGs
[2024-10-24T04:13:56.542+0000] {logging_mixin.py:190} INFO - [2024-10-24T04:13:56.542+0000] {dag.py:4180} INFO - Setting next_dagrun for example_workday_timetable to 2021-01-04 00:00:00+00:00, run_after=2021-01-05 00:00:00+00:00
[2024-10-24T04:13:56.559+0000] {processor.py:208} INFO - Processing /home/airflow/.local/lib/python3.12/site-packages/airflow/example_dags/example_workday_timetable.py took 0.132 seconds
[2024-10-24T04:14:27.136+0000] {processor.py:186} INFO - Started process (PID=99571) to work on /home/airflow/.local/lib/python3.12/site-packages/airflow/example_dags/example_workday_timetable.py
[2024-10-24T04:14:27.137+0000] {processor.py:914} INFO - Processing file /home/airflow/.local/lib/python3.12/site-packages/airflow/example_dags/example_workday_timetable.py for tasks to queue
[2024-10-24T04:14:27.138+0000] {logging_mixin.py:190} INFO - [2024-10-24T04:14:27.138+0000] {dagbag.py:588} INFO - Filling up the DagBag from /home/airflow/.local/lib/python3.12/site-packages/airflow/example_dags/example_workday_timetable.py
[2024-10-24T04:14:27.143+0000] {processor.py:925} INFO - DAG(s) 'example_workday_timetable' retrieved from /home/airflow/.local/lib/python3.12/site-packages/airflow/example_dags/example_workday_timetable.py
[2024-10-24T04:14:27.167+0000] {logging_mixin.py:190} INFO - [2024-10-24T04:14:27.167+0000] {dag.py:3239} INFO - Sync 1 DAGs
[2024-10-24T04:14:27.247+0000] {logging_mixin.py:190} INFO - [2024-10-24T04:14:27.247+0000] {dag.py:4180} INFO - Setting next_dagrun for example_workday_timetable to 2021-01-04 00:00:00+00:00, run_after=2021-01-05 00:00:00+00:00
[2024-10-24T04:14:27.268+0000] {processor.py:208} INFO - Processing /home/airflow/.local/lib/python3.12/site-packages/airflow/example_dags/example_workday_timetable.py took 0.141 seconds
[2024-10-24T04:14:57.682+0000] {processor.py:186} INFO - Started process (PID=99637) to work on /home/airflow/.local/lib/python3.12/site-packages/airflow/example_dags/example_workday_timetable.py
[2024-10-24T04:14:57.684+0000] {processor.py:914} INFO - Processing file /home/airflow/.local/lib/python3.12/site-packages/airflow/example_dags/example_workday_timetable.py for tasks to queue
[2024-10-24T04:14:57.685+0000] {logging_mixin.py:190} INFO - [2024-10-24T04:14:57.685+0000] {dagbag.py:588} INFO - Filling up the DagBag from /home/airflow/.local/lib/python3.12/site-packages/airflow/example_dags/example_workday_timetable.py
[2024-10-24T04:14:57.691+0000] {processor.py:925} INFO - DAG(s) 'example_workday_timetable' retrieved from /home/airflow/.local/lib/python3.12/site-packages/airflow/example_dags/example_workday_timetable.py
[2024-10-24T04:14:57.716+0000] {logging_mixin.py:190} INFO - [2024-10-24T04:14:57.715+0000] {dag.py:3239} INFO - Sync 1 DAGs
[2024-10-24T04:14:57.796+0000] {logging_mixin.py:190} INFO - [2024-10-24T04:14:57.796+0000] {dag.py:4180} INFO - Setting next_dagrun for example_workday_timetable to 2021-01-04 00:00:00+00:00, run_after=2021-01-05 00:00:00+00:00
[2024-10-24T04:14:57.813+0000] {processor.py:208} INFO - Processing /home/airflow/.local/lib/python3.12/site-packages/airflow/example_dags/example_workday_timetable.py took 0.143 seconds
[2024-10-24T04:15:28.193+0000] {processor.py:186} INFO - Started process (PID=99704) to work on /home/airflow/.local/lib/python3.12/site-packages/airflow/example_dags/example_workday_timetable.py
[2024-10-24T04:15:28.194+0000] {processor.py:914} INFO - Processing file /home/airflow/.local/lib/python3.12/site-packages/airflow/example_dags/example_workday_timetable.py for tasks to queue
[2024-10-24T04:15:28.196+0000] {logging_mixin.py:190} INFO - [2024-10-24T04:15:28.195+0000] {dagbag.py:588} INFO - Filling up the DagBag from /home/airflow/.local/lib/python3.12/site-packages/airflow/example_dags/example_workday_timetable.py
[2024-10-24T04:15:28.200+0000] {processor.py:925} INFO - DAG(s) 'example_workday_timetable' retrieved from /home/airflow/.local/lib/python3.12/site-packages/airflow/example_dags/example_workday_timetable.py
[2024-10-24T04:15:28.224+0000] {logging_mixin.py:190} INFO - [2024-10-24T04:15:28.224+0000] {dag.py:3239} INFO - Sync 1 DAGs
[2024-10-24T04:15:28.304+0000] {logging_mixin.py:190} INFO - [2024-10-24T04:15:28.304+0000] {dag.py:4180} INFO - Setting next_dagrun for example_workday_timetable to 2021-01-04 00:00:00+00:00, run_after=2021-01-05 00:00:00+00:00
[2024-10-24T04:15:28.322+0000] {processor.py:208} INFO - Processing /home/airflow/.local/lib/python3.12/site-packages/airflow/example_dags/example_workday_timetable.py took 0.137 seconds
[2024-10-24T06:56:02.877+0000] {processor.py:186} INFO - Started process (PID=99771) to work on /home/airflow/.local/lib/python3.12/site-packages/airflow/example_dags/example_workday_timetable.py
[2024-10-24T06:56:02.879+0000] {processor.py:914} INFO - Processing file /home/airflow/.local/lib/python3.12/site-packages/airflow/example_dags/example_workday_timetable.py for tasks to queue
[2024-10-24T06:56:02.880+0000] {logging_mixin.py:190} INFO - [2024-10-24T06:56:02.880+0000] {dagbag.py:588} INFO - Filling up the DagBag from /home/airflow/.local/lib/python3.12/site-packages/airflow/example_dags/example_workday_timetable.py
[2024-10-24T06:56:02.885+0000] {processor.py:925} INFO - DAG(s) 'example_workday_timetable' retrieved from /home/airflow/.local/lib/python3.12/site-packages/airflow/example_dags/example_workday_timetable.py
[2024-10-24T06:56:02.908+0000] {logging_mixin.py:190} INFO - [2024-10-24T06:56:02.907+0000] {dag.py:3239} INFO - Sync 1 DAGs
[2024-10-24T06:56:02.993+0000] {logging_mixin.py:190} INFO - [2024-10-24T06:56:02.992+0000] {dag.py:4180} INFO - Setting next_dagrun for example_workday_timetable to 2021-01-04 00:00:00+00:00, run_after=2021-01-05 00:00:00+00:00
[2024-10-24T06:56:03.013+0000] {processor.py:208} INFO - Processing /home/airflow/.local/lib/python3.12/site-packages/airflow/example_dags/example_workday_timetable.py took 0.146 seconds
[2024-10-24T06:56:33.849+0000] {processor.py:186} INFO - Started process (PID=99838) to work on /home/airflow/.local/lib/python3.12/site-packages/airflow/example_dags/example_workday_timetable.py
[2024-10-24T06:56:33.850+0000] {processor.py:914} INFO - Processing file /home/airflow/.local/lib/python3.12/site-packages/airflow/example_dags/example_workday_timetable.py for tasks to queue
[2024-10-24T06:56:33.852+0000] {logging_mixin.py:190} INFO - [2024-10-24T06:56:33.851+0000] {dagbag.py:588} INFO - Filling up the DagBag from /home/airflow/.local/lib/python3.12/site-packages/airflow/example_dags/example_workday_timetable.py
[2024-10-24T06:56:33.856+0000] {processor.py:925} INFO - DAG(s) 'example_workday_timetable' retrieved from /home/airflow/.local/lib/python3.12/site-packages/airflow/example_dags/example_workday_timetable.py
[2024-10-24T06:56:33.878+0000] {logging_mixin.py:190} INFO - [2024-10-24T06:56:33.878+0000] {dag.py:3239} INFO - Sync 1 DAGs
[2024-10-24T06:56:33.956+0000] {logging_mixin.py:190} INFO - [2024-10-24T06:56:33.956+0000] {dag.py:4180} INFO - Setting next_dagrun for example_workday_timetable to 2021-01-04 00:00:00+00:00, run_after=2021-01-05 00:00:00+00:00
[2024-10-24T06:56:33.974+0000] {processor.py:208} INFO - Processing /home/airflow/.local/lib/python3.12/site-packages/airflow/example_dags/example_workday_timetable.py took 0.136 seconds
[2024-10-24T06:57:04.847+0000] {processor.py:186} INFO - Started process (PID=99905) to work on /home/airflow/.local/lib/python3.12/site-packages/airflow/example_dags/example_workday_timetable.py
[2024-10-24T06:57:04.848+0000] {processor.py:914} INFO - Processing file /home/airflow/.local/lib/python3.12/site-packages/airflow/example_dags/example_workday_timetable.py for tasks to queue
[2024-10-24T06:57:04.849+0000] {logging_mixin.py:190} INFO - [2024-10-24T06:57:04.849+0000] {dagbag.py:588} INFO - Filling up the DagBag from /home/airflow/.local/lib/python3.12/site-packages/airflow/example_dags/example_workday_timetable.py
[2024-10-24T06:57:04.853+0000] {processor.py:925} INFO - DAG(s) 'example_workday_timetable' retrieved from /home/airflow/.local/lib/python3.12/site-packages/airflow/example_dags/example_workday_timetable.py
[2024-10-24T06:57:04.876+0000] {logging_mixin.py:190} INFO - [2024-10-24T06:57:04.876+0000] {dag.py:3239} INFO - Sync 1 DAGs
[2024-10-24T06:57:04.953+0000] {logging_mixin.py:190} INFO - [2024-10-24T06:57:04.953+0000] {dag.py:4180} INFO - Setting next_dagrun for example_workday_timetable to 2021-01-04 00:00:00+00:00, run_after=2021-01-05 00:00:00+00:00
[2024-10-24T06:57:04.971+0000] {processor.py:208} INFO - Processing /home/airflow/.local/lib/python3.12/site-packages/airflow/example_dags/example_workday_timetable.py took 0.133 seconds
[2024-10-24T06:57:35.281+0000] {processor.py:186} INFO - Started process (PID=99972) to work on /home/airflow/.local/lib/python3.12/site-packages/airflow/example_dags/example_workday_timetable.py
[2024-10-24T06:57:35.282+0000] {processor.py:914} INFO - Processing file /home/airflow/.local/lib/python3.12/site-packages/airflow/example_dags/example_workday_timetable.py for tasks to queue
[2024-10-24T06:57:35.283+0000] {logging_mixin.py:190} INFO - [2024-10-24T06:57:35.283+0000] {dagbag.py:588} INFO - Filling up the DagBag from /home/airflow/.local/lib/python3.12/site-packages/airflow/example_dags/example_workday_timetable.py
[2024-10-24T06:57:35.288+0000] {processor.py:925} INFO - DAG(s) 'example_workday_timetable' retrieved from /home/airflow/.local/lib/python3.12/site-packages/airflow/example_dags/example_workday_timetable.py
[2024-10-24T06:57:35.312+0000] {logging_mixin.py:190} INFO - [2024-10-24T06:57:35.312+0000] {dag.py:3239} INFO - Sync 1 DAGs
[2024-10-24T06:57:35.391+0000] {logging_mixin.py:190} INFO - [2024-10-24T06:57:35.391+0000] {dag.py:4180} INFO - Setting next_dagrun for example_workday_timetable to 2021-01-04 00:00:00+00:00, run_after=2021-01-05 00:00:00+00:00
[2024-10-24T06:57:35.412+0000] {processor.py:208} INFO - Processing /home/airflow/.local/lib/python3.12/site-packages/airflow/example_dags/example_workday_timetable.py took 0.139 seconds
[2024-10-24T06:58:05.847+0000] {processor.py:186} INFO - Started process (PID=100039) to work on /home/airflow/.local/lib/python3.12/site-packages/airflow/example_dags/example_workday_timetable.py
[2024-10-24T06:58:05.848+0000] {processor.py:914} INFO - Processing file /home/airflow/.local/lib/python3.12/site-packages/airflow/example_dags/example_workday_timetable.py for tasks to queue
[2024-10-24T06:58:05.850+0000] {logging_mixin.py:190} INFO - [2024-10-24T06:58:05.850+0000] {dagbag.py:588} INFO - Filling up the DagBag from /home/airflow/.local/lib/python3.12/site-packages/airflow/example_dags/example_workday_timetable.py
[2024-10-24T06:58:05.855+0000] {processor.py:925} INFO - DAG(s) 'example_workday_timetable' retrieved from /home/airflow/.local/lib/python3.12/site-packages/airflow/example_dags/example_workday_timetable.py
[2024-10-24T06:58:05.881+0000] {logging_mixin.py:190} INFO - [2024-10-24T06:58:05.881+0000] {dag.py:3239} INFO - Sync 1 DAGs
[2024-10-24T06:58:05.963+0000] {logging_mixin.py:190} INFO - [2024-10-24T06:58:05.962+0000] {dag.py:4180} INFO - Setting next_dagrun for example_workday_timetable to 2021-01-04 00:00:00+00:00, run_after=2021-01-05 00:00:00+00:00
[2024-10-24T06:58:05.983+0000] {processor.py:208} INFO - Processing /home/airflow/.local/lib/python3.12/site-packages/airflow/example_dags/example_workday_timetable.py took 0.145 seconds
[2024-10-24T06:58:36.679+0000] {processor.py:186} INFO - Started process (PID=100105) to work on /home/airflow/.local/lib/python3.12/site-packages/airflow/example_dags/example_workday_timetable.py
[2024-10-24T06:58:36.681+0000] {processor.py:914} INFO - Processing file /home/airflow/.local/lib/python3.12/site-packages/airflow/example_dags/example_workday_timetable.py for tasks to queue
[2024-10-24T06:58:36.683+0000] {logging_mixin.py:190} INFO - [2024-10-24T06:58:36.682+0000] {dagbag.py:588} INFO - Filling up the DagBag from /home/airflow/.local/lib/python3.12/site-packages/airflow/example_dags/example_workday_timetable.py
[2024-10-24T06:58:36.691+0000] {processor.py:925} INFO - DAG(s) 'example_workday_timetable' retrieved from /home/airflow/.local/lib/python3.12/site-packages/airflow/example_dags/example_workday_timetable.py
[2024-10-24T06:58:36.719+0000] {logging_mixin.py:190} INFO - [2024-10-24T06:58:36.718+0000] {dag.py:3239} INFO - Sync 1 DAGs
[2024-10-24T06:58:36.812+0000] {logging_mixin.py:190} INFO - [2024-10-24T06:58:36.812+0000] {dag.py:4180} INFO - Setting next_dagrun for example_workday_timetable to 2021-01-04 00:00:00+00:00, run_after=2021-01-05 00:00:00+00:00
[2024-10-24T06:58:36.835+0000] {processor.py:208} INFO - Processing /home/airflow/.local/lib/python3.12/site-packages/airflow/example_dags/example_workday_timetable.py took 0.165 seconds
[2024-10-24T06:59:08.430+0000] {processor.py:186} INFO - Started process (PID=100172) to work on /home/airflow/.local/lib/python3.12/site-packages/airflow/example_dags/example_workday_timetable.py
[2024-10-24T06:59:08.431+0000] {processor.py:914} INFO - Processing file /home/airflow/.local/lib/python3.12/site-packages/airflow/example_dags/example_workday_timetable.py for tasks to queue
[2024-10-24T06:59:08.433+0000] {logging_mixin.py:190} INFO - [2024-10-24T06:59:08.433+0000] {dagbag.py:588} INFO - Filling up the DagBag from /home/airflow/.local/lib/python3.12/site-packages/airflow/example_dags/example_workday_timetable.py
[2024-10-24T06:59:08.438+0000] {processor.py:925} INFO - DAG(s) 'example_workday_timetable' retrieved from /home/airflow/.local/lib/python3.12/site-packages/airflow/example_dags/example_workday_timetable.py
[2024-10-24T06:59:08.480+0000] {logging_mixin.py:190} INFO - [2024-10-24T06:59:08.480+0000] {dag.py:3239} INFO - Sync 1 DAGs
[2024-10-24T06:59:08.773+0000] {logging_mixin.py:190} INFO - [2024-10-24T06:59:08.773+0000] {dag.py:4180} INFO - Setting next_dagrun for example_workday_timetable to 2021-01-04 00:00:00+00:00, run_after=2021-01-05 00:00:00+00:00
[2024-10-24T06:59:08.792+0000] {processor.py:208} INFO - Processing /home/airflow/.local/lib/python3.12/site-packages/airflow/example_dags/example_workday_timetable.py took 0.370 seconds
