[2024-10-24T04:09:21.136+0000] {processor.py:186} INFO - Started process (PID=98914) to work on /home/airflow/.local/lib/python3.12/site-packages/airflow/example_dags/example_latest_only_with_trigger.py
[2024-10-24T04:09:21.137+0000] {processor.py:914} INFO - Processing file /home/airflow/.local/lib/python3.12/site-packages/airflow/example_dags/example_latest_only_with_trigger.py for tasks to queue
[2024-10-24T04:09:21.138+0000] {logging_mixin.py:190} INFO - [2024-10-24T04:09:21.138+0000] {dagbag.py:588} INFO - Filling up the DagBag from /home/airflow/.local/lib/python3.12/site-packages/airflow/example_dags/example_latest_only_with_trigger.py
[2024-10-24T04:09:21.151+0000] {processor.py:925} INFO - DAG(s) 'latest_only_with_trigger' retrieved from /home/airflow/.local/lib/python3.12/site-packages/airflow/example_dags/example_latest_only_with_trigger.py
[2024-10-24T04:09:21.181+0000] {logging_mixin.py:190} INFO - [2024-10-24T04:09:21.181+0000] {dag.py:3239} INFO - Sync 1 DAGs
[2024-10-24T04:09:21.211+0000] {logging_mixin.py:190} INFO - [2024-10-24T04:09:21.211+0000] {dag.py:4180} INFO - Setting next_dagrun for latest_only_with_trigger to 2024-10-24 00:00:00+00:00, run_after=2024-10-24 04:00:00+00:00
[2024-10-24T04:09:21.258+0000] {processor.py:208} INFO - Processing /home/airflow/.local/lib/python3.12/site-packages/airflow/example_dags/example_latest_only_with_trigger.py took 0.133 seconds
[2024-10-24T04:09:52.125+0000] {processor.py:186} INFO - Started process (PID=98981) to work on /home/airflow/.local/lib/python3.12/site-packages/airflow/example_dags/example_latest_only_with_trigger.py
[2024-10-24T04:09:52.126+0000] {processor.py:914} INFO - Processing file /home/airflow/.local/lib/python3.12/site-packages/airflow/example_dags/example_latest_only_with_trigger.py for tasks to queue
[2024-10-24T04:09:52.127+0000] {logging_mixin.py:190} INFO - [2024-10-24T04:09:52.127+0000] {dagbag.py:588} INFO - Filling up the DagBag from /home/airflow/.local/lib/python3.12/site-packages/airflow/example_dags/example_latest_only_with_trigger.py
[2024-10-24T04:09:52.138+0000] {processor.py:925} INFO - DAG(s) 'latest_only_with_trigger' retrieved from /home/airflow/.local/lib/python3.12/site-packages/airflow/example_dags/example_latest_only_with_trigger.py
[2024-10-24T04:09:52.166+0000] {logging_mixin.py:190} INFO - [2024-10-24T04:09:52.165+0000] {dag.py:3239} INFO - Sync 1 DAGs
[2024-10-24T04:09:52.196+0000] {logging_mixin.py:190} INFO - [2024-10-24T04:09:52.195+0000] {dag.py:4180} INFO - Setting next_dagrun for latest_only_with_trigger to 2024-10-24 00:00:00+00:00, run_after=2024-10-24 04:00:00+00:00
[2024-10-24T04:09:52.216+0000] {processor.py:208} INFO - Processing /home/airflow/.local/lib/python3.12/site-packages/airflow/example_dags/example_latest_only_with_trigger.py took 0.101 seconds
[2024-10-24T04:10:22.923+0000] {processor.py:186} INFO - Started process (PID=99047) to work on /home/airflow/.local/lib/python3.12/site-packages/airflow/example_dags/example_latest_only_with_trigger.py
[2024-10-24T04:10:22.925+0000] {processor.py:914} INFO - Processing file /home/airflow/.local/lib/python3.12/site-packages/airflow/example_dags/example_latest_only_with_trigger.py for tasks to queue
[2024-10-24T04:10:22.926+0000] {logging_mixin.py:190} INFO - [2024-10-24T04:10:22.926+0000] {dagbag.py:588} INFO - Filling up the DagBag from /home/airflow/.local/lib/python3.12/site-packages/airflow/example_dags/example_latest_only_with_trigger.py
[2024-10-24T04:10:22.935+0000] {processor.py:925} INFO - DAG(s) 'latest_only_with_trigger' retrieved from /home/airflow/.local/lib/python3.12/site-packages/airflow/example_dags/example_latest_only_with_trigger.py
[2024-10-24T04:10:22.962+0000] {logging_mixin.py:190} INFO - [2024-10-24T04:10:22.961+0000] {dag.py:3239} INFO - Sync 1 DAGs
[2024-10-24T04:10:22.990+0000] {logging_mixin.py:190} INFO - [2024-10-24T04:10:22.990+0000] {dag.py:4180} INFO - Setting next_dagrun for latest_only_with_trigger to 2024-10-24 00:00:00+00:00, run_after=2024-10-24 04:00:00+00:00
[2024-10-24T04:10:23.012+0000] {processor.py:208} INFO - Processing /home/airflow/.local/lib/python3.12/site-packages/airflow/example_dags/example_latest_only_with_trigger.py took 0.096 seconds
[2024-10-24T04:10:53.619+0000] {processor.py:186} INFO - Started process (PID=99113) to work on /home/airflow/.local/lib/python3.12/site-packages/airflow/example_dags/example_latest_only_with_trigger.py
[2024-10-24T04:10:53.621+0000] {processor.py:914} INFO - Processing file /home/airflow/.local/lib/python3.12/site-packages/airflow/example_dags/example_latest_only_with_trigger.py for tasks to queue
[2024-10-24T04:10:53.623+0000] {logging_mixin.py:190} INFO - [2024-10-24T04:10:53.622+0000] {dagbag.py:588} INFO - Filling up the DagBag from /home/airflow/.local/lib/python3.12/site-packages/airflow/example_dags/example_latest_only_with_trigger.py
[2024-10-24T04:10:53.631+0000] {processor.py:925} INFO - DAG(s) 'latest_only_with_trigger' retrieved from /home/airflow/.local/lib/python3.12/site-packages/airflow/example_dags/example_latest_only_with_trigger.py
[2024-10-24T04:10:53.655+0000] {logging_mixin.py:190} INFO - [2024-10-24T04:10:53.655+0000] {dag.py:3239} INFO - Sync 1 DAGs
[2024-10-24T04:10:53.679+0000] {logging_mixin.py:190} INFO - [2024-10-24T04:10:53.679+0000] {dag.py:4180} INFO - Setting next_dagrun for latest_only_with_trigger to 2024-10-24 00:00:00+00:00, run_after=2024-10-24 04:00:00+00:00
[2024-10-24T04:10:53.697+0000] {processor.py:208} INFO - Processing /home/airflow/.local/lib/python3.12/site-packages/airflow/example_dags/example_latest_only_with_trigger.py took 0.085 seconds
[2024-10-24T04:11:24.615+0000] {processor.py:186} INFO - Started process (PID=99180) to work on /home/airflow/.local/lib/python3.12/site-packages/airflow/example_dags/example_latest_only_with_trigger.py
[2024-10-24T04:11:24.616+0000] {processor.py:914} INFO - Processing file /home/airflow/.local/lib/python3.12/site-packages/airflow/example_dags/example_latest_only_with_trigger.py for tasks to queue
[2024-10-24T04:11:24.617+0000] {logging_mixin.py:190} INFO - [2024-10-24T04:11:24.617+0000] {dagbag.py:588} INFO - Filling up the DagBag from /home/airflow/.local/lib/python3.12/site-packages/airflow/example_dags/example_latest_only_with_trigger.py
[2024-10-24T04:11:24.625+0000] {processor.py:925} INFO - DAG(s) 'latest_only_with_trigger' retrieved from /home/airflow/.local/lib/python3.12/site-packages/airflow/example_dags/example_latest_only_with_trigger.py
[2024-10-24T04:11:24.656+0000] {logging_mixin.py:190} INFO - [2024-10-24T04:11:24.656+0000] {dag.py:3239} INFO - Sync 1 DAGs
[2024-10-24T04:11:24.699+0000] {logging_mixin.py:190} INFO - [2024-10-24T04:11:24.698+0000] {dag.py:4180} INFO - Setting next_dagrun for latest_only_with_trigger to 2024-10-24 00:00:00+00:00, run_after=2024-10-24 04:00:00+00:00
[2024-10-24T04:11:24.729+0000] {processor.py:208} INFO - Processing /home/airflow/.local/lib/python3.12/site-packages/airflow/example_dags/example_latest_only_with_trigger.py took 0.122 seconds
[2024-10-24T04:11:56.764+0000] {processor.py:186} INFO - Started process (PID=99246) to work on /home/airflow/.local/lib/python3.12/site-packages/airflow/example_dags/example_latest_only_with_trigger.py
[2024-10-24T04:11:56.765+0000] {processor.py:914} INFO - Processing file /home/airflow/.local/lib/python3.12/site-packages/airflow/example_dags/example_latest_only_with_trigger.py for tasks to queue
[2024-10-24T04:11:56.767+0000] {logging_mixin.py:190} INFO - [2024-10-24T04:11:56.766+0000] {dagbag.py:588} INFO - Filling up the DagBag from /home/airflow/.local/lib/python3.12/site-packages/airflow/example_dags/example_latest_only_with_trigger.py
[2024-10-24T04:11:56.775+0000] {processor.py:925} INFO - DAG(s) 'latest_only_with_trigger' retrieved from /home/airflow/.local/lib/python3.12/site-packages/airflow/example_dags/example_latest_only_with_trigger.py
[2024-10-24T04:11:56.801+0000] {logging_mixin.py:190} INFO - [2024-10-24T04:11:56.801+0000] {dag.py:3239} INFO - Sync 1 DAGs
[2024-10-24T04:11:56.824+0000] {logging_mixin.py:190} INFO - [2024-10-24T04:11:56.824+0000] {dag.py:4180} INFO - Setting next_dagrun for latest_only_with_trigger to 2024-10-24 00:00:00+00:00, run_after=2024-10-24 04:00:00+00:00
[2024-10-24T04:11:56.889+0000] {processor.py:208} INFO - Processing /home/airflow/.local/lib/python3.12/site-packages/airflow/example_dags/example_latest_only_with_trigger.py took 0.134 seconds
[2024-10-24T04:12:27.854+0000] {processor.py:186} INFO - Started process (PID=99314) to work on /home/airflow/.local/lib/python3.12/site-packages/airflow/example_dags/example_latest_only_with_trigger.py
[2024-10-24T04:12:27.855+0000] {processor.py:914} INFO - Processing file /home/airflow/.local/lib/python3.12/site-packages/airflow/example_dags/example_latest_only_with_trigger.py for tasks to queue
[2024-10-24T04:12:27.857+0000] {logging_mixin.py:190} INFO - [2024-10-24T04:12:27.856+0000] {dagbag.py:588} INFO - Filling up the DagBag from /home/airflow/.local/lib/python3.12/site-packages/airflow/example_dags/example_latest_only_with_trigger.py
[2024-10-24T04:12:27.866+0000] {processor.py:925} INFO - DAG(s) 'latest_only_with_trigger' retrieved from /home/airflow/.local/lib/python3.12/site-packages/airflow/example_dags/example_latest_only_with_trigger.py
[2024-10-24T04:12:27.899+0000] {logging_mixin.py:190} INFO - [2024-10-24T04:12:27.899+0000] {dag.py:3239} INFO - Sync 1 DAGs
[2024-10-24T04:12:27.933+0000] {logging_mixin.py:190} INFO - [2024-10-24T04:12:27.933+0000] {dag.py:4180} INFO - Setting next_dagrun for latest_only_with_trigger to 2024-10-24 00:00:00+00:00, run_after=2024-10-24 04:00:00+00:00
[2024-10-24T04:12:27.958+0000] {processor.py:208} INFO - Processing /home/airflow/.local/lib/python3.12/site-packages/airflow/example_dags/example_latest_only_with_trigger.py took 0.112 seconds
[2024-10-24T04:12:58.058+0000] {processor.py:186} INFO - Started process (PID=99379) to work on /home/airflow/.local/lib/python3.12/site-packages/airflow/example_dags/example_latest_only_with_trigger.py
[2024-10-24T04:12:58.059+0000] {processor.py:914} INFO - Processing file /home/airflow/.local/lib/python3.12/site-packages/airflow/example_dags/example_latest_only_with_trigger.py for tasks to queue
[2024-10-24T04:12:58.061+0000] {logging_mixin.py:190} INFO - [2024-10-24T04:12:58.060+0000] {dagbag.py:588} INFO - Filling up the DagBag from /home/airflow/.local/lib/python3.12/site-packages/airflow/example_dags/example_latest_only_with_trigger.py
[2024-10-24T04:12:58.069+0000] {processor.py:925} INFO - DAG(s) 'latest_only_with_trigger' retrieved from /home/airflow/.local/lib/python3.12/site-packages/airflow/example_dags/example_latest_only_with_trigger.py
[2024-10-24T04:12:58.094+0000] {logging_mixin.py:190} INFO - [2024-10-24T04:12:58.093+0000] {dag.py:3239} INFO - Sync 1 DAGs
[2024-10-24T04:12:58.119+0000] {logging_mixin.py:190} INFO - [2024-10-24T04:12:58.119+0000] {dag.py:4180} INFO - Setting next_dagrun for latest_only_with_trigger to 2024-10-24 00:00:00+00:00, run_after=2024-10-24 04:00:00+00:00
[2024-10-24T04:12:58.136+0000] {processor.py:208} INFO - Processing /home/airflow/.local/lib/python3.12/site-packages/airflow/example_dags/example_latest_only_with_trigger.py took 0.085 seconds
[2024-10-24T04:13:28.226+0000] {processor.py:186} INFO - Started process (PID=99446) to work on /home/airflow/.local/lib/python3.12/site-packages/airflow/example_dags/example_latest_only_with_trigger.py
[2024-10-24T04:13:28.227+0000] {processor.py:914} INFO - Processing file /home/airflow/.local/lib/python3.12/site-packages/airflow/example_dags/example_latest_only_with_trigger.py for tasks to queue
[2024-10-24T04:13:28.228+0000] {logging_mixin.py:190} INFO - [2024-10-24T04:13:28.228+0000] {dagbag.py:588} INFO - Filling up the DagBag from /home/airflow/.local/lib/python3.12/site-packages/airflow/example_dags/example_latest_only_with_trigger.py
[2024-10-24T04:13:28.237+0000] {processor.py:925} INFO - DAG(s) 'latest_only_with_trigger' retrieved from /home/airflow/.local/lib/python3.12/site-packages/airflow/example_dags/example_latest_only_with_trigger.py
[2024-10-24T04:13:28.263+0000] {logging_mixin.py:190} INFO - [2024-10-24T04:13:28.262+0000] {dag.py:3239} INFO - Sync 1 DAGs
[2024-10-24T04:13:28.290+0000] {logging_mixin.py:190} INFO - [2024-10-24T04:13:28.290+0000] {dag.py:4180} INFO - Setting next_dagrun for latest_only_with_trigger to 2024-10-24 00:00:00+00:00, run_after=2024-10-24 04:00:00+00:00
[2024-10-24T04:13:28.313+0000] {processor.py:208} INFO - Processing /home/airflow/.local/lib/python3.12/site-packages/airflow/example_dags/example_latest_only_with_trigger.py took 0.096 seconds
[2024-10-24T04:13:58.971+0000] {processor.py:186} INFO - Started process (PID=99513) to work on /home/airflow/.local/lib/python3.12/site-packages/airflow/example_dags/example_latest_only_with_trigger.py
[2024-10-24T04:13:58.972+0000] {processor.py:914} INFO - Processing file /home/airflow/.local/lib/python3.12/site-packages/airflow/example_dags/example_latest_only_with_trigger.py for tasks to queue
[2024-10-24T04:13:58.974+0000] {logging_mixin.py:190} INFO - [2024-10-24T04:13:58.973+0000] {dagbag.py:588} INFO - Filling up the DagBag from /home/airflow/.local/lib/python3.12/site-packages/airflow/example_dags/example_latest_only_with_trigger.py
[2024-10-24T04:13:58.983+0000] {processor.py:925} INFO - DAG(s) 'latest_only_with_trigger' retrieved from /home/airflow/.local/lib/python3.12/site-packages/airflow/example_dags/example_latest_only_with_trigger.py
[2024-10-24T04:13:59.008+0000] {logging_mixin.py:190} INFO - [2024-10-24T04:13:59.008+0000] {dag.py:3239} INFO - Sync 1 DAGs
[2024-10-24T04:13:59.034+0000] {logging_mixin.py:190} INFO - [2024-10-24T04:13:59.034+0000] {dag.py:4180} INFO - Setting next_dagrun for latest_only_with_trigger to 2024-10-24 00:00:00+00:00, run_after=2024-10-24 04:00:00+00:00
[2024-10-24T04:13:59.052+0000] {processor.py:208} INFO - Processing /home/airflow/.local/lib/python3.12/site-packages/airflow/example_dags/example_latest_only_with_trigger.py took 0.090 seconds
[2024-10-24T04:14:29.763+0000] {processor.py:186} INFO - Started process (PID=99580) to work on /home/airflow/.local/lib/python3.12/site-packages/airflow/example_dags/example_latest_only_with_trigger.py
[2024-10-24T04:14:29.764+0000] {processor.py:914} INFO - Processing file /home/airflow/.local/lib/python3.12/site-packages/airflow/example_dags/example_latest_only_with_trigger.py for tasks to queue
[2024-10-24T04:14:29.766+0000] {logging_mixin.py:190} INFO - [2024-10-24T04:14:29.765+0000] {dagbag.py:588} INFO - Filling up the DagBag from /home/airflow/.local/lib/python3.12/site-packages/airflow/example_dags/example_latest_only_with_trigger.py
[2024-10-24T04:14:29.774+0000] {processor.py:925} INFO - DAG(s) 'latest_only_with_trigger' retrieved from /home/airflow/.local/lib/python3.12/site-packages/airflow/example_dags/example_latest_only_with_trigger.py
[2024-10-24T04:14:29.798+0000] {logging_mixin.py:190} INFO - [2024-10-24T04:14:29.798+0000] {dag.py:3239} INFO - Sync 1 DAGs
[2024-10-24T04:14:29.823+0000] {logging_mixin.py:190} INFO - [2024-10-24T04:14:29.823+0000] {dag.py:4180} INFO - Setting next_dagrun for latest_only_with_trigger to 2024-10-24 00:00:00+00:00, run_after=2024-10-24 04:00:00+00:00
[2024-10-24T04:14:29.841+0000] {processor.py:208} INFO - Processing /home/airflow/.local/lib/python3.12/site-packages/airflow/example_dags/example_latest_only_with_trigger.py took 0.085 seconds
[2024-10-24T04:15:00.253+0000] {processor.py:186} INFO - Started process (PID=99646) to work on /home/airflow/.local/lib/python3.12/site-packages/airflow/example_dags/example_latest_only_with_trigger.py
[2024-10-24T04:15:00.254+0000] {processor.py:914} INFO - Processing file /home/airflow/.local/lib/python3.12/site-packages/airflow/example_dags/example_latest_only_with_trigger.py for tasks to queue
[2024-10-24T04:15:00.256+0000] {logging_mixin.py:190} INFO - [2024-10-24T04:15:00.255+0000] {dagbag.py:588} INFO - Filling up the DagBag from /home/airflow/.local/lib/python3.12/site-packages/airflow/example_dags/example_latest_only_with_trigger.py
[2024-10-24T04:15:00.264+0000] {processor.py:925} INFO - DAG(s) 'latest_only_with_trigger' retrieved from /home/airflow/.local/lib/python3.12/site-packages/airflow/example_dags/example_latest_only_with_trigger.py
[2024-10-24T04:15:00.288+0000] {logging_mixin.py:190} INFO - [2024-10-24T04:15:00.287+0000] {dag.py:3239} INFO - Sync 1 DAGs
[2024-10-24T04:15:00.313+0000] {logging_mixin.py:190} INFO - [2024-10-24T04:15:00.312+0000] {dag.py:4180} INFO - Setting next_dagrun for latest_only_with_trigger to 2024-10-24 00:00:00+00:00, run_after=2024-10-24 04:00:00+00:00
[2024-10-24T04:15:00.331+0000] {processor.py:208} INFO - Processing /home/airflow/.local/lib/python3.12/site-packages/airflow/example_dags/example_latest_only_with_trigger.py took 0.086 seconds
[2024-10-24T04:15:30.828+0000] {processor.py:186} INFO - Started process (PID=99713) to work on /home/airflow/.local/lib/python3.12/site-packages/airflow/example_dags/example_latest_only_with_trigger.py
[2024-10-24T04:15:30.829+0000] {processor.py:914} INFO - Processing file /home/airflow/.local/lib/python3.12/site-packages/airflow/example_dags/example_latest_only_with_trigger.py for tasks to queue
[2024-10-24T04:15:30.830+0000] {logging_mixin.py:190} INFO - [2024-10-24T04:15:30.830+0000] {dagbag.py:588} INFO - Filling up the DagBag from /home/airflow/.local/lib/python3.12/site-packages/airflow/example_dags/example_latest_only_with_trigger.py
[2024-10-24T04:15:30.838+0000] {processor.py:925} INFO - DAG(s) 'latest_only_with_trigger' retrieved from /home/airflow/.local/lib/python3.12/site-packages/airflow/example_dags/example_latest_only_with_trigger.py
[2024-10-24T04:15:30.863+0000] {logging_mixin.py:190} INFO - [2024-10-24T04:15:30.863+0000] {dag.py:3239} INFO - Sync 1 DAGs
[2024-10-24T04:15:30.887+0000] {logging_mixin.py:190} INFO - [2024-10-24T04:15:30.887+0000] {dag.py:4180} INFO - Setting next_dagrun for latest_only_with_trigger to 2024-10-24 00:00:00+00:00, run_after=2024-10-24 04:00:00+00:00
[2024-10-24T04:15:30.904+0000] {processor.py:208} INFO - Processing /home/airflow/.local/lib/python3.12/site-packages/airflow/example_dags/example_latest_only_with_trigger.py took 0.084 seconds
[2024-10-24T06:56:03.691+0000] {processor.py:186} INFO - Started process (PID=99781) to work on /home/airflow/.local/lib/python3.12/site-packages/airflow/example_dags/example_latest_only_with_trigger.py
[2024-10-24T06:56:03.692+0000] {processor.py:914} INFO - Processing file /home/airflow/.local/lib/python3.12/site-packages/airflow/example_dags/example_latest_only_with_trigger.py for tasks to queue
[2024-10-24T06:56:03.694+0000] {logging_mixin.py:190} INFO - [2024-10-24T06:56:03.693+0000] {dagbag.py:588} INFO - Filling up the DagBag from /home/airflow/.local/lib/python3.12/site-packages/airflow/example_dags/example_latest_only_with_trigger.py
[2024-10-24T06:56:03.702+0000] {processor.py:925} INFO - DAG(s) 'latest_only_with_trigger' retrieved from /home/airflow/.local/lib/python3.12/site-packages/airflow/example_dags/example_latest_only_with_trigger.py
[2024-10-24T06:56:03.732+0000] {logging_mixin.py:190} INFO - [2024-10-24T06:56:03.731+0000] {dag.py:3239} INFO - Sync 1 DAGs
[2024-10-24T06:56:03.777+0000] {logging_mixin.py:190} INFO - [2024-10-24T06:56:03.777+0000] {dag.py:4180} INFO - Setting next_dagrun for latest_only_with_trigger to 2024-10-24 00:00:00+00:00, run_after=2024-10-24 04:00:00+00:00
[2024-10-24T06:56:03.803+0000] {processor.py:208} INFO - Processing /home/airflow/.local/lib/python3.12/site-packages/airflow/example_dags/example_latest_only_with_trigger.py took 0.121 seconds
[2024-10-24T06:56:34.740+0000] {processor.py:186} INFO - Started process (PID=99848) to work on /home/airflow/.local/lib/python3.12/site-packages/airflow/example_dags/example_latest_only_with_trigger.py
[2024-10-24T06:56:34.741+0000] {processor.py:914} INFO - Processing file /home/airflow/.local/lib/python3.12/site-packages/airflow/example_dags/example_latest_only_with_trigger.py for tasks to queue
[2024-10-24T06:56:34.743+0000] {logging_mixin.py:190} INFO - [2024-10-24T06:56:34.742+0000] {dagbag.py:588} INFO - Filling up the DagBag from /home/airflow/.local/lib/python3.12/site-packages/airflow/example_dags/example_latest_only_with_trigger.py
[2024-10-24T06:56:34.752+0000] {processor.py:925} INFO - DAG(s) 'latest_only_with_trigger' retrieved from /home/airflow/.local/lib/python3.12/site-packages/airflow/example_dags/example_latest_only_with_trigger.py
[2024-10-24T06:56:34.783+0000] {logging_mixin.py:190} INFO - [2024-10-24T06:56:34.782+0000] {dag.py:3239} INFO - Sync 1 DAGs
[2024-10-24T06:56:34.822+0000] {logging_mixin.py:190} INFO - [2024-10-24T06:56:34.822+0000] {dag.py:4180} INFO - Setting next_dagrun for latest_only_with_trigger to 2024-10-24 00:00:00+00:00, run_after=2024-10-24 04:00:00+00:00
[2024-10-24T06:56:34.850+0000] {processor.py:208} INFO - Processing /home/airflow/.local/lib/python3.12/site-packages/airflow/example_dags/example_latest_only_with_trigger.py took 0.119 seconds
[2024-10-24T06:57:05.725+0000] {processor.py:186} INFO - Started process (PID=99915) to work on /home/airflow/.local/lib/python3.12/site-packages/airflow/example_dags/example_latest_only_with_trigger.py
[2024-10-24T06:57:05.727+0000] {processor.py:914} INFO - Processing file /home/airflow/.local/lib/python3.12/site-packages/airflow/example_dags/example_latest_only_with_trigger.py for tasks to queue
[2024-10-24T06:57:05.729+0000] {logging_mixin.py:190} INFO - [2024-10-24T06:57:05.728+0000] {dagbag.py:588} INFO - Filling up the DagBag from /home/airflow/.local/lib/python3.12/site-packages/airflow/example_dags/example_latest_only_with_trigger.py
[2024-10-24T06:57:05.740+0000] {processor.py:925} INFO - DAG(s) 'latest_only_with_trigger' retrieved from /home/airflow/.local/lib/python3.12/site-packages/airflow/example_dags/example_latest_only_with_trigger.py
[2024-10-24T06:57:05.790+0000] {logging_mixin.py:190} INFO - [2024-10-24T06:57:05.790+0000] {dag.py:3239} INFO - Sync 1 DAGs
[2024-10-24T06:57:05.818+0000] {logging_mixin.py:190} INFO - [2024-10-24T06:57:05.818+0000] {dag.py:4180} INFO - Setting next_dagrun for latest_only_with_trigger to 2024-10-24 00:00:00+00:00, run_after=2024-10-24 04:00:00+00:00
[2024-10-24T06:57:05.835+0000] {processor.py:208} INFO - Processing /home/airflow/.local/lib/python3.12/site-packages/airflow/example_dags/example_latest_only_with_trigger.py took 0.125 seconds
[2024-10-24T06:57:35.928+0000] {processor.py:186} INFO - Started process (PID=99981) to work on /home/airflow/.local/lib/python3.12/site-packages/airflow/example_dags/example_latest_only_with_trigger.py
[2024-10-24T06:57:35.929+0000] {processor.py:914} INFO - Processing file /home/airflow/.local/lib/python3.12/site-packages/airflow/example_dags/example_latest_only_with_trigger.py for tasks to queue
[2024-10-24T06:57:35.930+0000] {logging_mixin.py:190} INFO - [2024-10-24T06:57:35.930+0000] {dagbag.py:588} INFO - Filling up the DagBag from /home/airflow/.local/lib/python3.12/site-packages/airflow/example_dags/example_latest_only_with_trigger.py
[2024-10-24T06:57:35.938+0000] {processor.py:925} INFO - DAG(s) 'latest_only_with_trigger' retrieved from /home/airflow/.local/lib/python3.12/site-packages/airflow/example_dags/example_latest_only_with_trigger.py
[2024-10-24T06:57:35.963+0000] {logging_mixin.py:190} INFO - [2024-10-24T06:57:35.963+0000] {dag.py:3239} INFO - Sync 1 DAGs
[2024-10-24T06:57:35.991+0000] {logging_mixin.py:190} INFO - [2024-10-24T06:57:35.991+0000] {dag.py:4180} INFO - Setting next_dagrun for latest_only_with_trigger to 2024-10-24 00:00:00+00:00, run_after=2024-10-24 04:00:00+00:00
[2024-10-24T06:57:36.009+0000] {processor.py:208} INFO - Processing /home/airflow/.local/lib/python3.12/site-packages/airflow/example_dags/example_latest_only_with_trigger.py took 0.090 seconds
[2024-10-24T06:58:06.476+0000] {processor.py:186} INFO - Started process (PID=100048) to work on /home/airflow/.local/lib/python3.12/site-packages/airflow/example_dags/example_latest_only_with_trigger.py
[2024-10-24T06:58:06.477+0000] {processor.py:914} INFO - Processing file /home/airflow/.local/lib/python3.12/site-packages/airflow/example_dags/example_latest_only_with_trigger.py for tasks to queue
[2024-10-24T06:58:06.479+0000] {logging_mixin.py:190} INFO - [2024-10-24T06:58:06.478+0000] {dagbag.py:588} INFO - Filling up the DagBag from /home/airflow/.local/lib/python3.12/site-packages/airflow/example_dags/example_latest_only_with_trigger.py
[2024-10-24T06:58:06.487+0000] {processor.py:925} INFO - DAG(s) 'latest_only_with_trigger' retrieved from /home/airflow/.local/lib/python3.12/site-packages/airflow/example_dags/example_latest_only_with_trigger.py
[2024-10-24T06:58:06.510+0000] {logging_mixin.py:190} INFO - [2024-10-24T06:58:06.510+0000] {dag.py:3239} INFO - Sync 1 DAGs
[2024-10-24T06:58:06.535+0000] {logging_mixin.py:190} INFO - [2024-10-24T06:58:06.534+0000] {dag.py:4180} INFO - Setting next_dagrun for latest_only_with_trigger to 2024-10-24 00:00:00+00:00, run_after=2024-10-24 04:00:00+00:00
[2024-10-24T06:58:06.552+0000] {processor.py:208} INFO - Processing /home/airflow/.local/lib/python3.12/site-packages/airflow/example_dags/example_latest_only_with_trigger.py took 0.083 seconds
[2024-10-24T06:58:37.341+0000] {processor.py:186} INFO - Started process (PID=100114) to work on /home/airflow/.local/lib/python3.12/site-packages/airflow/example_dags/example_latest_only_with_trigger.py
[2024-10-24T06:58:37.342+0000] {processor.py:914} INFO - Processing file /home/airflow/.local/lib/python3.12/site-packages/airflow/example_dags/example_latest_only_with_trigger.py for tasks to queue
[2024-10-24T06:58:37.344+0000] {logging_mixin.py:190} INFO - [2024-10-24T06:58:37.343+0000] {dagbag.py:588} INFO - Filling up the DagBag from /home/airflow/.local/lib/python3.12/site-packages/airflow/example_dags/example_latest_only_with_trigger.py
[2024-10-24T06:58:37.351+0000] {processor.py:925} INFO - DAG(s) 'latest_only_with_trigger' retrieved from /home/airflow/.local/lib/python3.12/site-packages/airflow/example_dags/example_latest_only_with_trigger.py
[2024-10-24T06:58:37.376+0000] {logging_mixin.py:190} INFO - [2024-10-24T06:58:37.376+0000] {dag.py:3239} INFO - Sync 1 DAGs
[2024-10-24T06:58:37.400+0000] {logging_mixin.py:190} INFO - [2024-10-24T06:58:37.400+0000] {dag.py:4180} INFO - Setting next_dagrun for latest_only_with_trigger to 2024-10-24 00:00:00+00:00, run_after=2024-10-24 04:00:00+00:00
[2024-10-24T06:58:37.420+0000] {processor.py:208} INFO - Processing /home/airflow/.local/lib/python3.12/site-packages/airflow/example_dags/example_latest_only_with_trigger.py took 0.086 seconds
