[2024-10-24T04:09:18.422+0000] {processor.py:186} INFO - Started process (PID=98890) to work on /home/airflow/.local/lib/python3.12/site-packages/airflow/example_dags/example_complex.py
[2024-10-24T04:09:18.425+0000] {processor.py:914} INFO - Processing file /home/airflow/.local/lib/python3.12/site-packages/airflow/example_dags/example_complex.py for tasks to queue
[2024-10-24T04:09:18.427+0000] {logging_mixin.py:190} INFO - [2024-10-24T04:09:18.427+0000] {dagbag.py:588} INFO - Filling up the DagBag from /home/airflow/.local/lib/python3.12/site-packages/airflow/example_dags/example_complex.py
[2024-10-24T04:09:18.457+0000] {processor.py:925} INFO - DAG(s) 'example_complex' retrieved from /home/airflow/.local/lib/python3.12/site-packages/airflow/example_dags/example_complex.py
[2024-10-24T04:09:18.569+0000] {logging_mixin.py:190} INFO - [2024-10-24T04:09:18.569+0000] {dag.py:3239} INFO - Sync 1 DAGs
[2024-10-24T04:09:18.625+0000] {logging_mixin.py:190} INFO - [2024-10-24T04:09:18.625+0000] {dag.py:4180} INFO - Setting next_dagrun for example_complex to None, run_after=None
[2024-10-24T04:09:18.664+0000] {processor.py:208} INFO - Processing /home/airflow/.local/lib/python3.12/site-packages/airflow/example_dags/example_complex.py took 0.256 seconds
[2024-10-24T04:09:49.597+0000] {processor.py:186} INFO - Started process (PID=98956) to work on /home/airflow/.local/lib/python3.12/site-packages/airflow/example_dags/example_complex.py
[2024-10-24T04:09:49.598+0000] {processor.py:914} INFO - Processing file /home/airflow/.local/lib/python3.12/site-packages/airflow/example_dags/example_complex.py for tasks to queue
[2024-10-24T04:09:49.600+0000] {logging_mixin.py:190} INFO - [2024-10-24T04:09:49.599+0000] {dagbag.py:588} INFO - Filling up the DagBag from /home/airflow/.local/lib/python3.12/site-packages/airflow/example_dags/example_complex.py
[2024-10-24T04:09:49.613+0000] {processor.py:925} INFO - DAG(s) 'example_complex' retrieved from /home/airflow/.local/lib/python3.12/site-packages/airflow/example_dags/example_complex.py
[2024-10-24T04:09:49.655+0000] {logging_mixin.py:190} INFO - [2024-10-24T04:09:49.655+0000] {dag.py:3239} INFO - Sync 1 DAGs
[2024-10-24T04:09:49.673+0000] {logging_mixin.py:190} INFO - [2024-10-24T04:09:49.673+0000] {dag.py:4180} INFO - Setting next_dagrun for example_complex to None, run_after=None
[2024-10-24T04:09:49.691+0000] {processor.py:208} INFO - Processing /home/airflow/.local/lib/python3.12/site-packages/airflow/example_dags/example_complex.py took 0.103 seconds
[2024-10-24T04:10:20.305+0000] {processor.py:186} INFO - Started process (PID=99023) to work on /home/airflow/.local/lib/python3.12/site-packages/airflow/example_dags/example_complex.py
[2024-10-24T04:10:20.306+0000] {processor.py:914} INFO - Processing file /home/airflow/.local/lib/python3.12/site-packages/airflow/example_dags/example_complex.py for tasks to queue
[2024-10-24T04:10:20.307+0000] {logging_mixin.py:190} INFO - [2024-10-24T04:10:20.307+0000] {dagbag.py:588} INFO - Filling up the DagBag from /home/airflow/.local/lib/python3.12/site-packages/airflow/example_dags/example_complex.py
[2024-10-24T04:10:20.320+0000] {processor.py:925} INFO - DAG(s) 'example_complex' retrieved from /home/airflow/.local/lib/python3.12/site-packages/airflow/example_dags/example_complex.py
[2024-10-24T04:10:20.361+0000] {logging_mixin.py:190} INFO - [2024-10-24T04:10:20.361+0000] {dag.py:3239} INFO - Sync 1 DAGs
[2024-10-24T04:10:20.380+0000] {logging_mixin.py:190} INFO - [2024-10-24T04:10:20.380+0000] {dag.py:4180} INFO - Setting next_dagrun for example_complex to None, run_after=None
[2024-10-24T04:10:20.399+0000] {processor.py:208} INFO - Processing /home/airflow/.local/lib/python3.12/site-packages/airflow/example_dags/example_complex.py took 0.103 seconds
[2024-10-24T04:10:51.029+0000] {processor.py:186} INFO - Started process (PID=99094) to work on /home/airflow/.local/lib/python3.12/site-packages/airflow/example_dags/example_complex.py
[2024-10-24T04:10:51.031+0000] {processor.py:914} INFO - Processing file /home/airflow/.local/lib/python3.12/site-packages/airflow/example_dags/example_complex.py for tasks to queue
[2024-10-24T04:10:51.032+0000] {logging_mixin.py:190} INFO - [2024-10-24T04:10:51.032+0000] {dagbag.py:588} INFO - Filling up the DagBag from /home/airflow/.local/lib/python3.12/site-packages/airflow/example_dags/example_complex.py
[2024-10-24T04:10:51.044+0000] {processor.py:925} INFO - DAG(s) 'example_complex' retrieved from /home/airflow/.local/lib/python3.12/site-packages/airflow/example_dags/example_complex.py
[2024-10-24T04:10:51.084+0000] {logging_mixin.py:190} INFO - [2024-10-24T04:10:51.084+0000] {dag.py:3239} INFO - Sync 1 DAGs
[2024-10-24T04:10:51.104+0000] {logging_mixin.py:190} INFO - [2024-10-24T04:10:51.104+0000] {dag.py:4180} INFO - Setting next_dagrun for example_complex to None, run_after=None
[2024-10-24T04:10:51.123+0000] {processor.py:208} INFO - Processing /home/airflow/.local/lib/python3.12/site-packages/airflow/example_dags/example_complex.py took 0.102 seconds
[2024-10-24T04:11:21.858+0000] {processor.py:186} INFO - Started process (PID=99161) to work on /home/airflow/.local/lib/python3.12/site-packages/airflow/example_dags/example_complex.py
[2024-10-24T04:11:21.859+0000] {processor.py:914} INFO - Processing file /home/airflow/.local/lib/python3.12/site-packages/airflow/example_dags/example_complex.py for tasks to queue
[2024-10-24T04:11:21.861+0000] {logging_mixin.py:190} INFO - [2024-10-24T04:11:21.860+0000] {dagbag.py:588} INFO - Filling up the DagBag from /home/airflow/.local/lib/python3.12/site-packages/airflow/example_dags/example_complex.py
[2024-10-24T04:11:21.874+0000] {processor.py:925} INFO - DAG(s) 'example_complex' retrieved from /home/airflow/.local/lib/python3.12/site-packages/airflow/example_dags/example_complex.py
[2024-10-24T04:11:21.914+0000] {logging_mixin.py:190} INFO - [2024-10-24T04:11:21.914+0000] {dag.py:3239} INFO - Sync 1 DAGs
[2024-10-24T04:11:21.931+0000] {logging_mixin.py:190} INFO - [2024-10-24T04:11:21.931+0000] {dag.py:4180} INFO - Setting next_dagrun for example_complex to None, run_after=None
[2024-10-24T04:11:21.952+0000] {processor.py:208} INFO - Processing /home/airflow/.local/lib/python3.12/site-packages/airflow/example_dags/example_complex.py took 0.103 seconds
[2024-10-24T04:11:52.581+0000] {processor.py:186} INFO - Started process (PID=99228) to work on /home/airflow/.local/lib/python3.12/site-packages/airflow/example_dags/example_complex.py
[2024-10-24T04:11:52.582+0000] {processor.py:914} INFO - Processing file /home/airflow/.local/lib/python3.12/site-packages/airflow/example_dags/example_complex.py for tasks to queue
[2024-10-24T04:11:52.584+0000] {logging_mixin.py:190} INFO - [2024-10-24T04:11:52.583+0000] {dagbag.py:588} INFO - Filling up the DagBag from /home/airflow/.local/lib/python3.12/site-packages/airflow/example_dags/example_complex.py
[2024-10-24T04:11:52.596+0000] {processor.py:925} INFO - DAG(s) 'example_complex' retrieved from /home/airflow/.local/lib/python3.12/site-packages/airflow/example_dags/example_complex.py
[2024-10-24T04:11:52.639+0000] {logging_mixin.py:190} INFO - [2024-10-24T04:11:52.639+0000] {dag.py:3239} INFO - Sync 1 DAGs
[2024-10-24T04:11:52.657+0000] {logging_mixin.py:190} INFO - [2024-10-24T04:11:52.657+0000] {dag.py:4180} INFO - Setting next_dagrun for example_complex to None, run_after=None
[2024-10-24T04:11:52.678+0000] {processor.py:208} INFO - Processing /home/airflow/.local/lib/python3.12/site-packages/airflow/example_dags/example_complex.py took 0.105 seconds
[2024-10-24T04:12:23.094+0000] {processor.py:186} INFO - Started process (PID=99294) to work on /home/airflow/.local/lib/python3.12/site-packages/airflow/example_dags/example_complex.py
[2024-10-24T04:12:23.096+0000] {processor.py:914} INFO - Processing file /home/airflow/.local/lib/python3.12/site-packages/airflow/example_dags/example_complex.py for tasks to queue
[2024-10-24T04:12:23.097+0000] {logging_mixin.py:190} INFO - [2024-10-24T04:12:23.097+0000] {dagbag.py:588} INFO - Filling up the DagBag from /home/airflow/.local/lib/python3.12/site-packages/airflow/example_dags/example_complex.py
[2024-10-24T04:12:23.109+0000] {processor.py:925} INFO - DAG(s) 'example_complex' retrieved from /home/airflow/.local/lib/python3.12/site-packages/airflow/example_dags/example_complex.py
[2024-10-24T04:12:23.150+0000] {logging_mixin.py:190} INFO - [2024-10-24T04:12:23.149+0000] {dag.py:3239} INFO - Sync 1 DAGs
[2024-10-24T04:12:23.166+0000] {logging_mixin.py:190} INFO - [2024-10-24T04:12:23.166+0000] {dag.py:4180} INFO - Setting next_dagrun for example_complex to None, run_after=None
[2024-10-24T04:12:23.184+0000] {processor.py:208} INFO - Processing /home/airflow/.local/lib/python3.12/site-packages/airflow/example_dags/example_complex.py took 0.099 seconds
[2024-10-24T04:12:54.169+0000] {processor.py:186} INFO - Started process (PID=99361) to work on /home/airflow/.local/lib/python3.12/site-packages/airflow/example_dags/example_complex.py
[2024-10-24T04:12:54.171+0000] {processor.py:914} INFO - Processing file /home/airflow/.local/lib/python3.12/site-packages/airflow/example_dags/example_complex.py for tasks to queue
[2024-10-24T04:12:54.172+0000] {logging_mixin.py:190} INFO - [2024-10-24T04:12:54.172+0000] {dagbag.py:588} INFO - Filling up the DagBag from /home/airflow/.local/lib/python3.12/site-packages/airflow/example_dags/example_complex.py
[2024-10-24T04:12:54.186+0000] {processor.py:925} INFO - DAG(s) 'example_complex' retrieved from /home/airflow/.local/lib/python3.12/site-packages/airflow/example_dags/example_complex.py
[2024-10-24T04:12:54.234+0000] {logging_mixin.py:190} INFO - [2024-10-24T04:12:54.234+0000] {dag.py:3239} INFO - Sync 1 DAGs
[2024-10-24T04:12:54.256+0000] {logging_mixin.py:190} INFO - [2024-10-24T04:12:54.255+0000] {dag.py:4180} INFO - Setting next_dagrun for example_complex to None, run_after=None
[2024-10-24T04:12:54.277+0000] {processor.py:208} INFO - Processing /home/airflow/.local/lib/python3.12/site-packages/airflow/example_dags/example_complex.py took 0.117 seconds
[2024-10-24T04:13:24.726+0000] {processor.py:186} INFO - Started process (PID=99427) to work on /home/airflow/.local/lib/python3.12/site-packages/airflow/example_dags/example_complex.py
[2024-10-24T04:13:24.727+0000] {processor.py:914} INFO - Processing file /home/airflow/.local/lib/python3.12/site-packages/airflow/example_dags/example_complex.py for tasks to queue
[2024-10-24T04:13:24.730+0000] {logging_mixin.py:190} INFO - [2024-10-24T04:13:24.729+0000] {dagbag.py:588} INFO - Filling up the DagBag from /home/airflow/.local/lib/python3.12/site-packages/airflow/example_dags/example_complex.py
[2024-10-24T04:13:24.742+0000] {processor.py:925} INFO - DAG(s) 'example_complex' retrieved from /home/airflow/.local/lib/python3.12/site-packages/airflow/example_dags/example_complex.py
[2024-10-24T04:13:24.784+0000] {logging_mixin.py:190} INFO - [2024-10-24T04:13:24.784+0000] {dag.py:3239} INFO - Sync 1 DAGs
[2024-10-24T04:13:24.801+0000] {logging_mixin.py:190} INFO - [2024-10-24T04:13:24.801+0000] {dag.py:4180} INFO - Setting next_dagrun for example_complex to None, run_after=None
[2024-10-24T04:13:24.821+0000] {processor.py:208} INFO - Processing /home/airflow/.local/lib/python3.12/site-packages/airflow/example_dags/example_complex.py took 0.103 seconds
[2024-10-24T04:13:55.632+0000] {processor.py:186} INFO - Started process (PID=99495) to work on /home/airflow/.local/lib/python3.12/site-packages/airflow/example_dags/example_complex.py
[2024-10-24T04:13:55.633+0000] {processor.py:914} INFO - Processing file /home/airflow/.local/lib/python3.12/site-packages/airflow/example_dags/example_complex.py for tasks to queue
[2024-10-24T04:13:55.634+0000] {logging_mixin.py:190} INFO - [2024-10-24T04:13:55.634+0000] {dagbag.py:588} INFO - Filling up the DagBag from /home/airflow/.local/lib/python3.12/site-packages/airflow/example_dags/example_complex.py
[2024-10-24T04:13:55.647+0000] {processor.py:925} INFO - DAG(s) 'example_complex' retrieved from /home/airflow/.local/lib/python3.12/site-packages/airflow/example_dags/example_complex.py
[2024-10-24T04:13:55.687+0000] {logging_mixin.py:190} INFO - [2024-10-24T04:13:55.687+0000] {dag.py:3239} INFO - Sync 1 DAGs
[2024-10-24T04:13:55.703+0000] {logging_mixin.py:190} INFO - [2024-10-24T04:13:55.703+0000] {dag.py:4180} INFO - Setting next_dagrun for example_complex to None, run_after=None
[2024-10-24T04:13:55.726+0000] {processor.py:208} INFO - Processing /home/airflow/.local/lib/python3.12/site-packages/airflow/example_dags/example_complex.py took 0.102 seconds
[2024-10-24T04:14:26.344+0000] {processor.py:186} INFO - Started process (PID=99562) to work on /home/airflow/.local/lib/python3.12/site-packages/airflow/example_dags/example_complex.py
[2024-10-24T04:14:26.345+0000] {processor.py:914} INFO - Processing file /home/airflow/.local/lib/python3.12/site-packages/airflow/example_dags/example_complex.py for tasks to queue
[2024-10-24T04:14:26.346+0000] {logging_mixin.py:190} INFO - [2024-10-24T04:14:26.346+0000] {dagbag.py:588} INFO - Filling up the DagBag from /home/airflow/.local/lib/python3.12/site-packages/airflow/example_dags/example_complex.py
[2024-10-24T04:14:26.360+0000] {processor.py:925} INFO - DAG(s) 'example_complex' retrieved from /home/airflow/.local/lib/python3.12/site-packages/airflow/example_dags/example_complex.py
[2024-10-24T04:14:26.398+0000] {logging_mixin.py:190} INFO - [2024-10-24T04:14:26.398+0000] {dag.py:3239} INFO - Sync 1 DAGs
[2024-10-24T04:14:26.416+0000] {logging_mixin.py:190} INFO - [2024-10-24T04:14:26.416+0000] {dag.py:4180} INFO - Setting next_dagrun for example_complex to None, run_after=None
[2024-10-24T04:14:26.435+0000] {processor.py:208} INFO - Processing /home/airflow/.local/lib/python3.12/site-packages/airflow/example_dags/example_complex.py took 0.098 seconds
[2024-10-24T04:14:56.871+0000] {processor.py:186} INFO - Started process (PID=99628) to work on /home/airflow/.local/lib/python3.12/site-packages/airflow/example_dags/example_complex.py
[2024-10-24T04:14:56.872+0000] {processor.py:914} INFO - Processing file /home/airflow/.local/lib/python3.12/site-packages/airflow/example_dags/example_complex.py for tasks to queue
[2024-10-24T04:14:56.874+0000] {logging_mixin.py:190} INFO - [2024-10-24T04:14:56.873+0000] {dagbag.py:588} INFO - Filling up the DagBag from /home/airflow/.local/lib/python3.12/site-packages/airflow/example_dags/example_complex.py
[2024-10-24T04:14:56.888+0000] {processor.py:925} INFO - DAG(s) 'example_complex' retrieved from /home/airflow/.local/lib/python3.12/site-packages/airflow/example_dags/example_complex.py
[2024-10-24T04:14:56.929+0000] {logging_mixin.py:190} INFO - [2024-10-24T04:14:56.928+0000] {dag.py:3239} INFO - Sync 1 DAGs
[2024-10-24T04:14:56.945+0000] {logging_mixin.py:190} INFO - [2024-10-24T04:14:56.945+0000] {dag.py:4180} INFO - Setting next_dagrun for example_complex to None, run_after=None
[2024-10-24T04:14:56.965+0000] {processor.py:208} INFO - Processing /home/airflow/.local/lib/python3.12/site-packages/airflow/example_dags/example_complex.py took 0.101 seconds
[2024-10-24T04:15:27.072+0000] {processor.py:186} INFO - Started process (PID=99694) to work on /home/airflow/.local/lib/python3.12/site-packages/airflow/example_dags/example_complex.py
[2024-10-24T04:15:27.074+0000] {processor.py:914} INFO - Processing file /home/airflow/.local/lib/python3.12/site-packages/airflow/example_dags/example_complex.py for tasks to queue
[2024-10-24T04:15:27.075+0000] {logging_mixin.py:190} INFO - [2024-10-24T04:15:27.075+0000] {dagbag.py:588} INFO - Filling up the DagBag from /home/airflow/.local/lib/python3.12/site-packages/airflow/example_dags/example_complex.py
[2024-10-24T04:15:27.088+0000] {processor.py:925} INFO - DAG(s) 'example_complex' retrieved from /home/airflow/.local/lib/python3.12/site-packages/airflow/example_dags/example_complex.py
[2024-10-24T04:15:27.128+0000] {logging_mixin.py:190} INFO - [2024-10-24T04:15:27.128+0000] {dag.py:3239} INFO - Sync 1 DAGs
[2024-10-24T04:15:27.146+0000] {logging_mixin.py:190} INFO - [2024-10-24T04:15:27.146+0000] {dag.py:4180} INFO - Setting next_dagrun for example_complex to None, run_after=None
[2024-10-24T04:15:27.169+0000] {processor.py:208} INFO - Processing /home/airflow/.local/lib/python3.12/site-packages/airflow/example_dags/example_complex.py took 0.105 seconds
[2024-10-24T06:56:02.088+0000] {processor.py:186} INFO - Started process (PID=99762) to work on /home/airflow/.local/lib/python3.12/site-packages/airflow/example_dags/example_complex.py
[2024-10-24T06:56:02.090+0000] {processor.py:914} INFO - Processing file /home/airflow/.local/lib/python3.12/site-packages/airflow/example_dags/example_complex.py for tasks to queue
[2024-10-24T06:56:02.092+0000] {logging_mixin.py:190} INFO - [2024-10-24T06:56:02.092+0000] {dagbag.py:588} INFO - Filling up the DagBag from /home/airflow/.local/lib/python3.12/site-packages/airflow/example_dags/example_complex.py
[2024-10-24T06:56:02.108+0000] {processor.py:925} INFO - DAG(s) 'example_complex' retrieved from /home/airflow/.local/lib/python3.12/site-packages/airflow/example_dags/example_complex.py
[2024-10-24T06:56:02.155+0000] {logging_mixin.py:190} INFO - [2024-10-24T06:56:02.155+0000] {dag.py:3239} INFO - Sync 1 DAGs
[2024-10-24T06:56:02.179+0000] {logging_mixin.py:190} INFO - [2024-10-24T06:56:02.179+0000] {dag.py:4180} INFO - Setting next_dagrun for example_complex to None, run_after=None
[2024-10-24T06:56:02.204+0000] {processor.py:208} INFO - Processing /home/airflow/.local/lib/python3.12/site-packages/airflow/example_dags/example_complex.py took 0.125 seconds
[2024-10-24T06:56:33.244+0000] {processor.py:186} INFO - Started process (PID=99829) to work on /home/airflow/.local/lib/python3.12/site-packages/airflow/example_dags/example_complex.py
[2024-10-24T06:56:33.245+0000] {processor.py:914} INFO - Processing file /home/airflow/.local/lib/python3.12/site-packages/airflow/example_dags/example_complex.py for tasks to queue
[2024-10-24T06:56:33.247+0000] {logging_mixin.py:190} INFO - [2024-10-24T06:56:33.246+0000] {dagbag.py:588} INFO - Filling up the DagBag from /home/airflow/.local/lib/python3.12/site-packages/airflow/example_dags/example_complex.py
[2024-10-24T06:56:33.259+0000] {processor.py:925} INFO - DAG(s) 'example_complex' retrieved from /home/airflow/.local/lib/python3.12/site-packages/airflow/example_dags/example_complex.py
[2024-10-24T06:56:33.311+0000] {logging_mixin.py:190} INFO - [2024-10-24T06:56:33.311+0000] {dag.py:3239} INFO - Sync 1 DAGs
[2024-10-24T06:56:33.330+0000] {logging_mixin.py:190} INFO - [2024-10-24T06:56:33.330+0000] {dag.py:4180} INFO - Setting next_dagrun for example_complex to None, run_after=None
[2024-10-24T06:56:33.350+0000] {processor.py:208} INFO - Processing /home/airflow/.local/lib/python3.12/site-packages/airflow/example_dags/example_complex.py took 0.114 seconds
[2024-10-24T06:57:04.090+0000] {processor.py:186} INFO - Started process (PID=99896) to work on /home/airflow/.local/lib/python3.12/site-packages/airflow/example_dags/example_complex.py
[2024-10-24T06:57:04.093+0000] {processor.py:914} INFO - Processing file /home/airflow/.local/lib/python3.12/site-packages/airflow/example_dags/example_complex.py for tasks to queue
[2024-10-24T06:57:04.096+0000] {logging_mixin.py:190} INFO - [2024-10-24T06:57:04.095+0000] {dagbag.py:588} INFO - Filling up the DagBag from /home/airflow/.local/lib/python3.12/site-packages/airflow/example_dags/example_complex.py
[2024-10-24T06:57:04.115+0000] {processor.py:925} INFO - DAG(s) 'example_complex' retrieved from /home/airflow/.local/lib/python3.12/site-packages/airflow/example_dags/example_complex.py
[2024-10-24T06:57:04.161+0000] {logging_mixin.py:190} INFO - [2024-10-24T06:57:04.161+0000] {dag.py:3239} INFO - Sync 1 DAGs
[2024-10-24T06:57:04.185+0000] {logging_mixin.py:190} INFO - [2024-10-24T06:57:04.180+0000] {dag.py:4180} INFO - Setting next_dagrun for example_complex to None, run_after=None
[2024-10-24T06:57:04.208+0000] {processor.py:208} INFO - Processing /home/airflow/.local/lib/python3.12/site-packages/airflow/example_dags/example_complex.py took 0.140 seconds
[2024-10-24T06:57:34.661+0000] {processor.py:186} INFO - Started process (PID=99963) to work on /home/airflow/.local/lib/python3.12/site-packages/airflow/example_dags/example_complex.py
[2024-10-24T06:57:34.662+0000] {processor.py:914} INFO - Processing file /home/airflow/.local/lib/python3.12/site-packages/airflow/example_dags/example_complex.py for tasks to queue
[2024-10-24T06:57:34.664+0000] {logging_mixin.py:190} INFO - [2024-10-24T06:57:34.663+0000] {dagbag.py:588} INFO - Filling up the DagBag from /home/airflow/.local/lib/python3.12/site-packages/airflow/example_dags/example_complex.py
[2024-10-24T06:57:34.680+0000] {processor.py:925} INFO - DAG(s) 'example_complex' retrieved from /home/airflow/.local/lib/python3.12/site-packages/airflow/example_dags/example_complex.py
[2024-10-24T06:57:34.722+0000] {logging_mixin.py:190} INFO - [2024-10-24T06:57:34.721+0000] {dag.py:3239} INFO - Sync 1 DAGs
[2024-10-24T06:57:34.740+0000] {logging_mixin.py:190} INFO - [2024-10-24T06:57:34.740+0000] {dag.py:4180} INFO - Setting next_dagrun for example_complex to None, run_after=None
[2024-10-24T06:57:34.760+0000] {processor.py:208} INFO - Processing /home/airflow/.local/lib/python3.12/site-packages/airflow/example_dags/example_complex.py took 0.108 seconds
[2024-10-24T06:58:05.083+0000] {processor.py:186} INFO - Started process (PID=100030) to work on /home/airflow/.local/lib/python3.12/site-packages/airflow/example_dags/example_complex.py
[2024-10-24T06:58:05.085+0000] {processor.py:914} INFO - Processing file /home/airflow/.local/lib/python3.12/site-packages/airflow/example_dags/example_complex.py for tasks to queue
[2024-10-24T06:58:05.087+0000] {logging_mixin.py:190} INFO - [2024-10-24T06:58:05.086+0000] {dagbag.py:588} INFO - Filling up the DagBag from /home/airflow/.local/lib/python3.12/site-packages/airflow/example_dags/example_complex.py
[2024-10-24T06:58:05.104+0000] {processor.py:925} INFO - DAG(s) 'example_complex' retrieved from /home/airflow/.local/lib/python3.12/site-packages/airflow/example_dags/example_complex.py
[2024-10-24T06:58:05.150+0000] {logging_mixin.py:190} INFO - [2024-10-24T06:58:05.150+0000] {dag.py:3239} INFO - Sync 1 DAGs
[2024-10-24T06:58:05.168+0000] {logging_mixin.py:190} INFO - [2024-10-24T06:58:05.168+0000] {dag.py:4180} INFO - Setting next_dagrun for example_complex to None, run_after=None
[2024-10-24T06:58:05.187+0000] {processor.py:208} INFO - Processing /home/airflow/.local/lib/python3.12/site-packages/airflow/example_dags/example_complex.py took 0.113 seconds
[2024-10-24T06:58:35.753+0000] {processor.py:186} INFO - Started process (PID=100096) to work on /home/airflow/.local/lib/python3.12/site-packages/airflow/example_dags/example_complex.py
[2024-10-24T06:58:35.755+0000] {processor.py:914} INFO - Processing file /home/airflow/.local/lib/python3.12/site-packages/airflow/example_dags/example_complex.py for tasks to queue
[2024-10-24T06:58:35.757+0000] {logging_mixin.py:190} INFO - [2024-10-24T06:58:35.757+0000] {dagbag.py:588} INFO - Filling up the DagBag from /home/airflow/.local/lib/python3.12/site-packages/airflow/example_dags/example_complex.py
[2024-10-24T06:58:35.776+0000] {processor.py:925} INFO - DAG(s) 'example_complex' retrieved from /home/airflow/.local/lib/python3.12/site-packages/airflow/example_dags/example_complex.py
[2024-10-24T06:58:35.857+0000] {logging_mixin.py:190} INFO - [2024-10-24T06:58:35.856+0000] {dag.py:3239} INFO - Sync 1 DAGs
[2024-10-24T06:58:35.884+0000] {logging_mixin.py:190} INFO - [2024-10-24T06:58:35.884+0000] {dag.py:4180} INFO - Setting next_dagrun for example_complex to None, run_after=None
[2024-10-24T06:58:35.919+0000] {processor.py:208} INFO - Processing /home/airflow/.local/lib/python3.12/site-packages/airflow/example_dags/example_complex.py took 0.176 seconds
[2024-10-24T06:59:06.429+0000] {processor.py:186} INFO - Started process (PID=100163) to work on /home/airflow/.local/lib/python3.12/site-packages/airflow/example_dags/example_complex.py
[2024-10-24T06:59:06.431+0000] {processor.py:914} INFO - Processing file /home/airflow/.local/lib/python3.12/site-packages/airflow/example_dags/example_complex.py for tasks to queue
[2024-10-24T06:59:06.433+0000] {logging_mixin.py:190} INFO - [2024-10-24T06:59:06.432+0000] {dagbag.py:588} INFO - Filling up the DagBag from /home/airflow/.local/lib/python3.12/site-packages/airflow/example_dags/example_complex.py
[2024-10-24T06:59:06.447+0000] {processor.py:925} INFO - DAG(s) 'example_complex' retrieved from /home/airflow/.local/lib/python3.12/site-packages/airflow/example_dags/example_complex.py
[2024-10-24T06:59:06.492+0000] {logging_mixin.py:190} INFO - [2024-10-24T06:59:06.492+0000] {dag.py:3239} INFO - Sync 1 DAGs
[2024-10-24T06:59:06.741+0000] {logging_mixin.py:190} INFO - [2024-10-24T06:59:06.741+0000] {dag.py:4180} INFO - Setting next_dagrun for example_complex to None, run_after=None
[2024-10-24T06:59:06.763+0000] {processor.py:208} INFO - Processing /home/airflow/.local/lib/python3.12/site-packages/airflow/example_dags/example_complex.py took 0.344 seconds
