[2024-10-24T04:09:23.119+0000] {processor.py:186} INFO - Started process (PID=98934) to work on /home/airflow/.local/lib/python3.12/site-packages/airflow/example_dags/example_nested_branch_dag.py
[2024-10-24T04:09:23.120+0000] {processor.py:914} INFO - Processing file /home/airflow/.local/lib/python3.12/site-packages/airflow/example_dags/example_nested_branch_dag.py for tasks to queue
[2024-10-24T04:09:23.122+0000] {logging_mixin.py:190} INFO - [2024-10-24T04:09:23.121+0000] {dagbag.py:588} INFO - Filling up the DagBag from /home/airflow/.local/lib/python3.12/site-packages/airflow/example_dags/example_nested_branch_dag.py
[2024-10-24T04:09:23.133+0000] {processor.py:925} INFO - DAG(s) 'example_nested_branch_dag' retrieved from /home/airflow/.local/lib/python3.12/site-packages/airflow/example_dags/example_nested_branch_dag.py
[2024-10-24T04:09:23.162+0000] {logging_mixin.py:190} INFO - [2024-10-24T04:09:23.162+0000] {dag.py:3239} INFO - Sync 1 DAGs
[2024-10-24T04:09:23.188+0000] {logging_mixin.py:190} INFO - [2024-10-24T04:09:23.188+0000] {dag.py:4180} INFO - Setting next_dagrun for example_nested_branch_dag to 2024-10-23 00:00:00+00:00, run_after=2024-10-24 00:00:00+00:00
[2024-10-24T04:09:23.207+0000] {processor.py:208} INFO - Processing /home/airflow/.local/lib/python3.12/site-packages/airflow/example_dags/example_nested_branch_dag.py took 0.098 seconds
[2024-10-24T04:09:53.689+0000] {processor.py:186} INFO - Started process (PID=99001) to work on /home/airflow/.local/lib/python3.12/site-packages/airflow/example_dags/example_nested_branch_dag.py
[2024-10-24T04:09:53.690+0000] {processor.py:914} INFO - Processing file /home/airflow/.local/lib/python3.12/site-packages/airflow/example_dags/example_nested_branch_dag.py for tasks to queue
[2024-10-24T04:09:53.692+0000] {logging_mixin.py:190} INFO - [2024-10-24T04:09:53.691+0000] {dagbag.py:588} INFO - Filling up the DagBag from /home/airflow/.local/lib/python3.12/site-packages/airflow/example_dags/example_nested_branch_dag.py
[2024-10-24T04:09:53.704+0000] {processor.py:925} INFO - DAG(s) 'example_nested_branch_dag' retrieved from /home/airflow/.local/lib/python3.12/site-packages/airflow/example_dags/example_nested_branch_dag.py
[2024-10-24T04:09:53.748+0000] {logging_mixin.py:190} INFO - [2024-10-24T04:09:53.748+0000] {dag.py:3239} INFO - Sync 1 DAGs
[2024-10-24T04:09:53.781+0000] {logging_mixin.py:190} INFO - [2024-10-24T04:09:53.781+0000] {dag.py:4180} INFO - Setting next_dagrun for example_nested_branch_dag to 2024-10-23 00:00:00+00:00, run_after=2024-10-24 00:00:00+00:00
[2024-10-24T04:09:53.801+0000] {processor.py:208} INFO - Processing /home/airflow/.local/lib/python3.12/site-packages/airflow/example_dags/example_nested_branch_dag.py took 0.121 seconds
[2024-10-24T04:10:24.492+0000] {processor.py:186} INFO - Started process (PID=99067) to work on /home/airflow/.local/lib/python3.12/site-packages/airflow/example_dags/example_nested_branch_dag.py
[2024-10-24T04:10:24.493+0000] {processor.py:914} INFO - Processing file /home/airflow/.local/lib/python3.12/site-packages/airflow/example_dags/example_nested_branch_dag.py for tasks to queue
[2024-10-24T04:10:24.494+0000] {logging_mixin.py:190} INFO - [2024-10-24T04:10:24.494+0000] {dagbag.py:588} INFO - Filling up the DagBag from /home/airflow/.local/lib/python3.12/site-packages/airflow/example_dags/example_nested_branch_dag.py
[2024-10-24T04:10:24.506+0000] {processor.py:925} INFO - DAG(s) 'example_nested_branch_dag' retrieved from /home/airflow/.local/lib/python3.12/site-packages/airflow/example_dags/example_nested_branch_dag.py
[2024-10-24T04:10:24.534+0000] {logging_mixin.py:190} INFO - [2024-10-24T04:10:24.534+0000] {dag.py:3239} INFO - Sync 1 DAGs
[2024-10-24T04:10:24.560+0000] {logging_mixin.py:190} INFO - [2024-10-24T04:10:24.560+0000] {dag.py:4180} INFO - Setting next_dagrun for example_nested_branch_dag to 2024-10-23 00:00:00+00:00, run_after=2024-10-24 00:00:00+00:00
[2024-10-24T04:10:24.580+0000] {processor.py:208} INFO - Processing /home/airflow/.local/lib/python3.12/site-packages/airflow/example_dags/example_nested_branch_dag.py took 0.096 seconds
[2024-10-24T04:10:55.156+0000] {processor.py:186} INFO - Started process (PID=99132) to work on /home/airflow/.local/lib/python3.12/site-packages/airflow/example_dags/example_nested_branch_dag.py
[2024-10-24T04:10:55.158+0000] {processor.py:914} INFO - Processing file /home/airflow/.local/lib/python3.12/site-packages/airflow/example_dags/example_nested_branch_dag.py for tasks to queue
[2024-10-24T04:10:55.159+0000] {logging_mixin.py:190} INFO - [2024-10-24T04:10:55.159+0000] {dagbag.py:588} INFO - Filling up the DagBag from /home/airflow/.local/lib/python3.12/site-packages/airflow/example_dags/example_nested_branch_dag.py
[2024-10-24T04:10:55.169+0000] {processor.py:925} INFO - DAG(s) 'example_nested_branch_dag' retrieved from /home/airflow/.local/lib/python3.12/site-packages/airflow/example_dags/example_nested_branch_dag.py
[2024-10-24T04:10:55.194+0000] {logging_mixin.py:190} INFO - [2024-10-24T04:10:55.193+0000] {dag.py:3239} INFO - Sync 1 DAGs
[2024-10-24T04:10:55.220+0000] {logging_mixin.py:190} INFO - [2024-10-24T04:10:55.220+0000] {dag.py:4180} INFO - Setting next_dagrun for example_nested_branch_dag to 2024-10-23 00:00:00+00:00, run_after=2024-10-24 00:00:00+00:00
[2024-10-24T04:10:55.240+0000] {processor.py:208} INFO - Processing /home/airflow/.local/lib/python3.12/site-packages/airflow/example_dags/example_nested_branch_dag.py took 0.091 seconds
[2024-10-24T04:11:26.388+0000] {processor.py:186} INFO - Started process (PID=99199) to work on /home/airflow/.local/lib/python3.12/site-packages/airflow/example_dags/example_nested_branch_dag.py
[2024-10-24T04:11:26.389+0000] {processor.py:914} INFO - Processing file /home/airflow/.local/lib/python3.12/site-packages/airflow/example_dags/example_nested_branch_dag.py for tasks to queue
[2024-10-24T04:11:26.391+0000] {logging_mixin.py:190} INFO - [2024-10-24T04:11:26.391+0000] {dagbag.py:588} INFO - Filling up the DagBag from /home/airflow/.local/lib/python3.12/site-packages/airflow/example_dags/example_nested_branch_dag.py
[2024-10-24T04:11:26.407+0000] {processor.py:925} INFO - DAG(s) 'example_nested_branch_dag' retrieved from /home/airflow/.local/lib/python3.12/site-packages/airflow/example_dags/example_nested_branch_dag.py
[2024-10-24T04:11:26.437+0000] {logging_mixin.py:190} INFO - [2024-10-24T04:11:26.437+0000] {dag.py:3239} INFO - Sync 1 DAGs
[2024-10-24T04:11:26.465+0000] {logging_mixin.py:190} INFO - [2024-10-24T04:11:26.465+0000] {dag.py:4180} INFO - Setting next_dagrun for example_nested_branch_dag to 2024-10-23 00:00:00+00:00, run_after=2024-10-24 00:00:00+00:00
[2024-10-24T04:11:26.487+0000] {processor.py:208} INFO - Processing /home/airflow/.local/lib/python3.12/site-packages/airflow/example_dags/example_nested_branch_dag.py took 0.110 seconds
[2024-10-24T04:11:59.130+0000] {processor.py:186} INFO - Started process (PID=99266) to work on /home/airflow/.local/lib/python3.12/site-packages/airflow/example_dags/example_nested_branch_dag.py
[2024-10-24T04:11:59.131+0000] {processor.py:914} INFO - Processing file /home/airflow/.local/lib/python3.12/site-packages/airflow/example_dags/example_nested_branch_dag.py for tasks to queue
[2024-10-24T04:11:59.134+0000] {logging_mixin.py:190} INFO - [2024-10-24T04:11:59.133+0000] {dagbag.py:588} INFO - Filling up the DagBag from /home/airflow/.local/lib/python3.12/site-packages/airflow/example_dags/example_nested_branch_dag.py
[2024-10-24T04:11:59.145+0000] {processor.py:925} INFO - DAG(s) 'example_nested_branch_dag' retrieved from /home/airflow/.local/lib/python3.12/site-packages/airflow/example_dags/example_nested_branch_dag.py
[2024-10-24T04:11:59.178+0000] {logging_mixin.py:190} INFO - [2024-10-24T04:11:59.177+0000] {dag.py:3239} INFO - Sync 1 DAGs
[2024-10-24T04:11:59.205+0000] {logging_mixin.py:190} INFO - [2024-10-24T04:11:59.204+0000] {dag.py:4180} INFO - Setting next_dagrun for example_nested_branch_dag to 2024-10-23 00:00:00+00:00, run_after=2024-10-24 00:00:00+00:00
[2024-10-24T04:11:59.229+0000] {processor.py:208} INFO - Processing /home/airflow/.local/lib/python3.12/site-packages/airflow/example_dags/example_nested_branch_dag.py took 0.109 seconds
[2024-10-24T04:12:30.399+0000] {processor.py:186} INFO - Started process (PID=99334) to work on /home/airflow/.local/lib/python3.12/site-packages/airflow/example_dags/example_nested_branch_dag.py
[2024-10-24T04:12:30.401+0000] {processor.py:914} INFO - Processing file /home/airflow/.local/lib/python3.12/site-packages/airflow/example_dags/example_nested_branch_dag.py for tasks to queue
[2024-10-24T04:12:30.402+0000] {logging_mixin.py:190} INFO - [2024-10-24T04:12:30.402+0000] {dagbag.py:588} INFO - Filling up the DagBag from /home/airflow/.local/lib/python3.12/site-packages/airflow/example_dags/example_nested_branch_dag.py
[2024-10-24T04:12:30.413+0000] {processor.py:925} INFO - DAG(s) 'example_nested_branch_dag' retrieved from /home/airflow/.local/lib/python3.12/site-packages/airflow/example_dags/example_nested_branch_dag.py
[2024-10-24T04:12:30.438+0000] {logging_mixin.py:190} INFO - [2024-10-24T04:12:30.438+0000] {dag.py:3239} INFO - Sync 1 DAGs
[2024-10-24T04:12:30.465+0000] {logging_mixin.py:190} INFO - [2024-10-24T04:12:30.465+0000] {dag.py:4180} INFO - Setting next_dagrun for example_nested_branch_dag to 2024-10-23 00:00:00+00:00, run_after=2024-10-24 00:00:00+00:00
[2024-10-24T04:12:30.484+0000] {processor.py:208} INFO - Processing /home/airflow/.local/lib/python3.12/site-packages/airflow/example_dags/example_nested_branch_dag.py took 0.092 seconds
[2024-10-24T04:13:00.649+0000] {processor.py:186} INFO - Started process (PID=99399) to work on /home/airflow/.local/lib/python3.12/site-packages/airflow/example_dags/example_nested_branch_dag.py
[2024-10-24T04:13:00.651+0000] {processor.py:914} INFO - Processing file /home/airflow/.local/lib/python3.12/site-packages/airflow/example_dags/example_nested_branch_dag.py for tasks to queue
[2024-10-24T04:13:00.653+0000] {logging_mixin.py:190} INFO - [2024-10-24T04:13:00.652+0000] {dagbag.py:588} INFO - Filling up the DagBag from /home/airflow/.local/lib/python3.12/site-packages/airflow/example_dags/example_nested_branch_dag.py
[2024-10-24T04:13:00.666+0000] {processor.py:925} INFO - DAG(s) 'example_nested_branch_dag' retrieved from /home/airflow/.local/lib/python3.12/site-packages/airflow/example_dags/example_nested_branch_dag.py
[2024-10-24T04:13:00.693+0000] {logging_mixin.py:190} INFO - [2024-10-24T04:13:00.693+0000] {dag.py:3239} INFO - Sync 1 DAGs
[2024-10-24T04:13:00.720+0000] {logging_mixin.py:190} INFO - [2024-10-24T04:13:00.720+0000] {dag.py:4180} INFO - Setting next_dagrun for example_nested_branch_dag to 2024-10-23 00:00:00+00:00, run_after=2024-10-24 00:00:00+00:00
[2024-10-24T04:13:00.739+0000] {processor.py:208} INFO - Processing /home/airflow/.local/lib/python3.12/site-packages/airflow/example_dags/example_nested_branch_dag.py took 0.099 seconds
[2024-10-24T04:13:31.060+0000] {processor.py:186} INFO - Started process (PID=99466) to work on /home/airflow/.local/lib/python3.12/site-packages/airflow/example_dags/example_nested_branch_dag.py
[2024-10-24T04:13:31.061+0000] {processor.py:914} INFO - Processing file /home/airflow/.local/lib/python3.12/site-packages/airflow/example_dags/example_nested_branch_dag.py for tasks to queue
[2024-10-24T04:13:31.063+0000] {logging_mixin.py:190} INFO - [2024-10-24T04:13:31.063+0000] {dagbag.py:588} INFO - Filling up the DagBag from /home/airflow/.local/lib/python3.12/site-packages/airflow/example_dags/example_nested_branch_dag.py
[2024-10-24T04:13:31.075+0000] {processor.py:925} INFO - DAG(s) 'example_nested_branch_dag' retrieved from /home/airflow/.local/lib/python3.12/site-packages/airflow/example_dags/example_nested_branch_dag.py
[2024-10-24T04:13:31.102+0000] {logging_mixin.py:190} INFO - [2024-10-24T04:13:31.102+0000] {dag.py:3239} INFO - Sync 1 DAGs
[2024-10-24T04:13:31.135+0000] {logging_mixin.py:190} INFO - [2024-10-24T04:13:31.134+0000] {dag.py:4180} INFO - Setting next_dagrun for example_nested_branch_dag to 2024-10-23 00:00:00+00:00, run_after=2024-10-24 00:00:00+00:00
[2024-10-24T04:13:31.153+0000] {processor.py:208} INFO - Processing /home/airflow/.local/lib/python3.12/site-packages/airflow/example_dags/example_nested_branch_dag.py took 0.101 seconds
[2024-10-24T04:14:01.585+0000] {processor.py:186} INFO - Started process (PID=99533) to work on /home/airflow/.local/lib/python3.12/site-packages/airflow/example_dags/example_nested_branch_dag.py
[2024-10-24T04:14:01.587+0000] {processor.py:914} INFO - Processing file /home/airflow/.local/lib/python3.12/site-packages/airflow/example_dags/example_nested_branch_dag.py for tasks to queue
[2024-10-24T04:14:01.588+0000] {logging_mixin.py:190} INFO - [2024-10-24T04:14:01.588+0000] {dagbag.py:588} INFO - Filling up the DagBag from /home/airflow/.local/lib/python3.12/site-packages/airflow/example_dags/example_nested_branch_dag.py
[2024-10-24T04:14:01.601+0000] {processor.py:925} INFO - DAG(s) 'example_nested_branch_dag' retrieved from /home/airflow/.local/lib/python3.12/site-packages/airflow/example_dags/example_nested_branch_dag.py
[2024-10-24T04:14:01.628+0000] {logging_mixin.py:190} INFO - [2024-10-24T04:14:01.627+0000] {dag.py:3239} INFO - Sync 1 DAGs
[2024-10-24T04:14:01.663+0000] {logging_mixin.py:190} INFO - [2024-10-24T04:14:01.662+0000] {dag.py:4180} INFO - Setting next_dagrun for example_nested_branch_dag to 2024-10-23 00:00:00+00:00, run_after=2024-10-24 00:00:00+00:00
[2024-10-24T04:14:01.686+0000] {processor.py:208} INFO - Processing /home/airflow/.local/lib/python3.12/site-packages/airflow/example_dags/example_nested_branch_dag.py took 0.110 seconds
[2024-10-24T04:14:32.200+0000] {processor.py:186} INFO - Started process (PID=99599) to work on /home/airflow/.local/lib/python3.12/site-packages/airflow/example_dags/example_nested_branch_dag.py
[2024-10-24T04:14:32.201+0000] {processor.py:914} INFO - Processing file /home/airflow/.local/lib/python3.12/site-packages/airflow/example_dags/example_nested_branch_dag.py for tasks to queue
[2024-10-24T04:14:32.202+0000] {logging_mixin.py:190} INFO - [2024-10-24T04:14:32.202+0000] {dagbag.py:588} INFO - Filling up the DagBag from /home/airflow/.local/lib/python3.12/site-packages/airflow/example_dags/example_nested_branch_dag.py
[2024-10-24T04:14:32.213+0000] {processor.py:925} INFO - DAG(s) 'example_nested_branch_dag' retrieved from /home/airflow/.local/lib/python3.12/site-packages/airflow/example_dags/example_nested_branch_dag.py
[2024-10-24T04:14:32.238+0000] {logging_mixin.py:190} INFO - [2024-10-24T04:14:32.238+0000] {dag.py:3239} INFO - Sync 1 DAGs
[2024-10-24T04:14:32.265+0000] {logging_mixin.py:190} INFO - [2024-10-24T04:14:32.265+0000] {dag.py:4180} INFO - Setting next_dagrun for example_nested_branch_dag to 2024-10-23 00:00:00+00:00, run_after=2024-10-24 00:00:00+00:00
[2024-10-24T04:14:32.282+0000] {processor.py:208} INFO - Processing /home/airflow/.local/lib/python3.12/site-packages/airflow/example_dags/example_nested_branch_dag.py took 0.091 seconds
[2024-10-24T04:15:02.765+0000] {processor.py:186} INFO - Started process (PID=99665) to work on /home/airflow/.local/lib/python3.12/site-packages/airflow/example_dags/example_nested_branch_dag.py
[2024-10-24T04:15:02.766+0000] {processor.py:914} INFO - Processing file /home/airflow/.local/lib/python3.12/site-packages/airflow/example_dags/example_nested_branch_dag.py for tasks to queue
[2024-10-24T04:15:02.767+0000] {logging_mixin.py:190} INFO - [2024-10-24T04:15:02.767+0000] {dagbag.py:588} INFO - Filling up the DagBag from /home/airflow/.local/lib/python3.12/site-packages/airflow/example_dags/example_nested_branch_dag.py
[2024-10-24T04:15:02.779+0000] {processor.py:925} INFO - DAG(s) 'example_nested_branch_dag' retrieved from /home/airflow/.local/lib/python3.12/site-packages/airflow/example_dags/example_nested_branch_dag.py
[2024-10-24T04:15:02.805+0000] {logging_mixin.py:190} INFO - [2024-10-24T04:15:02.805+0000] {dag.py:3239} INFO - Sync 1 DAGs
[2024-10-24T04:15:02.833+0000] {logging_mixin.py:190} INFO - [2024-10-24T04:15:02.833+0000] {dag.py:4180} INFO - Setting next_dagrun for example_nested_branch_dag to 2024-10-23 00:00:00+00:00, run_after=2024-10-24 00:00:00+00:00
[2024-10-24T04:15:02.851+0000] {processor.py:208} INFO - Processing /home/airflow/.local/lib/python3.12/site-packages/airflow/example_dags/example_nested_branch_dag.py took 0.094 seconds
[2024-10-24T04:15:33.359+0000] {processor.py:186} INFO - Started process (PID=99732) to work on /home/airflow/.local/lib/python3.12/site-packages/airflow/example_dags/example_nested_branch_dag.py
[2024-10-24T04:15:33.361+0000] {processor.py:914} INFO - Processing file /home/airflow/.local/lib/python3.12/site-packages/airflow/example_dags/example_nested_branch_dag.py for tasks to queue
[2024-10-24T04:15:33.363+0000] {logging_mixin.py:190} INFO - [2024-10-24T04:15:33.362+0000] {dagbag.py:588} INFO - Filling up the DagBag from /home/airflow/.local/lib/python3.12/site-packages/airflow/example_dags/example_nested_branch_dag.py
[2024-10-24T04:15:33.374+0000] {processor.py:925} INFO - DAG(s) 'example_nested_branch_dag' retrieved from /home/airflow/.local/lib/python3.12/site-packages/airflow/example_dags/example_nested_branch_dag.py
[2024-10-24T04:15:33.402+0000] {logging_mixin.py:190} INFO - [2024-10-24T04:15:33.401+0000] {dag.py:3239} INFO - Sync 1 DAGs
[2024-10-24T04:15:33.427+0000] {logging_mixin.py:190} INFO - [2024-10-24T04:15:33.427+0000] {dag.py:4180} INFO - Setting next_dagrun for example_nested_branch_dag to 2024-10-23 00:00:00+00:00, run_after=2024-10-24 00:00:00+00:00
[2024-10-24T04:15:33.446+0000] {processor.py:208} INFO - Processing /home/airflow/.local/lib/python3.12/site-packages/airflow/example_dags/example_nested_branch_dag.py took 0.097 seconds
[2024-10-24T06:56:05.698+0000] {processor.py:186} INFO - Started process (PID=99801) to work on /home/airflow/.local/lib/python3.12/site-packages/airflow/example_dags/example_nested_branch_dag.py
[2024-10-24T06:56:05.700+0000] {processor.py:914} INFO - Processing file /home/airflow/.local/lib/python3.12/site-packages/airflow/example_dags/example_nested_branch_dag.py for tasks to queue
[2024-10-24T06:56:05.702+0000] {logging_mixin.py:190} INFO - [2024-10-24T06:56:05.701+0000] {dagbag.py:588} INFO - Filling up the DagBag from /home/airflow/.local/lib/python3.12/site-packages/airflow/example_dags/example_nested_branch_dag.py
[2024-10-24T06:56:05.717+0000] {processor.py:925} INFO - DAG(s) 'example_nested_branch_dag' retrieved from /home/airflow/.local/lib/python3.12/site-packages/airflow/example_dags/example_nested_branch_dag.py
[2024-10-24T06:56:05.770+0000] {logging_mixin.py:190} INFO - [2024-10-24T06:56:05.770+0000] {dag.py:3239} INFO - Sync 1 DAGs
[2024-10-24T06:56:05.810+0000] {logging_mixin.py:190} INFO - [2024-10-24T06:56:05.809+0000] {dag.py:4180} INFO - Setting next_dagrun for example_nested_branch_dag to 2024-10-23 00:00:00+00:00, run_after=2024-10-24 00:00:00+00:00
[2024-10-24T06:56:05.853+0000] {processor.py:208} INFO - Processing /home/airflow/.local/lib/python3.12/site-packages/airflow/example_dags/example_nested_branch_dag.py took 0.174 seconds
[2024-10-24T06:56:36.617+0000] {processor.py:186} INFO - Started process (PID=99868) to work on /home/airflow/.local/lib/python3.12/site-packages/airflow/example_dags/example_nested_branch_dag.py
[2024-10-24T06:56:36.618+0000] {processor.py:914} INFO - Processing file /home/airflow/.local/lib/python3.12/site-packages/airflow/example_dags/example_nested_branch_dag.py for tasks to queue
[2024-10-24T06:56:36.621+0000] {logging_mixin.py:190} INFO - [2024-10-24T06:56:36.621+0000] {dagbag.py:588} INFO - Filling up the DagBag from /home/airflow/.local/lib/python3.12/site-packages/airflow/example_dags/example_nested_branch_dag.py
[2024-10-24T06:56:36.633+0000] {processor.py:925} INFO - DAG(s) 'example_nested_branch_dag' retrieved from /home/airflow/.local/lib/python3.12/site-packages/airflow/example_dags/example_nested_branch_dag.py
[2024-10-24T06:56:36.663+0000] {logging_mixin.py:190} INFO - [2024-10-24T06:56:36.663+0000] {dag.py:3239} INFO - Sync 1 DAGs
[2024-10-24T06:56:36.694+0000] {logging_mixin.py:190} INFO - [2024-10-24T06:56:36.693+0000] {dag.py:4180} INFO - Setting next_dagrun for example_nested_branch_dag to 2024-10-23 00:00:00+00:00, run_after=2024-10-24 00:00:00+00:00
[2024-10-24T06:56:36.716+0000] {processor.py:208} INFO - Processing /home/airflow/.local/lib/python3.12/site-packages/airflow/example_dags/example_nested_branch_dag.py took 0.108 seconds
[2024-10-24T06:57:07.411+0000] {processor.py:186} INFO - Started process (PID=99935) to work on /home/airflow/.local/lib/python3.12/site-packages/airflow/example_dags/example_nested_branch_dag.py
[2024-10-24T06:57:07.415+0000] {processor.py:914} INFO - Processing file /home/airflow/.local/lib/python3.12/site-packages/airflow/example_dags/example_nested_branch_dag.py for tasks to queue
[2024-10-24T06:57:07.416+0000] {logging_mixin.py:190} INFO - [2024-10-24T06:57:07.416+0000] {dagbag.py:588} INFO - Filling up the DagBag from /home/airflow/.local/lib/python3.12/site-packages/airflow/example_dags/example_nested_branch_dag.py
[2024-10-24T06:57:07.428+0000] {processor.py:925} INFO - DAG(s) 'example_nested_branch_dag' retrieved from /home/airflow/.local/lib/python3.12/site-packages/airflow/example_dags/example_nested_branch_dag.py
[2024-10-24T06:57:07.455+0000] {logging_mixin.py:190} INFO - [2024-10-24T06:57:07.454+0000] {dag.py:3239} INFO - Sync 1 DAGs
[2024-10-24T06:57:07.482+0000] {logging_mixin.py:190} INFO - [2024-10-24T06:57:07.481+0000] {dag.py:4180} INFO - Setting next_dagrun for example_nested_branch_dag to 2024-10-23 00:00:00+00:00, run_after=2024-10-24 00:00:00+00:00
[2024-10-24T06:57:07.501+0000] {processor.py:208} INFO - Processing /home/airflow/.local/lib/python3.12/site-packages/airflow/example_dags/example_nested_branch_dag.py took 0.109 seconds
[2024-10-24T06:57:37.651+0000] {processor.py:186} INFO - Started process (PID=100001) to work on /home/airflow/.local/lib/python3.12/site-packages/airflow/example_dags/example_nested_branch_dag.py
[2024-10-24T06:57:37.652+0000] {processor.py:914} INFO - Processing file /home/airflow/.local/lib/python3.12/site-packages/airflow/example_dags/example_nested_branch_dag.py for tasks to queue
[2024-10-24T06:57:37.653+0000] {logging_mixin.py:190} INFO - [2024-10-24T06:57:37.653+0000] {dagbag.py:588} INFO - Filling up the DagBag from /home/airflow/.local/lib/python3.12/site-packages/airflow/example_dags/example_nested_branch_dag.py
[2024-10-24T06:57:37.668+0000] {processor.py:925} INFO - DAG(s) 'example_nested_branch_dag' retrieved from /home/airflow/.local/lib/python3.12/site-packages/airflow/example_dags/example_nested_branch_dag.py
[2024-10-24T06:57:37.698+0000] {logging_mixin.py:190} INFO - [2024-10-24T06:57:37.698+0000] {dag.py:3239} INFO - Sync 1 DAGs
[2024-10-24T06:57:37.734+0000] {logging_mixin.py:190} INFO - [2024-10-24T06:57:37.733+0000] {dag.py:4180} INFO - Setting next_dagrun for example_nested_branch_dag to 2024-10-23 00:00:00+00:00, run_after=2024-10-24 00:00:00+00:00
[2024-10-24T06:57:37.756+0000] {processor.py:208} INFO - Processing /home/airflow/.local/lib/python3.12/site-packages/airflow/example_dags/example_nested_branch_dag.py took 0.114 seconds
[2024-10-24T06:58:08.220+0000] {processor.py:186} INFO - Started process (PID=100067) to work on /home/airflow/.local/lib/python3.12/site-packages/airflow/example_dags/example_nested_branch_dag.py
[2024-10-24T06:58:08.222+0000] {processor.py:914} INFO - Processing file /home/airflow/.local/lib/python3.12/site-packages/airflow/example_dags/example_nested_branch_dag.py for tasks to queue
[2024-10-24T06:58:08.223+0000] {logging_mixin.py:190} INFO - [2024-10-24T06:58:08.223+0000] {dagbag.py:588} INFO - Filling up the DagBag from /home/airflow/.local/lib/python3.12/site-packages/airflow/example_dags/example_nested_branch_dag.py
[2024-10-24T06:58:08.235+0000] {processor.py:925} INFO - DAG(s) 'example_nested_branch_dag' retrieved from /home/airflow/.local/lib/python3.12/site-packages/airflow/example_dags/example_nested_branch_dag.py
[2024-10-24T06:58:08.264+0000] {logging_mixin.py:190} INFO - [2024-10-24T06:58:08.264+0000] {dag.py:3239} INFO - Sync 1 DAGs
[2024-10-24T06:58:08.292+0000] {logging_mixin.py:190} INFO - [2024-10-24T06:58:08.291+0000] {dag.py:4180} INFO - Setting next_dagrun for example_nested_branch_dag to 2024-10-23 00:00:00+00:00, run_after=2024-10-24 00:00:00+00:00
[2024-10-24T06:58:08.311+0000] {processor.py:208} INFO - Processing /home/airflow/.local/lib/python3.12/site-packages/airflow/example_dags/example_nested_branch_dag.py took 0.099 seconds
[2024-10-24T06:58:38.775+0000] {processor.py:186} INFO - Started process (PID=100133) to work on /home/airflow/.local/lib/python3.12/site-packages/airflow/example_dags/example_nested_branch_dag.py
[2024-10-24T06:58:38.776+0000] {processor.py:914} INFO - Processing file /home/airflow/.local/lib/python3.12/site-packages/airflow/example_dags/example_nested_branch_dag.py for tasks to queue
[2024-10-24T06:58:38.777+0000] {logging_mixin.py:190} INFO - [2024-10-24T06:58:38.777+0000] {dagbag.py:588} INFO - Filling up the DagBag from /home/airflow/.local/lib/python3.12/site-packages/airflow/example_dags/example_nested_branch_dag.py
[2024-10-24T06:58:38.787+0000] {processor.py:925} INFO - DAG(s) 'example_nested_branch_dag' retrieved from /home/airflow/.local/lib/python3.12/site-packages/airflow/example_dags/example_nested_branch_dag.py
[2024-10-24T06:58:38.815+0000] {logging_mixin.py:190} INFO - [2024-10-24T06:58:38.814+0000] {dag.py:3239} INFO - Sync 1 DAGs
[2024-10-24T06:58:38.844+0000] {logging_mixin.py:190} INFO - [2024-10-24T06:58:38.843+0000] {dag.py:4180} INFO - Setting next_dagrun for example_nested_branch_dag to 2024-10-23 00:00:00+00:00, run_after=2024-10-24 00:00:00+00:00
[2024-10-24T06:58:38.860+0000] {processor.py:208} INFO - Processing /home/airflow/.local/lib/python3.12/site-packages/airflow/example_dags/example_nested_branch_dag.py took 0.093 seconds
