[2024-10-24T04:09:19.602+0000] {processor.py:186} INFO - Started process (PID=98897) to work on /home/airflow/.local/lib/python3.12/site-packages/airflow/example_dags/example_kubernetes_executor.py
[2024-10-24T04:09:19.604+0000] {processor.py:914} INFO - Processing file /home/airflow/.local/lib/python3.12/site-packages/airflow/example_dags/example_kubernetes_executor.py for tasks to queue
[2024-10-24T04:09:19.609+0000] {logging_mixin.py:190} INFO - [2024-10-24T04:09:19.608+0000] {dagbag.py:588} INFO - Filling up the DagBag from /home/airflow/.local/lib/python3.12/site-packages/airflow/example_dags/example_kubernetes_executor.py
[2024-10-24T04:09:19.652+0000] {processor.py:925} INFO - DAG(s) 'example_kubernetes_executor' retrieved from /home/airflow/.local/lib/python3.12/site-packages/airflow/example_dags/example_kubernetes_executor.py
[2024-10-24T04:09:19.765+0000] {logging_mixin.py:190} INFO - [2024-10-24T04:09:19.765+0000] {dag.py:3239} INFO - Sync 1 DAGs
[2024-10-24T04:09:19.806+0000] {logging_mixin.py:190} INFO - [2024-10-24T04:09:19.806+0000] {dag.py:4180} INFO - Setting next_dagrun for example_kubernetes_executor to None, run_after=None
[2024-10-24T04:09:19.855+0000] {processor.py:208} INFO - Processing /home/airflow/.local/lib/python3.12/site-packages/airflow/example_dags/example_kubernetes_executor.py took 0.267 seconds
[2024-10-24T04:09:50.239+0000] {processor.py:186} INFO - Started process (PID=98963) to work on /home/airflow/.local/lib/python3.12/site-packages/airflow/example_dags/example_kubernetes_executor.py
[2024-10-24T04:09:50.240+0000] {processor.py:914} INFO - Processing file /home/airflow/.local/lib/python3.12/site-packages/airflow/example_dags/example_kubernetes_executor.py for tasks to queue
[2024-10-24T04:09:50.241+0000] {logging_mixin.py:190} INFO - [2024-10-24T04:09:50.241+0000] {dagbag.py:588} INFO - Filling up the DagBag from /home/airflow/.local/lib/python3.12/site-packages/airflow/example_dags/example_kubernetes_executor.py
[2024-10-24T04:09:50.256+0000] {processor.py:925} INFO - DAG(s) 'example_kubernetes_executor' retrieved from /home/airflow/.local/lib/python3.12/site-packages/airflow/example_dags/example_kubernetes_executor.py
[2024-10-24T04:09:50.311+0000] {logging_mixin.py:190} INFO - [2024-10-24T04:09:50.311+0000] {dag.py:3239} INFO - Sync 1 DAGs
[2024-10-24T04:09:50.333+0000] {logging_mixin.py:190} INFO - [2024-10-24T04:09:50.333+0000] {dag.py:4180} INFO - Setting next_dagrun for example_kubernetes_executor to None, run_after=None
[2024-10-24T04:09:50.352+0000] {processor.py:208} INFO - Processing /home/airflow/.local/lib/python3.12/site-packages/airflow/example_dags/example_kubernetes_executor.py took 0.120 seconds
[2024-10-24T04:10:21.010+0000] {processor.py:186} INFO - Started process (PID=99035) to work on /home/airflow/.local/lib/python3.12/site-packages/airflow/example_dags/example_kubernetes_executor.py
[2024-10-24T04:10:21.011+0000] {processor.py:914} INFO - Processing file /home/airflow/.local/lib/python3.12/site-packages/airflow/example_dags/example_kubernetes_executor.py for tasks to queue
[2024-10-24T04:10:21.013+0000] {logging_mixin.py:190} INFO - [2024-10-24T04:10:21.012+0000] {dagbag.py:588} INFO - Filling up the DagBag from /home/airflow/.local/lib/python3.12/site-packages/airflow/example_dags/example_kubernetes_executor.py
[2024-10-24T04:10:21.029+0000] {processor.py:925} INFO - DAG(s) 'example_kubernetes_executor' retrieved from /home/airflow/.local/lib/python3.12/site-packages/airflow/example_dags/example_kubernetes_executor.py
[2024-10-24T04:10:21.087+0000] {logging_mixin.py:190} INFO - [2024-10-24T04:10:21.087+0000] {dag.py:3239} INFO - Sync 1 DAGs
[2024-10-24T04:10:21.103+0000] {logging_mixin.py:190} INFO - [2024-10-24T04:10:21.103+0000] {dag.py:4180} INFO - Setting next_dagrun for example_kubernetes_executor to None, run_after=None
[2024-10-24T04:10:21.121+0000] {processor.py:208} INFO - Processing /home/airflow/.local/lib/python3.12/site-packages/airflow/example_dags/example_kubernetes_executor.py took 0.124 seconds
[2024-10-24T04:10:51.729+0000] {processor.py:186} INFO - Started process (PID=99101) to work on /home/airflow/.local/lib/python3.12/site-packages/airflow/example_dags/example_kubernetes_executor.py
[2024-10-24T04:10:51.730+0000] {processor.py:914} INFO - Processing file /home/airflow/.local/lib/python3.12/site-packages/airflow/example_dags/example_kubernetes_executor.py for tasks to queue
[2024-10-24T04:10:51.733+0000] {logging_mixin.py:190} INFO - [2024-10-24T04:10:51.733+0000] {dagbag.py:588} INFO - Filling up the DagBag from /home/airflow/.local/lib/python3.12/site-packages/airflow/example_dags/example_kubernetes_executor.py
[2024-10-24T04:10:51.749+0000] {processor.py:925} INFO - DAG(s) 'example_kubernetes_executor' retrieved from /home/airflow/.local/lib/python3.12/site-packages/airflow/example_dags/example_kubernetes_executor.py
[2024-10-24T04:10:51.804+0000] {logging_mixin.py:190} INFO - [2024-10-24T04:10:51.803+0000] {dag.py:3239} INFO - Sync 1 DAGs
[2024-10-24T04:10:51.821+0000] {logging_mixin.py:190} INFO - [2024-10-24T04:10:51.820+0000] {dag.py:4180} INFO - Setting next_dagrun for example_kubernetes_executor to None, run_after=None
[2024-10-24T04:10:51.839+0000] {processor.py:208} INFO - Processing /home/airflow/.local/lib/python3.12/site-packages/airflow/example_dags/example_kubernetes_executor.py took 0.119 seconds
[2024-10-24T04:11:22.556+0000] {processor.py:186} INFO - Started process (PID=99168) to work on /home/airflow/.local/lib/python3.12/site-packages/airflow/example_dags/example_kubernetes_executor.py
[2024-10-24T04:11:22.557+0000] {processor.py:914} INFO - Processing file /home/airflow/.local/lib/python3.12/site-packages/airflow/example_dags/example_kubernetes_executor.py for tasks to queue
[2024-10-24T04:11:22.559+0000] {logging_mixin.py:190} INFO - [2024-10-24T04:11:22.558+0000] {dagbag.py:588} INFO - Filling up the DagBag from /home/airflow/.local/lib/python3.12/site-packages/airflow/example_dags/example_kubernetes_executor.py
[2024-10-24T04:11:22.588+0000] {processor.py:925} INFO - DAG(s) 'example_kubernetes_executor' retrieved from /home/airflow/.local/lib/python3.12/site-packages/airflow/example_dags/example_kubernetes_executor.py
[2024-10-24T04:11:22.666+0000] {logging_mixin.py:190} INFO - [2024-10-24T04:11:22.665+0000] {dag.py:3239} INFO - Sync 1 DAGs
[2024-10-24T04:11:22.684+0000] {logging_mixin.py:190} INFO - [2024-10-24T04:11:22.684+0000] {dag.py:4180} INFO - Setting next_dagrun for example_kubernetes_executor to None, run_after=None
[2024-10-24T04:11:22.715+0000] {processor.py:208} INFO - Processing /home/airflow/.local/lib/python3.12/site-packages/airflow/example_dags/example_kubernetes_executor.py took 0.168 seconds
[2024-10-24T04:11:53.297+0000] {processor.py:186} INFO - Started process (PID=99235) to work on /home/airflow/.local/lib/python3.12/site-packages/airflow/example_dags/example_kubernetes_executor.py
[2024-10-24T04:11:53.298+0000] {processor.py:914} INFO - Processing file /home/airflow/.local/lib/python3.12/site-packages/airflow/example_dags/example_kubernetes_executor.py for tasks to queue
[2024-10-24T04:11:53.300+0000] {logging_mixin.py:190} INFO - [2024-10-24T04:11:53.299+0000] {dagbag.py:588} INFO - Filling up the DagBag from /home/airflow/.local/lib/python3.12/site-packages/airflow/example_dags/example_kubernetes_executor.py
[2024-10-24T04:11:53.316+0000] {processor.py:925} INFO - DAG(s) 'example_kubernetes_executor' retrieved from /home/airflow/.local/lib/python3.12/site-packages/airflow/example_dags/example_kubernetes_executor.py
[2024-10-24T04:11:53.379+0000] {logging_mixin.py:190} INFO - [2024-10-24T04:11:53.378+0000] {dag.py:3239} INFO - Sync 1 DAGs
[2024-10-24T04:11:53.395+0000] {logging_mixin.py:190} INFO - [2024-10-24T04:11:53.395+0000] {dag.py:4180} INFO - Setting next_dagrun for example_kubernetes_executor to None, run_after=None
[2024-10-24T04:11:53.417+0000] {processor.py:208} INFO - Processing /home/airflow/.local/lib/python3.12/site-packages/airflow/example_dags/example_kubernetes_executor.py took 0.127 seconds
[2024-10-24T04:12:23.933+0000] {processor.py:186} INFO - Started process (PID=99302) to work on /home/airflow/.local/lib/python3.12/site-packages/airflow/example_dags/example_kubernetes_executor.py
[2024-10-24T04:12:23.934+0000] {processor.py:914} INFO - Processing file /home/airflow/.local/lib/python3.12/site-packages/airflow/example_dags/example_kubernetes_executor.py for tasks to queue
[2024-10-24T04:12:23.935+0000] {logging_mixin.py:190} INFO - [2024-10-24T04:12:23.935+0000] {dagbag.py:588} INFO - Filling up the DagBag from /home/airflow/.local/lib/python3.12/site-packages/airflow/example_dags/example_kubernetes_executor.py
[2024-10-24T04:12:23.950+0000] {processor.py:925} INFO - DAG(s) 'example_kubernetes_executor' retrieved from /home/airflow/.local/lib/python3.12/site-packages/airflow/example_dags/example_kubernetes_executor.py
[2024-10-24T04:12:24.010+0000] {logging_mixin.py:190} INFO - [2024-10-24T04:12:24.009+0000] {dag.py:3239} INFO - Sync 1 DAGs
[2024-10-24T04:12:24.031+0000] {logging_mixin.py:190} INFO - [2024-10-24T04:12:24.031+0000] {dag.py:4180} INFO - Setting next_dagrun for example_kubernetes_executor to None, run_after=None
[2024-10-24T04:12:24.054+0000] {processor.py:208} INFO - Processing /home/airflow/.local/lib/python3.12/site-packages/airflow/example_dags/example_kubernetes_executor.py took 0.129 seconds
[2024-10-24T04:12:55.000+0000] {processor.py:186} INFO - Started process (PID=99368) to work on /home/airflow/.local/lib/python3.12/site-packages/airflow/example_dags/example_kubernetes_executor.py
[2024-10-24T04:12:55.002+0000] {processor.py:914} INFO - Processing file /home/airflow/.local/lib/python3.12/site-packages/airflow/example_dags/example_kubernetes_executor.py for tasks to queue
[2024-10-24T04:12:55.004+0000] {logging_mixin.py:190} INFO - [2024-10-24T04:12:55.003+0000] {dagbag.py:588} INFO - Filling up the DagBag from /home/airflow/.local/lib/python3.12/site-packages/airflow/example_dags/example_kubernetes_executor.py
[2024-10-24T04:12:55.020+0000] {processor.py:925} INFO - DAG(s) 'example_kubernetes_executor' retrieved from /home/airflow/.local/lib/python3.12/site-packages/airflow/example_dags/example_kubernetes_executor.py
[2024-10-24T04:12:55.099+0000] {logging_mixin.py:190} INFO - [2024-10-24T04:12:55.099+0000] {dag.py:3239} INFO - Sync 1 DAGs
[2024-10-24T04:12:55.120+0000] {logging_mixin.py:190} INFO - [2024-10-24T04:12:55.120+0000] {dag.py:4180} INFO - Setting next_dagrun for example_kubernetes_executor to None, run_after=None
[2024-10-24T04:12:55.144+0000] {processor.py:208} INFO - Processing /home/airflow/.local/lib/python3.12/site-packages/airflow/example_dags/example_kubernetes_executor.py took 0.153 seconds
[2024-10-24T04:13:25.458+0000] {processor.py:186} INFO - Started process (PID=99435) to work on /home/airflow/.local/lib/python3.12/site-packages/airflow/example_dags/example_kubernetes_executor.py
[2024-10-24T04:13:25.459+0000] {processor.py:914} INFO - Processing file /home/airflow/.local/lib/python3.12/site-packages/airflow/example_dags/example_kubernetes_executor.py for tasks to queue
[2024-10-24T04:13:25.460+0000] {logging_mixin.py:190} INFO - [2024-10-24T04:13:25.460+0000] {dagbag.py:588} INFO - Filling up the DagBag from /home/airflow/.local/lib/python3.12/site-packages/airflow/example_dags/example_kubernetes_executor.py
[2024-10-24T04:13:25.476+0000] {processor.py:925} INFO - DAG(s) 'example_kubernetes_executor' retrieved from /home/airflow/.local/lib/python3.12/site-packages/airflow/example_dags/example_kubernetes_executor.py
[2024-10-24T04:13:25.536+0000] {logging_mixin.py:190} INFO - [2024-10-24T04:13:25.536+0000] {dag.py:3239} INFO - Sync 1 DAGs
[2024-10-24T04:13:25.552+0000] {logging_mixin.py:190} INFO - [2024-10-24T04:13:25.552+0000] {dag.py:4180} INFO - Setting next_dagrun for example_kubernetes_executor to None, run_after=None
[2024-10-24T04:13:25.574+0000] {processor.py:208} INFO - Processing /home/airflow/.local/lib/python3.12/site-packages/airflow/example_dags/example_kubernetes_executor.py took 0.124 seconds
[2024-10-24T04:13:56.287+0000] {processor.py:186} INFO - Started process (PID=99502) to work on /home/airflow/.local/lib/python3.12/site-packages/airflow/example_dags/example_kubernetes_executor.py
[2024-10-24T04:13:56.290+0000] {processor.py:914} INFO - Processing file /home/airflow/.local/lib/python3.12/site-packages/airflow/example_dags/example_kubernetes_executor.py for tasks to queue
[2024-10-24T04:13:56.293+0000] {logging_mixin.py:190} INFO - [2024-10-24T04:13:56.292+0000] {dagbag.py:588} INFO - Filling up the DagBag from /home/airflow/.local/lib/python3.12/site-packages/airflow/example_dags/example_kubernetes_executor.py
[2024-10-24T04:13:56.309+0000] {processor.py:925} INFO - DAG(s) 'example_kubernetes_executor' retrieved from /home/airflow/.local/lib/python3.12/site-packages/airflow/example_dags/example_kubernetes_executor.py
[2024-10-24T04:13:56.365+0000] {logging_mixin.py:190} INFO - [2024-10-24T04:13:56.365+0000] {dag.py:3239} INFO - Sync 1 DAGs
[2024-10-24T04:13:56.384+0000] {logging_mixin.py:190} INFO - [2024-10-24T04:13:56.384+0000] {dag.py:4180} INFO - Setting next_dagrun for example_kubernetes_executor to None, run_after=None
[2024-10-24T04:13:56.403+0000] {processor.py:208} INFO - Processing /home/airflow/.local/lib/python3.12/site-packages/airflow/example_dags/example_kubernetes_executor.py took 0.125 seconds
[2024-10-24T04:14:26.988+0000] {processor.py:186} INFO - Started process (PID=99569) to work on /home/airflow/.local/lib/python3.12/site-packages/airflow/example_dags/example_kubernetes_executor.py
[2024-10-24T04:14:26.989+0000] {processor.py:914} INFO - Processing file /home/airflow/.local/lib/python3.12/site-packages/airflow/example_dags/example_kubernetes_executor.py for tasks to queue
[2024-10-24T04:14:26.991+0000] {logging_mixin.py:190} INFO - [2024-10-24T04:14:26.990+0000] {dagbag.py:588} INFO - Filling up the DagBag from /home/airflow/.local/lib/python3.12/site-packages/airflow/example_dags/example_kubernetes_executor.py
[2024-10-24T04:14:27.006+0000] {processor.py:925} INFO - DAG(s) 'example_kubernetes_executor' retrieved from /home/airflow/.local/lib/python3.12/site-packages/airflow/example_dags/example_kubernetes_executor.py
[2024-10-24T04:14:27.065+0000] {logging_mixin.py:190} INFO - [2024-10-24T04:14:27.064+0000] {dag.py:3239} INFO - Sync 1 DAGs
[2024-10-24T04:14:27.083+0000] {logging_mixin.py:190} INFO - [2024-10-24T04:14:27.083+0000] {dag.py:4180} INFO - Setting next_dagrun for example_kubernetes_executor to None, run_after=None
[2024-10-24T04:14:27.103+0000] {processor.py:208} INFO - Processing /home/airflow/.local/lib/python3.12/site-packages/airflow/example_dags/example_kubernetes_executor.py took 0.124 seconds
[2024-10-24T04:14:57.521+0000] {processor.py:186} INFO - Started process (PID=99635) to work on /home/airflow/.local/lib/python3.12/site-packages/airflow/example_dags/example_kubernetes_executor.py
[2024-10-24T04:14:57.522+0000] {processor.py:914} INFO - Processing file /home/airflow/.local/lib/python3.12/site-packages/airflow/example_dags/example_kubernetes_executor.py for tasks to queue
[2024-10-24T04:14:57.524+0000] {logging_mixin.py:190} INFO - [2024-10-24T04:14:57.523+0000] {dagbag.py:588} INFO - Filling up the DagBag from /home/airflow/.local/lib/python3.12/site-packages/airflow/example_dags/example_kubernetes_executor.py
[2024-10-24T04:14:57.540+0000] {processor.py:925} INFO - DAG(s) 'example_kubernetes_executor' retrieved from /home/airflow/.local/lib/python3.12/site-packages/airflow/example_dags/example_kubernetes_executor.py
[2024-10-24T04:14:57.603+0000] {logging_mixin.py:190} INFO - [2024-10-24T04:14:57.602+0000] {dag.py:3239} INFO - Sync 1 DAGs
[2024-10-24T04:14:57.622+0000] {logging_mixin.py:190} INFO - [2024-10-24T04:14:57.622+0000] {dag.py:4180} INFO - Setting next_dagrun for example_kubernetes_executor to None, run_after=None
[2024-10-24T04:14:57.640+0000] {processor.py:208} INFO - Processing /home/airflow/.local/lib/python3.12/site-packages/airflow/example_dags/example_kubernetes_executor.py took 0.129 seconds
[2024-10-24T04:15:28.050+0000] {processor.py:186} INFO - Started process (PID=99702) to work on /home/airflow/.local/lib/python3.12/site-packages/airflow/example_dags/example_kubernetes_executor.py
[2024-10-24T04:15:28.052+0000] {processor.py:914} INFO - Processing file /home/airflow/.local/lib/python3.12/site-packages/airflow/example_dags/example_kubernetes_executor.py for tasks to queue
[2024-10-24T04:15:28.053+0000] {logging_mixin.py:190} INFO - [2024-10-24T04:15:28.053+0000] {dagbag.py:588} INFO - Filling up the DagBag from /home/airflow/.local/lib/python3.12/site-packages/airflow/example_dags/example_kubernetes_executor.py
[2024-10-24T04:15:28.069+0000] {processor.py:925} INFO - DAG(s) 'example_kubernetes_executor' retrieved from /home/airflow/.local/lib/python3.12/site-packages/airflow/example_dags/example_kubernetes_executor.py
[2024-10-24T04:15:28.129+0000] {logging_mixin.py:190} INFO - [2024-10-24T04:15:28.128+0000] {dag.py:3239} INFO - Sync 1 DAGs
[2024-10-24T04:15:28.145+0000] {logging_mixin.py:190} INFO - [2024-10-24T04:15:28.144+0000] {dag.py:4180} INFO - Setting next_dagrun for example_kubernetes_executor to None, run_after=None
[2024-10-24T04:15:28.166+0000] {processor.py:208} INFO - Processing /home/airflow/.local/lib/python3.12/site-packages/airflow/example_dags/example_kubernetes_executor.py took 0.125 seconds
[2024-10-24T06:56:02.684+0000] {processor.py:186} INFO - Started process (PID=99769) to work on /home/airflow/.local/lib/python3.12/site-packages/airflow/example_dags/example_kubernetes_executor.py
[2024-10-24T06:56:02.686+0000] {processor.py:914} INFO - Processing file /home/airflow/.local/lib/python3.12/site-packages/airflow/example_dags/example_kubernetes_executor.py for tasks to queue
[2024-10-24T06:56:02.688+0000] {logging_mixin.py:190} INFO - [2024-10-24T06:56:02.687+0000] {dagbag.py:588} INFO - Filling up the DagBag from /home/airflow/.local/lib/python3.12/site-packages/airflow/example_dags/example_kubernetes_executor.py
[2024-10-24T06:56:02.703+0000] {processor.py:925} INFO - DAG(s) 'example_kubernetes_executor' retrieved from /home/airflow/.local/lib/python3.12/site-packages/airflow/example_dags/example_kubernetes_executor.py
[2024-10-24T06:56:02.765+0000] {logging_mixin.py:190} INFO - [2024-10-24T06:56:02.765+0000] {dag.py:3239} INFO - Sync 1 DAGs
[2024-10-24T06:56:02.784+0000] {logging_mixin.py:190} INFO - [2024-10-24T06:56:02.783+0000] {dag.py:4180} INFO - Setting next_dagrun for example_kubernetes_executor to None, run_after=None
[2024-10-24T06:56:02.815+0000] {processor.py:208} INFO - Processing /home/airflow/.local/lib/python3.12/site-packages/airflow/example_dags/example_kubernetes_executor.py took 0.139 seconds
[2024-10-24T06:56:33.702+0000] {processor.py:186} INFO - Started process (PID=99836) to work on /home/airflow/.local/lib/python3.12/site-packages/airflow/example_dags/example_kubernetes_executor.py
[2024-10-24T06:56:33.703+0000] {processor.py:914} INFO - Processing file /home/airflow/.local/lib/python3.12/site-packages/airflow/example_dags/example_kubernetes_executor.py for tasks to queue
[2024-10-24T06:56:33.704+0000] {logging_mixin.py:190} INFO - [2024-10-24T06:56:33.704+0000] {dagbag.py:588} INFO - Filling up the DagBag from /home/airflow/.local/lib/python3.12/site-packages/airflow/example_dags/example_kubernetes_executor.py
[2024-10-24T06:56:33.719+0000] {processor.py:925} INFO - DAG(s) 'example_kubernetes_executor' retrieved from /home/airflow/.local/lib/python3.12/site-packages/airflow/example_dags/example_kubernetes_executor.py
[2024-10-24T06:56:33.778+0000] {logging_mixin.py:190} INFO - [2024-10-24T06:56:33.778+0000] {dag.py:3239} INFO - Sync 1 DAGs
[2024-10-24T06:56:33.795+0000] {logging_mixin.py:190} INFO - [2024-10-24T06:56:33.794+0000] {dag.py:4180} INFO - Setting next_dagrun for example_kubernetes_executor to None, run_after=None
[2024-10-24T06:56:33.815+0000] {processor.py:208} INFO - Processing /home/airflow/.local/lib/python3.12/site-packages/airflow/example_dags/example_kubernetes_executor.py took 0.121 seconds
[2024-10-24T06:57:04.685+0000] {processor.py:186} INFO - Started process (PID=99903) to work on /home/airflow/.local/lib/python3.12/site-packages/airflow/example_dags/example_kubernetes_executor.py
[2024-10-24T06:57:04.686+0000] {processor.py:914} INFO - Processing file /home/airflow/.local/lib/python3.12/site-packages/airflow/example_dags/example_kubernetes_executor.py for tasks to queue
[2024-10-24T06:57:04.690+0000] {logging_mixin.py:190} INFO - [2024-10-24T06:57:04.689+0000] {dagbag.py:588} INFO - Filling up the DagBag from /home/airflow/.local/lib/python3.12/site-packages/airflow/example_dags/example_kubernetes_executor.py
[2024-10-24T06:57:04.706+0000] {processor.py:925} INFO - DAG(s) 'example_kubernetes_executor' retrieved from /home/airflow/.local/lib/python3.12/site-packages/airflow/example_dags/example_kubernetes_executor.py
[2024-10-24T06:57:04.766+0000] {logging_mixin.py:190} INFO - [2024-10-24T06:57:04.766+0000] {dag.py:3239} INFO - Sync 1 DAGs
[2024-10-24T06:57:04.784+0000] {logging_mixin.py:190} INFO - [2024-10-24T06:57:04.784+0000] {dag.py:4180} INFO - Setting next_dagrun for example_kubernetes_executor to None, run_after=None
[2024-10-24T06:57:04.811+0000] {processor.py:208} INFO - Processing /home/airflow/.local/lib/python3.12/site-packages/airflow/example_dags/example_kubernetes_executor.py took 0.135 seconds
[2024-10-24T06:57:35.123+0000] {processor.py:186} INFO - Started process (PID=99970) to work on /home/airflow/.local/lib/python3.12/site-packages/airflow/example_dags/example_kubernetes_executor.py
[2024-10-24T06:57:35.124+0000] {processor.py:914} INFO - Processing file /home/airflow/.local/lib/python3.12/site-packages/airflow/example_dags/example_kubernetes_executor.py for tasks to queue
[2024-10-24T06:57:35.125+0000] {logging_mixin.py:190} INFO - [2024-10-24T06:57:35.125+0000] {dagbag.py:588} INFO - Filling up the DagBag from /home/airflow/.local/lib/python3.12/site-packages/airflow/example_dags/example_kubernetes_executor.py
[2024-10-24T06:57:35.140+0000] {processor.py:925} INFO - DAG(s) 'example_kubernetes_executor' retrieved from /home/airflow/.local/lib/python3.12/site-packages/airflow/example_dags/example_kubernetes_executor.py
[2024-10-24T06:57:35.202+0000] {logging_mixin.py:190} INFO - [2024-10-24T06:57:35.202+0000] {dag.py:3239} INFO - Sync 1 DAGs
[2024-10-24T06:57:35.222+0000] {logging_mixin.py:190} INFO - [2024-10-24T06:57:35.222+0000] {dag.py:4180} INFO - Setting next_dagrun for example_kubernetes_executor to None, run_after=None
[2024-10-24T06:57:35.244+0000] {processor.py:208} INFO - Processing /home/airflow/.local/lib/python3.12/site-packages/airflow/example_dags/example_kubernetes_executor.py took 0.130 seconds
[2024-10-24T06:58:05.646+0000] {processor.py:186} INFO - Started process (PID=100037) to work on /home/airflow/.local/lib/python3.12/site-packages/airflow/example_dags/example_kubernetes_executor.py
[2024-10-24T06:58:05.654+0000] {processor.py:914} INFO - Processing file /home/airflow/.local/lib/python3.12/site-packages/airflow/example_dags/example_kubernetes_executor.py for tasks to queue
[2024-10-24T06:58:05.656+0000] {logging_mixin.py:190} INFO - [2024-10-24T06:58:05.656+0000] {dagbag.py:588} INFO - Filling up the DagBag from /home/airflow/.local/lib/python3.12/site-packages/airflow/example_dags/example_kubernetes_executor.py
[2024-10-24T06:58:05.686+0000] {processor.py:925} INFO - DAG(s) 'example_kubernetes_executor' retrieved from /home/airflow/.local/lib/python3.12/site-packages/airflow/example_dags/example_kubernetes_executor.py
[2024-10-24T06:58:05.759+0000] {logging_mixin.py:190} INFO - [2024-10-24T06:58:05.758+0000] {dag.py:3239} INFO - Sync 1 DAGs
[2024-10-24T06:58:05.786+0000] {logging_mixin.py:190} INFO - [2024-10-24T06:58:05.786+0000] {dag.py:4180} INFO - Setting next_dagrun for example_kubernetes_executor to None, run_after=None
[2024-10-24T06:58:05.809+0000] {processor.py:208} INFO - Processing /home/airflow/.local/lib/python3.12/site-packages/airflow/example_dags/example_kubernetes_executor.py took 0.174 seconds
[2024-10-24T06:58:36.526+0000] {processor.py:186} INFO - Started process (PID=100103) to work on /home/airflow/.local/lib/python3.12/site-packages/airflow/example_dags/example_kubernetes_executor.py
[2024-10-24T06:58:36.527+0000] {processor.py:914} INFO - Processing file /home/airflow/.local/lib/python3.12/site-packages/airflow/example_dags/example_kubernetes_executor.py for tasks to queue
[2024-10-24T06:58:36.528+0000] {logging_mixin.py:190} INFO - [2024-10-24T06:58:36.528+0000] {dagbag.py:588} INFO - Filling up the DagBag from /home/airflow/.local/lib/python3.12/site-packages/airflow/example_dags/example_kubernetes_executor.py
[2024-10-24T06:58:36.545+0000] {processor.py:925} INFO - DAG(s) 'example_kubernetes_executor' retrieved from /home/airflow/.local/lib/python3.12/site-packages/airflow/example_dags/example_kubernetes_executor.py
[2024-10-24T06:58:36.601+0000] {logging_mixin.py:190} INFO - [2024-10-24T06:58:36.600+0000] {dag.py:3239} INFO - Sync 1 DAGs
[2024-10-24T06:58:36.617+0000] {logging_mixin.py:190} INFO - [2024-10-24T06:58:36.617+0000] {dag.py:4180} INFO - Setting next_dagrun for example_kubernetes_executor to None, run_after=None
[2024-10-24T06:58:36.639+0000] {processor.py:208} INFO - Processing /home/airflow/.local/lib/python3.12/site-packages/airflow/example_dags/example_kubernetes_executor.py took 0.121 seconds
[2024-10-24T06:59:08.003+0000] {processor.py:186} INFO - Started process (PID=100170) to work on /home/airflow/.local/lib/python3.12/site-packages/airflow/example_dags/example_kubernetes_executor.py
[2024-10-24T06:59:08.004+0000] {processor.py:914} INFO - Processing file /home/airflow/.local/lib/python3.12/site-packages/airflow/example_dags/example_kubernetes_executor.py for tasks to queue
[2024-10-24T06:59:08.006+0000] {logging_mixin.py:190} INFO - [2024-10-24T06:59:08.006+0000] {dagbag.py:588} INFO - Filling up the DagBag from /home/airflow/.local/lib/python3.12/site-packages/airflow/example_dags/example_kubernetes_executor.py
[2024-10-24T06:59:08.023+0000] {processor.py:925} INFO - DAG(s) 'example_kubernetes_executor' retrieved from /home/airflow/.local/lib/python3.12/site-packages/airflow/example_dags/example_kubernetes_executor.py
[2024-10-24T06:59:08.339+0000] {logging_mixin.py:190} INFO - [2024-10-24T06:59:08.338+0000] {dag.py:3239} INFO - Sync 1 DAGs
[2024-10-24T06:59:08.352+0000] {logging_mixin.py:190} INFO - [2024-10-24T06:59:08.352+0000] {dag.py:4180} INFO - Setting next_dagrun for example_kubernetes_executor to None, run_after=None
[2024-10-24T06:59:08.376+0000] {processor.py:208} INFO - Processing /home/airflow/.local/lib/python3.12/site-packages/airflow/example_dags/example_kubernetes_executor.py took 0.382 seconds
