[2024-10-24T04:09:17.606+0000] {processor.py:186} INFO - Started process (PID=98887) to work on /home/airflow/.local/lib/python3.12/site-packages/airflow/example_dags/example_latest_only.py
[2024-10-24T04:09:17.618+0000] {processor.py:914} INFO - Processing file /home/airflow/.local/lib/python3.12/site-packages/airflow/example_dags/example_latest_only.py for tasks to queue
[2024-10-24T04:09:17.619+0000] {logging_mixin.py:190} INFO - [2024-10-24T04:09:17.619+0000] {dagbag.py:588} INFO - Filling up the DagBag from /home/airflow/.local/lib/python3.12/site-packages/airflow/example_dags/example_latest_only.py
[2024-10-24T04:09:17.663+0000] {processor.py:925} INFO - DAG(s) 'latest_only' retrieved from /home/airflow/.local/lib/python3.12/site-packages/airflow/example_dags/example_latest_only.py
[2024-10-24T04:09:17.703+0000] {logging_mixin.py:190} INFO - [2024-10-24T04:09:17.703+0000] {dag.py:3239} INFO - Sync 1 DAGs
[2024-10-24T04:09:17.748+0000] {logging_mixin.py:190} INFO - [2024-10-24T04:09:17.748+0000] {dag.py:4180} INFO - Setting next_dagrun for latest_only to 2024-10-24 00:00:00+00:00, run_after=2024-10-24 04:00:00+00:00
[2024-10-24T04:09:17.782+0000] {processor.py:208} INFO - Processing /home/airflow/.local/lib/python3.12/site-packages/airflow/example_dags/example_latest_only.py took 0.217 seconds
[2024-10-24T04:09:48.384+0000] {processor.py:186} INFO - Started process (PID=98952) to work on /home/airflow/.local/lib/python3.12/site-packages/airflow/example_dags/example_latest_only.py
[2024-10-24T04:09:48.385+0000] {processor.py:914} INFO - Processing file /home/airflow/.local/lib/python3.12/site-packages/airflow/example_dags/example_latest_only.py for tasks to queue
[2024-10-24T04:09:48.387+0000] {logging_mixin.py:190} INFO - [2024-10-24T04:09:48.386+0000] {dagbag.py:588} INFO - Filling up the DagBag from /home/airflow/.local/lib/python3.12/site-packages/airflow/example_dags/example_latest_only.py
[2024-10-24T04:09:48.394+0000] {processor.py:925} INFO - DAG(s) 'latest_only' retrieved from /home/airflow/.local/lib/python3.12/site-packages/airflow/example_dags/example_latest_only.py
[2024-10-24T04:09:48.420+0000] {logging_mixin.py:190} INFO - [2024-10-24T04:09:48.419+0000] {dag.py:3239} INFO - Sync 1 DAGs
[2024-10-24T04:09:48.447+0000] {logging_mixin.py:190} INFO - [2024-10-24T04:09:48.447+0000] {dag.py:4180} INFO - Setting next_dagrun for latest_only to 2024-10-24 00:00:00+00:00, run_after=2024-10-24 04:00:00+00:00
[2024-10-24T04:09:48.467+0000] {processor.py:208} INFO - Processing /home/airflow/.local/lib/python3.12/site-packages/airflow/example_dags/example_latest_only.py took 0.092 seconds
[2024-10-24T04:10:19.071+0000] {processor.py:186} INFO - Started process (PID=99019) to work on /home/airflow/.local/lib/python3.12/site-packages/airflow/example_dags/example_latest_only.py
[2024-10-24T04:10:19.072+0000] {processor.py:914} INFO - Processing file /home/airflow/.local/lib/python3.12/site-packages/airflow/example_dags/example_latest_only.py for tasks to queue
[2024-10-24T04:10:19.074+0000] {logging_mixin.py:190} INFO - [2024-10-24T04:10:19.074+0000] {dagbag.py:588} INFO - Filling up the DagBag from /home/airflow/.local/lib/python3.12/site-packages/airflow/example_dags/example_latest_only.py
[2024-10-24T04:10:19.083+0000] {processor.py:925} INFO - DAG(s) 'latest_only' retrieved from /home/airflow/.local/lib/python3.12/site-packages/airflow/example_dags/example_latest_only.py
[2024-10-24T04:10:19.107+0000] {logging_mixin.py:190} INFO - [2024-10-24T04:10:19.107+0000] {dag.py:3239} INFO - Sync 1 DAGs
[2024-10-24T04:10:19.135+0000] {logging_mixin.py:190} INFO - [2024-10-24T04:10:19.134+0000] {dag.py:4180} INFO - Setting next_dagrun for latest_only to 2024-10-24 00:00:00+00:00, run_after=2024-10-24 04:00:00+00:00
[2024-10-24T04:10:19.153+0000] {processor.py:208} INFO - Processing /home/airflow/.local/lib/python3.12/site-packages/airflow/example_dags/example_latest_only.py took 0.094 seconds
[2024-10-24T04:10:49.788+0000] {processor.py:186} INFO - Started process (PID=99085) to work on /home/airflow/.local/lib/python3.12/site-packages/airflow/example_dags/example_latest_only.py
[2024-10-24T04:10:49.790+0000] {processor.py:914} INFO - Processing file /home/airflow/.local/lib/python3.12/site-packages/airflow/example_dags/example_latest_only.py for tasks to queue
[2024-10-24T04:10:49.791+0000] {logging_mixin.py:190} INFO - [2024-10-24T04:10:49.791+0000] {dagbag.py:588} INFO - Filling up the DagBag from /home/airflow/.local/lib/python3.12/site-packages/airflow/example_dags/example_latest_only.py
[2024-10-24T04:10:49.800+0000] {processor.py:925} INFO - DAG(s) 'latest_only' retrieved from /home/airflow/.local/lib/python3.12/site-packages/airflow/example_dags/example_latest_only.py
[2024-10-24T04:10:49.827+0000] {logging_mixin.py:190} INFO - [2024-10-24T04:10:49.826+0000] {dag.py:3239} INFO - Sync 1 DAGs
[2024-10-24T04:10:49.855+0000] {logging_mixin.py:190} INFO - [2024-10-24T04:10:49.855+0000] {dag.py:4180} INFO - Setting next_dagrun for latest_only to 2024-10-24 00:00:00+00:00, run_after=2024-10-24 04:00:00+00:00
[2024-10-24T04:10:49.873+0000] {processor.py:208} INFO - Processing /home/airflow/.local/lib/python3.12/site-packages/airflow/example_dags/example_latest_only.py took 0.095 seconds
[2024-10-24T04:11:20.615+0000] {processor.py:186} INFO - Started process (PID=99151) to work on /home/airflow/.local/lib/python3.12/site-packages/airflow/example_dags/example_latest_only.py
[2024-10-24T04:11:20.617+0000] {processor.py:914} INFO - Processing file /home/airflow/.local/lib/python3.12/site-packages/airflow/example_dags/example_latest_only.py for tasks to queue
[2024-10-24T04:11:20.618+0000] {logging_mixin.py:190} INFO - [2024-10-24T04:11:20.618+0000] {dagbag.py:588} INFO - Filling up the DagBag from /home/airflow/.local/lib/python3.12/site-packages/airflow/example_dags/example_latest_only.py
[2024-10-24T04:11:20.626+0000] {processor.py:925} INFO - DAG(s) 'latest_only' retrieved from /home/airflow/.local/lib/python3.12/site-packages/airflow/example_dags/example_latest_only.py
[2024-10-24T04:11:20.656+0000] {logging_mixin.py:190} INFO - [2024-10-24T04:11:20.655+0000] {dag.py:3239} INFO - Sync 1 DAGs
[2024-10-24T04:11:20.696+0000] {logging_mixin.py:190} INFO - [2024-10-24T04:11:20.695+0000] {dag.py:4180} INFO - Setting next_dagrun for latest_only to 2024-10-24 00:00:00+00:00, run_after=2024-10-24 04:00:00+00:00
[2024-10-24T04:11:20.722+0000] {processor.py:208} INFO - Processing /home/airflow/.local/lib/python3.12/site-packages/airflow/example_dags/example_latest_only.py took 0.114 seconds
[2024-10-24T04:11:51.349+0000] {processor.py:186} INFO - Started process (PID=99224) to work on /home/airflow/.local/lib/python3.12/site-packages/airflow/example_dags/example_latest_only.py
[2024-10-24T04:11:51.350+0000] {processor.py:914} INFO - Processing file /home/airflow/.local/lib/python3.12/site-packages/airflow/example_dags/example_latest_only.py for tasks to queue
[2024-10-24T04:11:51.352+0000] {logging_mixin.py:190} INFO - [2024-10-24T04:11:51.351+0000] {dagbag.py:588} INFO - Filling up the DagBag from /home/airflow/.local/lib/python3.12/site-packages/airflow/example_dags/example_latest_only.py
[2024-10-24T04:11:51.361+0000] {processor.py:925} INFO - DAG(s) 'latest_only' retrieved from /home/airflow/.local/lib/python3.12/site-packages/airflow/example_dags/example_latest_only.py
[2024-10-24T04:11:51.387+0000] {logging_mixin.py:190} INFO - [2024-10-24T04:11:51.387+0000] {dag.py:3239} INFO - Sync 1 DAGs
[2024-10-24T04:11:51.415+0000] {logging_mixin.py:190} INFO - [2024-10-24T04:11:51.415+0000] {dag.py:4180} INFO - Setting next_dagrun for latest_only to 2024-10-24 00:00:00+00:00, run_after=2024-10-24 04:00:00+00:00
[2024-10-24T04:11:51.435+0000] {processor.py:208} INFO - Processing /home/airflow/.local/lib/python3.12/site-packages/airflow/example_dags/example_latest_only.py took 0.096 seconds
[2024-10-24T04:12:21.788+0000] {processor.py:186} INFO - Started process (PID=99291) to work on /home/airflow/.local/lib/python3.12/site-packages/airflow/example_dags/example_latest_only.py
[2024-10-24T04:12:21.790+0000] {processor.py:914} INFO - Processing file /home/airflow/.local/lib/python3.12/site-packages/airflow/example_dags/example_latest_only.py for tasks to queue
[2024-10-24T04:12:21.792+0000] {logging_mixin.py:190} INFO - [2024-10-24T04:12:21.791+0000] {dagbag.py:588} INFO - Filling up the DagBag from /home/airflow/.local/lib/python3.12/site-packages/airflow/example_dags/example_latest_only.py
[2024-10-24T04:12:21.800+0000] {processor.py:925} INFO - DAG(s) 'latest_only' retrieved from /home/airflow/.local/lib/python3.12/site-packages/airflow/example_dags/example_latest_only.py
[2024-10-24T04:12:21.829+0000] {logging_mixin.py:190} INFO - [2024-10-24T04:12:21.829+0000] {dag.py:3239} INFO - Sync 1 DAGs
[2024-10-24T04:12:21.866+0000] {logging_mixin.py:190} INFO - [2024-10-24T04:12:21.866+0000] {dag.py:4180} INFO - Setting next_dagrun for latest_only to 2024-10-24 00:00:00+00:00, run_after=2024-10-24 04:00:00+00:00
[2024-10-24T04:12:21.898+0000] {processor.py:208} INFO - Processing /home/airflow/.local/lib/python3.12/site-packages/airflow/example_dags/example_latest_only.py took 0.120 seconds
[2024-10-24T04:12:52.803+0000] {processor.py:186} INFO - Started process (PID=99357) to work on /home/airflow/.local/lib/python3.12/site-packages/airflow/example_dags/example_latest_only.py
[2024-10-24T04:12:52.805+0000] {processor.py:914} INFO - Processing file /home/airflow/.local/lib/python3.12/site-packages/airflow/example_dags/example_latest_only.py for tasks to queue
[2024-10-24T04:12:52.807+0000] {logging_mixin.py:190} INFO - [2024-10-24T04:12:52.806+0000] {dagbag.py:588} INFO - Filling up the DagBag from /home/airflow/.local/lib/python3.12/site-packages/airflow/example_dags/example_latest_only.py
[2024-10-24T04:12:52.816+0000] {processor.py:925} INFO - DAG(s) 'latest_only' retrieved from /home/airflow/.local/lib/python3.12/site-packages/airflow/example_dags/example_latest_only.py
[2024-10-24T04:12:52.847+0000] {logging_mixin.py:190} INFO - [2024-10-24T04:12:52.847+0000] {dag.py:3239} INFO - Sync 1 DAGs
[2024-10-24T04:12:52.886+0000] {logging_mixin.py:190} INFO - [2024-10-24T04:12:52.886+0000] {dag.py:4180} INFO - Setting next_dagrun for latest_only to 2024-10-24 00:00:00+00:00, run_after=2024-10-24 04:00:00+00:00
[2024-10-24T04:12:52.913+0000] {processor.py:208} INFO - Processing /home/airflow/.local/lib/python3.12/site-packages/airflow/example_dags/example_latest_only.py took 0.119 seconds
[2024-10-24T04:13:22.987+0000] {processor.py:186} INFO - Started process (PID=99423) to work on /home/airflow/.local/lib/python3.12/site-packages/airflow/example_dags/example_latest_only.py
[2024-10-24T04:13:22.988+0000] {processor.py:914} INFO - Processing file /home/airflow/.local/lib/python3.12/site-packages/airflow/example_dags/example_latest_only.py for tasks to queue
[2024-10-24T04:13:22.990+0000] {logging_mixin.py:190} INFO - [2024-10-24T04:13:22.989+0000] {dagbag.py:588} INFO - Filling up the DagBag from /home/airflow/.local/lib/python3.12/site-packages/airflow/example_dags/example_latest_only.py
[2024-10-24T04:13:22.998+0000] {processor.py:925} INFO - DAG(s) 'latest_only' retrieved from /home/airflow/.local/lib/python3.12/site-packages/airflow/example_dags/example_latest_only.py
[2024-10-24T04:13:23.019+0000] {logging_mixin.py:190} INFO - [2024-10-24T04:13:23.018+0000] {dag.py:3239} INFO - Sync 1 DAGs
[2024-10-24T04:13:23.044+0000] {logging_mixin.py:190} INFO - [2024-10-24T04:13:23.044+0000] {dag.py:4180} INFO - Setting next_dagrun for latest_only to 2024-10-24 00:00:00+00:00, run_after=2024-10-24 04:00:00+00:00
[2024-10-24T04:13:23.063+0000] {processor.py:208} INFO - Processing /home/airflow/.local/lib/python3.12/site-packages/airflow/example_dags/example_latest_only.py took 0.084 seconds
[2024-10-24T04:13:53.248+0000] {processor.py:186} INFO - Started process (PID=99490) to work on /home/airflow/.local/lib/python3.12/site-packages/airflow/example_dags/example_latest_only.py
[2024-10-24T04:13:53.250+0000] {processor.py:914} INFO - Processing file /home/airflow/.local/lib/python3.12/site-packages/airflow/example_dags/example_latest_only.py for tasks to queue
[2024-10-24T04:13:53.251+0000] {logging_mixin.py:190} INFO - [2024-10-24T04:13:53.251+0000] {dagbag.py:588} INFO - Filling up the DagBag from /home/airflow/.local/lib/python3.12/site-packages/airflow/example_dags/example_latest_only.py
[2024-10-24T04:13:53.261+0000] {processor.py:925} INFO - DAG(s) 'latest_only' retrieved from /home/airflow/.local/lib/python3.12/site-packages/airflow/example_dags/example_latest_only.py
[2024-10-24T04:13:53.285+0000] {logging_mixin.py:190} INFO - [2024-10-24T04:13:53.284+0000] {dag.py:3239} INFO - Sync 1 DAGs
[2024-10-24T04:13:53.313+0000] {logging_mixin.py:190} INFO - [2024-10-24T04:13:53.312+0000] {dag.py:4180} INFO - Setting next_dagrun for latest_only to 2024-10-24 00:00:00+00:00, run_after=2024-10-24 04:00:00+00:00
[2024-10-24T04:13:53.330+0000] {processor.py:208} INFO - Processing /home/airflow/.local/lib/python3.12/site-packages/airflow/example_dags/example_latest_only.py took 0.089 seconds
[2024-10-24T04:14:23.964+0000] {processor.py:186} INFO - Started process (PID=99557) to work on /home/airflow/.local/lib/python3.12/site-packages/airflow/example_dags/example_latest_only.py
[2024-10-24T04:14:23.965+0000] {processor.py:914} INFO - Processing file /home/airflow/.local/lib/python3.12/site-packages/airflow/example_dags/example_latest_only.py for tasks to queue
[2024-10-24T04:14:23.966+0000] {logging_mixin.py:190} INFO - [2024-10-24T04:14:23.966+0000] {dagbag.py:588} INFO - Filling up the DagBag from /home/airflow/.local/lib/python3.12/site-packages/airflow/example_dags/example_latest_only.py
[2024-10-24T04:14:23.974+0000] {processor.py:925} INFO - DAG(s) 'latest_only' retrieved from /home/airflow/.local/lib/python3.12/site-packages/airflow/example_dags/example_latest_only.py
[2024-10-24T04:14:23.997+0000] {logging_mixin.py:190} INFO - [2024-10-24T04:14:23.997+0000] {dag.py:3239} INFO - Sync 1 DAGs
[2024-10-24T04:14:24.022+0000] {logging_mixin.py:190} INFO - [2024-10-24T04:14:24.022+0000] {dag.py:4180} INFO - Setting next_dagrun for latest_only to 2024-10-24 00:00:00+00:00, run_after=2024-10-24 04:00:00+00:00
[2024-10-24T04:14:24.040+0000] {processor.py:208} INFO - Processing /home/airflow/.local/lib/python3.12/site-packages/airflow/example_dags/example_latest_only.py took 0.085 seconds
[2024-10-24T04:14:54.509+0000] {processor.py:186} INFO - Started process (PID=99623) to work on /home/airflow/.local/lib/python3.12/site-packages/airflow/example_dags/example_latest_only.py
[2024-10-24T04:14:54.510+0000] {processor.py:914} INFO - Processing file /home/airflow/.local/lib/python3.12/site-packages/airflow/example_dags/example_latest_only.py for tasks to queue
[2024-10-24T04:14:54.511+0000] {logging_mixin.py:190} INFO - [2024-10-24T04:14:54.511+0000] {dagbag.py:588} INFO - Filling up the DagBag from /home/airflow/.local/lib/python3.12/site-packages/airflow/example_dags/example_latest_only.py
[2024-10-24T04:14:54.518+0000] {processor.py:925} INFO - DAG(s) 'latest_only' retrieved from /home/airflow/.local/lib/python3.12/site-packages/airflow/example_dags/example_latest_only.py
[2024-10-24T04:14:54.541+0000] {logging_mixin.py:190} INFO - [2024-10-24T04:14:54.540+0000] {dag.py:3239} INFO - Sync 1 DAGs
[2024-10-24T04:14:54.569+0000] {logging_mixin.py:190} INFO - [2024-10-24T04:14:54.569+0000] {dag.py:4180} INFO - Setting next_dagrun for latest_only to 2024-10-24 00:00:00+00:00, run_after=2024-10-24 04:00:00+00:00
[2024-10-24T04:14:54.586+0000] {processor.py:208} INFO - Processing /home/airflow/.local/lib/python3.12/site-packages/airflow/example_dags/example_latest_only.py took 0.087 seconds
[2024-10-24T04:15:24.648+0000] {processor.py:186} INFO - Started process (PID=99690) to work on /home/airflow/.local/lib/python3.12/site-packages/airflow/example_dags/example_latest_only.py
[2024-10-24T04:15:24.649+0000] {processor.py:914} INFO - Processing file /home/airflow/.local/lib/python3.12/site-packages/airflow/example_dags/example_latest_only.py for tasks to queue
[2024-10-24T04:15:24.651+0000] {logging_mixin.py:190} INFO - [2024-10-24T04:15:24.650+0000] {dagbag.py:588} INFO - Filling up the DagBag from /home/airflow/.local/lib/python3.12/site-packages/airflow/example_dags/example_latest_only.py
[2024-10-24T04:15:24.658+0000] {processor.py:925} INFO - DAG(s) 'latest_only' retrieved from /home/airflow/.local/lib/python3.12/site-packages/airflow/example_dags/example_latest_only.py
[2024-10-24T04:15:24.681+0000] {logging_mixin.py:190} INFO - [2024-10-24T04:15:24.681+0000] {dag.py:3239} INFO - Sync 1 DAGs
[2024-10-24T04:15:24.710+0000] {logging_mixin.py:190} INFO - [2024-10-24T04:15:24.709+0000] {dag.py:4180} INFO - Setting next_dagrun for latest_only to 2024-10-24 00:00:00+00:00, run_after=2024-10-24 04:00:00+00:00
[2024-10-24T04:15:24.731+0000] {processor.py:208} INFO - Processing /home/airflow/.local/lib/python3.12/site-packages/airflow/example_dags/example_latest_only.py took 0.092 seconds
[2024-10-24T06:56:01.692+0000] {processor.py:186} INFO - Started process (PID=99759) to work on /home/airflow/.local/lib/python3.12/site-packages/airflow/example_dags/example_latest_only.py
[2024-10-24T06:56:01.694+0000] {processor.py:914} INFO - Processing file /home/airflow/.local/lib/python3.12/site-packages/airflow/example_dags/example_latest_only.py for tasks to queue
[2024-10-24T06:56:01.695+0000] {logging_mixin.py:190} INFO - [2024-10-24T06:56:01.695+0000] {dagbag.py:588} INFO - Filling up the DagBag from /home/airflow/.local/lib/python3.12/site-packages/airflow/example_dags/example_latest_only.py
[2024-10-24T06:56:01.702+0000] {processor.py:925} INFO - DAG(s) 'latest_only' retrieved from /home/airflow/.local/lib/python3.12/site-packages/airflow/example_dags/example_latest_only.py
[2024-10-24T06:56:01.730+0000] {logging_mixin.py:190} INFO - [2024-10-24T06:56:01.730+0000] {dag.py:3239} INFO - Sync 1 DAGs
[2024-10-24T06:56:01.762+0000] {logging_mixin.py:190} INFO - [2024-10-24T06:56:01.762+0000] {dag.py:4180} INFO - Setting next_dagrun for latest_only to 2024-10-24 00:00:00+00:00, run_after=2024-10-24 04:00:00+00:00
[2024-10-24T06:56:01.786+0000] {processor.py:208} INFO - Processing /home/airflow/.local/lib/python3.12/site-packages/airflow/example_dags/example_latest_only.py took 0.102 seconds
[2024-10-24T06:56:33.059+0000] {processor.py:186} INFO - Started process (PID=99826) to work on /home/airflow/.local/lib/python3.12/site-packages/airflow/example_dags/example_latest_only.py
[2024-10-24T06:56:33.062+0000] {processor.py:914} INFO - Processing file /home/airflow/.local/lib/python3.12/site-packages/airflow/example_dags/example_latest_only.py for tasks to queue
[2024-10-24T06:56:33.063+0000] {logging_mixin.py:190} INFO - [2024-10-24T06:56:33.063+0000] {dagbag.py:588} INFO - Filling up the DagBag from /home/airflow/.local/lib/python3.12/site-packages/airflow/example_dags/example_latest_only.py
[2024-10-24T06:56:33.070+0000] {processor.py:925} INFO - DAG(s) 'latest_only' retrieved from /home/airflow/.local/lib/python3.12/site-packages/airflow/example_dags/example_latest_only.py
[2024-10-24T06:56:33.099+0000] {logging_mixin.py:190} INFO - [2024-10-24T06:56:33.099+0000] {dag.py:3239} INFO - Sync 1 DAGs
[2024-10-24T06:56:33.127+0000] {logging_mixin.py:190} INFO - [2024-10-24T06:56:33.127+0000] {dag.py:4180} INFO - Setting next_dagrun for latest_only to 2024-10-24 00:00:00+00:00, run_after=2024-10-24 04:00:00+00:00
[2024-10-24T06:56:33.146+0000] {processor.py:208} INFO - Processing /home/airflow/.local/lib/python3.12/site-packages/airflow/example_dags/example_latest_only.py took 0.095 seconds
[2024-10-24T06:57:03.575+0000] {processor.py:186} INFO - Started process (PID=99893) to work on /home/airflow/.local/lib/python3.12/site-packages/airflow/example_dags/example_latest_only.py
[2024-10-24T06:57:03.576+0000] {processor.py:914} INFO - Processing file /home/airflow/.local/lib/python3.12/site-packages/airflow/example_dags/example_latest_only.py for tasks to queue
[2024-10-24T06:57:03.578+0000] {logging_mixin.py:190} INFO - [2024-10-24T06:57:03.577+0000] {dagbag.py:588} INFO - Filling up the DagBag from /home/airflow/.local/lib/python3.12/site-packages/airflow/example_dags/example_latest_only.py
[2024-10-24T06:57:03.585+0000] {processor.py:925} INFO - DAG(s) 'latest_only' retrieved from /home/airflow/.local/lib/python3.12/site-packages/airflow/example_dags/example_latest_only.py
[2024-10-24T06:57:03.609+0000] {logging_mixin.py:190} INFO - [2024-10-24T06:57:03.609+0000] {dag.py:3239} INFO - Sync 1 DAGs
[2024-10-24T06:57:03.636+0000] {logging_mixin.py:190} INFO - [2024-10-24T06:57:03.635+0000] {dag.py:4180} INFO - Setting next_dagrun for latest_only to 2024-10-24 00:00:00+00:00, run_after=2024-10-24 04:00:00+00:00
[2024-10-24T06:57:03.656+0000] {processor.py:208} INFO - Processing /home/airflow/.local/lib/python3.12/site-packages/airflow/example_dags/example_latest_only.py took 0.090 seconds
[2024-10-24T06:57:33.914+0000] {processor.py:186} INFO - Started process (PID=99959) to work on /home/airflow/.local/lib/python3.12/site-packages/airflow/example_dags/example_latest_only.py
[2024-10-24T06:57:33.916+0000] {processor.py:914} INFO - Processing file /home/airflow/.local/lib/python3.12/site-packages/airflow/example_dags/example_latest_only.py for tasks to queue
[2024-10-24T06:57:33.917+0000] {logging_mixin.py:190} INFO - [2024-10-24T06:57:33.917+0000] {dagbag.py:588} INFO - Filling up the DagBag from /home/airflow/.local/lib/python3.12/site-packages/airflow/example_dags/example_latest_only.py
[2024-10-24T06:57:33.924+0000] {processor.py:925} INFO - DAG(s) 'latest_only' retrieved from /home/airflow/.local/lib/python3.12/site-packages/airflow/example_dags/example_latest_only.py
[2024-10-24T06:57:33.949+0000] {logging_mixin.py:190} INFO - [2024-10-24T06:57:33.949+0000] {dag.py:3239} INFO - Sync 1 DAGs
[2024-10-24T06:57:33.976+0000] {logging_mixin.py:190} INFO - [2024-10-24T06:57:33.976+0000] {dag.py:4180} INFO - Setting next_dagrun for latest_only to 2024-10-24 00:00:00+00:00, run_after=2024-10-24 04:00:00+00:00
[2024-10-24T06:57:33.999+0000] {processor.py:208} INFO - Processing /home/airflow/.local/lib/python3.12/site-packages/airflow/example_dags/example_latest_only.py took 0.094 seconds
[2024-10-24T06:58:04.363+0000] {processor.py:186} INFO - Started process (PID=100025) to work on /home/airflow/.local/lib/python3.12/site-packages/airflow/example_dags/example_latest_only.py
[2024-10-24T06:58:04.364+0000] {processor.py:914} INFO - Processing file /home/airflow/.local/lib/python3.12/site-packages/airflow/example_dags/example_latest_only.py for tasks to queue
[2024-10-24T06:58:04.366+0000] {logging_mixin.py:190} INFO - [2024-10-24T06:58:04.365+0000] {dagbag.py:588} INFO - Filling up the DagBag from /home/airflow/.local/lib/python3.12/site-packages/airflow/example_dags/example_latest_only.py
[2024-10-24T06:58:04.373+0000] {processor.py:925} INFO - DAG(s) 'latest_only' retrieved from /home/airflow/.local/lib/python3.12/site-packages/airflow/example_dags/example_latest_only.py
[2024-10-24T06:58:04.396+0000] {logging_mixin.py:190} INFO - [2024-10-24T06:58:04.396+0000] {dag.py:3239} INFO - Sync 1 DAGs
[2024-10-24T06:58:04.431+0000] {logging_mixin.py:190} INFO - [2024-10-24T06:58:04.431+0000] {dag.py:4180} INFO - Setting next_dagrun for latest_only to 2024-10-24 00:00:00+00:00, run_after=2024-10-24 04:00:00+00:00
[2024-10-24T06:58:04.640+0000] {processor.py:208} INFO - Processing /home/airflow/.local/lib/python3.12/site-packages/airflow/example_dags/example_latest_only.py took 0.288 seconds
[2024-10-24T06:58:34.719+0000] {processor.py:186} INFO - Started process (PID=100091) to work on /home/airflow/.local/lib/python3.12/site-packages/airflow/example_dags/example_latest_only.py
[2024-10-24T06:58:34.720+0000] {processor.py:914} INFO - Processing file /home/airflow/.local/lib/python3.12/site-packages/airflow/example_dags/example_latest_only.py for tasks to queue
[2024-10-24T06:58:34.721+0000] {logging_mixin.py:190} INFO - [2024-10-24T06:58:34.721+0000] {dagbag.py:588} INFO - Filling up the DagBag from /home/airflow/.local/lib/python3.12/site-packages/airflow/example_dags/example_latest_only.py
[2024-10-24T06:58:34.729+0000] {processor.py:925} INFO - DAG(s) 'latest_only' retrieved from /home/airflow/.local/lib/python3.12/site-packages/airflow/example_dags/example_latest_only.py
[2024-10-24T06:58:34.752+0000] {logging_mixin.py:190} INFO - [2024-10-24T06:58:34.752+0000] {dag.py:3239} INFO - Sync 1 DAGs
[2024-10-24T06:58:34.778+0000] {logging_mixin.py:190} INFO - [2024-10-24T06:58:34.778+0000] {dag.py:4180} INFO - Setting next_dagrun for latest_only to 2024-10-24 00:00:00+00:00, run_after=2024-10-24 04:00:00+00:00
[2024-10-24T06:58:35.025+0000] {processor.py:208} INFO - Processing /home/airflow/.local/lib/python3.12/site-packages/airflow/example_dags/example_latest_only.py took 0.314 seconds
[2024-10-24T06:59:05.106+0000] {processor.py:186} INFO - Started process (PID=100158) to work on /home/airflow/.local/lib/python3.12/site-packages/airflow/example_dags/example_latest_only.py
[2024-10-24T06:59:05.108+0000] {processor.py:914} INFO - Processing file /home/airflow/.local/lib/python3.12/site-packages/airflow/example_dags/example_latest_only.py for tasks to queue
[2024-10-24T06:59:05.109+0000] {logging_mixin.py:190} INFO - [2024-10-24T06:59:05.109+0000] {dagbag.py:588} INFO - Filling up the DagBag from /home/airflow/.local/lib/python3.12/site-packages/airflow/example_dags/example_latest_only.py
[2024-10-24T06:59:05.116+0000] {processor.py:925} INFO - DAG(s) 'latest_only' retrieved from /home/airflow/.local/lib/python3.12/site-packages/airflow/example_dags/example_latest_only.py
[2024-10-24T06:59:05.138+0000] {logging_mixin.py:190} INFO - [2024-10-24T06:59:05.138+0000] {dag.py:3239} INFO - Sync 1 DAGs
[2024-10-24T06:59:05.164+0000] {logging_mixin.py:190} INFO - [2024-10-24T06:59:05.164+0000] {dag.py:4180} INFO - Setting next_dagrun for latest_only to 2024-10-24 00:00:00+00:00, run_after=2024-10-24 04:00:00+00:00
[2024-10-24T06:59:05.186+0000] {processor.py:208} INFO - Processing /home/airflow/.local/lib/python3.12/site-packages/airflow/example_dags/example_latest_only.py took 0.087 seconds
