[2024-10-24T04:09:20.275+0000] {processor.py:186} INFO - Started process (PID=98902) to work on /home/airflow/.local/lib/python3.12/site-packages/airflow/example_dags/example_setup_teardown.py
[2024-10-24T04:09:20.276+0000] {processor.py:914} INFO - Processing file /home/airflow/.local/lib/python3.12/site-packages/airflow/example_dags/example_setup_teardown.py for tasks to queue
[2024-10-24T04:09:20.278+0000] {logging_mixin.py:190} INFO - [2024-10-24T04:09:20.277+0000] {dagbag.py:588} INFO - Filling up the DagBag from /home/airflow/.local/lib/python3.12/site-packages/airflow/example_dags/example_setup_teardown.py
[2024-10-24T04:09:20.288+0000] {processor.py:925} INFO - DAG(s) 'example_setup_teardown' retrieved from /home/airflow/.local/lib/python3.12/site-packages/airflow/example_dags/example_setup_teardown.py
[2024-10-24T04:09:20.373+0000] {logging_mixin.py:190} INFO - [2024-10-24T04:09:20.372+0000] {dag.py:3239} INFO - Sync 1 DAGs
[2024-10-24T04:09:20.409+0000] {logging_mixin.py:190} INFO - [2024-10-24T04:09:20.408+0000] {dag.py:4180} INFO - Setting next_dagrun for example_setup_teardown to None, run_after=None
[2024-10-24T04:09:20.448+0000] {processor.py:208} INFO - Processing /home/airflow/.local/lib/python3.12/site-packages/airflow/example_dags/example_setup_teardown.py took 0.182 seconds
[2024-10-24T04:09:50.619+0000] {processor.py:186} INFO - Started process (PID=98974) to work on /home/airflow/.local/lib/python3.12/site-packages/airflow/example_dags/example_setup_teardown.py
[2024-10-24T04:09:50.621+0000] {processor.py:914} INFO - Processing file /home/airflow/.local/lib/python3.12/site-packages/airflow/example_dags/example_setup_teardown.py for tasks to queue
[2024-10-24T04:09:50.622+0000] {logging_mixin.py:190} INFO - [2024-10-24T04:09:50.622+0000] {dagbag.py:588} INFO - Filling up the DagBag from /home/airflow/.local/lib/python3.12/site-packages/airflow/example_dags/example_setup_teardown.py
[2024-10-24T04:09:50.630+0000] {processor.py:925} INFO - DAG(s) 'example_setup_teardown' retrieved from /home/airflow/.local/lib/python3.12/site-packages/airflow/example_dags/example_setup_teardown.py
[2024-10-24T04:09:50.653+0000] {logging_mixin.py:190} INFO - [2024-10-24T04:09:50.653+0000] {dag.py:3239} INFO - Sync 1 DAGs
[2024-10-24T04:09:50.671+0000] {logging_mixin.py:190} INFO - [2024-10-24T04:09:50.670+0000] {dag.py:4180} INFO - Setting next_dagrun for example_setup_teardown to None, run_after=None
[2024-10-24T04:09:50.691+0000] {processor.py:208} INFO - Processing /home/airflow/.local/lib/python3.12/site-packages/airflow/example_dags/example_setup_teardown.py took 0.079 seconds
[2024-10-24T04:10:21.435+0000] {processor.py:186} INFO - Started process (PID=99040) to work on /home/airflow/.local/lib/python3.12/site-packages/airflow/example_dags/example_setup_teardown.py
[2024-10-24T04:10:21.436+0000] {processor.py:914} INFO - Processing file /home/airflow/.local/lib/python3.12/site-packages/airflow/example_dags/example_setup_teardown.py for tasks to queue
[2024-10-24T04:10:21.438+0000] {logging_mixin.py:190} INFO - [2024-10-24T04:10:21.437+0000] {dagbag.py:588} INFO - Filling up the DagBag from /home/airflow/.local/lib/python3.12/site-packages/airflow/example_dags/example_setup_teardown.py
[2024-10-24T04:10:21.446+0000] {processor.py:925} INFO - DAG(s) 'example_setup_teardown' retrieved from /home/airflow/.local/lib/python3.12/site-packages/airflow/example_dags/example_setup_teardown.py
[2024-10-24T04:10:21.471+0000] {logging_mixin.py:190} INFO - [2024-10-24T04:10:21.470+0000] {dag.py:3239} INFO - Sync 1 DAGs
[2024-10-24T04:10:21.488+0000] {logging_mixin.py:190} INFO - [2024-10-24T04:10:21.487+0000] {dag.py:4180} INFO - Setting next_dagrun for example_setup_teardown to None, run_after=None
[2024-10-24T04:10:21.508+0000] {processor.py:208} INFO - Processing /home/airflow/.local/lib/python3.12/site-packages/airflow/example_dags/example_setup_teardown.py took 0.080 seconds
[2024-10-24T04:10:52.149+0000] {processor.py:186} INFO - Started process (PID=99106) to work on /home/airflow/.local/lib/python3.12/site-packages/airflow/example_dags/example_setup_teardown.py
[2024-10-24T04:10:52.150+0000] {processor.py:914} INFO - Processing file /home/airflow/.local/lib/python3.12/site-packages/airflow/example_dags/example_setup_teardown.py for tasks to queue
[2024-10-24T04:10:52.152+0000] {logging_mixin.py:190} INFO - [2024-10-24T04:10:52.151+0000] {dagbag.py:588} INFO - Filling up the DagBag from /home/airflow/.local/lib/python3.12/site-packages/airflow/example_dags/example_setup_teardown.py
[2024-10-24T04:10:52.160+0000] {processor.py:925} INFO - DAG(s) 'example_setup_teardown' retrieved from /home/airflow/.local/lib/python3.12/site-packages/airflow/example_dags/example_setup_teardown.py
[2024-10-24T04:10:52.185+0000] {logging_mixin.py:190} INFO - [2024-10-24T04:10:52.185+0000] {dag.py:3239} INFO - Sync 1 DAGs
[2024-10-24T04:10:52.203+0000] {logging_mixin.py:190} INFO - [2024-10-24T04:10:52.202+0000] {dag.py:4180} INFO - Setting next_dagrun for example_setup_teardown to None, run_after=None
[2024-10-24T04:10:52.222+0000] {processor.py:208} INFO - Processing /home/airflow/.local/lib/python3.12/site-packages/airflow/example_dags/example_setup_teardown.py took 0.080 seconds
[2024-10-24T04:11:23.104+0000] {processor.py:186} INFO - Started process (PID=99173) to work on /home/airflow/.local/lib/python3.12/site-packages/airflow/example_dags/example_setup_teardown.py
[2024-10-24T04:11:23.106+0000] {processor.py:914} INFO - Processing file /home/airflow/.local/lib/python3.12/site-packages/airflow/example_dags/example_setup_teardown.py for tasks to queue
[2024-10-24T04:11:23.107+0000] {logging_mixin.py:190} INFO - [2024-10-24T04:11:23.107+0000] {dagbag.py:588} INFO - Filling up the DagBag from /home/airflow/.local/lib/python3.12/site-packages/airflow/example_dags/example_setup_teardown.py
[2024-10-24T04:11:23.117+0000] {processor.py:925} INFO - DAG(s) 'example_setup_teardown' retrieved from /home/airflow/.local/lib/python3.12/site-packages/airflow/example_dags/example_setup_teardown.py
[2024-10-24T04:11:23.144+0000] {logging_mixin.py:190} INFO - [2024-10-24T04:11:23.142+0000] {dag.py:3239} INFO - Sync 1 DAGs
[2024-10-24T04:11:23.162+0000] {logging_mixin.py:190} INFO - [2024-10-24T04:11:23.161+0000] {dag.py:4180} INFO - Setting next_dagrun for example_setup_teardown to None, run_after=None
[2024-10-24T04:11:23.180+0000] {processor.py:208} INFO - Processing /home/airflow/.local/lib/python3.12/site-packages/airflow/example_dags/example_setup_teardown.py took 0.082 seconds
[2024-10-24T04:11:53.647+0000] {processor.py:186} INFO - Started process (PID=99240) to work on /home/airflow/.local/lib/python3.12/site-packages/airflow/example_dags/example_setup_teardown.py
[2024-10-24T04:11:53.649+0000] {processor.py:914} INFO - Processing file /home/airflow/.local/lib/python3.12/site-packages/airflow/example_dags/example_setup_teardown.py for tasks to queue
[2024-10-24T04:11:53.650+0000] {logging_mixin.py:190} INFO - [2024-10-24T04:11:53.650+0000] {dagbag.py:588} INFO - Filling up the DagBag from /home/airflow/.local/lib/python3.12/site-packages/airflow/example_dags/example_setup_teardown.py
[2024-10-24T04:11:53.658+0000] {processor.py:925} INFO - DAG(s) 'example_setup_teardown' retrieved from /home/airflow/.local/lib/python3.12/site-packages/airflow/example_dags/example_setup_teardown.py
[2024-10-24T04:11:53.685+0000] {logging_mixin.py:190} INFO - [2024-10-24T04:11:53.685+0000] {dag.py:3239} INFO - Sync 1 DAGs
[2024-10-24T04:11:53.702+0000] {logging_mixin.py:190} INFO - [2024-10-24T04:11:53.702+0000] {dag.py:4180} INFO - Setting next_dagrun for example_setup_teardown to None, run_after=None
[2024-10-24T04:11:53.723+0000] {processor.py:208} INFO - Processing /home/airflow/.local/lib/python3.12/site-packages/airflow/example_dags/example_setup_teardown.py took 0.082 seconds
[2024-10-24T04:12:24.348+0000] {processor.py:186} INFO - Started process (PID=99307) to work on /home/airflow/.local/lib/python3.12/site-packages/airflow/example_dags/example_setup_teardown.py
[2024-10-24T04:12:24.349+0000] {processor.py:914} INFO - Processing file /home/airflow/.local/lib/python3.12/site-packages/airflow/example_dags/example_setup_teardown.py for tasks to queue
[2024-10-24T04:12:24.351+0000] {logging_mixin.py:190} INFO - [2024-10-24T04:12:24.351+0000] {dagbag.py:588} INFO - Filling up the DagBag from /home/airflow/.local/lib/python3.12/site-packages/airflow/example_dags/example_setup_teardown.py
[2024-10-24T04:12:24.360+0000] {processor.py:925} INFO - DAG(s) 'example_setup_teardown' retrieved from /home/airflow/.local/lib/python3.12/site-packages/airflow/example_dags/example_setup_teardown.py
[2024-10-24T04:12:24.391+0000] {logging_mixin.py:190} INFO - [2024-10-24T04:12:24.391+0000] {dag.py:3239} INFO - Sync 1 DAGs
[2024-10-24T04:12:24.414+0000] {logging_mixin.py:190} INFO - [2024-10-24T04:12:24.414+0000] {dag.py:4180} INFO - Setting next_dagrun for example_setup_teardown to None, run_after=None
[2024-10-24T04:12:24.437+0000] {processor.py:208} INFO - Processing /home/airflow/.local/lib/python3.12/site-packages/airflow/example_dags/example_setup_teardown.py took 0.098 seconds
[2024-10-24T04:12:55.522+0000] {processor.py:186} INFO - Started process (PID=99373) to work on /home/airflow/.local/lib/python3.12/site-packages/airflow/example_dags/example_setup_teardown.py
[2024-10-24T04:12:55.524+0000] {processor.py:914} INFO - Processing file /home/airflow/.local/lib/python3.12/site-packages/airflow/example_dags/example_setup_teardown.py for tasks to queue
[2024-10-24T04:12:55.527+0000] {logging_mixin.py:190} INFO - [2024-10-24T04:12:55.527+0000] {dagbag.py:588} INFO - Filling up the DagBag from /home/airflow/.local/lib/python3.12/site-packages/airflow/example_dags/example_setup_teardown.py
[2024-10-24T04:12:55.539+0000] {processor.py:925} INFO - DAG(s) 'example_setup_teardown' retrieved from /home/airflow/.local/lib/python3.12/site-packages/airflow/example_dags/example_setup_teardown.py
[2024-10-24T04:12:55.590+0000] {logging_mixin.py:190} INFO - [2024-10-24T04:12:55.589+0000] {dag.py:3239} INFO - Sync 1 DAGs
[2024-10-24T04:12:55.616+0000] {logging_mixin.py:190} INFO - [2024-10-24T04:12:55.616+0000] {dag.py:4180} INFO - Setting next_dagrun for example_setup_teardown to None, run_after=None
[2024-10-24T04:12:55.642+0000] {processor.py:208} INFO - Processing /home/airflow/.local/lib/python3.12/site-packages/airflow/example_dags/example_setup_teardown.py took 0.129 seconds
[2024-10-24T04:13:25.864+0000] {processor.py:186} INFO - Started process (PID=99440) to work on /home/airflow/.local/lib/python3.12/site-packages/airflow/example_dags/example_setup_teardown.py
[2024-10-24T04:13:25.866+0000] {processor.py:914} INFO - Processing file /home/airflow/.local/lib/python3.12/site-packages/airflow/example_dags/example_setup_teardown.py for tasks to queue
[2024-10-24T04:13:25.867+0000] {logging_mixin.py:190} INFO - [2024-10-24T04:13:25.867+0000] {dagbag.py:588} INFO - Filling up the DagBag from /home/airflow/.local/lib/python3.12/site-packages/airflow/example_dags/example_setup_teardown.py
[2024-10-24T04:13:25.874+0000] {processor.py:925} INFO - DAG(s) 'example_setup_teardown' retrieved from /home/airflow/.local/lib/python3.12/site-packages/airflow/example_dags/example_setup_teardown.py
[2024-10-24T04:13:25.901+0000] {logging_mixin.py:190} INFO - [2024-10-24T04:13:25.901+0000] {dag.py:3239} INFO - Sync 1 DAGs
[2024-10-24T04:13:25.917+0000] {logging_mixin.py:190} INFO - [2024-10-24T04:13:25.917+0000] {dag.py:4180} INFO - Setting next_dagrun for example_setup_teardown to None, run_after=None
[2024-10-24T04:13:25.936+0000] {processor.py:208} INFO - Processing /home/airflow/.local/lib/python3.12/site-packages/airflow/example_dags/example_setup_teardown.py took 0.079 seconds
[2024-10-24T04:13:56.611+0000] {processor.py:186} INFO - Started process (PID=99507) to work on /home/airflow/.local/lib/python3.12/site-packages/airflow/example_dags/example_setup_teardown.py
[2024-10-24T04:13:56.612+0000] {processor.py:914} INFO - Processing file /home/airflow/.local/lib/python3.12/site-packages/airflow/example_dags/example_setup_teardown.py for tasks to queue
[2024-10-24T04:13:56.614+0000] {logging_mixin.py:190} INFO - [2024-10-24T04:13:56.613+0000] {dagbag.py:588} INFO - Filling up the DagBag from /home/airflow/.local/lib/python3.12/site-packages/airflow/example_dags/example_setup_teardown.py
[2024-10-24T04:13:56.622+0000] {processor.py:925} INFO - DAG(s) 'example_setup_teardown' retrieved from /home/airflow/.local/lib/python3.12/site-packages/airflow/example_dags/example_setup_teardown.py
[2024-10-24T04:13:56.646+0000] {logging_mixin.py:190} INFO - [2024-10-24T04:13:56.646+0000] {dag.py:3239} INFO - Sync 1 DAGs
[2024-10-24T04:13:56.663+0000] {logging_mixin.py:190} INFO - [2024-10-24T04:13:56.662+0000] {dag.py:4180} INFO - Setting next_dagrun for example_setup_teardown to None, run_after=None
[2024-10-24T04:13:56.681+0000] {processor.py:208} INFO - Processing /home/airflow/.local/lib/python3.12/site-packages/airflow/example_dags/example_setup_teardown.py took 0.078 seconds
[2024-10-24T04:14:27.403+0000] {processor.py:186} INFO - Started process (PID=99574) to work on /home/airflow/.local/lib/python3.12/site-packages/airflow/example_dags/example_setup_teardown.py
[2024-10-24T04:14:27.404+0000] {processor.py:914} INFO - Processing file /home/airflow/.local/lib/python3.12/site-packages/airflow/example_dags/example_setup_teardown.py for tasks to queue
[2024-10-24T04:14:27.405+0000] {logging_mixin.py:190} INFO - [2024-10-24T04:14:27.405+0000] {dagbag.py:588} INFO - Filling up the DagBag from /home/airflow/.local/lib/python3.12/site-packages/airflow/example_dags/example_setup_teardown.py
[2024-10-24T04:14:27.413+0000] {processor.py:925} INFO - DAG(s) 'example_setup_teardown' retrieved from /home/airflow/.local/lib/python3.12/site-packages/airflow/example_dags/example_setup_teardown.py
[2024-10-24T04:14:27.438+0000] {logging_mixin.py:190} INFO - [2024-10-24T04:14:27.438+0000] {dag.py:3239} INFO - Sync 1 DAGs
[2024-10-24T04:14:27.454+0000] {logging_mixin.py:190} INFO - [2024-10-24T04:14:27.454+0000] {dag.py:4180} INFO - Setting next_dagrun for example_setup_teardown to None, run_after=None
[2024-10-24T04:14:27.472+0000] {processor.py:208} INFO - Processing /home/airflow/.local/lib/python3.12/site-packages/airflow/example_dags/example_setup_teardown.py took 0.077 seconds
[2024-10-24T04:14:57.882+0000] {processor.py:186} INFO - Started process (PID=99640) to work on /home/airflow/.local/lib/python3.12/site-packages/airflow/example_dags/example_setup_teardown.py
[2024-10-24T04:14:57.883+0000] {processor.py:914} INFO - Processing file /home/airflow/.local/lib/python3.12/site-packages/airflow/example_dags/example_setup_teardown.py for tasks to queue
[2024-10-24T04:14:57.884+0000] {logging_mixin.py:190} INFO - [2024-10-24T04:14:57.884+0000] {dagbag.py:588} INFO - Filling up the DagBag from /home/airflow/.local/lib/python3.12/site-packages/airflow/example_dags/example_setup_teardown.py
[2024-10-24T04:14:57.901+0000] {processor.py:925} INFO - DAG(s) 'example_setup_teardown' retrieved from /home/airflow/.local/lib/python3.12/site-packages/airflow/example_dags/example_setup_teardown.py
[2024-10-24T04:14:57.933+0000] {logging_mixin.py:190} INFO - [2024-10-24T04:14:57.933+0000] {dag.py:3239} INFO - Sync 1 DAGs
[2024-10-24T04:14:57.951+0000] {logging_mixin.py:190} INFO - [2024-10-24T04:14:57.951+0000] {dag.py:4180} INFO - Setting next_dagrun for example_setup_teardown to None, run_after=None
[2024-10-24T04:14:57.968+0000] {processor.py:208} INFO - Processing /home/airflow/.local/lib/python3.12/site-packages/airflow/example_dags/example_setup_teardown.py took 0.095 seconds
[2024-10-24T04:15:28.467+0000] {processor.py:186} INFO - Started process (PID=99707) to work on /home/airflow/.local/lib/python3.12/site-packages/airflow/example_dags/example_setup_teardown.py
[2024-10-24T04:15:28.468+0000] {processor.py:914} INFO - Processing file /home/airflow/.local/lib/python3.12/site-packages/airflow/example_dags/example_setup_teardown.py for tasks to queue
[2024-10-24T04:15:28.470+0000] {logging_mixin.py:190} INFO - [2024-10-24T04:15:28.469+0000] {dagbag.py:588} INFO - Filling up the DagBag from /home/airflow/.local/lib/python3.12/site-packages/airflow/example_dags/example_setup_teardown.py
[2024-10-24T04:15:28.477+0000] {processor.py:925} INFO - DAG(s) 'example_setup_teardown' retrieved from /home/airflow/.local/lib/python3.12/site-packages/airflow/example_dags/example_setup_teardown.py
[2024-10-24T04:15:28.503+0000] {logging_mixin.py:190} INFO - [2024-10-24T04:15:28.503+0000] {dag.py:3239} INFO - Sync 1 DAGs
[2024-10-24T04:15:28.520+0000] {logging_mixin.py:190} INFO - [2024-10-24T04:15:28.519+0000] {dag.py:4180} INFO - Setting next_dagrun for example_setup_teardown to None, run_after=None
[2024-10-24T04:15:28.540+0000] {processor.py:208} INFO - Processing /home/airflow/.local/lib/python3.12/site-packages/airflow/example_dags/example_setup_teardown.py took 0.081 seconds
[2024-10-24T06:56:03.062+0000] {processor.py:186} INFO - Started process (PID=99774) to work on /home/airflow/.local/lib/python3.12/site-packages/airflow/example_dags/example_setup_teardown.py
[2024-10-24T06:56:03.063+0000] {processor.py:914} INFO - Processing file /home/airflow/.local/lib/python3.12/site-packages/airflow/example_dags/example_setup_teardown.py for tasks to queue
[2024-10-24T06:56:03.064+0000] {logging_mixin.py:190} INFO - [2024-10-24T06:56:03.064+0000] {dagbag.py:588} INFO - Filling up the DagBag from /home/airflow/.local/lib/python3.12/site-packages/airflow/example_dags/example_setup_teardown.py
[2024-10-24T06:56:03.074+0000] {processor.py:925} INFO - DAG(s) 'example_setup_teardown' retrieved from /home/airflow/.local/lib/python3.12/site-packages/airflow/example_dags/example_setup_teardown.py
[2024-10-24T06:56:03.105+0000] {logging_mixin.py:190} INFO - [2024-10-24T06:56:03.105+0000] {dag.py:3239} INFO - Sync 1 DAGs
[2024-10-24T06:56:03.122+0000] {logging_mixin.py:190} INFO - [2024-10-24T06:56:03.121+0000] {dag.py:4180} INFO - Setting next_dagrun for example_setup_teardown to None, run_after=None
[2024-10-24T06:56:03.146+0000] {processor.py:208} INFO - Processing /home/airflow/.local/lib/python3.12/site-packages/airflow/example_dags/example_setup_teardown.py took 0.093 seconds
[2024-10-24T06:56:34.153+0000] {processor.py:186} INFO - Started process (PID=99841) to work on /home/airflow/.local/lib/python3.12/site-packages/airflow/example_dags/example_setup_teardown.py
[2024-10-24T06:56:34.155+0000] {processor.py:914} INFO - Processing file /home/airflow/.local/lib/python3.12/site-packages/airflow/example_dags/example_setup_teardown.py for tasks to queue
[2024-10-24T06:56:34.156+0000] {logging_mixin.py:190} INFO - [2024-10-24T06:56:34.156+0000] {dagbag.py:588} INFO - Filling up the DagBag from /home/airflow/.local/lib/python3.12/site-packages/airflow/example_dags/example_setup_teardown.py
[2024-10-24T06:56:34.164+0000] {processor.py:925} INFO - DAG(s) 'example_setup_teardown' retrieved from /home/airflow/.local/lib/python3.12/site-packages/airflow/example_dags/example_setup_teardown.py
[2024-10-24T06:56:34.190+0000] {logging_mixin.py:190} INFO - [2024-10-24T06:56:34.190+0000] {dag.py:3239} INFO - Sync 1 DAGs
[2024-10-24T06:56:34.207+0000] {logging_mixin.py:190} INFO - [2024-10-24T06:56:34.207+0000] {dag.py:4180} INFO - Setting next_dagrun for example_setup_teardown to None, run_after=None
[2024-10-24T06:56:34.226+0000] {processor.py:208} INFO - Processing /home/airflow/.local/lib/python3.12/site-packages/airflow/example_dags/example_setup_teardown.py took 0.080 seconds
[2024-10-24T06:57:05.105+0000] {processor.py:186} INFO - Started process (PID=99908) to work on /home/airflow/.local/lib/python3.12/site-packages/airflow/example_dags/example_setup_teardown.py
[2024-10-24T06:57:05.106+0000] {processor.py:914} INFO - Processing file /home/airflow/.local/lib/python3.12/site-packages/airflow/example_dags/example_setup_teardown.py for tasks to queue
[2024-10-24T06:57:05.107+0000] {logging_mixin.py:190} INFO - [2024-10-24T06:57:05.107+0000] {dagbag.py:588} INFO - Filling up the DagBag from /home/airflow/.local/lib/python3.12/site-packages/airflow/example_dags/example_setup_teardown.py
[2024-10-24T06:57:05.115+0000] {processor.py:925} INFO - DAG(s) 'example_setup_teardown' retrieved from /home/airflow/.local/lib/python3.12/site-packages/airflow/example_dags/example_setup_teardown.py
[2024-10-24T06:57:05.140+0000] {logging_mixin.py:190} INFO - [2024-10-24T06:57:05.140+0000] {dag.py:3239} INFO - Sync 1 DAGs
[2024-10-24T06:57:05.156+0000] {logging_mixin.py:190} INFO - [2024-10-24T06:57:05.156+0000] {dag.py:4180} INFO - Setting next_dagrun for example_setup_teardown to None, run_after=None
[2024-10-24T06:57:05.178+0000] {processor.py:208} INFO - Processing /home/airflow/.local/lib/python3.12/site-packages/airflow/example_dags/example_setup_teardown.py took 0.081 seconds
[2024-10-24T06:57:35.480+0000] {processor.py:186} INFO - Started process (PID=99975) to work on /home/airflow/.local/lib/python3.12/site-packages/airflow/example_dags/example_setup_teardown.py
[2024-10-24T06:57:35.482+0000] {processor.py:914} INFO - Processing file /home/airflow/.local/lib/python3.12/site-packages/airflow/example_dags/example_setup_teardown.py for tasks to queue
[2024-10-24T06:57:35.484+0000] {logging_mixin.py:190} INFO - [2024-10-24T06:57:35.484+0000] {dagbag.py:588} INFO - Filling up the DagBag from /home/airflow/.local/lib/python3.12/site-packages/airflow/example_dags/example_setup_teardown.py
[2024-10-24T06:57:35.492+0000] {processor.py:925} INFO - DAG(s) 'example_setup_teardown' retrieved from /home/airflow/.local/lib/python3.12/site-packages/airflow/example_dags/example_setup_teardown.py
[2024-10-24T06:57:35.519+0000] {logging_mixin.py:190} INFO - [2024-10-24T06:57:35.519+0000] {dag.py:3239} INFO - Sync 1 DAGs
[2024-10-24T06:57:35.539+0000] {logging_mixin.py:190} INFO - [2024-10-24T06:57:35.539+0000] {dag.py:4180} INFO - Setting next_dagrun for example_setup_teardown to None, run_after=None
[2024-10-24T06:57:35.567+0000] {processor.py:208} INFO - Processing /home/airflow/.local/lib/python3.12/site-packages/airflow/example_dags/example_setup_teardown.py took 0.094 seconds
[2024-10-24T06:58:06.122+0000] {processor.py:186} INFO - Started process (PID=100042) to work on /home/airflow/.local/lib/python3.12/site-packages/airflow/example_dags/example_setup_teardown.py
[2024-10-24T06:58:06.123+0000] {processor.py:914} INFO - Processing file /home/airflow/.local/lib/python3.12/site-packages/airflow/example_dags/example_setup_teardown.py for tasks to queue
[2024-10-24T06:58:06.124+0000] {logging_mixin.py:190} INFO - [2024-10-24T06:58:06.124+0000] {dagbag.py:588} INFO - Filling up the DagBag from /home/airflow/.local/lib/python3.12/site-packages/airflow/example_dags/example_setup_teardown.py
[2024-10-24T06:58:06.132+0000] {processor.py:925} INFO - DAG(s) 'example_setup_teardown' retrieved from /home/airflow/.local/lib/python3.12/site-packages/airflow/example_dags/example_setup_teardown.py
[2024-10-24T06:58:06.156+0000] {logging_mixin.py:190} INFO - [2024-10-24T06:58:06.156+0000] {dag.py:3239} INFO - Sync 1 DAGs
[2024-10-24T06:58:06.173+0000] {logging_mixin.py:190} INFO - [2024-10-24T06:58:06.173+0000] {dag.py:4180} INFO - Setting next_dagrun for example_setup_teardown to None, run_after=None
[2024-10-24T06:58:06.191+0000] {processor.py:208} INFO - Processing /home/airflow/.local/lib/python3.12/site-packages/airflow/example_dags/example_setup_teardown.py took 0.077 seconds
[2024-10-24T06:58:36.944+0000] {processor.py:186} INFO - Started process (PID=100108) to work on /home/airflow/.local/lib/python3.12/site-packages/airflow/example_dags/example_setup_teardown.py
[2024-10-24T06:58:36.946+0000] {processor.py:914} INFO - Processing file /home/airflow/.local/lib/python3.12/site-packages/airflow/example_dags/example_setup_teardown.py for tasks to queue
[2024-10-24T06:58:36.947+0000] {logging_mixin.py:190} INFO - [2024-10-24T06:58:36.947+0000] {dagbag.py:588} INFO - Filling up the DagBag from /home/airflow/.local/lib/python3.12/site-packages/airflow/example_dags/example_setup_teardown.py
[2024-10-24T06:58:36.960+0000] {processor.py:925} INFO - DAG(s) 'example_setup_teardown' retrieved from /home/airflow/.local/lib/python3.12/site-packages/airflow/example_dags/example_setup_teardown.py
[2024-10-24T06:58:36.993+0000] {logging_mixin.py:190} INFO - [2024-10-24T06:58:36.992+0000] {dag.py:3239} INFO - Sync 1 DAGs
[2024-10-24T06:58:37.017+0000] {logging_mixin.py:190} INFO - [2024-10-24T06:58:37.016+0000] {dag.py:4180} INFO - Setting next_dagrun for example_setup_teardown to None, run_after=None
[2024-10-24T06:58:37.037+0000] {processor.py:208} INFO - Processing /home/airflow/.local/lib/python3.12/site-packages/airflow/example_dags/example_setup_teardown.py took 0.102 seconds
[2024-10-24T06:59:09.074+0000] {processor.py:186} INFO - Started process (PID=100175) to work on /home/airflow/.local/lib/python3.12/site-packages/airflow/example_dags/example_setup_teardown.py
[2024-10-24T06:59:09.076+0000] {processor.py:914} INFO - Processing file /home/airflow/.local/lib/python3.12/site-packages/airflow/example_dags/example_setup_teardown.py for tasks to queue
[2024-10-24T06:59:09.078+0000] {logging_mixin.py:190} INFO - [2024-10-24T06:59:09.077+0000] {dagbag.py:588} INFO - Filling up the DagBag from /home/airflow/.local/lib/python3.12/site-packages/airflow/example_dags/example_setup_teardown.py
[2024-10-24T06:59:09.107+0000] {processor.py:925} INFO - DAG(s) 'example_setup_teardown' retrieved from /home/airflow/.local/lib/python3.12/site-packages/airflow/example_dags/example_setup_teardown.py
[2024-10-24T06:59:09.143+0000] {logging_mixin.py:190} INFO - [2024-10-24T06:59:09.142+0000] {dag.py:3239} INFO - Sync 1 DAGs
[2024-10-24T06:59:09.391+0000] {logging_mixin.py:190} INFO - [2024-10-24T06:59:09.391+0000] {dag.py:4180} INFO - Setting next_dagrun for example_setup_teardown to None, run_after=None
[2024-10-24T06:59:09.423+0000] {processor.py:208} INFO - Processing /home/airflow/.local/lib/python3.12/site-packages/airflow/example_dags/example_setup_teardown.py took 0.366 seconds
