[2024-10-24T04:09:20.630+0000] {processor.py:186} INFO - Started process (PID=98910) to work on /home/airflow/.local/lib/python3.12/site-packages/airflow/example_dags/example_time_delta_sensor_async.py
[2024-10-24T04:09:20.631+0000] {processor.py:914} INFO - Processing file /home/airflow/.local/lib/python3.12/site-packages/airflow/example_dags/example_time_delta_sensor_async.py for tasks to queue
[2024-10-24T04:09:20.633+0000] {logging_mixin.py:190} INFO - [2024-10-24T04:09:20.632+0000] {dagbag.py:588} INFO - Filling up the DagBag from /home/airflow/.local/lib/python3.12/site-packages/airflow/example_dags/example_time_delta_sensor_async.py
[2024-10-24T04:09:20.640+0000] {processor.py:925} INFO - DAG(s) 'example_time_delta_sensor_async' retrieved from /home/airflow/.local/lib/python3.12/site-packages/airflow/example_dags/example_time_delta_sensor_async.py
[2024-10-24T04:09:20.678+0000] {logging_mixin.py:190} INFO - [2024-10-24T04:09:20.677+0000] {dag.py:3239} INFO - Sync 1 DAGs
[2024-10-24T04:09:20.707+0000] {logging_mixin.py:190} INFO - [2024-10-24T04:09:20.707+0000] {dag.py:4180} INFO - Setting next_dagrun for example_time_delta_sensor_async to None, run_after=None
[2024-10-24T04:09:20.745+0000] {processor.py:208} INFO - Processing /home/airflow/.local/lib/python3.12/site-packages/airflow/example_dags/example_time_delta_sensor_async.py took 0.126 seconds
[2024-10-24T04:09:50.825+0000] {processor.py:186} INFO - Started process (PID=98977) to work on /home/airflow/.local/lib/python3.12/site-packages/airflow/example_dags/example_time_delta_sensor_async.py
[2024-10-24T04:09:50.827+0000] {processor.py:914} INFO - Processing file /home/airflow/.local/lib/python3.12/site-packages/airflow/example_dags/example_time_delta_sensor_async.py for tasks to queue
[2024-10-24T04:09:50.828+0000] {logging_mixin.py:190} INFO - [2024-10-24T04:09:50.828+0000] {dagbag.py:588} INFO - Filling up the DagBag from /home/airflow/.local/lib/python3.12/site-packages/airflow/example_dags/example_time_delta_sensor_async.py
[2024-10-24T04:09:50.834+0000] {processor.py:925} INFO - DAG(s) 'example_time_delta_sensor_async' retrieved from /home/airflow/.local/lib/python3.12/site-packages/airflow/example_dags/example_time_delta_sensor_async.py
[2024-10-24T04:09:50.858+0000] {logging_mixin.py:190} INFO - [2024-10-24T04:09:50.858+0000] {dag.py:3239} INFO - Sync 1 DAGs
[2024-10-24T04:09:50.874+0000] {logging_mixin.py:190} INFO - [2024-10-24T04:09:50.874+0000] {dag.py:4180} INFO - Setting next_dagrun for example_time_delta_sensor_async to None, run_after=None
[2024-10-24T04:09:50.893+0000] {processor.py:208} INFO - Processing /home/airflow/.local/lib/python3.12/site-packages/airflow/example_dags/example_time_delta_sensor_async.py took 0.075 seconds
[2024-10-24T04:10:21.652+0000] {processor.py:186} INFO - Started process (PID=99043) to work on /home/airflow/.local/lib/python3.12/site-packages/airflow/example_dags/example_time_delta_sensor_async.py
[2024-10-24T04:10:21.654+0000] {processor.py:914} INFO - Processing file /home/airflow/.local/lib/python3.12/site-packages/airflow/example_dags/example_time_delta_sensor_async.py for tasks to queue
[2024-10-24T04:10:21.655+0000] {logging_mixin.py:190} INFO - [2024-10-24T04:10:21.655+0000] {dagbag.py:588} INFO - Filling up the DagBag from /home/airflow/.local/lib/python3.12/site-packages/airflow/example_dags/example_time_delta_sensor_async.py
[2024-10-24T04:10:21.661+0000] {processor.py:925} INFO - DAG(s) 'example_time_delta_sensor_async' retrieved from /home/airflow/.local/lib/python3.12/site-packages/airflow/example_dags/example_time_delta_sensor_async.py
[2024-10-24T04:10:21.684+0000] {logging_mixin.py:190} INFO - [2024-10-24T04:10:21.684+0000] {dag.py:3239} INFO - Sync 1 DAGs
[2024-10-24T04:10:21.700+0000] {logging_mixin.py:190} INFO - [2024-10-24T04:10:21.700+0000] {dag.py:4180} INFO - Setting next_dagrun for example_time_delta_sensor_async to None, run_after=None
[2024-10-24T04:10:21.717+0000] {processor.py:208} INFO - Processing /home/airflow/.local/lib/python3.12/site-packages/airflow/example_dags/example_time_delta_sensor_async.py took 0.072 seconds
[2024-10-24T04:10:52.376+0000] {processor.py:186} INFO - Started process (PID=99109) to work on /home/airflow/.local/lib/python3.12/site-packages/airflow/example_dags/example_time_delta_sensor_async.py
[2024-10-24T04:10:52.378+0000] {processor.py:914} INFO - Processing file /home/airflow/.local/lib/python3.12/site-packages/airflow/example_dags/example_time_delta_sensor_async.py for tasks to queue
[2024-10-24T04:10:52.379+0000] {logging_mixin.py:190} INFO - [2024-10-24T04:10:52.379+0000] {dagbag.py:588} INFO - Filling up the DagBag from /home/airflow/.local/lib/python3.12/site-packages/airflow/example_dags/example_time_delta_sensor_async.py
[2024-10-24T04:10:52.385+0000] {processor.py:925} INFO - DAG(s) 'example_time_delta_sensor_async' retrieved from /home/airflow/.local/lib/python3.12/site-packages/airflow/example_dags/example_time_delta_sensor_async.py
[2024-10-24T04:10:52.409+0000] {logging_mixin.py:190} INFO - [2024-10-24T04:10:52.408+0000] {dag.py:3239} INFO - Sync 1 DAGs
[2024-10-24T04:10:52.425+0000] {logging_mixin.py:190} INFO - [2024-10-24T04:10:52.425+0000] {dag.py:4180} INFO - Setting next_dagrun for example_time_delta_sensor_async to None, run_after=None
[2024-10-24T04:10:52.445+0000] {processor.py:208} INFO - Processing /home/airflow/.local/lib/python3.12/site-packages/airflow/example_dags/example_time_delta_sensor_async.py took 0.075 seconds
[2024-10-24T04:11:23.251+0000] {processor.py:186} INFO - Started process (PID=99176) to work on /home/airflow/.local/lib/python3.12/site-packages/airflow/example_dags/example_time_delta_sensor_async.py
[2024-10-24T04:11:23.252+0000] {processor.py:914} INFO - Processing file /home/airflow/.local/lib/python3.12/site-packages/airflow/example_dags/example_time_delta_sensor_async.py for tasks to queue
[2024-10-24T04:11:23.254+0000] {logging_mixin.py:190} INFO - [2024-10-24T04:11:23.254+0000] {dagbag.py:588} INFO - Filling up the DagBag from /home/airflow/.local/lib/python3.12/site-packages/airflow/example_dags/example_time_delta_sensor_async.py
[2024-10-24T04:11:23.261+0000] {processor.py:925} INFO - DAG(s) 'example_time_delta_sensor_async' retrieved from /home/airflow/.local/lib/python3.12/site-packages/airflow/example_dags/example_time_delta_sensor_async.py
[2024-10-24T04:11:23.291+0000] {logging_mixin.py:190} INFO - [2024-10-24T04:11:23.290+0000] {dag.py:3239} INFO - Sync 1 DAGs
[2024-10-24T04:11:23.316+0000] {logging_mixin.py:190} INFO - [2024-10-24T04:11:23.315+0000] {dag.py:4180} INFO - Setting next_dagrun for example_time_delta_sensor_async to None, run_after=None
[2024-10-24T04:11:23.335+0000] {processor.py:208} INFO - Processing /home/airflow/.local/lib/python3.12/site-packages/airflow/example_dags/example_time_delta_sensor_async.py took 0.093 seconds
[2024-10-24T04:11:53.843+0000] {processor.py:186} INFO - Started process (PID=99243) to work on /home/airflow/.local/lib/python3.12/site-packages/airflow/example_dags/example_time_delta_sensor_async.py
[2024-10-24T04:11:53.844+0000] {processor.py:914} INFO - Processing file /home/airflow/.local/lib/python3.12/site-packages/airflow/example_dags/example_time_delta_sensor_async.py for tasks to queue
[2024-10-24T04:11:53.846+0000] {logging_mixin.py:190} INFO - [2024-10-24T04:11:53.845+0000] {dagbag.py:588} INFO - Filling up the DagBag from /home/airflow/.local/lib/python3.12/site-packages/airflow/example_dags/example_time_delta_sensor_async.py
[2024-10-24T04:11:53.851+0000] {processor.py:925} INFO - DAG(s) 'example_time_delta_sensor_async' retrieved from /home/airflow/.local/lib/python3.12/site-packages/airflow/example_dags/example_time_delta_sensor_async.py
[2024-10-24T04:11:53.874+0000] {logging_mixin.py:190} INFO - [2024-10-24T04:11:53.874+0000] {dag.py:3239} INFO - Sync 1 DAGs
[2024-10-24T04:11:53.890+0000] {logging_mixin.py:190} INFO - [2024-10-24T04:11:53.890+0000] {dag.py:4180} INFO - Setting next_dagrun for example_time_delta_sensor_async to None, run_after=None
[2024-10-24T04:11:53.909+0000] {processor.py:208} INFO - Processing /home/airflow/.local/lib/python3.12/site-packages/airflow/example_dags/example_time_delta_sensor_async.py took 0.073 seconds
[2024-10-24T04:12:24.551+0000] {processor.py:186} INFO - Started process (PID=99310) to work on /home/airflow/.local/lib/python3.12/site-packages/airflow/example_dags/example_time_delta_sensor_async.py
[2024-10-24T04:12:24.552+0000] {processor.py:914} INFO - Processing file /home/airflow/.local/lib/python3.12/site-packages/airflow/example_dags/example_time_delta_sensor_async.py for tasks to queue
[2024-10-24T04:12:24.553+0000] {logging_mixin.py:190} INFO - [2024-10-24T04:12:24.553+0000] {dagbag.py:588} INFO - Filling up the DagBag from /home/airflow/.local/lib/python3.12/site-packages/airflow/example_dags/example_time_delta_sensor_async.py
[2024-10-24T04:12:24.559+0000] {processor.py:925} INFO - DAG(s) 'example_time_delta_sensor_async' retrieved from /home/airflow/.local/lib/python3.12/site-packages/airflow/example_dags/example_time_delta_sensor_async.py
[2024-10-24T04:12:24.584+0000] {logging_mixin.py:190} INFO - [2024-10-24T04:12:24.584+0000] {dag.py:3239} INFO - Sync 1 DAGs
[2024-10-24T04:12:24.601+0000] {logging_mixin.py:190} INFO - [2024-10-24T04:12:24.601+0000] {dag.py:4180} INFO - Setting next_dagrun for example_time_delta_sensor_async to None, run_after=None
[2024-10-24T04:12:24.620+0000] {processor.py:208} INFO - Processing /home/airflow/.local/lib/python3.12/site-packages/airflow/example_dags/example_time_delta_sensor_async.py took 0.078 seconds
[2024-10-24T04:12:55.805+0000] {processor.py:186} INFO - Started process (PID=99376) to work on /home/airflow/.local/lib/python3.12/site-packages/airflow/example_dags/example_time_delta_sensor_async.py
[2024-10-24T04:12:55.807+0000] {processor.py:914} INFO - Processing file /home/airflow/.local/lib/python3.12/site-packages/airflow/example_dags/example_time_delta_sensor_async.py for tasks to queue
[2024-10-24T04:12:55.808+0000] {logging_mixin.py:190} INFO - [2024-10-24T04:12:55.808+0000] {dagbag.py:588} INFO - Filling up the DagBag from /home/airflow/.local/lib/python3.12/site-packages/airflow/example_dags/example_time_delta_sensor_async.py
[2024-10-24T04:12:55.815+0000] {processor.py:925} INFO - DAG(s) 'example_time_delta_sensor_async' retrieved from /home/airflow/.local/lib/python3.12/site-packages/airflow/example_dags/example_time_delta_sensor_async.py
[2024-10-24T04:12:55.848+0000] {logging_mixin.py:190} INFO - [2024-10-24T04:12:55.848+0000] {dag.py:3239} INFO - Sync 1 DAGs
[2024-10-24T04:12:55.869+0000] {logging_mixin.py:190} INFO - [2024-10-24T04:12:55.869+0000] {dag.py:4180} INFO - Setting next_dagrun for example_time_delta_sensor_async to None, run_after=None
[2024-10-24T04:12:55.901+0000] {processor.py:208} INFO - Processing /home/airflow/.local/lib/python3.12/site-packages/airflow/example_dags/example_time_delta_sensor_async.py took 0.103 seconds
[2024-10-24T04:13:25.993+0000] {processor.py:186} INFO - Started process (PID=99443) to work on /home/airflow/.local/lib/python3.12/site-packages/airflow/example_dags/example_time_delta_sensor_async.py
[2024-10-24T04:13:25.994+0000] {processor.py:914} INFO - Processing file /home/airflow/.local/lib/python3.12/site-packages/airflow/example_dags/example_time_delta_sensor_async.py for tasks to queue
[2024-10-24T04:13:25.995+0000] {logging_mixin.py:190} INFO - [2024-10-24T04:13:25.995+0000] {dagbag.py:588} INFO - Filling up the DagBag from /home/airflow/.local/lib/python3.12/site-packages/airflow/example_dags/example_time_delta_sensor_async.py
[2024-10-24T04:13:26.001+0000] {processor.py:925} INFO - DAG(s) 'example_time_delta_sensor_async' retrieved from /home/airflow/.local/lib/python3.12/site-packages/airflow/example_dags/example_time_delta_sensor_async.py
[2024-10-24T04:13:26.026+0000] {logging_mixin.py:190} INFO - [2024-10-24T04:13:26.026+0000] {dag.py:3239} INFO - Sync 1 DAGs
[2024-10-24T04:13:26.044+0000] {logging_mixin.py:190} INFO - [2024-10-24T04:13:26.043+0000] {dag.py:4180} INFO - Setting next_dagrun for example_time_delta_sensor_async to None, run_after=None
[2024-10-24T04:13:26.062+0000] {processor.py:208} INFO - Processing /home/airflow/.local/lib/python3.12/site-packages/airflow/example_dags/example_time_delta_sensor_async.py took 0.076 seconds
[2024-10-24T04:13:56.819+0000] {processor.py:186} INFO - Started process (PID=99510) to work on /home/airflow/.local/lib/python3.12/site-packages/airflow/example_dags/example_time_delta_sensor_async.py
[2024-10-24T04:13:56.821+0000] {processor.py:914} INFO - Processing file /home/airflow/.local/lib/python3.12/site-packages/airflow/example_dags/example_time_delta_sensor_async.py for tasks to queue
[2024-10-24T04:13:56.822+0000] {logging_mixin.py:190} INFO - [2024-10-24T04:13:56.822+0000] {dagbag.py:588} INFO - Filling up the DagBag from /home/airflow/.local/lib/python3.12/site-packages/airflow/example_dags/example_time_delta_sensor_async.py
[2024-10-24T04:13:56.830+0000] {processor.py:925} INFO - DAG(s) 'example_time_delta_sensor_async' retrieved from /home/airflow/.local/lib/python3.12/site-packages/airflow/example_dags/example_time_delta_sensor_async.py
[2024-10-24T04:13:56.855+0000] {logging_mixin.py:190} INFO - [2024-10-24T04:13:56.855+0000] {dag.py:3239} INFO - Sync 1 DAGs
[2024-10-24T04:13:56.871+0000] {logging_mixin.py:190} INFO - [2024-10-24T04:13:56.871+0000] {dag.py:4180} INFO - Setting next_dagrun for example_time_delta_sensor_async to None, run_after=None
[2024-10-24T04:13:56.892+0000] {processor.py:208} INFO - Processing /home/airflow/.local/lib/python3.12/site-packages/airflow/example_dags/example_time_delta_sensor_async.py took 0.081 seconds
[2024-10-24T04:14:27.568+0000] {processor.py:186} INFO - Started process (PID=99577) to work on /home/airflow/.local/lib/python3.12/site-packages/airflow/example_dags/example_time_delta_sensor_async.py
[2024-10-24T04:14:27.570+0000] {processor.py:914} INFO - Processing file /home/airflow/.local/lib/python3.12/site-packages/airflow/example_dags/example_time_delta_sensor_async.py for tasks to queue
[2024-10-24T04:14:27.572+0000] {logging_mixin.py:190} INFO - [2024-10-24T04:14:27.571+0000] {dagbag.py:588} INFO - Filling up the DagBag from /home/airflow/.local/lib/python3.12/site-packages/airflow/example_dags/example_time_delta_sensor_async.py
[2024-10-24T04:14:27.578+0000] {processor.py:925} INFO - DAG(s) 'example_time_delta_sensor_async' retrieved from /home/airflow/.local/lib/python3.12/site-packages/airflow/example_dags/example_time_delta_sensor_async.py
[2024-10-24T04:14:27.603+0000] {logging_mixin.py:190} INFO - [2024-10-24T04:14:27.602+0000] {dag.py:3239} INFO - Sync 1 DAGs
[2024-10-24T04:14:27.624+0000] {logging_mixin.py:190} INFO - [2024-10-24T04:14:27.623+0000] {dag.py:4180} INFO - Setting next_dagrun for example_time_delta_sensor_async to None, run_after=None
[2024-10-24T04:14:27.642+0000] {processor.py:208} INFO - Processing /home/airflow/.local/lib/python3.12/site-packages/airflow/example_dags/example_time_delta_sensor_async.py took 0.083 seconds
[2024-10-24T04:14:58.092+0000] {processor.py:186} INFO - Started process (PID=99643) to work on /home/airflow/.local/lib/python3.12/site-packages/airflow/example_dags/example_time_delta_sensor_async.py
[2024-10-24T04:14:58.094+0000] {processor.py:914} INFO - Processing file /home/airflow/.local/lib/python3.12/site-packages/airflow/example_dags/example_time_delta_sensor_async.py for tasks to queue
[2024-10-24T04:14:58.096+0000] {logging_mixin.py:190} INFO - [2024-10-24T04:14:58.095+0000] {dagbag.py:588} INFO - Filling up the DagBag from /home/airflow/.local/lib/python3.12/site-packages/airflow/example_dags/example_time_delta_sensor_async.py
[2024-10-24T04:14:58.101+0000] {processor.py:925} INFO - DAG(s) 'example_time_delta_sensor_async' retrieved from /home/airflow/.local/lib/python3.12/site-packages/airflow/example_dags/example_time_delta_sensor_async.py
[2024-10-24T04:14:58.123+0000] {logging_mixin.py:190} INFO - [2024-10-24T04:14:58.122+0000] {dag.py:3239} INFO - Sync 1 DAGs
[2024-10-24T04:14:58.139+0000] {logging_mixin.py:190} INFO - [2024-10-24T04:14:58.139+0000] {dag.py:4180} INFO - Setting next_dagrun for example_time_delta_sensor_async to None, run_after=None
[2024-10-24T04:14:58.157+0000] {processor.py:208} INFO - Processing /home/airflow/.local/lib/python3.12/site-packages/airflow/example_dags/example_time_delta_sensor_async.py took 0.073 seconds
[2024-10-24T04:15:28.684+0000] {processor.py:186} INFO - Started process (PID=99710) to work on /home/airflow/.local/lib/python3.12/site-packages/airflow/example_dags/example_time_delta_sensor_async.py
[2024-10-24T04:15:28.685+0000] {processor.py:914} INFO - Processing file /home/airflow/.local/lib/python3.12/site-packages/airflow/example_dags/example_time_delta_sensor_async.py for tasks to queue
[2024-10-24T04:15:28.686+0000] {logging_mixin.py:190} INFO - [2024-10-24T04:15:28.686+0000] {dagbag.py:588} INFO - Filling up the DagBag from /home/airflow/.local/lib/python3.12/site-packages/airflow/example_dags/example_time_delta_sensor_async.py
[2024-10-24T04:15:28.692+0000] {processor.py:925} INFO - DAG(s) 'example_time_delta_sensor_async' retrieved from /home/airflow/.local/lib/python3.12/site-packages/airflow/example_dags/example_time_delta_sensor_async.py
[2024-10-24T04:15:28.714+0000] {logging_mixin.py:190} INFO - [2024-10-24T04:15:28.714+0000] {dag.py:3239} INFO - Sync 1 DAGs
[2024-10-24T04:15:28.732+0000] {logging_mixin.py:190} INFO - [2024-10-24T04:15:28.732+0000] {dag.py:4180} INFO - Setting next_dagrun for example_time_delta_sensor_async to None, run_after=None
[2024-10-24T04:15:28.749+0000] {processor.py:208} INFO - Processing /home/airflow/.local/lib/python3.12/site-packages/airflow/example_dags/example_time_delta_sensor_async.py took 0.074 seconds
[2024-10-24T06:56:03.302+0000] {processor.py:186} INFO - Started process (PID=99777) to work on /home/airflow/.local/lib/python3.12/site-packages/airflow/example_dags/example_time_delta_sensor_async.py
[2024-10-24T06:56:03.304+0000] {processor.py:914} INFO - Processing file /home/airflow/.local/lib/python3.12/site-packages/airflow/example_dags/example_time_delta_sensor_async.py for tasks to queue
[2024-10-24T06:56:03.307+0000] {logging_mixin.py:190} INFO - [2024-10-24T06:56:03.307+0000] {dagbag.py:588} INFO - Filling up the DagBag from /home/airflow/.local/lib/python3.12/site-packages/airflow/example_dags/example_time_delta_sensor_async.py
[2024-10-24T06:56:03.313+0000] {processor.py:925} INFO - DAG(s) 'example_time_delta_sensor_async' retrieved from /home/airflow/.local/lib/python3.12/site-packages/airflow/example_dags/example_time_delta_sensor_async.py
[2024-10-24T06:56:03.340+0000] {logging_mixin.py:190} INFO - [2024-10-24T06:56:03.339+0000] {dag.py:3239} INFO - Sync 1 DAGs
[2024-10-24T06:56:03.363+0000] {logging_mixin.py:190} INFO - [2024-10-24T06:56:03.363+0000] {dag.py:4180} INFO - Setting next_dagrun for example_time_delta_sensor_async to None, run_after=None
[2024-10-24T06:56:03.387+0000] {processor.py:208} INFO - Processing /home/airflow/.local/lib/python3.12/site-packages/airflow/example_dags/example_time_delta_sensor_async.py took 0.093 seconds
[2024-10-24T06:56:34.376+0000] {processor.py:186} INFO - Started process (PID=99844) to work on /home/airflow/.local/lib/python3.12/site-packages/airflow/example_dags/example_time_delta_sensor_async.py
[2024-10-24T06:56:34.377+0000] {processor.py:914} INFO - Processing file /home/airflow/.local/lib/python3.12/site-packages/airflow/example_dags/example_time_delta_sensor_async.py for tasks to queue
[2024-10-24T06:56:34.379+0000] {logging_mixin.py:190} INFO - [2024-10-24T06:56:34.378+0000] {dagbag.py:588} INFO - Filling up the DagBag from /home/airflow/.local/lib/python3.12/site-packages/airflow/example_dags/example_time_delta_sensor_async.py
[2024-10-24T06:56:34.384+0000] {processor.py:925} INFO - DAG(s) 'example_time_delta_sensor_async' retrieved from /home/airflow/.local/lib/python3.12/site-packages/airflow/example_dags/example_time_delta_sensor_async.py
[2024-10-24T06:56:34.412+0000] {logging_mixin.py:190} INFO - [2024-10-24T06:56:34.411+0000] {dag.py:3239} INFO - Sync 1 DAGs
[2024-10-24T06:56:34.429+0000] {logging_mixin.py:190} INFO - [2024-10-24T06:56:34.429+0000] {dag.py:4180} INFO - Setting next_dagrun for example_time_delta_sensor_async to None, run_after=None
[2024-10-24T06:56:34.447+0000] {processor.py:208} INFO - Processing /home/airflow/.local/lib/python3.12/site-packages/airflow/example_dags/example_time_delta_sensor_async.py took 0.079 seconds
[2024-10-24T06:57:05.323+0000] {processor.py:186} INFO - Started process (PID=99911) to work on /home/airflow/.local/lib/python3.12/site-packages/airflow/example_dags/example_time_delta_sensor_async.py
[2024-10-24T06:57:05.325+0000] {processor.py:914} INFO - Processing file /home/airflow/.local/lib/python3.12/site-packages/airflow/example_dags/example_time_delta_sensor_async.py for tasks to queue
[2024-10-24T06:57:05.327+0000] {logging_mixin.py:190} INFO - [2024-10-24T06:57:05.326+0000] {dagbag.py:588} INFO - Filling up the DagBag from /home/airflow/.local/lib/python3.12/site-packages/airflow/example_dags/example_time_delta_sensor_async.py
[2024-10-24T06:57:05.332+0000] {processor.py:925} INFO - DAG(s) 'example_time_delta_sensor_async' retrieved from /home/airflow/.local/lib/python3.12/site-packages/airflow/example_dags/example_time_delta_sensor_async.py
[2024-10-24T06:57:05.355+0000] {logging_mixin.py:190} INFO - [2024-10-24T06:57:05.354+0000] {dag.py:3239} INFO - Sync 1 DAGs
[2024-10-24T06:57:05.372+0000] {logging_mixin.py:190} INFO - [2024-10-24T06:57:05.372+0000] {dag.py:4180} INFO - Setting next_dagrun for example_time_delta_sensor_async to None, run_after=None
[2024-10-24T06:57:05.391+0000] {processor.py:208} INFO - Processing /home/airflow/.local/lib/python3.12/site-packages/airflow/example_dags/example_time_delta_sensor_async.py took 0.077 seconds
[2024-10-24T06:57:35.699+0000] {processor.py:186} INFO - Started process (PID=99978) to work on /home/airflow/.local/lib/python3.12/site-packages/airflow/example_dags/example_time_delta_sensor_async.py
[2024-10-24T06:57:35.701+0000] {processor.py:914} INFO - Processing file /home/airflow/.local/lib/python3.12/site-packages/airflow/example_dags/example_time_delta_sensor_async.py for tasks to queue
[2024-10-24T06:57:35.703+0000] {logging_mixin.py:190} INFO - [2024-10-24T06:57:35.703+0000] {dagbag.py:588} INFO - Filling up the DagBag from /home/airflow/.local/lib/python3.12/site-packages/airflow/example_dags/example_time_delta_sensor_async.py
[2024-10-24T06:57:35.710+0000] {processor.py:925} INFO - DAG(s) 'example_time_delta_sensor_async' retrieved from /home/airflow/.local/lib/python3.12/site-packages/airflow/example_dags/example_time_delta_sensor_async.py
[2024-10-24T06:57:35.735+0000] {logging_mixin.py:190} INFO - [2024-10-24T06:57:35.735+0000] {dag.py:3239} INFO - Sync 1 DAGs
[2024-10-24T06:57:35.753+0000] {logging_mixin.py:190} INFO - [2024-10-24T06:57:35.753+0000] {dag.py:4180} INFO - Setting next_dagrun for example_time_delta_sensor_async to None, run_after=None
[2024-10-24T06:57:35.772+0000] {processor.py:208} INFO - Processing /home/airflow/.local/lib/python3.12/site-packages/airflow/example_dags/example_time_delta_sensor_async.py took 0.083 seconds
[2024-10-24T06:58:06.338+0000] {processor.py:186} INFO - Started process (PID=100045) to work on /home/airflow/.local/lib/python3.12/site-packages/airflow/example_dags/example_time_delta_sensor_async.py
[2024-10-24T06:58:06.339+0000] {processor.py:914} INFO - Processing file /home/airflow/.local/lib/python3.12/site-packages/airflow/example_dags/example_time_delta_sensor_async.py for tasks to queue
[2024-10-24T06:58:06.340+0000] {logging_mixin.py:190} INFO - [2024-10-24T06:58:06.340+0000] {dagbag.py:588} INFO - Filling up the DagBag from /home/airflow/.local/lib/python3.12/site-packages/airflow/example_dags/example_time_delta_sensor_async.py
[2024-10-24T06:58:06.347+0000] {processor.py:925} INFO - DAG(s) 'example_time_delta_sensor_async' retrieved from /home/airflow/.local/lib/python3.12/site-packages/airflow/example_dags/example_time_delta_sensor_async.py
[2024-10-24T06:58:06.380+0000] {logging_mixin.py:190} INFO - [2024-10-24T06:58:06.380+0000] {dag.py:3239} INFO - Sync 1 DAGs
[2024-10-24T06:58:06.400+0000] {logging_mixin.py:190} INFO - [2024-10-24T06:58:06.399+0000] {dag.py:4180} INFO - Setting next_dagrun for example_time_delta_sensor_async to None, run_after=None
[2024-10-24T06:58:06.420+0000] {processor.py:208} INFO - Processing /home/airflow/.local/lib/python3.12/site-packages/airflow/example_dags/example_time_delta_sensor_async.py took 0.090 seconds
[2024-10-24T06:58:37.147+0000] {processor.py:186} INFO - Started process (PID=100111) to work on /home/airflow/.local/lib/python3.12/site-packages/airflow/example_dags/example_time_delta_sensor_async.py
[2024-10-24T06:58:37.148+0000] {processor.py:914} INFO - Processing file /home/airflow/.local/lib/python3.12/site-packages/airflow/example_dags/example_time_delta_sensor_async.py for tasks to queue
[2024-10-24T06:58:37.149+0000] {logging_mixin.py:190} INFO - [2024-10-24T06:58:37.149+0000] {dagbag.py:588} INFO - Filling up the DagBag from /home/airflow/.local/lib/python3.12/site-packages/airflow/example_dags/example_time_delta_sensor_async.py
[2024-10-24T06:58:37.156+0000] {processor.py:925} INFO - DAG(s) 'example_time_delta_sensor_async' retrieved from /home/airflow/.local/lib/python3.12/site-packages/airflow/example_dags/example_time_delta_sensor_async.py
[2024-10-24T06:58:37.184+0000] {logging_mixin.py:190} INFO - [2024-10-24T06:58:37.184+0000] {dag.py:3239} INFO - Sync 1 DAGs
[2024-10-24T06:58:37.203+0000] {logging_mixin.py:190} INFO - [2024-10-24T06:58:37.203+0000] {dag.py:4180} INFO - Setting next_dagrun for example_time_delta_sensor_async to None, run_after=None
[2024-10-24T06:58:37.221+0000] {processor.py:208} INFO - Processing /home/airflow/.local/lib/python3.12/site-packages/airflow/example_dags/example_time_delta_sensor_async.py took 0.082 seconds
