[2024-10-24T04:09:22.866+0000] {processor.py:186} INFO - Started process (PID=98930) to work on /home/airflow/.local/lib/python3.12/site-packages/airflow/example_dags/example_xcomargs.py
[2024-10-24T04:09:22.867+0000] {processor.py:914} INFO - Processing file /home/airflow/.local/lib/python3.12/site-packages/airflow/example_dags/example_xcomargs.py for tasks to queue
[2024-10-24T04:09:22.868+0000] {logging_mixin.py:190} INFO - [2024-10-24T04:09:22.868+0000] {dagbag.py:588} INFO - Filling up the DagBag from /home/airflow/.local/lib/python3.12/site-packages/airflow/example_dags/example_xcomargs.py
[2024-10-24T04:09:22.877+0000] {processor.py:925} INFO - DAG(s) 'example_xcom_args', 'example_xcom_args_with_operators' retrieved from /home/airflow/.local/lib/python3.12/site-packages/airflow/example_dags/example_xcomargs.py
[2024-10-24T04:09:22.910+0000] {logging_mixin.py:190} INFO - [2024-10-24T04:09:22.910+0000] {dag.py:3239} INFO - Sync 2 DAGs
[2024-10-24T04:09:22.927+0000] {logging_mixin.py:190} INFO - [2024-10-24T04:09:22.927+0000] {dag.py:4180} INFO - Setting next_dagrun for example_xcom_args to None, run_after=None
[2024-10-24T04:09:22.931+0000] {logging_mixin.py:190} INFO - [2024-10-24T04:09:22.931+0000] {dag.py:4180} INFO - Setting next_dagrun for example_xcom_args_with_operators to None, run_after=None
[2024-10-24T04:09:22.946+0000] {processor.py:208} INFO - Processing /home/airflow/.local/lib/python3.12/site-packages/airflow/example_dags/example_xcomargs.py took 0.089 seconds
[2024-10-24T04:09:53.376+0000] {processor.py:186} INFO - Started process (PID=98997) to work on /home/airflow/.local/lib/python3.12/site-packages/airflow/example_dags/example_xcomargs.py
[2024-10-24T04:09:53.378+0000] {processor.py:914} INFO - Processing file /home/airflow/.local/lib/python3.12/site-packages/airflow/example_dags/example_xcomargs.py for tasks to queue
[2024-10-24T04:09:53.380+0000] {logging_mixin.py:190} INFO - [2024-10-24T04:09:53.379+0000] {dagbag.py:588} INFO - Filling up the DagBag from /home/airflow/.local/lib/python3.12/site-packages/airflow/example_dags/example_xcomargs.py
[2024-10-24T04:09:53.393+0000] {processor.py:925} INFO - DAG(s) 'example_xcom_args_with_operators', 'example_xcom_args' retrieved from /home/airflow/.local/lib/python3.12/site-packages/airflow/example_dags/example_xcomargs.py
[2024-10-24T04:09:53.427+0000] {logging_mixin.py:190} INFO - [2024-10-24T04:09:53.426+0000] {dag.py:3239} INFO - Sync 2 DAGs
[2024-10-24T04:09:53.445+0000] {logging_mixin.py:190} INFO - [2024-10-24T04:09:53.445+0000] {dag.py:4180} INFO - Setting next_dagrun for example_xcom_args to None, run_after=None
[2024-10-24T04:09:53.449+0000] {logging_mixin.py:190} INFO - [2024-10-24T04:09:53.449+0000] {dag.py:4180} INFO - Setting next_dagrun for example_xcom_args_with_operators to None, run_after=None
[2024-10-24T04:09:53.472+0000] {processor.py:208} INFO - Processing /home/airflow/.local/lib/python3.12/site-packages/airflow/example_dags/example_xcomargs.py took 0.104 seconds
[2024-10-24T04:10:24.148+0000] {processor.py:186} INFO - Started process (PID=99063) to work on /home/airflow/.local/lib/python3.12/site-packages/airflow/example_dags/example_xcomargs.py
[2024-10-24T04:10:24.149+0000] {processor.py:914} INFO - Processing file /home/airflow/.local/lib/python3.12/site-packages/airflow/example_dags/example_xcomargs.py for tasks to queue
[2024-10-24T04:10:24.151+0000] {logging_mixin.py:190} INFO - [2024-10-24T04:10:24.151+0000] {dagbag.py:588} INFO - Filling up the DagBag from /home/airflow/.local/lib/python3.12/site-packages/airflow/example_dags/example_xcomargs.py
[2024-10-24T04:10:24.163+0000] {processor.py:925} INFO - DAG(s) 'example_xcom_args_with_operators', 'example_xcom_args' retrieved from /home/airflow/.local/lib/python3.12/site-packages/airflow/example_dags/example_xcomargs.py
[2024-10-24T04:10:24.195+0000] {logging_mixin.py:190} INFO - [2024-10-24T04:10:24.195+0000] {dag.py:3239} INFO - Sync 2 DAGs
[2024-10-24T04:10:24.216+0000] {logging_mixin.py:190} INFO - [2024-10-24T04:10:24.216+0000] {dag.py:4180} INFO - Setting next_dagrun for example_xcom_args to None, run_after=None
[2024-10-24T04:10:24.220+0000] {logging_mixin.py:190} INFO - [2024-10-24T04:10:24.219+0000] {dag.py:4180} INFO - Setting next_dagrun for example_xcom_args_with_operators to None, run_after=None
[2024-10-24T04:10:24.236+0000] {processor.py:208} INFO - Processing /home/airflow/.local/lib/python3.12/site-packages/airflow/example_dags/example_xcomargs.py took 0.098 seconds
[2024-10-24T04:10:54.805+0000] {processor.py:186} INFO - Started process (PID=99129) to work on /home/airflow/.local/lib/python3.12/site-packages/airflow/example_dags/example_xcomargs.py
[2024-10-24T04:10:54.807+0000] {processor.py:914} INFO - Processing file /home/airflow/.local/lib/python3.12/site-packages/airflow/example_dags/example_xcomargs.py for tasks to queue
[2024-10-24T04:10:54.808+0000] {logging_mixin.py:190} INFO - [2024-10-24T04:10:54.808+0000] {dagbag.py:588} INFO - Filling up the DagBag from /home/airflow/.local/lib/python3.12/site-packages/airflow/example_dags/example_xcomargs.py
[2024-10-24T04:10:54.817+0000] {processor.py:925} INFO - DAG(s) 'example_xcom_args_with_operators', 'example_xcom_args' retrieved from /home/airflow/.local/lib/python3.12/site-packages/airflow/example_dags/example_xcomargs.py
[2024-10-24T04:10:54.846+0000] {logging_mixin.py:190} INFO - [2024-10-24T04:10:54.845+0000] {dag.py:3239} INFO - Sync 2 DAGs
[2024-10-24T04:10:54.863+0000] {logging_mixin.py:190} INFO - [2024-10-24T04:10:54.863+0000] {dag.py:4180} INFO - Setting next_dagrun for example_xcom_args to None, run_after=None
[2024-10-24T04:10:54.867+0000] {logging_mixin.py:190} INFO - [2024-10-24T04:10:54.867+0000] {dag.py:4180} INFO - Setting next_dagrun for example_xcom_args_with_operators to None, run_after=None
[2024-10-24T04:10:54.884+0000] {processor.py:208} INFO - Processing /home/airflow/.local/lib/python3.12/site-packages/airflow/example_dags/example_xcomargs.py took 0.086 seconds
[2024-10-24T04:11:25.975+0000] {processor.py:186} INFO - Started process (PID=99196) to work on /home/airflow/.local/lib/python3.12/site-packages/airflow/example_dags/example_xcomargs.py
[2024-10-24T04:11:25.976+0000] {processor.py:914} INFO - Processing file /home/airflow/.local/lib/python3.12/site-packages/airflow/example_dags/example_xcomargs.py for tasks to queue
[2024-10-24T04:11:25.977+0000] {logging_mixin.py:190} INFO - [2024-10-24T04:11:25.977+0000] {dagbag.py:588} INFO - Filling up the DagBag from /home/airflow/.local/lib/python3.12/site-packages/airflow/example_dags/example_xcomargs.py
[2024-10-24T04:11:25.990+0000] {processor.py:925} INFO - DAG(s) 'example_xcom_args_with_operators', 'example_xcom_args' retrieved from /home/airflow/.local/lib/python3.12/site-packages/airflow/example_dags/example_xcomargs.py
[2024-10-24T04:11:26.026+0000] {logging_mixin.py:190} INFO - [2024-10-24T04:11:26.026+0000] {dag.py:3239} INFO - Sync 2 DAGs
[2024-10-24T04:11:26.054+0000] {logging_mixin.py:190} INFO - [2024-10-24T04:11:26.053+0000] {dag.py:4180} INFO - Setting next_dagrun for example_xcom_args to None, run_after=None
[2024-10-24T04:11:26.058+0000] {logging_mixin.py:190} INFO - [2024-10-24T04:11:26.058+0000] {dag.py:4180} INFO - Setting next_dagrun for example_xcom_args_with_operators to None, run_after=None
[2024-10-24T04:11:26.085+0000] {processor.py:208} INFO - Processing /home/airflow/.local/lib/python3.12/site-packages/airflow/example_dags/example_xcomargs.py took 0.116 seconds
[2024-10-24T04:11:58.920+0000] {processor.py:186} INFO - Started process (PID=99263) to work on /home/airflow/.local/lib/python3.12/site-packages/airflow/example_dags/example_xcomargs.py
[2024-10-24T04:11:58.922+0000] {processor.py:914} INFO - Processing file /home/airflow/.local/lib/python3.12/site-packages/airflow/example_dags/example_xcomargs.py for tasks to queue
[2024-10-24T04:11:58.923+0000] {logging_mixin.py:190} INFO - [2024-10-24T04:11:58.923+0000] {dagbag.py:588} INFO - Filling up the DagBag from /home/airflow/.local/lib/python3.12/site-packages/airflow/example_dags/example_xcomargs.py
[2024-10-24T04:11:58.933+0000] {processor.py:925} INFO - DAG(s) 'example_xcom_args', 'example_xcom_args_with_operators' retrieved from /home/airflow/.local/lib/python3.12/site-packages/airflow/example_dags/example_xcomargs.py
[2024-10-24T04:11:58.966+0000] {logging_mixin.py:190} INFO - [2024-10-24T04:11:58.965+0000] {dag.py:3239} INFO - Sync 2 DAGs
[2024-10-24T04:11:58.984+0000] {logging_mixin.py:190} INFO - [2024-10-24T04:11:58.984+0000] {dag.py:4180} INFO - Setting next_dagrun for example_xcom_args to None, run_after=None
[2024-10-24T04:11:58.989+0000] {logging_mixin.py:190} INFO - [2024-10-24T04:11:58.988+0000] {dag.py:4180} INFO - Setting next_dagrun for example_xcom_args_with_operators to None, run_after=None
[2024-10-24T04:11:59.006+0000] {processor.py:208} INFO - Processing /home/airflow/.local/lib/python3.12/site-packages/airflow/example_dags/example_xcomargs.py took 0.096 seconds
[2024-10-24T04:12:29.995+0000] {processor.py:186} INFO - Started process (PID=99330) to work on /home/airflow/.local/lib/python3.12/site-packages/airflow/example_dags/example_xcomargs.py
[2024-10-24T04:12:29.996+0000] {processor.py:914} INFO - Processing file /home/airflow/.local/lib/python3.12/site-packages/airflow/example_dags/example_xcomargs.py for tasks to queue
[2024-10-24T04:12:29.997+0000] {logging_mixin.py:190} INFO - [2024-10-24T04:12:29.997+0000] {dagbag.py:588} INFO - Filling up the DagBag from /home/airflow/.local/lib/python3.12/site-packages/airflow/example_dags/example_xcomargs.py
[2024-10-24T04:12:30.008+0000] {processor.py:925} INFO - DAG(s) 'example_xcom_args', 'example_xcom_args_with_operators' retrieved from /home/airflow/.local/lib/python3.12/site-packages/airflow/example_dags/example_xcomargs.py
[2024-10-24T04:12:30.036+0000] {logging_mixin.py:190} INFO - [2024-10-24T04:12:30.035+0000] {dag.py:3239} INFO - Sync 2 DAGs
[2024-10-24T04:12:30.053+0000] {logging_mixin.py:190} INFO - [2024-10-24T04:12:30.053+0000] {dag.py:4180} INFO - Setting next_dagrun for example_xcom_args to None, run_after=None
[2024-10-24T04:12:30.057+0000] {logging_mixin.py:190} INFO - [2024-10-24T04:12:30.057+0000] {dag.py:4180} INFO - Setting next_dagrun for example_xcom_args_with_operators to None, run_after=None
[2024-10-24T04:12:30.075+0000] {processor.py:208} INFO - Processing /home/airflow/.local/lib/python3.12/site-packages/airflow/example_dags/example_xcomargs.py took 0.088 seconds
[2024-10-24T04:13:00.290+0000] {processor.py:186} INFO - Started process (PID=99395) to work on /home/airflow/.local/lib/python3.12/site-packages/airflow/example_dags/example_xcomargs.py
[2024-10-24T04:13:00.291+0000] {processor.py:914} INFO - Processing file /home/airflow/.local/lib/python3.12/site-packages/airflow/example_dags/example_xcomargs.py for tasks to queue
[2024-10-24T04:13:00.292+0000] {logging_mixin.py:190} INFO - [2024-10-24T04:13:00.292+0000] {dagbag.py:588} INFO - Filling up the DagBag from /home/airflow/.local/lib/python3.12/site-packages/airflow/example_dags/example_xcomargs.py
[2024-10-24T04:13:00.302+0000] {processor.py:925} INFO - DAG(s) 'example_xcom_args_with_operators', 'example_xcom_args' retrieved from /home/airflow/.local/lib/python3.12/site-packages/airflow/example_dags/example_xcomargs.py
[2024-10-24T04:13:00.333+0000] {logging_mixin.py:190} INFO - [2024-10-24T04:13:00.333+0000] {dag.py:3239} INFO - Sync 2 DAGs
[2024-10-24T04:13:00.351+0000] {logging_mixin.py:190} INFO - [2024-10-24T04:13:00.350+0000] {dag.py:4180} INFO - Setting next_dagrun for example_xcom_args to None, run_after=None
[2024-10-24T04:13:00.354+0000] {logging_mixin.py:190} INFO - [2024-10-24T04:13:00.354+0000] {dag.py:4180} INFO - Setting next_dagrun for example_xcom_args_with_operators to None, run_after=None
[2024-10-24T04:13:00.371+0000] {processor.py:208} INFO - Processing /home/airflow/.local/lib/python3.12/site-packages/airflow/example_dags/example_xcomargs.py took 0.089 seconds
[2024-10-24T04:13:30.703+0000] {processor.py:186} INFO - Started process (PID=99462) to work on /home/airflow/.local/lib/python3.12/site-packages/airflow/example_dags/example_xcomargs.py
[2024-10-24T04:13:30.704+0000] {processor.py:914} INFO - Processing file /home/airflow/.local/lib/python3.12/site-packages/airflow/example_dags/example_xcomargs.py for tasks to queue
[2024-10-24T04:13:30.706+0000] {logging_mixin.py:190} INFO - [2024-10-24T04:13:30.706+0000] {dagbag.py:588} INFO - Filling up the DagBag from /home/airflow/.local/lib/python3.12/site-packages/airflow/example_dags/example_xcomargs.py
[2024-10-24T04:13:30.721+0000] {processor.py:925} INFO - DAG(s) 'example_xcom_args', 'example_xcom_args_with_operators' retrieved from /home/airflow/.local/lib/python3.12/site-packages/airflow/example_dags/example_xcomargs.py
[2024-10-24T04:13:30.761+0000] {logging_mixin.py:190} INFO - [2024-10-24T04:13:30.761+0000] {dag.py:3239} INFO - Sync 2 DAGs
[2024-10-24T04:13:30.779+0000] {logging_mixin.py:190} INFO - [2024-10-24T04:13:30.779+0000] {dag.py:4180} INFO - Setting next_dagrun for example_xcom_args to None, run_after=None
[2024-10-24T04:13:30.783+0000] {logging_mixin.py:190} INFO - [2024-10-24T04:13:30.782+0000] {dag.py:4180} INFO - Setting next_dagrun for example_xcom_args_with_operators to None, run_after=None
[2024-10-24T04:13:30.800+0000] {processor.py:208} INFO - Processing /home/airflow/.local/lib/python3.12/site-packages/airflow/example_dags/example_xcomargs.py took 0.106 seconds
[2024-10-24T04:14:01.299+0000] {processor.py:186} INFO - Started process (PID=99529) to work on /home/airflow/.local/lib/python3.12/site-packages/airflow/example_dags/example_xcomargs.py
[2024-10-24T04:14:01.301+0000] {processor.py:914} INFO - Processing file /home/airflow/.local/lib/python3.12/site-packages/airflow/example_dags/example_xcomargs.py for tasks to queue
[2024-10-24T04:14:01.303+0000] {logging_mixin.py:190} INFO - [2024-10-24T04:14:01.302+0000] {dagbag.py:588} INFO - Filling up the DagBag from /home/airflow/.local/lib/python3.12/site-packages/airflow/example_dags/example_xcomargs.py
[2024-10-24T04:14:01.313+0000] {processor.py:925} INFO - DAG(s) 'example_xcom_args', 'example_xcom_args_with_operators' retrieved from /home/airflow/.local/lib/python3.12/site-packages/airflow/example_dags/example_xcomargs.py
[2024-10-24T04:14:01.347+0000] {logging_mixin.py:190} INFO - [2024-10-24T04:14:01.347+0000] {dag.py:3239} INFO - Sync 2 DAGs
[2024-10-24T04:14:01.370+0000] {logging_mixin.py:190} INFO - [2024-10-24T04:14:01.370+0000] {dag.py:4180} INFO - Setting next_dagrun for example_xcom_args to None, run_after=None
[2024-10-24T04:14:01.374+0000] {logging_mixin.py:190} INFO - [2024-10-24T04:14:01.373+0000] {dag.py:4180} INFO - Setting next_dagrun for example_xcom_args_with_operators to None, run_after=None
[2024-10-24T04:14:01.390+0000] {processor.py:208} INFO - Processing /home/airflow/.local/lib/python3.12/site-packages/airflow/example_dags/example_xcomargs.py took 0.101 seconds
[2024-10-24T04:14:31.989+0000] {processor.py:186} INFO - Started process (PID=99596) to work on /home/airflow/.local/lib/python3.12/site-packages/airflow/example_dags/example_xcomargs.py
[2024-10-24T04:14:31.991+0000] {processor.py:914} INFO - Processing file /home/airflow/.local/lib/python3.12/site-packages/airflow/example_dags/example_xcomargs.py for tasks to queue
[2024-10-24T04:14:31.992+0000] {logging_mixin.py:190} INFO - [2024-10-24T04:14:31.992+0000] {dagbag.py:588} INFO - Filling up the DagBag from /home/airflow/.local/lib/python3.12/site-packages/airflow/example_dags/example_xcomargs.py
[2024-10-24T04:14:32.003+0000] {processor.py:925} INFO - DAG(s) 'example_xcom_args', 'example_xcom_args_with_operators' retrieved from /home/airflow/.local/lib/python3.12/site-packages/airflow/example_dags/example_xcomargs.py
[2024-10-24T04:14:32.033+0000] {logging_mixin.py:190} INFO - [2024-10-24T04:14:32.033+0000] {dag.py:3239} INFO - Sync 2 DAGs
[2024-10-24T04:14:32.051+0000] {logging_mixin.py:190} INFO - [2024-10-24T04:14:32.051+0000] {dag.py:4180} INFO - Setting next_dagrun for example_xcom_args to None, run_after=None
[2024-10-24T04:14:32.054+0000] {logging_mixin.py:190} INFO - [2024-10-24T04:14:32.054+0000] {dag.py:4180} INFO - Setting next_dagrun for example_xcom_args_with_operators to None, run_after=None
[2024-10-24T04:14:32.069+0000] {processor.py:208} INFO - Processing /home/airflow/.local/lib/python3.12/site-packages/airflow/example_dags/example_xcomargs.py took 0.087 seconds
[2024-10-24T04:15:02.542+0000] {processor.py:186} INFO - Started process (PID=99662) to work on /home/airflow/.local/lib/python3.12/site-packages/airflow/example_dags/example_xcomargs.py
[2024-10-24T04:15:02.543+0000] {processor.py:914} INFO - Processing file /home/airflow/.local/lib/python3.12/site-packages/airflow/example_dags/example_xcomargs.py for tasks to queue
[2024-10-24T04:15:02.545+0000] {logging_mixin.py:190} INFO - [2024-10-24T04:15:02.545+0000] {dagbag.py:588} INFO - Filling up the DagBag from /home/airflow/.local/lib/python3.12/site-packages/airflow/example_dags/example_xcomargs.py
[2024-10-24T04:15:02.555+0000] {processor.py:925} INFO - DAG(s) 'example_xcom_args_with_operators', 'example_xcom_args' retrieved from /home/airflow/.local/lib/python3.12/site-packages/airflow/example_dags/example_xcomargs.py
[2024-10-24T04:15:02.586+0000] {logging_mixin.py:190} INFO - [2024-10-24T04:15:02.586+0000] {dag.py:3239} INFO - Sync 2 DAGs
[2024-10-24T04:15:02.605+0000] {logging_mixin.py:190} INFO - [2024-10-24T04:15:02.605+0000] {dag.py:4180} INFO - Setting next_dagrun for example_xcom_args to None, run_after=None
[2024-10-24T04:15:02.609+0000] {logging_mixin.py:190} INFO - [2024-10-24T04:15:02.609+0000] {dag.py:4180} INFO - Setting next_dagrun for example_xcom_args_with_operators to None, run_after=None
[2024-10-24T04:15:02.630+0000] {processor.py:208} INFO - Processing /home/airflow/.local/lib/python3.12/site-packages/airflow/example_dags/example_xcomargs.py took 0.096 seconds
[2024-10-24T04:15:33.140+0000] {processor.py:186} INFO - Started process (PID=99729) to work on /home/airflow/.local/lib/python3.12/site-packages/airflow/example_dags/example_xcomargs.py
[2024-10-24T04:15:33.141+0000] {processor.py:914} INFO - Processing file /home/airflow/.local/lib/python3.12/site-packages/airflow/example_dags/example_xcomargs.py for tasks to queue
[2024-10-24T04:15:33.143+0000] {logging_mixin.py:190} INFO - [2024-10-24T04:15:33.142+0000] {dagbag.py:588} INFO - Filling up the DagBag from /home/airflow/.local/lib/python3.12/site-packages/airflow/example_dags/example_xcomargs.py
[2024-10-24T04:15:33.153+0000] {processor.py:925} INFO - DAG(s) 'example_xcom_args', 'example_xcom_args_with_operators' retrieved from /home/airflow/.local/lib/python3.12/site-packages/airflow/example_dags/example_xcomargs.py
[2024-10-24T04:15:33.183+0000] {logging_mixin.py:190} INFO - [2024-10-24T04:15:33.182+0000] {dag.py:3239} INFO - Sync 2 DAGs
[2024-10-24T04:15:33.201+0000] {logging_mixin.py:190} INFO - [2024-10-24T04:15:33.201+0000] {dag.py:4180} INFO - Setting next_dagrun for example_xcom_args to None, run_after=None
[2024-10-24T04:15:33.205+0000] {logging_mixin.py:190} INFO - [2024-10-24T04:15:33.205+0000] {dag.py:4180} INFO - Setting next_dagrun for example_xcom_args_with_operators to None, run_after=None
[2024-10-24T04:15:33.222+0000] {processor.py:208} INFO - Processing /home/airflow/.local/lib/python3.12/site-packages/airflow/example_dags/example_xcomargs.py took 0.089 seconds
[2024-10-24T06:56:05.279+0000] {processor.py:186} INFO - Started process (PID=99797) to work on /home/airflow/.local/lib/python3.12/site-packages/airflow/example_dags/example_xcomargs.py
[2024-10-24T06:56:05.281+0000] {processor.py:914} INFO - Processing file /home/airflow/.local/lib/python3.12/site-packages/airflow/example_dags/example_xcomargs.py for tasks to queue
[2024-10-24T06:56:05.283+0000] {logging_mixin.py:190} INFO - [2024-10-24T06:56:05.282+0000] {dagbag.py:588} INFO - Filling up the DagBag from /home/airflow/.local/lib/python3.12/site-packages/airflow/example_dags/example_xcomargs.py
[2024-10-24T06:56:05.294+0000] {processor.py:925} INFO - DAG(s) 'example_xcom_args_with_operators', 'example_xcom_args' retrieved from /home/airflow/.local/lib/python3.12/site-packages/airflow/example_dags/example_xcomargs.py
[2024-10-24T06:56:05.321+0000] {logging_mixin.py:190} INFO - [2024-10-24T06:56:05.321+0000] {dag.py:3239} INFO - Sync 2 DAGs
[2024-10-24T06:56:05.340+0000] {logging_mixin.py:190} INFO - [2024-10-24T06:56:05.339+0000] {dag.py:4180} INFO - Setting next_dagrun for example_xcom_args to None, run_after=None
[2024-10-24T06:56:05.344+0000] {logging_mixin.py:190} INFO - [2024-10-24T06:56:05.344+0000] {dag.py:4180} INFO - Setting next_dagrun for example_xcom_args_with_operators to None, run_after=None
[2024-10-24T06:56:05.361+0000] {processor.py:208} INFO - Processing /home/airflow/.local/lib/python3.12/site-packages/airflow/example_dags/example_xcomargs.py took 0.094 seconds
[2024-10-24T06:56:36.309+0000] {processor.py:186} INFO - Started process (PID=99864) to work on /home/airflow/.local/lib/python3.12/site-packages/airflow/example_dags/example_xcomargs.py
[2024-10-24T06:56:36.311+0000] {processor.py:914} INFO - Processing file /home/airflow/.local/lib/python3.12/site-packages/airflow/example_dags/example_xcomargs.py for tasks to queue
[2024-10-24T06:56:36.312+0000] {logging_mixin.py:190} INFO - [2024-10-24T06:56:36.312+0000] {dagbag.py:588} INFO - Filling up the DagBag from /home/airflow/.local/lib/python3.12/site-packages/airflow/example_dags/example_xcomargs.py
[2024-10-24T06:56:36.323+0000] {processor.py:925} INFO - DAG(s) 'example_xcom_args_with_operators', 'example_xcom_args' retrieved from /home/airflow/.local/lib/python3.12/site-packages/airflow/example_dags/example_xcomargs.py
[2024-10-24T06:56:36.362+0000] {logging_mixin.py:190} INFO - [2024-10-24T06:56:36.362+0000] {dag.py:3239} INFO - Sync 2 DAGs
[2024-10-24T06:56:36.382+0000] {logging_mixin.py:190} INFO - [2024-10-24T06:56:36.382+0000] {dag.py:4180} INFO - Setting next_dagrun for example_xcom_args to None, run_after=None
[2024-10-24T06:56:36.388+0000] {logging_mixin.py:190} INFO - [2024-10-24T06:56:36.388+0000] {dag.py:4180} INFO - Setting next_dagrun for example_xcom_args_with_operators to None, run_after=None
[2024-10-24T06:56:36.407+0000] {processor.py:208} INFO - Processing /home/airflow/.local/lib/python3.12/site-packages/airflow/example_dags/example_xcomargs.py took 0.107 seconds
[2024-10-24T06:57:07.098+0000] {processor.py:186} INFO - Started process (PID=99931) to work on /home/airflow/.local/lib/python3.12/site-packages/airflow/example_dags/example_xcomargs.py
[2024-10-24T06:57:07.099+0000] {processor.py:914} INFO - Processing file /home/airflow/.local/lib/python3.12/site-packages/airflow/example_dags/example_xcomargs.py for tasks to queue
[2024-10-24T06:57:07.100+0000] {logging_mixin.py:190} INFO - [2024-10-24T06:57:07.100+0000] {dagbag.py:588} INFO - Filling up the DagBag from /home/airflow/.local/lib/python3.12/site-packages/airflow/example_dags/example_xcomargs.py
[2024-10-24T06:57:07.111+0000] {processor.py:925} INFO - DAG(s) 'example_xcom_args', 'example_xcom_args_with_operators' retrieved from /home/airflow/.local/lib/python3.12/site-packages/airflow/example_dags/example_xcomargs.py
[2024-10-24T06:57:07.139+0000] {logging_mixin.py:190} INFO - [2024-10-24T06:57:07.139+0000] {dag.py:3239} INFO - Sync 2 DAGs
[2024-10-24T06:57:07.157+0000] {logging_mixin.py:190} INFO - [2024-10-24T06:57:07.157+0000] {dag.py:4180} INFO - Setting next_dagrun for example_xcom_args to None, run_after=None
[2024-10-24T06:57:07.162+0000] {logging_mixin.py:190} INFO - [2024-10-24T06:57:07.162+0000] {dag.py:4180} INFO - Setting next_dagrun for example_xcom_args_with_operators to None, run_after=None
[2024-10-24T06:57:07.183+0000] {processor.py:208} INFO - Processing /home/airflow/.local/lib/python3.12/site-packages/airflow/example_dags/example_xcomargs.py took 0.095 seconds
[2024-10-24T06:57:37.256+0000] {processor.py:186} INFO - Started process (PID=99997) to work on /home/airflow/.local/lib/python3.12/site-packages/airflow/example_dags/example_xcomargs.py
[2024-10-24T06:57:37.257+0000] {processor.py:914} INFO - Processing file /home/airflow/.local/lib/python3.12/site-packages/airflow/example_dags/example_xcomargs.py for tasks to queue
[2024-10-24T06:57:37.260+0000] {logging_mixin.py:190} INFO - [2024-10-24T06:57:37.259+0000] {dagbag.py:588} INFO - Filling up the DagBag from /home/airflow/.local/lib/python3.12/site-packages/airflow/example_dags/example_xcomargs.py
[2024-10-24T06:57:37.270+0000] {processor.py:925} INFO - DAG(s) 'example_xcom_args_with_operators', 'example_xcom_args' retrieved from /home/airflow/.local/lib/python3.12/site-packages/airflow/example_dags/example_xcomargs.py
[2024-10-24T06:57:37.299+0000] {logging_mixin.py:190} INFO - [2024-10-24T06:57:37.299+0000] {dag.py:3239} INFO - Sync 2 DAGs
[2024-10-24T06:57:37.317+0000] {logging_mixin.py:190} INFO - [2024-10-24T06:57:37.317+0000] {dag.py:4180} INFO - Setting next_dagrun for example_xcom_args to None, run_after=None
[2024-10-24T06:57:37.326+0000] {logging_mixin.py:190} INFO - [2024-10-24T06:57:37.326+0000] {dag.py:4180} INFO - Setting next_dagrun for example_xcom_args_with_operators to None, run_after=None
[2024-10-24T06:57:37.348+0000] {processor.py:208} INFO - Processing /home/airflow/.local/lib/python3.12/site-packages/airflow/example_dags/example_xcomargs.py took 0.101 seconds
[2024-10-24T06:58:07.974+0000] {processor.py:186} INFO - Started process (PID=100064) to work on /home/airflow/.local/lib/python3.12/site-packages/airflow/example_dags/example_xcomargs.py
[2024-10-24T06:58:07.975+0000] {processor.py:914} INFO - Processing file /home/airflow/.local/lib/python3.12/site-packages/airflow/example_dags/example_xcomargs.py for tasks to queue
[2024-10-24T06:58:07.978+0000] {logging_mixin.py:190} INFO - [2024-10-24T06:58:07.978+0000] {dagbag.py:588} INFO - Filling up the DagBag from /home/airflow/.local/lib/python3.12/site-packages/airflow/example_dags/example_xcomargs.py
[2024-10-24T06:58:07.988+0000] {processor.py:925} INFO - DAG(s) 'example_xcom_args', 'example_xcom_args_with_operators' retrieved from /home/airflow/.local/lib/python3.12/site-packages/airflow/example_dags/example_xcomargs.py
[2024-10-24T06:58:08.019+0000] {logging_mixin.py:190} INFO - [2024-10-24T06:58:08.019+0000] {dag.py:3239} INFO - Sync 2 DAGs
[2024-10-24T06:58:08.038+0000] {logging_mixin.py:190} INFO - [2024-10-24T06:58:08.037+0000] {dag.py:4180} INFO - Setting next_dagrun for example_xcom_args to None, run_after=None
[2024-10-24T06:58:08.041+0000] {logging_mixin.py:190} INFO - [2024-10-24T06:58:08.041+0000] {dag.py:4180} INFO - Setting next_dagrun for example_xcom_args_with_operators to None, run_after=None
[2024-10-24T06:58:08.059+0000] {processor.py:208} INFO - Processing /home/airflow/.local/lib/python3.12/site-packages/airflow/example_dags/example_xcomargs.py took 0.092 seconds
[2024-10-24T06:58:38.552+0000] {processor.py:186} INFO - Started process (PID=100130) to work on /home/airflow/.local/lib/python3.12/site-packages/airflow/example_dags/example_xcomargs.py
[2024-10-24T06:58:38.553+0000] {processor.py:914} INFO - Processing file /home/airflow/.local/lib/python3.12/site-packages/airflow/example_dags/example_xcomargs.py for tasks to queue
[2024-10-24T06:58:38.554+0000] {logging_mixin.py:190} INFO - [2024-10-24T06:58:38.554+0000] {dagbag.py:588} INFO - Filling up the DagBag from /home/airflow/.local/lib/python3.12/site-packages/airflow/example_dags/example_xcomargs.py
[2024-10-24T06:58:38.564+0000] {processor.py:925} INFO - DAG(s) 'example_xcom_args_with_operators', 'example_xcom_args' retrieved from /home/airflow/.local/lib/python3.12/site-packages/airflow/example_dags/example_xcomargs.py
[2024-10-24T06:58:38.591+0000] {logging_mixin.py:190} INFO - [2024-10-24T06:58:38.590+0000] {dag.py:3239} INFO - Sync 2 DAGs
[2024-10-24T06:58:38.614+0000] {logging_mixin.py:190} INFO - [2024-10-24T06:58:38.614+0000] {dag.py:4180} INFO - Setting next_dagrun for example_xcom_args to None, run_after=None
[2024-10-24T06:58:38.618+0000] {logging_mixin.py:190} INFO - [2024-10-24T06:58:38.618+0000] {dag.py:4180} INFO - Setting next_dagrun for example_xcom_args_with_operators to None, run_after=None
[2024-10-24T06:58:38.635+0000] {processor.py:208} INFO - Processing /home/airflow/.local/lib/python3.12/site-packages/airflow/example_dags/example_xcomargs.py took 0.090 seconds
