[2024-10-24T04:09:23.247+0000] {processor.py:186} INFO - Started process (PID=98935) to work on /home/airflow/.local/lib/python3.12/site-packages/airflow/example_dags/example_dag_decorator.py
[2024-10-24T04:09:23.248+0000] {processor.py:914} INFO - Processing file /home/airflow/.local/lib/python3.12/site-packages/airflow/example_dags/example_dag_decorator.py for tasks to queue
[2024-10-24T04:09:23.249+0000] {logging_mixin.py:190} INFO - [2024-10-24T04:09:23.249+0000] {dagbag.py:588} INFO - Filling up the DagBag from /home/airflow/.local/lib/python3.12/site-packages/airflow/example_dags/example_dag_decorator.py
[2024-10-24T04:09:23.263+0000] {processor.py:925} INFO - DAG(s) 'example_dag_decorator' retrieved from /home/airflow/.local/lib/python3.12/site-packages/airflow/example_dags/example_dag_decorator.py
[2024-10-24T04:09:23.290+0000] {logging_mixin.py:190} INFO - [2024-10-24T04:09:23.290+0000] {dag.py:3239} INFO - Sync 1 DAGs
[2024-10-24T04:09:23.310+0000] {logging_mixin.py:190} INFO - [2024-10-24T04:09:23.310+0000] {dag.py:4180} INFO - Setting next_dagrun for example_dag_decorator to None, run_after=None
[2024-10-24T04:09:23.331+0000] {processor.py:208} INFO - Processing /home/airflow/.local/lib/python3.12/site-packages/airflow/example_dags/example_dag_decorator.py took 0.092 seconds
[2024-10-24T04:09:53.832+0000] {processor.py:186} INFO - Started process (PID=99002) to work on /home/airflow/.local/lib/python3.12/site-packages/airflow/example_dags/example_dag_decorator.py
[2024-10-24T04:09:53.833+0000] {processor.py:914} INFO - Processing file /home/airflow/.local/lib/python3.12/site-packages/airflow/example_dags/example_dag_decorator.py for tasks to queue
[2024-10-24T04:09:53.835+0000] {logging_mixin.py:190} INFO - [2024-10-24T04:09:53.834+0000] {dagbag.py:588} INFO - Filling up the DagBag from /home/airflow/.local/lib/python3.12/site-packages/airflow/example_dags/example_dag_decorator.py
[2024-10-24T04:09:53.847+0000] {processor.py:925} INFO - DAG(s) 'example_dag_decorator' retrieved from /home/airflow/.local/lib/python3.12/site-packages/airflow/example_dags/example_dag_decorator.py
[2024-10-24T04:09:54.002+0000] {logging_mixin.py:190} INFO - [2024-10-24T04:09:54.002+0000] {dag.py:3239} INFO - Sync 1 DAGs
[2024-10-24T04:09:54.017+0000] {logging_mixin.py:190} INFO - [2024-10-24T04:09:54.017+0000] {dag.py:4180} INFO - Setting next_dagrun for example_dag_decorator to None, run_after=None
[2024-10-24T04:09:54.037+0000] {processor.py:208} INFO - Processing /home/airflow/.local/lib/python3.12/site-packages/airflow/example_dags/example_dag_decorator.py took 0.213 seconds
[2024-10-24T04:10:24.618+0000] {processor.py:186} INFO - Started process (PID=99068) to work on /home/airflow/.local/lib/python3.12/site-packages/airflow/example_dags/example_dag_decorator.py
[2024-10-24T04:10:24.619+0000] {processor.py:914} INFO - Processing file /home/airflow/.local/lib/python3.12/site-packages/airflow/example_dags/example_dag_decorator.py for tasks to queue
[2024-10-24T04:10:24.621+0000] {logging_mixin.py:190} INFO - [2024-10-24T04:10:24.620+0000] {dagbag.py:588} INFO - Filling up the DagBag from /home/airflow/.local/lib/python3.12/site-packages/airflow/example_dags/example_dag_decorator.py
[2024-10-24T04:10:24.634+0000] {processor.py:925} INFO - DAG(s) 'example_dag_decorator' retrieved from /home/airflow/.local/lib/python3.12/site-packages/airflow/example_dags/example_dag_decorator.py
[2024-10-24T04:10:24.783+0000] {logging_mixin.py:190} INFO - [2024-10-24T04:10:24.783+0000] {dag.py:3239} INFO - Sync 1 DAGs
[2024-10-24T04:10:24.797+0000] {logging_mixin.py:190} INFO - [2024-10-24T04:10:24.797+0000] {dag.py:4180} INFO - Setting next_dagrun for example_dag_decorator to None, run_after=None
[2024-10-24T04:10:24.818+0000] {processor.py:208} INFO - Processing /home/airflow/.local/lib/python3.12/site-packages/airflow/example_dags/example_dag_decorator.py took 0.207 seconds
[2024-10-24T04:10:55.279+0000] {processor.py:186} INFO - Started process (PID=99134) to work on /home/airflow/.local/lib/python3.12/site-packages/airflow/example_dags/example_dag_decorator.py
[2024-10-24T04:10:55.280+0000] {processor.py:914} INFO - Processing file /home/airflow/.local/lib/python3.12/site-packages/airflow/example_dags/example_dag_decorator.py for tasks to queue
[2024-10-24T04:10:55.282+0000] {logging_mixin.py:190} INFO - [2024-10-24T04:10:55.282+0000] {dagbag.py:588} INFO - Filling up the DagBag from /home/airflow/.local/lib/python3.12/site-packages/airflow/example_dags/example_dag_decorator.py
[2024-10-24T04:10:55.295+0000] {processor.py:925} INFO - DAG(s) 'example_dag_decorator' retrieved from /home/airflow/.local/lib/python3.12/site-packages/airflow/example_dags/example_dag_decorator.py
[2024-10-24T04:10:55.323+0000] {logging_mixin.py:190} INFO - [2024-10-24T04:10:55.323+0000] {dag.py:3239} INFO - Sync 1 DAGs
[2024-10-24T04:10:55.340+0000] {logging_mixin.py:190} INFO - [2024-10-24T04:10:55.340+0000] {dag.py:4180} INFO - Setting next_dagrun for example_dag_decorator to None, run_after=None
[2024-10-24T04:10:55.365+0000] {processor.py:208} INFO - Processing /home/airflow/.local/lib/python3.12/site-packages/airflow/example_dags/example_dag_decorator.py took 0.094 seconds
[2024-10-24T04:11:27.106+0000] {processor.py:186} INFO - Started process (PID=99201) to work on /home/airflow/.local/lib/python3.12/site-packages/airflow/example_dags/example_dag_decorator.py
[2024-10-24T04:11:27.108+0000] {processor.py:914} INFO - Processing file /home/airflow/.local/lib/python3.12/site-packages/airflow/example_dags/example_dag_decorator.py for tasks to queue
[2024-10-24T04:11:27.111+0000] {logging_mixin.py:190} INFO - [2024-10-24T04:11:27.110+0000] {dagbag.py:588} INFO - Filling up the DagBag from /home/airflow/.local/lib/python3.12/site-packages/airflow/example_dags/example_dag_decorator.py
[2024-10-24T04:11:27.135+0000] {processor.py:925} INFO - DAG(s) 'example_dag_decorator' retrieved from /home/airflow/.local/lib/python3.12/site-packages/airflow/example_dags/example_dag_decorator.py
[2024-10-24T04:11:27.314+0000] {logging_mixin.py:190} INFO - [2024-10-24T04:11:27.314+0000] {dag.py:3239} INFO - Sync 1 DAGs
[2024-10-24T04:11:27.332+0000] {logging_mixin.py:190} INFO - [2024-10-24T04:11:27.332+0000] {dag.py:4180} INFO - Setting next_dagrun for example_dag_decorator to None, run_after=None
[2024-10-24T04:11:27.358+0000] {processor.py:208} INFO - Processing /home/airflow/.local/lib/python3.12/site-packages/airflow/example_dags/example_dag_decorator.py took 0.262 seconds
[2024-10-24T04:11:59.260+0000] {processor.py:186} INFO - Started process (PID=99268) to work on /home/airflow/.local/lib/python3.12/site-packages/airflow/example_dags/example_dag_decorator.py
[2024-10-24T04:11:59.414+0000] {processor.py:914} INFO - Processing file /home/airflow/.local/lib/python3.12/site-packages/airflow/example_dags/example_dag_decorator.py for tasks to queue
[2024-10-24T04:11:59.419+0000] {logging_mixin.py:190} INFO - [2024-10-24T04:11:59.417+0000] {dagbag.py:588} INFO - Filling up the DagBag from /home/airflow/.local/lib/python3.12/site-packages/airflow/example_dags/example_dag_decorator.py
[2024-10-24T04:11:59.452+0000] {processor.py:925} INFO - DAG(s) 'example_dag_decorator' retrieved from /home/airflow/.local/lib/python3.12/site-packages/airflow/example_dags/example_dag_decorator.py
[2024-10-24T04:11:59.609+0000] {logging_mixin.py:190} INFO - [2024-10-24T04:11:59.608+0000] {dag.py:3239} INFO - Sync 1 DAGs
[2024-10-24T04:11:59.624+0000] {logging_mixin.py:190} INFO - [2024-10-24T04:11:59.624+0000] {dag.py:4180} INFO - Setting next_dagrun for example_dag_decorator to None, run_after=None
[2024-10-24T04:11:59.723+0000] {processor.py:208} INFO - Processing /home/airflow/.local/lib/python3.12/site-packages/airflow/example_dags/example_dag_decorator.py took 0.470 seconds
[2024-10-24T04:12:30.514+0000] {processor.py:186} INFO - Started process (PID=99335) to work on /home/airflow/.local/lib/python3.12/site-packages/airflow/example_dags/example_dag_decorator.py
[2024-10-24T04:12:30.516+0000] {processor.py:914} INFO - Processing file /home/airflow/.local/lib/python3.12/site-packages/airflow/example_dags/example_dag_decorator.py for tasks to queue
[2024-10-24T04:12:30.517+0000] {logging_mixin.py:190} INFO - [2024-10-24T04:12:30.517+0000] {dagbag.py:588} INFO - Filling up the DagBag from /home/airflow/.local/lib/python3.12/site-packages/airflow/example_dags/example_dag_decorator.py
[2024-10-24T04:12:30.530+0000] {processor.py:925} INFO - DAG(s) 'example_dag_decorator' retrieved from /home/airflow/.local/lib/python3.12/site-packages/airflow/example_dags/example_dag_decorator.py
[2024-10-24T04:12:30.684+0000] {logging_mixin.py:190} INFO - [2024-10-24T04:12:30.684+0000] {dag.py:3239} INFO - Sync 1 DAGs
[2024-10-24T04:12:30.707+0000] {logging_mixin.py:190} INFO - [2024-10-24T04:12:30.706+0000] {dag.py:4180} INFO - Setting next_dagrun for example_dag_decorator to None, run_after=None
[2024-10-24T04:12:30.728+0000] {processor.py:208} INFO - Processing /home/airflow/.local/lib/python3.12/site-packages/airflow/example_dags/example_dag_decorator.py took 0.221 seconds
[2024-10-24T04:13:00.806+0000] {processor.py:186} INFO - Started process (PID=99401) to work on /home/airflow/.local/lib/python3.12/site-packages/airflow/example_dags/example_dag_decorator.py
[2024-10-24T04:13:00.807+0000] {processor.py:914} INFO - Processing file /home/airflow/.local/lib/python3.12/site-packages/airflow/example_dags/example_dag_decorator.py for tasks to queue
[2024-10-24T04:13:00.809+0000] {logging_mixin.py:190} INFO - [2024-10-24T04:13:00.808+0000] {dagbag.py:588} INFO - Filling up the DagBag from /home/airflow/.local/lib/python3.12/site-packages/airflow/example_dags/example_dag_decorator.py
[2024-10-24T04:13:00.821+0000] {processor.py:925} INFO - DAG(s) 'example_dag_decorator' retrieved from /home/airflow/.local/lib/python3.12/site-packages/airflow/example_dags/example_dag_decorator.py
[2024-10-24T04:13:00.958+0000] {logging_mixin.py:190} INFO - [2024-10-24T04:13:00.958+0000] {dag.py:3239} INFO - Sync 1 DAGs
[2024-10-24T04:13:00.973+0000] {logging_mixin.py:190} INFO - [2024-10-24T04:13:00.972+0000] {dag.py:4180} INFO - Setting next_dagrun for example_dag_decorator to None, run_after=None
[2024-10-24T04:13:00.996+0000] {processor.py:208} INFO - Processing /home/airflow/.local/lib/python3.12/site-packages/airflow/example_dags/example_dag_decorator.py took 0.199 seconds
[2024-10-24T04:13:31.192+0000] {processor.py:186} INFO - Started process (PID=99467) to work on /home/airflow/.local/lib/python3.12/site-packages/airflow/example_dags/example_dag_decorator.py
[2024-10-24T04:13:31.194+0000] {processor.py:914} INFO - Processing file /home/airflow/.local/lib/python3.12/site-packages/airflow/example_dags/example_dag_decorator.py for tasks to queue
[2024-10-24T04:13:31.196+0000] {logging_mixin.py:190} INFO - [2024-10-24T04:13:31.196+0000] {dagbag.py:588} INFO - Filling up the DagBag from /home/airflow/.local/lib/python3.12/site-packages/airflow/example_dags/example_dag_decorator.py
[2024-10-24T04:13:31.213+0000] {processor.py:925} INFO - DAG(s) 'example_dag_decorator' retrieved from /home/airflow/.local/lib/python3.12/site-packages/airflow/example_dags/example_dag_decorator.py
[2024-10-24T04:13:31.370+0000] {logging_mixin.py:190} INFO - [2024-10-24T04:13:31.370+0000] {dag.py:3239} INFO - Sync 1 DAGs
[2024-10-24T04:13:31.386+0000] {logging_mixin.py:190} INFO - [2024-10-24T04:13:31.386+0000] {dag.py:4180} INFO - Setting next_dagrun for example_dag_decorator to None, run_after=None
[2024-10-24T04:13:31.404+0000] {processor.py:208} INFO - Processing /home/airflow/.local/lib/python3.12/site-packages/airflow/example_dags/example_dag_decorator.py took 0.221 seconds
[2024-10-24T04:14:01.723+0000] {processor.py:186} INFO - Started process (PID=99534) to work on /home/airflow/.local/lib/python3.12/site-packages/airflow/example_dags/example_dag_decorator.py
[2024-10-24T04:14:01.724+0000] {processor.py:914} INFO - Processing file /home/airflow/.local/lib/python3.12/site-packages/airflow/example_dags/example_dag_decorator.py for tasks to queue
[2024-10-24T04:14:01.726+0000] {logging_mixin.py:190} INFO - [2024-10-24T04:14:01.725+0000] {dagbag.py:588} INFO - Filling up the DagBag from /home/airflow/.local/lib/python3.12/site-packages/airflow/example_dags/example_dag_decorator.py
[2024-10-24T04:14:01.740+0000] {processor.py:925} INFO - DAG(s) 'example_dag_decorator' retrieved from /home/airflow/.local/lib/python3.12/site-packages/airflow/example_dags/example_dag_decorator.py
[2024-10-24T04:14:01.906+0000] {logging_mixin.py:190} INFO - [2024-10-24T04:14:01.906+0000] {dag.py:3239} INFO - Sync 1 DAGs
[2024-10-24T04:14:01.922+0000] {logging_mixin.py:190} INFO - [2024-10-24T04:14:01.922+0000] {dag.py:4180} INFO - Setting next_dagrun for example_dag_decorator to None, run_after=None
[2024-10-24T04:14:01.944+0000] {processor.py:208} INFO - Processing /home/airflow/.local/lib/python3.12/site-packages/airflow/example_dags/example_dag_decorator.py took 0.230 seconds
[2024-10-24T04:14:32.322+0000] {processor.py:186} INFO - Started process (PID=99601) to work on /home/airflow/.local/lib/python3.12/site-packages/airflow/example_dags/example_dag_decorator.py
[2024-10-24T04:14:32.325+0000] {processor.py:914} INFO - Processing file /home/airflow/.local/lib/python3.12/site-packages/airflow/example_dags/example_dag_decorator.py for tasks to queue
[2024-10-24T04:14:32.328+0000] {logging_mixin.py:190} INFO - [2024-10-24T04:14:32.328+0000] {dagbag.py:588} INFO - Filling up the DagBag from /home/airflow/.local/lib/python3.12/site-packages/airflow/example_dags/example_dag_decorator.py
[2024-10-24T04:14:32.348+0000] {processor.py:925} INFO - DAG(s) 'example_dag_decorator' retrieved from /home/airflow/.local/lib/python3.12/site-packages/airflow/example_dags/example_dag_decorator.py
[2024-10-24T04:14:32.490+0000] {logging_mixin.py:190} INFO - [2024-10-24T04:14:32.490+0000] {dag.py:3239} INFO - Sync 1 DAGs
[2024-10-24T04:14:32.509+0000] {logging_mixin.py:190} INFO - [2024-10-24T04:14:32.508+0000] {dag.py:4180} INFO - Setting next_dagrun for example_dag_decorator to None, run_after=None
[2024-10-24T04:14:32.533+0000] {processor.py:208} INFO - Processing /home/airflow/.local/lib/python3.12/site-packages/airflow/example_dags/example_dag_decorator.py took 0.221 seconds
[2024-10-24T04:15:02.893+0000] {processor.py:186} INFO - Started process (PID=99667) to work on /home/airflow/.local/lib/python3.12/site-packages/airflow/example_dags/example_dag_decorator.py
[2024-10-24T04:15:02.894+0000] {processor.py:914} INFO - Processing file /home/airflow/.local/lib/python3.12/site-packages/airflow/example_dags/example_dag_decorator.py for tasks to queue
[2024-10-24T04:15:02.895+0000] {logging_mixin.py:190} INFO - [2024-10-24T04:15:02.895+0000] {dagbag.py:588} INFO - Filling up the DagBag from /home/airflow/.local/lib/python3.12/site-packages/airflow/example_dags/example_dag_decorator.py
[2024-10-24T04:15:02.909+0000] {processor.py:925} INFO - DAG(s) 'example_dag_decorator' retrieved from /home/airflow/.local/lib/python3.12/site-packages/airflow/example_dags/example_dag_decorator.py
[2024-10-24T04:15:03.052+0000] {logging_mixin.py:190} INFO - [2024-10-24T04:15:03.052+0000] {dag.py:3239} INFO - Sync 1 DAGs
[2024-10-24T04:15:03.068+0000] {logging_mixin.py:190} INFO - [2024-10-24T04:15:03.067+0000] {dag.py:4180} INFO - Setting next_dagrun for example_dag_decorator to None, run_after=None
[2024-10-24T04:15:03.281+0000] {processor.py:208} INFO - Processing /home/airflow/.local/lib/python3.12/site-packages/airflow/example_dags/example_dag_decorator.py took 0.396 seconds
[2024-10-24T04:15:33.390+0000] {processor.py:186} INFO - Started process (PID=99733) to work on /home/airflow/.local/lib/python3.12/site-packages/airflow/example_dags/example_dag_decorator.py
[2024-10-24T04:15:33.391+0000] {processor.py:914} INFO - Processing file /home/airflow/.local/lib/python3.12/site-packages/airflow/example_dags/example_dag_decorator.py for tasks to queue
[2024-10-24T04:15:33.392+0000] {logging_mixin.py:190} INFO - [2024-10-24T04:15:33.392+0000] {dagbag.py:588} INFO - Filling up the DagBag from /home/airflow/.local/lib/python3.12/site-packages/airflow/example_dags/example_dag_decorator.py
[2024-10-24T04:15:33.405+0000] {processor.py:925} INFO - DAG(s) 'example_dag_decorator' retrieved from /home/airflow/.local/lib/python3.12/site-packages/airflow/example_dags/example_dag_decorator.py
[2024-10-24T04:15:33.544+0000] {logging_mixin.py:190} INFO - [2024-10-24T04:15:33.543+0000] {dag.py:3239} INFO - Sync 1 DAGs
[2024-10-24T04:15:33.558+0000] {logging_mixin.py:190} INFO - [2024-10-24T04:15:33.557+0000] {dag.py:4180} INFO - Setting next_dagrun for example_dag_decorator to None, run_after=None
[2024-10-24T04:15:33.580+0000] {processor.py:208} INFO - Processing /home/airflow/.local/lib/python3.12/site-packages/airflow/example_dags/example_dag_decorator.py took 0.198 seconds
[2024-10-24T06:56:06.169+0000] {processor.py:186} INFO - Started process (PID=99804) to work on /home/airflow/.local/lib/python3.12/site-packages/airflow/example_dags/example_dag_decorator.py
[2024-10-24T06:56:06.171+0000] {processor.py:914} INFO - Processing file /home/airflow/.local/lib/python3.12/site-packages/airflow/example_dags/example_dag_decorator.py for tasks to queue
[2024-10-24T06:56:06.172+0000] {logging_mixin.py:190} INFO - [2024-10-24T06:56:06.172+0000] {dagbag.py:588} INFO - Filling up the DagBag from /home/airflow/.local/lib/python3.12/site-packages/airflow/example_dags/example_dag_decorator.py
[2024-10-24T06:56:06.189+0000] {processor.py:925} INFO - DAG(s) 'example_dag_decorator' retrieved from /home/airflow/.local/lib/python3.12/site-packages/airflow/example_dags/example_dag_decorator.py
[2024-10-24T06:56:06.434+0000] {logging_mixin.py:190} INFO - [2024-10-24T06:56:06.434+0000] {dag.py:3239} INFO - Sync 1 DAGs
[2024-10-24T06:56:06.479+0000] {logging_mixin.py:190} INFO - [2024-10-24T06:56:06.478+0000] {dag.py:4180} INFO - Setting next_dagrun for example_dag_decorator to None, run_after=None
[2024-10-24T06:56:06.539+0000] {processor.py:208} INFO - Processing /home/airflow/.local/lib/python3.12/site-packages/airflow/example_dags/example_dag_decorator.py took 0.379 seconds
[2024-10-24T06:56:37.036+0000] {processor.py:186} INFO - Started process (PID=99873) to work on /home/airflow/.local/lib/python3.12/site-packages/airflow/example_dags/example_dag_decorator.py
[2024-10-24T06:56:37.038+0000] {processor.py:914} INFO - Processing file /home/airflow/.local/lib/python3.12/site-packages/airflow/example_dags/example_dag_decorator.py for tasks to queue
[2024-10-24T06:56:37.040+0000] {logging_mixin.py:190} INFO - [2024-10-24T06:56:37.039+0000] {dagbag.py:588} INFO - Filling up the DagBag from /home/airflow/.local/lib/python3.12/site-packages/airflow/example_dags/example_dag_decorator.py
[2024-10-24T06:56:37.052+0000] {processor.py:925} INFO - DAG(s) 'example_dag_decorator' retrieved from /home/airflow/.local/lib/python3.12/site-packages/airflow/example_dags/example_dag_decorator.py
[2024-10-24T06:56:37.212+0000] {logging_mixin.py:190} INFO - [2024-10-24T06:56:37.211+0000] {dag.py:3239} INFO - Sync 1 DAGs
[2024-10-24T06:56:37.226+0000] {logging_mixin.py:190} INFO - [2024-10-24T06:56:37.226+0000] {dag.py:4180} INFO - Setting next_dagrun for example_dag_decorator to None, run_after=None
[2024-10-24T06:56:37.249+0000] {processor.py:208} INFO - Processing /home/airflow/.local/lib/python3.12/site-packages/airflow/example_dags/example_dag_decorator.py took 0.230 seconds
[2024-10-24T06:57:07.810+0000] {processor.py:186} INFO - Started process (PID=99938) to work on /home/airflow/.local/lib/python3.12/site-packages/airflow/example_dags/example_dag_decorator.py
[2024-10-24T06:57:07.813+0000] {processor.py:914} INFO - Processing file /home/airflow/.local/lib/python3.12/site-packages/airflow/example_dags/example_dag_decorator.py for tasks to queue
[2024-10-24T06:57:07.816+0000] {logging_mixin.py:190} INFO - [2024-10-24T06:57:07.815+0000] {dagbag.py:588} INFO - Filling up the DagBag from /home/airflow/.local/lib/python3.12/site-packages/airflow/example_dags/example_dag_decorator.py
[2024-10-24T06:57:07.831+0000] {processor.py:925} INFO - DAG(s) 'example_dag_decorator' retrieved from /home/airflow/.local/lib/python3.12/site-packages/airflow/example_dags/example_dag_decorator.py
[2024-10-24T06:57:08.163+0000] {logging_mixin.py:190} INFO - [2024-10-24T06:57:08.163+0000] {dag.py:3239} INFO - Sync 1 DAGs
[2024-10-24T06:57:08.174+0000] {logging_mixin.py:190} INFO - [2024-10-24T06:57:08.174+0000] {dag.py:4180} INFO - Setting next_dagrun for example_dag_decorator to None, run_after=None
[2024-10-24T06:57:08.191+0000] {processor.py:208} INFO - Processing /home/airflow/.local/lib/python3.12/site-packages/airflow/example_dags/example_dag_decorator.py took 0.391 seconds
[2024-10-24T06:57:38.330+0000] {processor.py:186} INFO - Started process (PID=100009) to work on /home/airflow/.local/lib/python3.12/site-packages/airflow/example_dags/example_dag_decorator.py
[2024-10-24T06:57:38.332+0000] {processor.py:914} INFO - Processing file /home/airflow/.local/lib/python3.12/site-packages/airflow/example_dags/example_dag_decorator.py for tasks to queue
[2024-10-24T06:57:38.334+0000] {logging_mixin.py:190} INFO - [2024-10-24T06:57:38.333+0000] {dagbag.py:588} INFO - Filling up the DagBag from /home/airflow/.local/lib/python3.12/site-packages/airflow/example_dags/example_dag_decorator.py
[2024-10-24T06:57:38.349+0000] {processor.py:925} INFO - DAG(s) 'example_dag_decorator' retrieved from /home/airflow/.local/lib/python3.12/site-packages/airflow/example_dags/example_dag_decorator.py
[2024-10-24T06:57:38.730+0000] {logging_mixin.py:190} INFO - [2024-10-24T06:57:38.729+0000] {dag.py:3239} INFO - Sync 1 DAGs
[2024-10-24T06:57:38.742+0000] {logging_mixin.py:190} INFO - [2024-10-24T06:57:38.742+0000] {dag.py:4180} INFO - Setting next_dagrun for example_dag_decorator to None, run_after=None
[2024-10-24T06:57:38.770+0000] {processor.py:208} INFO - Processing /home/airflow/.local/lib/python3.12/site-packages/airflow/example_dags/example_dag_decorator.py took 0.449 seconds
[2024-10-24T06:58:08.931+0000] {processor.py:186} INFO - Started process (PID=100076) to work on /home/airflow/.local/lib/python3.12/site-packages/airflow/example_dags/example_dag_decorator.py
[2024-10-24T06:58:08.933+0000] {processor.py:914} INFO - Processing file /home/airflow/.local/lib/python3.12/site-packages/airflow/example_dags/example_dag_decorator.py for tasks to queue
[2024-10-24T06:58:08.935+0000] {logging_mixin.py:190} INFO - [2024-10-24T06:58:08.935+0000] {dagbag.py:588} INFO - Filling up the DagBag from /home/airflow/.local/lib/python3.12/site-packages/airflow/example_dags/example_dag_decorator.py
[2024-10-24T06:58:08.952+0000] {processor.py:925} INFO - DAG(s) 'example_dag_decorator' retrieved from /home/airflow/.local/lib/python3.12/site-packages/airflow/example_dags/example_dag_decorator.py
[2024-10-24T06:58:09.313+0000] {logging_mixin.py:190} INFO - [2024-10-24T06:58:09.313+0000] {dag.py:3239} INFO - Sync 1 DAGs
[2024-10-24T06:58:09.326+0000] {logging_mixin.py:190} INFO - [2024-10-24T06:58:09.326+0000] {dag.py:4180} INFO - Setting next_dagrun for example_dag_decorator to None, run_after=None
[2024-10-24T06:58:09.344+0000] {processor.py:208} INFO - Processing /home/airflow/.local/lib/python3.12/site-packages/airflow/example_dags/example_dag_decorator.py took 0.425 seconds
[2024-10-24T06:58:39.532+0000] {processor.py:186} INFO - Started process (PID=100141) to work on /home/airflow/.local/lib/python3.12/site-packages/airflow/example_dags/example_dag_decorator.py
[2024-10-24T06:58:39.533+0000] {processor.py:914} INFO - Processing file /home/airflow/.local/lib/python3.12/site-packages/airflow/example_dags/example_dag_decorator.py for tasks to queue
[2024-10-24T06:58:39.535+0000] {logging_mixin.py:190} INFO - [2024-10-24T06:58:39.534+0000] {dagbag.py:588} INFO - Filling up the DagBag from /home/airflow/.local/lib/python3.12/site-packages/airflow/example_dags/example_dag_decorator.py
[2024-10-24T06:58:39.547+0000] {processor.py:925} INFO - DAG(s) 'example_dag_decorator' retrieved from /home/airflow/.local/lib/python3.12/site-packages/airflow/example_dags/example_dag_decorator.py
[2024-10-24T06:58:39.892+0000] {logging_mixin.py:190} INFO - [2024-10-24T06:58:39.892+0000] {dag.py:3239} INFO - Sync 1 DAGs
[2024-10-24T06:58:39.917+0000] {logging_mixin.py:190} INFO - [2024-10-24T06:58:39.915+0000] {dag.py:4180} INFO - Setting next_dagrun for example_dag_decorator to None, run_after=None
[2024-10-24T06:58:39.947+0000] {processor.py:208} INFO - Processing /home/airflow/.local/lib/python3.12/site-packages/airflow/example_dags/example_dag_decorator.py took 0.426 seconds
