[2024-10-24T04:09:19.150+0000] {processor.py:186} INFO - Started process (PID=98894) to work on /home/airflow/.local/lib/python3.12/site-packages/airflow/example_dags/example_branch_labels.py
[2024-10-24T04:09:19.151+0000] {processor.py:914} INFO - Processing file /home/airflow/.local/lib/python3.12/site-packages/airflow/example_dags/example_branch_labels.py for tasks to queue
[2024-10-24T04:09:19.159+0000] {logging_mixin.py:190} INFO - [2024-10-24T04:09:19.158+0000] {dagbag.py:588} INFO - Filling up the DagBag from /home/airflow/.local/lib/python3.12/site-packages/airflow/example_dags/example_branch_labels.py
[2024-10-24T04:09:19.194+0000] {processor.py:925} INFO - DAG(s) 'example_branch_labels' retrieved from /home/airflow/.local/lib/python3.12/site-packages/airflow/example_dags/example_branch_labels.py
[2024-10-24T04:09:19.319+0000] {logging_mixin.py:190} INFO - [2024-10-24T04:09:19.319+0000] {dag.py:3239} INFO - Sync 1 DAGs
[2024-10-24T04:09:19.440+0000] {logging_mixin.py:190} INFO - [2024-10-24T04:09:19.440+0000] {dag.py:4180} INFO - Setting next_dagrun for example_branch_labels to 2024-10-23 00:00:00+00:00, run_after=2024-10-24 00:00:00+00:00
[2024-10-24T04:09:19.513+0000] {processor.py:208} INFO - Processing /home/airflow/.local/lib/python3.12/site-packages/airflow/example_dags/example_branch_labels.py took 0.395 seconds
[2024-10-24T04:09:50.102+0000] {processor.py:186} INFO - Started process (PID=98960) to work on /home/airflow/.local/lib/python3.12/site-packages/airflow/example_dags/example_branch_labels.py
[2024-10-24T04:09:50.103+0000] {processor.py:914} INFO - Processing file /home/airflow/.local/lib/python3.12/site-packages/airflow/example_dags/example_branch_labels.py for tasks to queue
[2024-10-24T04:09:50.104+0000] {logging_mixin.py:190} INFO - [2024-10-24T04:09:50.104+0000] {dagbag.py:588} INFO - Filling up the DagBag from /home/airflow/.local/lib/python3.12/site-packages/airflow/example_dags/example_branch_labels.py
[2024-10-24T04:09:50.112+0000] {processor.py:925} INFO - DAG(s) 'example_branch_labels' retrieved from /home/airflow/.local/lib/python3.12/site-packages/airflow/example_dags/example_branch_labels.py
[2024-10-24T04:09:50.139+0000] {logging_mixin.py:190} INFO - [2024-10-24T04:09:50.139+0000] {dag.py:3239} INFO - Sync 1 DAGs
[2024-10-24T04:09:50.166+0000] {logging_mixin.py:190} INFO - [2024-10-24T04:09:50.165+0000] {dag.py:4180} INFO - Setting next_dagrun for example_branch_labels to 2024-10-23 00:00:00+00:00, run_after=2024-10-24 00:00:00+00:00
[2024-10-24T04:09:50.185+0000] {processor.py:208} INFO - Processing /home/airflow/.local/lib/python3.12/site-packages/airflow/example_dags/example_branch_labels.py took 0.091 seconds
[2024-10-24T04:10:20.804+0000] {processor.py:186} INFO - Started process (PID=99032) to work on /home/airflow/.local/lib/python3.12/site-packages/airflow/example_dags/example_branch_labels.py
[2024-10-24T04:10:20.805+0000] {processor.py:914} INFO - Processing file /home/airflow/.local/lib/python3.12/site-packages/airflow/example_dags/example_branch_labels.py for tasks to queue
[2024-10-24T04:10:20.807+0000] {logging_mixin.py:190} INFO - [2024-10-24T04:10:20.807+0000] {dagbag.py:588} INFO - Filling up the DagBag from /home/airflow/.local/lib/python3.12/site-packages/airflow/example_dags/example_branch_labels.py
[2024-10-24T04:10:20.818+0000] {processor.py:925} INFO - DAG(s) 'example_branch_labels' retrieved from /home/airflow/.local/lib/python3.12/site-packages/airflow/example_dags/example_branch_labels.py
[2024-10-24T04:10:20.848+0000] {logging_mixin.py:190} INFO - [2024-10-24T04:10:20.848+0000] {dag.py:3239} INFO - Sync 1 DAGs
[2024-10-24T04:10:20.876+0000] {logging_mixin.py:190} INFO - [2024-10-24T04:10:20.876+0000] {dag.py:4180} INFO - Setting next_dagrun for example_branch_labels to 2024-10-23 00:00:00+00:00, run_after=2024-10-24 00:00:00+00:00
[2024-10-24T04:10:20.895+0000] {processor.py:208} INFO - Processing /home/airflow/.local/lib/python3.12/site-packages/airflow/example_dags/example_branch_labels.py took 0.101 seconds
[2024-10-24T04:10:51.529+0000] {processor.py:186} INFO - Started process (PID=99098) to work on /home/airflow/.local/lib/python3.12/site-packages/airflow/example_dags/example_branch_labels.py
[2024-10-24T04:10:51.531+0000] {processor.py:914} INFO - Processing file /home/airflow/.local/lib/python3.12/site-packages/airflow/example_dags/example_branch_labels.py for tasks to queue
[2024-10-24T04:10:51.534+0000] {logging_mixin.py:190} INFO - [2024-10-24T04:10:51.533+0000] {dagbag.py:588} INFO - Filling up the DagBag from /home/airflow/.local/lib/python3.12/site-packages/airflow/example_dags/example_branch_labels.py
[2024-10-24T04:10:51.545+0000] {processor.py:925} INFO - DAG(s) 'example_branch_labels' retrieved from /home/airflow/.local/lib/python3.12/site-packages/airflow/example_dags/example_branch_labels.py
[2024-10-24T04:10:51.575+0000] {logging_mixin.py:190} INFO - [2024-10-24T04:10:51.574+0000] {dag.py:3239} INFO - Sync 1 DAGs
[2024-10-24T04:10:51.606+0000] {logging_mixin.py:190} INFO - [2024-10-24T04:10:51.606+0000] {dag.py:4180} INFO - Setting next_dagrun for example_branch_labels to 2024-10-23 00:00:00+00:00, run_after=2024-10-24 00:00:00+00:00
[2024-10-24T04:10:51.628+0000] {processor.py:208} INFO - Processing /home/airflow/.local/lib/python3.12/site-packages/airflow/example_dags/example_branch_labels.py took 0.117 seconds
[2024-10-24T04:11:22.407+0000] {processor.py:186} INFO - Started process (PID=99165) to work on /home/airflow/.local/lib/python3.12/site-packages/airflow/example_dags/example_branch_labels.py
[2024-10-24T04:11:22.409+0000] {processor.py:914} INFO - Processing file /home/airflow/.local/lib/python3.12/site-packages/airflow/example_dags/example_branch_labels.py for tasks to queue
[2024-10-24T04:11:22.412+0000] {logging_mixin.py:190} INFO - [2024-10-24T04:11:22.411+0000] {dagbag.py:588} INFO - Filling up the DagBag from /home/airflow/.local/lib/python3.12/site-packages/airflow/example_dags/example_branch_labels.py
[2024-10-24T04:11:22.421+0000] {processor.py:925} INFO - DAG(s) 'example_branch_labels' retrieved from /home/airflow/.local/lib/python3.12/site-packages/airflow/example_dags/example_branch_labels.py
[2024-10-24T04:11:22.449+0000] {logging_mixin.py:190} INFO - [2024-10-24T04:11:22.448+0000] {dag.py:3239} INFO - Sync 1 DAGs
[2024-10-24T04:11:22.479+0000] {logging_mixin.py:190} INFO - [2024-10-24T04:11:22.478+0000] {dag.py:4180} INFO - Setting next_dagrun for example_branch_labels to 2024-10-23 00:00:00+00:00, run_after=2024-10-24 00:00:00+00:00
[2024-10-24T04:11:22.498+0000] {processor.py:208} INFO - Processing /home/airflow/.local/lib/python3.12/site-packages/airflow/example_dags/example_branch_labels.py took 0.098 seconds
[2024-10-24T04:11:53.094+0000] {processor.py:186} INFO - Started process (PID=99232) to work on /home/airflow/.local/lib/python3.12/site-packages/airflow/example_dags/example_branch_labels.py
[2024-10-24T04:11:53.096+0000] {processor.py:914} INFO - Processing file /home/airflow/.local/lib/python3.12/site-packages/airflow/example_dags/example_branch_labels.py for tasks to queue
[2024-10-24T04:11:53.098+0000] {logging_mixin.py:190} INFO - [2024-10-24T04:11:53.097+0000] {dagbag.py:588} INFO - Filling up the DagBag from /home/airflow/.local/lib/python3.12/site-packages/airflow/example_dags/example_branch_labels.py
[2024-10-24T04:11:53.112+0000] {processor.py:925} INFO - DAG(s) 'example_branch_labels' retrieved from /home/airflow/.local/lib/python3.12/site-packages/airflow/example_dags/example_branch_labels.py
[2024-10-24T04:11:53.144+0000] {logging_mixin.py:190} INFO - [2024-10-24T04:11:53.144+0000] {dag.py:3239} INFO - Sync 1 DAGs
[2024-10-24T04:11:53.195+0000] {logging_mixin.py:190} INFO - [2024-10-24T04:11:53.195+0000] {dag.py:4180} INFO - Setting next_dagrun for example_branch_labels to 2024-10-23 00:00:00+00:00, run_after=2024-10-24 00:00:00+00:00
[2024-10-24T04:11:53.225+0000] {processor.py:208} INFO - Processing /home/airflow/.local/lib/python3.12/site-packages/airflow/example_dags/example_branch_labels.py took 0.140 seconds
[2024-10-24T04:12:23.543+0000] {processor.py:186} INFO - Started process (PID=99299) to work on /home/airflow/.local/lib/python3.12/site-packages/airflow/example_dags/example_branch_labels.py
[2024-10-24T04:12:23.545+0000] {processor.py:914} INFO - Processing file /home/airflow/.local/lib/python3.12/site-packages/airflow/example_dags/example_branch_labels.py for tasks to queue
[2024-10-24T04:12:23.547+0000] {logging_mixin.py:190} INFO - [2024-10-24T04:12:23.547+0000] {dagbag.py:588} INFO - Filling up the DagBag from /home/airflow/.local/lib/python3.12/site-packages/airflow/example_dags/example_branch_labels.py
[2024-10-24T04:12:23.558+0000] {processor.py:925} INFO - DAG(s) 'example_branch_labels' retrieved from /home/airflow/.local/lib/python3.12/site-packages/airflow/example_dags/example_branch_labels.py
[2024-10-24T04:12:23.608+0000] {logging_mixin.py:190} INFO - [2024-10-24T04:12:23.607+0000] {dag.py:3239} INFO - Sync 1 DAGs
[2024-10-24T04:12:23.641+0000] {logging_mixin.py:190} INFO - [2024-10-24T04:12:23.641+0000] {dag.py:4180} INFO - Setting next_dagrun for example_branch_labels to 2024-10-23 00:00:00+00:00, run_after=2024-10-24 00:00:00+00:00
[2024-10-24T04:12:23.665+0000] {processor.py:208} INFO - Processing /home/airflow/.local/lib/python3.12/site-packages/airflow/example_dags/example_branch_labels.py took 0.136 seconds
[2024-10-24T04:12:54.790+0000] {processor.py:186} INFO - Started process (PID=99365) to work on /home/airflow/.local/lib/python3.12/site-packages/airflow/example_dags/example_branch_labels.py
[2024-10-24T04:12:54.792+0000] {processor.py:914} INFO - Processing file /home/airflow/.local/lib/python3.12/site-packages/airflow/example_dags/example_branch_labels.py for tasks to queue
[2024-10-24T04:12:54.793+0000] {logging_mixin.py:190} INFO - [2024-10-24T04:12:54.793+0000] {dagbag.py:588} INFO - Filling up the DagBag from /home/airflow/.local/lib/python3.12/site-packages/airflow/example_dags/example_branch_labels.py
[2024-10-24T04:12:54.806+0000] {processor.py:925} INFO - DAG(s) 'example_branch_labels' retrieved from /home/airflow/.local/lib/python3.12/site-packages/airflow/example_dags/example_branch_labels.py
[2024-10-24T04:12:54.837+0000] {logging_mixin.py:190} INFO - [2024-10-24T04:12:54.836+0000] {dag.py:3239} INFO - Sync 1 DAGs
[2024-10-24T04:12:54.870+0000] {logging_mixin.py:190} INFO - [2024-10-24T04:12:54.869+0000] {dag.py:4180} INFO - Setting next_dagrun for example_branch_labels to 2024-10-23 00:00:00+00:00, run_after=2024-10-24 00:00:00+00:00
[2024-10-24T04:12:54.887+0000] {processor.py:208} INFO - Processing /home/airflow/.local/lib/python3.12/site-packages/airflow/example_dags/example_branch_labels.py took 0.105 seconds
[2024-10-24T04:13:25.075+0000] {processor.py:186} INFO - Started process (PID=99432) to work on /home/airflow/.local/lib/python3.12/site-packages/airflow/example_dags/example_branch_labels.py
[2024-10-24T04:13:25.078+0000] {processor.py:914} INFO - Processing file /home/airflow/.local/lib/python3.12/site-packages/airflow/example_dags/example_branch_labels.py for tasks to queue
[2024-10-24T04:13:25.081+0000] {logging_mixin.py:190} INFO - [2024-10-24T04:13:25.080+0000] {dagbag.py:588} INFO - Filling up the DagBag from /home/airflow/.local/lib/python3.12/site-packages/airflow/example_dags/example_branch_labels.py
[2024-10-24T04:13:25.089+0000] {processor.py:925} INFO - DAG(s) 'example_branch_labels' retrieved from /home/airflow/.local/lib/python3.12/site-packages/airflow/example_dags/example_branch_labels.py
[2024-10-24T04:13:25.115+0000] {logging_mixin.py:190} INFO - [2024-10-24T04:13:25.115+0000] {dag.py:3239} INFO - Sync 1 DAGs
[2024-10-24T04:13:25.142+0000] {logging_mixin.py:190} INFO - [2024-10-24T04:13:25.141+0000] {dag.py:4180} INFO - Setting next_dagrun for example_branch_labels to 2024-10-23 00:00:00+00:00, run_after=2024-10-24 00:00:00+00:00
[2024-10-24T04:13:25.161+0000] {processor.py:208} INFO - Processing /home/airflow/.local/lib/python3.12/site-packages/airflow/example_dags/example_branch_labels.py took 0.093 seconds
[2024-10-24T04:13:56.125+0000] {processor.py:186} INFO - Started process (PID=99499) to work on /home/airflow/.local/lib/python3.12/site-packages/airflow/example_dags/example_branch_labels.py
[2024-10-24T04:13:56.126+0000] {processor.py:914} INFO - Processing file /home/airflow/.local/lib/python3.12/site-packages/airflow/example_dags/example_branch_labels.py for tasks to queue
[2024-10-24T04:13:56.128+0000] {logging_mixin.py:190} INFO - [2024-10-24T04:13:56.127+0000] {dagbag.py:588} INFO - Filling up the DagBag from /home/airflow/.local/lib/python3.12/site-packages/airflow/example_dags/example_branch_labels.py
[2024-10-24T04:13:56.136+0000] {processor.py:925} INFO - DAG(s) 'example_branch_labels' retrieved from /home/airflow/.local/lib/python3.12/site-packages/airflow/example_dags/example_branch_labels.py
[2024-10-24T04:13:56.161+0000] {logging_mixin.py:190} INFO - [2024-10-24T04:13:56.160+0000] {dag.py:3239} INFO - Sync 1 DAGs
[2024-10-24T04:13:56.187+0000] {logging_mixin.py:190} INFO - [2024-10-24T04:13:56.187+0000] {dag.py:4180} INFO - Setting next_dagrun for example_branch_labels to 2024-10-23 00:00:00+00:00, run_after=2024-10-24 00:00:00+00:00
[2024-10-24T04:13:56.206+0000] {processor.py:208} INFO - Processing /home/airflow/.local/lib/python3.12/site-packages/airflow/example_dags/example_branch_labels.py took 0.090 seconds
[2024-10-24T04:14:26.840+0000] {processor.py:186} INFO - Started process (PID=99566) to work on /home/airflow/.local/lib/python3.12/site-packages/airflow/example_dags/example_branch_labels.py
[2024-10-24T04:14:26.842+0000] {processor.py:914} INFO - Processing file /home/airflow/.local/lib/python3.12/site-packages/airflow/example_dags/example_branch_labels.py for tasks to queue
[2024-10-24T04:14:26.843+0000] {logging_mixin.py:190} INFO - [2024-10-24T04:14:26.843+0000] {dagbag.py:588} INFO - Filling up the DagBag from /home/airflow/.local/lib/python3.12/site-packages/airflow/example_dags/example_branch_labels.py
[2024-10-24T04:14:26.854+0000] {processor.py:925} INFO - DAG(s) 'example_branch_labels' retrieved from /home/airflow/.local/lib/python3.12/site-packages/airflow/example_dags/example_branch_labels.py
[2024-10-24T04:14:26.883+0000] {logging_mixin.py:190} INFO - [2024-10-24T04:14:26.883+0000] {dag.py:3239} INFO - Sync 1 DAGs
[2024-10-24T04:14:26.909+0000] {logging_mixin.py:190} INFO - [2024-10-24T04:14:26.909+0000] {dag.py:4180} INFO - Setting next_dagrun for example_branch_labels to 2024-10-23 00:00:00+00:00, run_after=2024-10-24 00:00:00+00:00
[2024-10-24T04:14:26.927+0000] {processor.py:208} INFO - Processing /home/airflow/.local/lib/python3.12/site-packages/airflow/example_dags/example_branch_labels.py took 0.096 seconds
[2024-10-24T04:14:57.366+0000] {processor.py:186} INFO - Started process (PID=99632) to work on /home/airflow/.local/lib/python3.12/site-packages/airflow/example_dags/example_branch_labels.py
[2024-10-24T04:14:57.368+0000] {processor.py:914} INFO - Processing file /home/airflow/.local/lib/python3.12/site-packages/airflow/example_dags/example_branch_labels.py for tasks to queue
[2024-10-24T04:14:57.369+0000] {logging_mixin.py:190} INFO - [2024-10-24T04:14:57.369+0000] {dagbag.py:588} INFO - Filling up the DagBag from /home/airflow/.local/lib/python3.12/site-packages/airflow/example_dags/example_branch_labels.py
[2024-10-24T04:14:57.378+0000] {processor.py:925} INFO - DAG(s) 'example_branch_labels' retrieved from /home/airflow/.local/lib/python3.12/site-packages/airflow/example_dags/example_branch_labels.py
[2024-10-24T04:14:57.401+0000] {logging_mixin.py:190} INFO - [2024-10-24T04:14:57.400+0000] {dag.py:3239} INFO - Sync 1 DAGs
[2024-10-24T04:14:57.431+0000] {logging_mixin.py:190} INFO - [2024-10-24T04:14:57.431+0000] {dag.py:4180} INFO - Setting next_dagrun for example_branch_labels to 2024-10-23 00:00:00+00:00, run_after=2024-10-24 00:00:00+00:00
[2024-10-24T04:14:57.449+0000] {processor.py:208} INFO - Processing /home/airflow/.local/lib/python3.12/site-packages/airflow/example_dags/example_branch_labels.py took 0.090 seconds
[2024-10-24T04:15:27.639+0000] {processor.py:186} INFO - Started process (PID=99699) to work on /home/airflow/.local/lib/python3.12/site-packages/airflow/example_dags/example_branch_labels.py
[2024-10-24T04:15:27.641+0000] {processor.py:914} INFO - Processing file /home/airflow/.local/lib/python3.12/site-packages/airflow/example_dags/example_branch_labels.py for tasks to queue
[2024-10-24T04:15:27.642+0000] {logging_mixin.py:190} INFO - [2024-10-24T04:15:27.642+0000] {dagbag.py:588} INFO - Filling up the DagBag from /home/airflow/.local/lib/python3.12/site-packages/airflow/example_dags/example_branch_labels.py
[2024-10-24T04:15:27.651+0000] {processor.py:925} INFO - DAG(s) 'example_branch_labels' retrieved from /home/airflow/.local/lib/python3.12/site-packages/airflow/example_dags/example_branch_labels.py
[2024-10-24T04:15:27.677+0000] {logging_mixin.py:190} INFO - [2024-10-24T04:15:27.676+0000] {dag.py:3239} INFO - Sync 1 DAGs
[2024-10-24T04:15:27.706+0000] {logging_mixin.py:190} INFO - [2024-10-24T04:15:27.706+0000] {dag.py:4180} INFO - Setting next_dagrun for example_branch_labels to 2024-10-23 00:00:00+00:00, run_after=2024-10-24 00:00:00+00:00
[2024-10-24T04:15:27.730+0000] {processor.py:208} INFO - Processing /home/airflow/.local/lib/python3.12/site-packages/airflow/example_dags/example_branch_labels.py took 0.098 seconds
[2024-10-24T06:56:02.452+0000] {processor.py:186} INFO - Started process (PID=99766) to work on /home/airflow/.local/lib/python3.12/site-packages/airflow/example_dags/example_branch_labels.py
[2024-10-24T06:56:02.454+0000] {processor.py:914} INFO - Processing file /home/airflow/.local/lib/python3.12/site-packages/airflow/example_dags/example_branch_labels.py for tasks to queue
[2024-10-24T06:56:02.457+0000] {logging_mixin.py:190} INFO - [2024-10-24T06:56:02.456+0000] {dagbag.py:588} INFO - Filling up the DagBag from /home/airflow/.local/lib/python3.12/site-packages/airflow/example_dags/example_branch_labels.py
[2024-10-24T06:56:02.468+0000] {processor.py:925} INFO - DAG(s) 'example_branch_labels' retrieved from /home/airflow/.local/lib/python3.12/site-packages/airflow/example_dags/example_branch_labels.py
[2024-10-24T06:56:02.508+0000] {logging_mixin.py:190} INFO - [2024-10-24T06:56:02.507+0000] {dag.py:3239} INFO - Sync 1 DAGs
[2024-10-24T06:56:02.546+0000] {logging_mixin.py:190} INFO - [2024-10-24T06:56:02.546+0000] {dag.py:4180} INFO - Setting next_dagrun for example_branch_labels to 2024-10-23 00:00:00+00:00, run_after=2024-10-24 00:00:00+00:00
[2024-10-24T06:56:02.566+0000] {processor.py:208} INFO - Processing /home/airflow/.local/lib/python3.12/site-packages/airflow/example_dags/example_branch_labels.py took 0.127 seconds
[2024-10-24T06:56:33.516+0000] {processor.py:186} INFO - Started process (PID=99833) to work on /home/airflow/.local/lib/python3.12/site-packages/airflow/example_dags/example_branch_labels.py
[2024-10-24T06:56:33.517+0000] {processor.py:914} INFO - Processing file /home/airflow/.local/lib/python3.12/site-packages/airflow/example_dags/example_branch_labels.py for tasks to queue
[2024-10-24T06:56:33.518+0000] {logging_mixin.py:190} INFO - [2024-10-24T06:56:33.518+0000] {dagbag.py:588} INFO - Filling up the DagBag from /home/airflow/.local/lib/python3.12/site-packages/airflow/example_dags/example_branch_labels.py
[2024-10-24T06:56:33.528+0000] {processor.py:925} INFO - DAG(s) 'example_branch_labels' retrieved from /home/airflow/.local/lib/python3.12/site-packages/airflow/example_dags/example_branch_labels.py
[2024-10-24T06:56:33.553+0000] {logging_mixin.py:190} INFO - [2024-10-24T06:56:33.552+0000] {dag.py:3239} INFO - Sync 1 DAGs
[2024-10-24T06:56:33.580+0000] {logging_mixin.py:190} INFO - [2024-10-24T06:56:33.580+0000] {dag.py:4180} INFO - Setting next_dagrun for example_branch_labels to 2024-10-23 00:00:00+00:00, run_after=2024-10-24 00:00:00+00:00
[2024-10-24T06:56:33.599+0000] {processor.py:208} INFO - Processing /home/airflow/.local/lib/python3.12/site-packages/airflow/example_dags/example_branch_labels.py took 0.091 seconds
[2024-10-24T06:57:04.430+0000] {processor.py:186} INFO - Started process (PID=99900) to work on /home/airflow/.local/lib/python3.12/site-packages/airflow/example_dags/example_branch_labels.py
[2024-10-24T06:57:04.431+0000] {processor.py:914} INFO - Processing file /home/airflow/.local/lib/python3.12/site-packages/airflow/example_dags/example_branch_labels.py for tasks to queue
[2024-10-24T06:57:04.434+0000] {logging_mixin.py:190} INFO - [2024-10-24T06:57:04.433+0000] {dagbag.py:588} INFO - Filling up the DagBag from /home/airflow/.local/lib/python3.12/site-packages/airflow/example_dags/example_branch_labels.py
[2024-10-24T06:57:04.449+0000] {processor.py:925} INFO - DAG(s) 'example_branch_labels' retrieved from /home/airflow/.local/lib/python3.12/site-packages/airflow/example_dags/example_branch_labels.py
[2024-10-24T06:57:04.485+0000] {logging_mixin.py:190} INFO - [2024-10-24T06:57:04.485+0000] {dag.py:3239} INFO - Sync 1 DAGs
[2024-10-24T06:57:04.520+0000] {logging_mixin.py:190} INFO - [2024-10-24T06:57:04.520+0000] {dag.py:4180} INFO - Setting next_dagrun for example_branch_labels to 2024-10-23 00:00:00+00:00, run_after=2024-10-24 00:00:00+00:00
[2024-10-24T06:57:04.546+0000] {processor.py:208} INFO - Processing /home/airflow/.local/lib/python3.12/site-packages/airflow/example_dags/example_branch_labels.py took 0.125 seconds
[2024-10-24T06:57:34.931+0000] {processor.py:186} INFO - Started process (PID=99967) to work on /home/airflow/.local/lib/python3.12/site-packages/airflow/example_dags/example_branch_labels.py
[2024-10-24T06:57:34.932+0000] {processor.py:914} INFO - Processing file /home/airflow/.local/lib/python3.12/site-packages/airflow/example_dags/example_branch_labels.py for tasks to queue
[2024-10-24T06:57:34.934+0000] {logging_mixin.py:190} INFO - [2024-10-24T06:57:34.933+0000] {dagbag.py:588} INFO - Filling up the DagBag from /home/airflow/.local/lib/python3.12/site-packages/airflow/example_dags/example_branch_labels.py
[2024-10-24T06:57:34.942+0000] {processor.py:925} INFO - DAG(s) 'example_branch_labels' retrieved from /home/airflow/.local/lib/python3.12/site-packages/airflow/example_dags/example_branch_labels.py
[2024-10-24T06:57:34.967+0000] {logging_mixin.py:190} INFO - [2024-10-24T06:57:34.967+0000] {dag.py:3239} INFO - Sync 1 DAGs
[2024-10-24T06:57:34.996+0000] {logging_mixin.py:190} INFO - [2024-10-24T06:57:34.996+0000] {dag.py:4180} INFO - Setting next_dagrun for example_branch_labels to 2024-10-23 00:00:00+00:00, run_after=2024-10-24 00:00:00+00:00
[2024-10-24T06:57:35.017+0000] {processor.py:208} INFO - Processing /home/airflow/.local/lib/python3.12/site-packages/airflow/example_dags/example_branch_labels.py took 0.094 seconds
[2024-10-24T06:58:05.467+0000] {processor.py:186} INFO - Started process (PID=100034) to work on /home/airflow/.local/lib/python3.12/site-packages/airflow/example_dags/example_branch_labels.py
[2024-10-24T06:58:05.468+0000] {processor.py:914} INFO - Processing file /home/airflow/.local/lib/python3.12/site-packages/airflow/example_dags/example_branch_labels.py for tasks to queue
[2024-10-24T06:58:05.470+0000] {logging_mixin.py:190} INFO - [2024-10-24T06:58:05.469+0000] {dagbag.py:588} INFO - Filling up the DagBag from /home/airflow/.local/lib/python3.12/site-packages/airflow/example_dags/example_branch_labels.py
[2024-10-24T06:58:05.481+0000] {processor.py:925} INFO - DAG(s) 'example_branch_labels' retrieved from /home/airflow/.local/lib/python3.12/site-packages/airflow/example_dags/example_branch_labels.py
[2024-10-24T06:58:05.511+0000] {logging_mixin.py:190} INFO - [2024-10-24T06:58:05.510+0000] {dag.py:3239} INFO - Sync 1 DAGs
[2024-10-24T06:58:05.541+0000] {logging_mixin.py:190} INFO - [2024-10-24T06:58:05.540+0000] {dag.py:4180} INFO - Setting next_dagrun for example_branch_labels to 2024-10-23 00:00:00+00:00, run_after=2024-10-24 00:00:00+00:00
[2024-10-24T06:58:05.566+0000] {processor.py:208} INFO - Processing /home/airflow/.local/lib/python3.12/site-packages/airflow/example_dags/example_branch_labels.py took 0.107 seconds
[2024-10-24T06:58:36.311+0000] {processor.py:186} INFO - Started process (PID=100100) to work on /home/airflow/.local/lib/python3.12/site-packages/airflow/example_dags/example_branch_labels.py
[2024-10-24T06:58:36.312+0000] {processor.py:914} INFO - Processing file /home/airflow/.local/lib/python3.12/site-packages/airflow/example_dags/example_branch_labels.py for tasks to queue
[2024-10-24T06:58:36.313+0000] {logging_mixin.py:190} INFO - [2024-10-24T06:58:36.313+0000] {dagbag.py:588} INFO - Filling up the DagBag from /home/airflow/.local/lib/python3.12/site-packages/airflow/example_dags/example_branch_labels.py
[2024-10-24T06:58:36.323+0000] {processor.py:925} INFO - DAG(s) 'example_branch_labels' retrieved from /home/airflow/.local/lib/python3.12/site-packages/airflow/example_dags/example_branch_labels.py
[2024-10-24T06:58:36.347+0000] {logging_mixin.py:190} INFO - [2024-10-24T06:58:36.347+0000] {dag.py:3239} INFO - Sync 1 DAGs
[2024-10-24T06:58:36.373+0000] {logging_mixin.py:190} INFO - [2024-10-24T06:58:36.373+0000] {dag.py:4180} INFO - Setting next_dagrun for example_branch_labels to 2024-10-23 00:00:00+00:00, run_after=2024-10-24 00:00:00+00:00
[2024-10-24T06:58:36.392+0000] {processor.py:208} INFO - Processing /home/airflow/.local/lib/python3.12/site-packages/airflow/example_dags/example_branch_labels.py took 0.089 seconds
[2024-10-24T06:59:07.299+0000] {processor.py:186} INFO - Started process (PID=100167) to work on /home/airflow/.local/lib/python3.12/site-packages/airflow/example_dags/example_branch_labels.py
[2024-10-24T06:59:07.300+0000] {processor.py:914} INFO - Processing file /home/airflow/.local/lib/python3.12/site-packages/airflow/example_dags/example_branch_labels.py for tasks to queue
[2024-10-24T06:59:07.303+0000] {logging_mixin.py:190} INFO - [2024-10-24T06:59:07.303+0000] {dagbag.py:588} INFO - Filling up the DagBag from /home/airflow/.local/lib/python3.12/site-packages/airflow/example_dags/example_branch_labels.py
[2024-10-24T06:59:07.314+0000] {processor.py:925} INFO - DAG(s) 'example_branch_labels' retrieved from /home/airflow/.local/lib/python3.12/site-packages/airflow/example_dags/example_branch_labels.py
[2024-10-24T06:59:07.353+0000] {logging_mixin.py:190} INFO - [2024-10-24T06:59:07.352+0000] {dag.py:3239} INFO - Sync 1 DAGs
[2024-10-24T06:59:07.737+0000] {logging_mixin.py:190} INFO - [2024-10-24T06:59:07.737+0000] {dag.py:4180} INFO - Setting next_dagrun for example_branch_labels to 2024-10-23 00:00:00+00:00, run_after=2024-10-24 00:00:00+00:00
[2024-10-24T06:59:07.763+0000] {processor.py:208} INFO - Processing /home/airflow/.local/lib/python3.12/site-packages/airflow/example_dags/example_branch_labels.py took 0.473 seconds
