[2024-10-24T04:09:22.888+0000] {processor.py:186} INFO - Started process (PID=98931) to work on /home/airflow/.local/lib/python3.12/site-packages/airflow/example_dags/example_dynamic_task_mapping.py
[2024-10-24T04:09:22.889+0000] {processor.py:914} INFO - Processing file /home/airflow/.local/lib/python3.12/site-packages/airflow/example_dags/example_dynamic_task_mapping.py for tasks to queue
[2024-10-24T04:09:22.891+0000] {logging_mixin.py:190} INFO - [2024-10-24T04:09:22.890+0000] {dagbag.py:588} INFO - Filling up the DagBag from /home/airflow/.local/lib/python3.12/site-packages/airflow/example_dags/example_dynamic_task_mapping.py
[2024-10-24T04:09:22.900+0000] {processor.py:925} INFO - DAG(s) 'example_dynamic_task_mapping' retrieved from /home/airflow/.local/lib/python3.12/site-packages/airflow/example_dags/example_dynamic_task_mapping.py
[2024-10-24T04:09:22.932+0000] {logging_mixin.py:190} INFO - [2024-10-24T04:09:22.932+0000] {dag.py:3239} INFO - Sync 1 DAGs
[2024-10-24T04:09:22.952+0000] {logging_mixin.py:190} INFO - [2024-10-24T04:09:22.951+0000] {dag.py:4180} INFO - Setting next_dagrun for example_dynamic_task_mapping to None, run_after=None
[2024-10-24T04:09:22.970+0000] {processor.py:208} INFO - Processing /home/airflow/.local/lib/python3.12/site-packages/airflow/example_dags/example_dynamic_task_mapping.py took 0.091 seconds
[2024-10-24T04:09:53.434+0000] {processor.py:186} INFO - Started process (PID=98998) to work on /home/airflow/.local/lib/python3.12/site-packages/airflow/example_dags/example_dynamic_task_mapping.py
[2024-10-24T04:09:53.436+0000] {processor.py:914} INFO - Processing file /home/airflow/.local/lib/python3.12/site-packages/airflow/example_dags/example_dynamic_task_mapping.py for tasks to queue
[2024-10-24T04:09:53.438+0000] {logging_mixin.py:190} INFO - [2024-10-24T04:09:53.438+0000] {dagbag.py:588} INFO - Filling up the DagBag from /home/airflow/.local/lib/python3.12/site-packages/airflow/example_dags/example_dynamic_task_mapping.py
[2024-10-24T04:09:53.454+0000] {processor.py:925} INFO - DAG(s) 'example_dynamic_task_mapping' retrieved from /home/airflow/.local/lib/python3.12/site-packages/airflow/example_dags/example_dynamic_task_mapping.py
[2024-10-24T04:09:53.486+0000] {logging_mixin.py:190} INFO - [2024-10-24T04:09:53.485+0000] {dag.py:3239} INFO - Sync 1 DAGs
[2024-10-24T04:09:53.507+0000] {logging_mixin.py:190} INFO - [2024-10-24T04:09:53.506+0000] {dag.py:4180} INFO - Setting next_dagrun for example_dynamic_task_mapping to None, run_after=None
[2024-10-24T04:09:53.525+0000] {processor.py:208} INFO - Processing /home/airflow/.local/lib/python3.12/site-packages/airflow/example_dags/example_dynamic_task_mapping.py took 0.099 seconds
[2024-10-24T04:10:24.265+0000] {processor.py:186} INFO - Started process (PID=99064) to work on /home/airflow/.local/lib/python3.12/site-packages/airflow/example_dags/example_dynamic_task_mapping.py
[2024-10-24T04:10:24.266+0000] {processor.py:914} INFO - Processing file /home/airflow/.local/lib/python3.12/site-packages/airflow/example_dags/example_dynamic_task_mapping.py for tasks to queue
[2024-10-24T04:10:24.267+0000] {logging_mixin.py:190} INFO - [2024-10-24T04:10:24.267+0000] {dagbag.py:588} INFO - Filling up the DagBag from /home/airflow/.local/lib/python3.12/site-packages/airflow/example_dags/example_dynamic_task_mapping.py
[2024-10-24T04:10:24.275+0000] {processor.py:925} INFO - DAG(s) 'example_dynamic_task_mapping' retrieved from /home/airflow/.local/lib/python3.12/site-packages/airflow/example_dags/example_dynamic_task_mapping.py
[2024-10-24T04:10:24.298+0000] {logging_mixin.py:190} INFO - [2024-10-24T04:10:24.297+0000] {dag.py:3239} INFO - Sync 1 DAGs
[2024-10-24T04:10:24.315+0000] {logging_mixin.py:190} INFO - [2024-10-24T04:10:24.315+0000] {dag.py:4180} INFO - Setting next_dagrun for example_dynamic_task_mapping to None, run_after=None
[2024-10-24T04:10:24.334+0000] {processor.py:208} INFO - Processing /home/airflow/.local/lib/python3.12/site-packages/airflow/example_dags/example_dynamic_task_mapping.py took 0.076 seconds
[2024-10-24T04:10:54.913+0000] {processor.py:186} INFO - Started process (PID=99130) to work on /home/airflow/.local/lib/python3.12/site-packages/airflow/example_dags/example_dynamic_task_mapping.py
[2024-10-24T04:10:54.914+0000] {processor.py:914} INFO - Processing file /home/airflow/.local/lib/python3.12/site-packages/airflow/example_dags/example_dynamic_task_mapping.py for tasks to queue
[2024-10-24T04:10:54.915+0000] {logging_mixin.py:190} INFO - [2024-10-24T04:10:54.915+0000] {dagbag.py:588} INFO - Filling up the DagBag from /home/airflow/.local/lib/python3.12/site-packages/airflow/example_dags/example_dynamic_task_mapping.py
[2024-10-24T04:10:54.923+0000] {processor.py:925} INFO - DAG(s) 'example_dynamic_task_mapping' retrieved from /home/airflow/.local/lib/python3.12/site-packages/airflow/example_dags/example_dynamic_task_mapping.py
[2024-10-24T04:10:54.946+0000] {logging_mixin.py:190} INFO - [2024-10-24T04:10:54.946+0000] {dag.py:3239} INFO - Sync 1 DAGs
[2024-10-24T04:10:54.963+0000] {logging_mixin.py:190} INFO - [2024-10-24T04:10:54.963+0000] {dag.py:4180} INFO - Setting next_dagrun for example_dynamic_task_mapping to None, run_after=None
[2024-10-24T04:10:54.985+0000] {processor.py:208} INFO - Processing /home/airflow/.local/lib/python3.12/site-packages/airflow/example_dags/example_dynamic_task_mapping.py took 0.079 seconds
[2024-10-24T04:11:26.187+0000] {processor.py:186} INFO - Started process (PID=99197) to work on /home/airflow/.local/lib/python3.12/site-packages/airflow/example_dags/example_dynamic_task_mapping.py
[2024-10-24T04:11:26.191+0000] {processor.py:914} INFO - Processing file /home/airflow/.local/lib/python3.12/site-packages/airflow/example_dags/example_dynamic_task_mapping.py for tasks to queue
[2024-10-24T04:11:26.197+0000] {logging_mixin.py:190} INFO - [2024-10-24T04:11:26.196+0000] {dagbag.py:588} INFO - Filling up the DagBag from /home/airflow/.local/lib/python3.12/site-packages/airflow/example_dags/example_dynamic_task_mapping.py
[2024-10-24T04:11:26.226+0000] {processor.py:925} INFO - DAG(s) 'example_dynamic_task_mapping' retrieved from /home/airflow/.local/lib/python3.12/site-packages/airflow/example_dags/example_dynamic_task_mapping.py
[2024-10-24T04:11:26.282+0000] {logging_mixin.py:190} INFO - [2024-10-24T04:11:26.281+0000] {dag.py:3239} INFO - Sync 1 DAGs
[2024-10-24T04:11:26.310+0000] {logging_mixin.py:190} INFO - [2024-10-24T04:11:26.309+0000] {dag.py:4180} INFO - Setting next_dagrun for example_dynamic_task_mapping to None, run_after=None
[2024-10-24T04:11:26.341+0000] {processor.py:208} INFO - Processing /home/airflow/.local/lib/python3.12/site-packages/airflow/example_dags/example_dynamic_task_mapping.py took 0.177 seconds
[2024-10-24T04:11:59.009+0000] {processor.py:186} INFO - Started process (PID=99264) to work on /home/airflow/.local/lib/python3.12/site-packages/airflow/example_dags/example_dynamic_task_mapping.py
[2024-10-24T04:11:59.011+0000] {processor.py:914} INFO - Processing file /home/airflow/.local/lib/python3.12/site-packages/airflow/example_dags/example_dynamic_task_mapping.py for tasks to queue
[2024-10-24T04:11:59.013+0000] {logging_mixin.py:190} INFO - [2024-10-24T04:11:59.012+0000] {dagbag.py:588} INFO - Filling up the DagBag from /home/airflow/.local/lib/python3.12/site-packages/airflow/example_dags/example_dynamic_task_mapping.py
[2024-10-24T04:11:59.026+0000] {processor.py:925} INFO - DAG(s) 'example_dynamic_task_mapping' retrieved from /home/airflow/.local/lib/python3.12/site-packages/airflow/example_dags/example_dynamic_task_mapping.py
[2024-10-24T04:11:59.052+0000] {logging_mixin.py:190} INFO - [2024-10-24T04:11:59.052+0000] {dag.py:3239} INFO - Sync 1 DAGs
[2024-10-24T04:11:59.072+0000] {logging_mixin.py:190} INFO - [2024-10-24T04:11:59.072+0000] {dag.py:4180} INFO - Setting next_dagrun for example_dynamic_task_mapping to None, run_after=None
[2024-10-24T04:11:59.091+0000] {processor.py:208} INFO - Processing /home/airflow/.local/lib/python3.12/site-packages/airflow/example_dags/example_dynamic_task_mapping.py took 0.090 seconds
[2024-10-24T04:12:30.106+0000] {processor.py:186} INFO - Started process (PID=99331) to work on /home/airflow/.local/lib/python3.12/site-packages/airflow/example_dags/example_dynamic_task_mapping.py
[2024-10-24T04:12:30.107+0000] {processor.py:914} INFO - Processing file /home/airflow/.local/lib/python3.12/site-packages/airflow/example_dags/example_dynamic_task_mapping.py for tasks to queue
[2024-10-24T04:12:30.109+0000] {logging_mixin.py:190} INFO - [2024-10-24T04:12:30.109+0000] {dagbag.py:588} INFO - Filling up the DagBag from /home/airflow/.local/lib/python3.12/site-packages/airflow/example_dags/example_dynamic_task_mapping.py
[2024-10-24T04:12:30.119+0000] {processor.py:925} INFO - DAG(s) 'example_dynamic_task_mapping' retrieved from /home/airflow/.local/lib/python3.12/site-packages/airflow/example_dags/example_dynamic_task_mapping.py
[2024-10-24T04:12:30.149+0000] {logging_mixin.py:190} INFO - [2024-10-24T04:12:30.148+0000] {dag.py:3239} INFO - Sync 1 DAGs
[2024-10-24T04:12:30.169+0000] {logging_mixin.py:190} INFO - [2024-10-24T04:12:30.168+0000] {dag.py:4180} INFO - Setting next_dagrun for example_dynamic_task_mapping to None, run_after=None
[2024-10-24T04:12:30.194+0000] {processor.py:208} INFO - Processing /home/airflow/.local/lib/python3.12/site-packages/airflow/example_dags/example_dynamic_task_mapping.py took 0.096 seconds
[2024-10-24T04:13:00.403+0000] {processor.py:186} INFO - Started process (PID=99397) to work on /home/airflow/.local/lib/python3.12/site-packages/airflow/example_dags/example_dynamic_task_mapping.py
[2024-10-24T04:13:00.405+0000] {processor.py:914} INFO - Processing file /home/airflow/.local/lib/python3.12/site-packages/airflow/example_dags/example_dynamic_task_mapping.py for tasks to queue
[2024-10-24T04:13:00.406+0000] {logging_mixin.py:190} INFO - [2024-10-24T04:13:00.406+0000] {dagbag.py:588} INFO - Filling up the DagBag from /home/airflow/.local/lib/python3.12/site-packages/airflow/example_dags/example_dynamic_task_mapping.py
[2024-10-24T04:13:00.415+0000] {processor.py:925} INFO - DAG(s) 'example_dynamic_task_mapping' retrieved from /home/airflow/.local/lib/python3.12/site-packages/airflow/example_dags/example_dynamic_task_mapping.py
[2024-10-24T04:13:00.446+0000] {logging_mixin.py:190} INFO - [2024-10-24T04:13:00.446+0000] {dag.py:3239} INFO - Sync 1 DAGs
[2024-10-24T04:13:00.465+0000] {logging_mixin.py:190} INFO - [2024-10-24T04:13:00.464+0000] {dag.py:4180} INFO - Setting next_dagrun for example_dynamic_task_mapping to None, run_after=None
[2024-10-24T04:13:00.485+0000] {processor.py:208} INFO - Processing /home/airflow/.local/lib/python3.12/site-packages/airflow/example_dags/example_dynamic_task_mapping.py took 0.090 seconds
[2024-10-24T04:13:30.833+0000] {processor.py:186} INFO - Started process (PID=99463) to work on /home/airflow/.local/lib/python3.12/site-packages/airflow/example_dags/example_dynamic_task_mapping.py
[2024-10-24T04:13:30.834+0000] {processor.py:914} INFO - Processing file /home/airflow/.local/lib/python3.12/site-packages/airflow/example_dags/example_dynamic_task_mapping.py for tasks to queue
[2024-10-24T04:13:30.835+0000] {logging_mixin.py:190} INFO - [2024-10-24T04:13:30.835+0000] {dagbag.py:588} INFO - Filling up the DagBag from /home/airflow/.local/lib/python3.12/site-packages/airflow/example_dags/example_dynamic_task_mapping.py
[2024-10-24T04:13:30.844+0000] {processor.py:925} INFO - DAG(s) 'example_dynamic_task_mapping' retrieved from /home/airflow/.local/lib/python3.12/site-packages/airflow/example_dags/example_dynamic_task_mapping.py
[2024-10-24T04:13:30.867+0000] {logging_mixin.py:190} INFO - [2024-10-24T04:13:30.867+0000] {dag.py:3239} INFO - Sync 1 DAGs
[2024-10-24T04:13:30.884+0000] {logging_mixin.py:190} INFO - [2024-10-24T04:13:30.884+0000] {dag.py:4180} INFO - Setting next_dagrun for example_dynamic_task_mapping to None, run_after=None
[2024-10-24T04:13:30.901+0000] {processor.py:208} INFO - Processing /home/airflow/.local/lib/python3.12/site-packages/airflow/example_dags/example_dynamic_task_mapping.py took 0.076 seconds
[2024-10-24T04:14:01.425+0000] {processor.py:186} INFO - Started process (PID=99530) to work on /home/airflow/.local/lib/python3.12/site-packages/airflow/example_dags/example_dynamic_task_mapping.py
[2024-10-24T04:14:01.426+0000] {processor.py:914} INFO - Processing file /home/airflow/.local/lib/python3.12/site-packages/airflow/example_dags/example_dynamic_task_mapping.py for tasks to queue
[2024-10-24T04:14:01.428+0000] {logging_mixin.py:190} INFO - [2024-10-24T04:14:01.427+0000] {dagbag.py:588} INFO - Filling up the DagBag from /home/airflow/.local/lib/python3.12/site-packages/airflow/example_dags/example_dynamic_task_mapping.py
[2024-10-24T04:14:01.436+0000] {processor.py:925} INFO - DAG(s) 'example_dynamic_task_mapping' retrieved from /home/airflow/.local/lib/python3.12/site-packages/airflow/example_dags/example_dynamic_task_mapping.py
[2024-10-24T04:14:01.462+0000] {logging_mixin.py:190} INFO - [2024-10-24T04:14:01.462+0000] {dag.py:3239} INFO - Sync 1 DAGs
[2024-10-24T04:14:01.480+0000] {logging_mixin.py:190} INFO - [2024-10-24T04:14:01.479+0000] {dag.py:4180} INFO - Setting next_dagrun for example_dynamic_task_mapping to None, run_after=None
[2024-10-24T04:14:01.496+0000] {processor.py:208} INFO - Processing /home/airflow/.local/lib/python3.12/site-packages/airflow/example_dags/example_dynamic_task_mapping.py took 0.079 seconds
[2024-10-24T04:14:32.099+0000] {processor.py:186} INFO - Started process (PID=99597) to work on /home/airflow/.local/lib/python3.12/site-packages/airflow/example_dags/example_dynamic_task_mapping.py
[2024-10-24T04:14:32.100+0000] {processor.py:914} INFO - Processing file /home/airflow/.local/lib/python3.12/site-packages/airflow/example_dags/example_dynamic_task_mapping.py for tasks to queue
[2024-10-24T04:14:32.101+0000] {logging_mixin.py:190} INFO - [2024-10-24T04:14:32.101+0000] {dagbag.py:588} INFO - Filling up the DagBag from /home/airflow/.local/lib/python3.12/site-packages/airflow/example_dags/example_dynamic_task_mapping.py
[2024-10-24T04:14:32.109+0000] {processor.py:925} INFO - DAG(s) 'example_dynamic_task_mapping' retrieved from /home/airflow/.local/lib/python3.12/site-packages/airflow/example_dags/example_dynamic_task_mapping.py
[2024-10-24T04:14:32.132+0000] {logging_mixin.py:190} INFO - [2024-10-24T04:14:32.132+0000] {dag.py:3239} INFO - Sync 1 DAGs
[2024-10-24T04:14:32.151+0000] {logging_mixin.py:190} INFO - [2024-10-24T04:14:32.151+0000] {dag.py:4180} INFO - Setting next_dagrun for example_dynamic_task_mapping to None, run_after=None
[2024-10-24T04:14:32.169+0000] {processor.py:208} INFO - Processing /home/airflow/.local/lib/python3.12/site-packages/airflow/example_dags/example_dynamic_task_mapping.py took 0.079 seconds
[2024-10-24T04:15:02.554+0000] {processor.py:186} INFO - Started process (PID=99663) to work on /home/airflow/.local/lib/python3.12/site-packages/airflow/example_dags/example_dynamic_task_mapping.py
[2024-10-24T04:15:02.555+0000] {processor.py:914} INFO - Processing file /home/airflow/.local/lib/python3.12/site-packages/airflow/example_dags/example_dynamic_task_mapping.py for tasks to queue
[2024-10-24T04:15:02.557+0000] {logging_mixin.py:190} INFO - [2024-10-24T04:15:02.556+0000] {dagbag.py:588} INFO - Filling up the DagBag from /home/airflow/.local/lib/python3.12/site-packages/airflow/example_dags/example_dynamic_task_mapping.py
[2024-10-24T04:15:02.565+0000] {processor.py:925} INFO - DAG(s) 'example_dynamic_task_mapping' retrieved from /home/airflow/.local/lib/python3.12/site-packages/airflow/example_dags/example_dynamic_task_mapping.py
[2024-10-24T04:15:02.589+0000] {logging_mixin.py:190} INFO - [2024-10-24T04:15:02.589+0000] {dag.py:3239} INFO - Sync 1 DAGs
[2024-10-24T04:15:02.606+0000] {logging_mixin.py:190} INFO - [2024-10-24T04:15:02.606+0000] {dag.py:4180} INFO - Setting next_dagrun for example_dynamic_task_mapping to None, run_after=None
[2024-10-24T04:15:02.623+0000] {processor.py:208} INFO - Processing /home/airflow/.local/lib/python3.12/site-packages/airflow/example_dags/example_dynamic_task_mapping.py took 0.077 seconds
[2024-10-24T04:15:33.252+0000] {processor.py:186} INFO - Started process (PID=99730) to work on /home/airflow/.local/lib/python3.12/site-packages/airflow/example_dags/example_dynamic_task_mapping.py
[2024-10-24T04:15:33.253+0000] {processor.py:914} INFO - Processing file /home/airflow/.local/lib/python3.12/site-packages/airflow/example_dags/example_dynamic_task_mapping.py for tasks to queue
[2024-10-24T04:15:33.254+0000] {logging_mixin.py:190} INFO - [2024-10-24T04:15:33.254+0000] {dagbag.py:588} INFO - Filling up the DagBag from /home/airflow/.local/lib/python3.12/site-packages/airflow/example_dags/example_dynamic_task_mapping.py
[2024-10-24T04:15:33.262+0000] {processor.py:925} INFO - DAG(s) 'example_dynamic_task_mapping' retrieved from /home/airflow/.local/lib/python3.12/site-packages/airflow/example_dags/example_dynamic_task_mapping.py
[2024-10-24T04:15:33.290+0000] {logging_mixin.py:190} INFO - [2024-10-24T04:15:33.290+0000] {dag.py:3239} INFO - Sync 1 DAGs
[2024-10-24T04:15:33.307+0000] {logging_mixin.py:190} INFO - [2024-10-24T04:15:33.307+0000] {dag.py:4180} INFO - Setting next_dagrun for example_dynamic_task_mapping to None, run_after=None
[2024-10-24T04:15:33.325+0000] {processor.py:208} INFO - Processing /home/airflow/.local/lib/python3.12/site-packages/airflow/example_dags/example_dynamic_task_mapping.py took 0.081 seconds
[2024-10-24T06:56:05.400+0000] {processor.py:186} INFO - Started process (PID=99798) to work on /home/airflow/.local/lib/python3.12/site-packages/airflow/example_dags/example_dynamic_task_mapping.py
[2024-10-24T06:56:05.401+0000] {processor.py:914} INFO - Processing file /home/airflow/.local/lib/python3.12/site-packages/airflow/example_dags/example_dynamic_task_mapping.py for tasks to queue
[2024-10-24T06:56:05.403+0000] {logging_mixin.py:190} INFO - [2024-10-24T06:56:05.402+0000] {dagbag.py:588} INFO - Filling up the DagBag from /home/airflow/.local/lib/python3.12/site-packages/airflow/example_dags/example_dynamic_task_mapping.py
[2024-10-24T06:56:05.413+0000] {processor.py:925} INFO - DAG(s) 'example_dynamic_task_mapping' retrieved from /home/airflow/.local/lib/python3.12/site-packages/airflow/example_dags/example_dynamic_task_mapping.py
[2024-10-24T06:56:05.439+0000] {logging_mixin.py:190} INFO - [2024-10-24T06:56:05.439+0000] {dag.py:3239} INFO - Sync 1 DAGs
[2024-10-24T06:56:05.462+0000] {logging_mixin.py:190} INFO - [2024-10-24T06:56:05.462+0000] {dag.py:4180} INFO - Setting next_dagrun for example_dynamic_task_mapping to None, run_after=None
[2024-10-24T06:56:05.489+0000] {processor.py:208} INFO - Processing /home/airflow/.local/lib/python3.12/site-packages/airflow/example_dags/example_dynamic_task_mapping.py took 0.099 seconds
[2024-10-24T06:56:36.381+0000] {processor.py:186} INFO - Started process (PID=99865) to work on /home/airflow/.local/lib/python3.12/site-packages/airflow/example_dags/example_dynamic_task_mapping.py
[2024-10-24T06:56:36.382+0000] {processor.py:914} INFO - Processing file /home/airflow/.local/lib/python3.12/site-packages/airflow/example_dags/example_dynamic_task_mapping.py for tasks to queue
[2024-10-24T06:56:36.384+0000] {logging_mixin.py:190} INFO - [2024-10-24T06:56:36.383+0000] {dagbag.py:588} INFO - Filling up the DagBag from /home/airflow/.local/lib/python3.12/site-packages/airflow/example_dags/example_dynamic_task_mapping.py
[2024-10-24T06:56:36.391+0000] {processor.py:925} INFO - DAG(s) 'example_dynamic_task_mapping' retrieved from /home/airflow/.local/lib/python3.12/site-packages/airflow/example_dags/example_dynamic_task_mapping.py
[2024-10-24T06:56:36.420+0000] {logging_mixin.py:190} INFO - [2024-10-24T06:56:36.420+0000] {dag.py:3239} INFO - Sync 1 DAGs
[2024-10-24T06:56:36.438+0000] {logging_mixin.py:190} INFO - [2024-10-24T06:56:36.438+0000] {dag.py:4180} INFO - Setting next_dagrun for example_dynamic_task_mapping to None, run_after=None
[2024-10-24T06:56:36.458+0000] {processor.py:208} INFO - Processing /home/airflow/.local/lib/python3.12/site-packages/airflow/example_dags/example_dynamic_task_mapping.py took 0.093 seconds
[2024-10-24T06:57:07.216+0000] {processor.py:186} INFO - Started process (PID=99932) to work on /home/airflow/.local/lib/python3.12/site-packages/airflow/example_dags/example_dynamic_task_mapping.py
[2024-10-24T06:57:07.217+0000] {processor.py:914} INFO - Processing file /home/airflow/.local/lib/python3.12/site-packages/airflow/example_dags/example_dynamic_task_mapping.py for tasks to queue
[2024-10-24T06:57:07.219+0000] {logging_mixin.py:190} INFO - [2024-10-24T06:57:07.219+0000] {dagbag.py:588} INFO - Filling up the DagBag from /home/airflow/.local/lib/python3.12/site-packages/airflow/example_dags/example_dynamic_task_mapping.py
[2024-10-24T06:57:07.228+0000] {processor.py:925} INFO - DAG(s) 'example_dynamic_task_mapping' retrieved from /home/airflow/.local/lib/python3.12/site-packages/airflow/example_dags/example_dynamic_task_mapping.py
[2024-10-24T06:57:07.252+0000] {logging_mixin.py:190} INFO - [2024-10-24T06:57:07.251+0000] {dag.py:3239} INFO - Sync 1 DAGs
[2024-10-24T06:57:07.270+0000] {logging_mixin.py:190} INFO - [2024-10-24T06:57:07.270+0000] {dag.py:4180} INFO - Setting next_dagrun for example_dynamic_task_mapping to None, run_after=None
[2024-10-24T06:57:07.293+0000] {processor.py:208} INFO - Processing /home/airflow/.local/lib/python3.12/site-packages/airflow/example_dags/example_dynamic_task_mapping.py took 0.086 seconds
[2024-10-24T06:57:37.386+0000] {processor.py:186} INFO - Started process (PID=99999) to work on /home/airflow/.local/lib/python3.12/site-packages/airflow/example_dags/example_dynamic_task_mapping.py
[2024-10-24T06:57:37.388+0000] {processor.py:914} INFO - Processing file /home/airflow/.local/lib/python3.12/site-packages/airflow/example_dags/example_dynamic_task_mapping.py for tasks to queue
[2024-10-24T06:57:37.389+0000] {logging_mixin.py:190} INFO - [2024-10-24T06:57:37.389+0000] {dagbag.py:588} INFO - Filling up the DagBag from /home/airflow/.local/lib/python3.12/site-packages/airflow/example_dags/example_dynamic_task_mapping.py
[2024-10-24T06:57:37.398+0000] {processor.py:925} INFO - DAG(s) 'example_dynamic_task_mapping' retrieved from /home/airflow/.local/lib/python3.12/site-packages/airflow/example_dags/example_dynamic_task_mapping.py
[2024-10-24T06:57:37.424+0000] {logging_mixin.py:190} INFO - [2024-10-24T06:57:37.423+0000] {dag.py:3239} INFO - Sync 1 DAGs
[2024-10-24T06:57:37.440+0000] {logging_mixin.py:190} INFO - [2024-10-24T06:57:37.440+0000] {dag.py:4180} INFO - Setting next_dagrun for example_dynamic_task_mapping to None, run_after=None
[2024-10-24T06:57:37.460+0000] {processor.py:208} INFO - Processing /home/airflow/.local/lib/python3.12/site-packages/airflow/example_dags/example_dynamic_task_mapping.py took 0.081 seconds
[2024-10-24T06:58:08.000+0000] {processor.py:186} INFO - Started process (PID=100065) to work on /home/airflow/.local/lib/python3.12/site-packages/airflow/example_dags/example_dynamic_task_mapping.py
[2024-10-24T06:58:08.001+0000] {processor.py:914} INFO - Processing file /home/airflow/.local/lib/python3.12/site-packages/airflow/example_dags/example_dynamic_task_mapping.py for tasks to queue
[2024-10-24T06:58:08.003+0000] {logging_mixin.py:190} INFO - [2024-10-24T06:58:08.003+0000] {dagbag.py:588} INFO - Filling up the DagBag from /home/airflow/.local/lib/python3.12/site-packages/airflow/example_dags/example_dynamic_task_mapping.py
[2024-10-24T06:58:08.011+0000] {processor.py:925} INFO - DAG(s) 'example_dynamic_task_mapping' retrieved from /home/airflow/.local/lib/python3.12/site-packages/airflow/example_dags/example_dynamic_task_mapping.py
[2024-10-24T06:58:08.036+0000] {logging_mixin.py:190} INFO - [2024-10-24T06:58:08.036+0000] {dag.py:3239} INFO - Sync 1 DAGs
[2024-10-24T06:58:08.053+0000] {logging_mixin.py:190} INFO - [2024-10-24T06:58:08.053+0000] {dag.py:4180} INFO - Setting next_dagrun for example_dynamic_task_mapping to None, run_after=None
[2024-10-24T06:58:08.072+0000] {processor.py:208} INFO - Processing /home/airflow/.local/lib/python3.12/site-packages/airflow/example_dags/example_dynamic_task_mapping.py took 0.081 seconds
[2024-10-24T06:58:38.573+0000] {processor.py:186} INFO - Started process (PID=100131) to work on /home/airflow/.local/lib/python3.12/site-packages/airflow/example_dags/example_dynamic_task_mapping.py
[2024-10-24T06:58:38.574+0000] {processor.py:914} INFO - Processing file /home/airflow/.local/lib/python3.12/site-packages/airflow/example_dags/example_dynamic_task_mapping.py for tasks to queue
[2024-10-24T06:58:38.575+0000] {logging_mixin.py:190} INFO - [2024-10-24T06:58:38.575+0000] {dagbag.py:588} INFO - Filling up the DagBag from /home/airflow/.local/lib/python3.12/site-packages/airflow/example_dags/example_dynamic_task_mapping.py
[2024-10-24T06:58:38.583+0000] {processor.py:925} INFO - DAG(s) 'example_dynamic_task_mapping' retrieved from /home/airflow/.local/lib/python3.12/site-packages/airflow/example_dags/example_dynamic_task_mapping.py
[2024-10-24T06:58:38.608+0000] {logging_mixin.py:190} INFO - [2024-10-24T06:58:38.608+0000] {dag.py:3239} INFO - Sync 1 DAGs
[2024-10-24T06:58:38.626+0000] {logging_mixin.py:190} INFO - [2024-10-24T06:58:38.625+0000] {dag.py:4180} INFO - Setting next_dagrun for example_dynamic_task_mapping to None, run_after=None
[2024-10-24T06:58:38.643+0000] {processor.py:208} INFO - Processing /home/airflow/.local/lib/python3.12/site-packages/airflow/example_dags/example_dynamic_task_mapping.py took 0.078 seconds
