[2024-10-24T04:09:20.516+0000] {processor.py:186} INFO - Started process (PID=98909) to work on /home/airflow/.local/lib/python3.12/site-packages/airflow/example_dags/example_short_circuit_operator.py
[2024-10-24T04:09:20.519+0000] {processor.py:914} INFO - Processing file /home/airflow/.local/lib/python3.12/site-packages/airflow/example_dags/example_short_circuit_operator.py for tasks to queue
[2024-10-24T04:09:20.527+0000] {logging_mixin.py:190} INFO - [2024-10-24T04:09:20.526+0000] {dagbag.py:588} INFO - Filling up the DagBag from /home/airflow/.local/lib/python3.12/site-packages/airflow/example_dags/example_short_circuit_operator.py
[2024-10-24T04:09:20.544+0000] {processor.py:925} INFO - DAG(s) 'example_short_circuit_operator' retrieved from /home/airflow/.local/lib/python3.12/site-packages/airflow/example_dags/example_short_circuit_operator.py
[2024-10-24T04:09:20.585+0000] {logging_mixin.py:190} INFO - [2024-10-24T04:09:20.584+0000] {dag.py:3239} INFO - Sync 1 DAGs
[2024-10-24T04:09:20.615+0000] {logging_mixin.py:190} INFO - [2024-10-24T04:09:20.613+0000] {dag.py:4180} INFO - Setting next_dagrun for example_short_circuit_operator to None, run_after=None
[2024-10-24T04:09:20.660+0000] {processor.py:208} INFO - Processing /home/airflow/.local/lib/python3.12/site-packages/airflow/example_dags/example_short_circuit_operator.py took 0.163 seconds
[2024-10-24T04:09:50.725+0000] {processor.py:186} INFO - Started process (PID=98976) to work on /home/airflow/.local/lib/python3.12/site-packages/airflow/example_dags/example_short_circuit_operator.py
[2024-10-24T04:09:50.726+0000] {processor.py:914} INFO - Processing file /home/airflow/.local/lib/python3.12/site-packages/airflow/example_dags/example_short_circuit_operator.py for tasks to queue
[2024-10-24T04:09:50.727+0000] {logging_mixin.py:190} INFO - [2024-10-24T04:09:50.727+0000] {dagbag.py:588} INFO - Filling up the DagBag from /home/airflow/.local/lib/python3.12/site-packages/airflow/example_dags/example_short_circuit_operator.py
[2024-10-24T04:09:50.735+0000] {processor.py:925} INFO - DAG(s) 'example_short_circuit_operator' retrieved from /home/airflow/.local/lib/python3.12/site-packages/airflow/example_dags/example_short_circuit_operator.py
[2024-10-24T04:09:50.764+0000] {logging_mixin.py:190} INFO - [2024-10-24T04:09:50.764+0000] {dag.py:3239} INFO - Sync 1 DAGs
[2024-10-24T04:09:50.780+0000] {logging_mixin.py:190} INFO - [2024-10-24T04:09:50.780+0000] {dag.py:4180} INFO - Setting next_dagrun for example_short_circuit_operator to None, run_after=None
[2024-10-24T04:09:50.798+0000] {processor.py:208} INFO - Processing /home/airflow/.local/lib/python3.12/site-packages/airflow/example_dags/example_short_circuit_operator.py took 0.081 seconds
[2024-10-24T04:10:21.550+0000] {processor.py:186} INFO - Started process (PID=99042) to work on /home/airflow/.local/lib/python3.12/site-packages/airflow/example_dags/example_short_circuit_operator.py
[2024-10-24T04:10:21.552+0000] {processor.py:914} INFO - Processing file /home/airflow/.local/lib/python3.12/site-packages/airflow/example_dags/example_short_circuit_operator.py for tasks to queue
[2024-10-24T04:10:21.553+0000] {logging_mixin.py:190} INFO - [2024-10-24T04:10:21.553+0000] {dagbag.py:588} INFO - Filling up the DagBag from /home/airflow/.local/lib/python3.12/site-packages/airflow/example_dags/example_short_circuit_operator.py
[2024-10-24T04:10:21.560+0000] {processor.py:925} INFO - DAG(s) 'example_short_circuit_operator' retrieved from /home/airflow/.local/lib/python3.12/site-packages/airflow/example_dags/example_short_circuit_operator.py
[2024-10-24T04:10:21.593+0000] {logging_mixin.py:190} INFO - [2024-10-24T04:10:21.592+0000] {dag.py:3239} INFO - Sync 1 DAGs
[2024-10-24T04:10:21.608+0000] {logging_mixin.py:190} INFO - [2024-10-24T04:10:21.608+0000] {dag.py:4180} INFO - Setting next_dagrun for example_short_circuit_operator to None, run_after=None
[2024-10-24T04:10:21.627+0000] {processor.py:208} INFO - Processing /home/airflow/.local/lib/python3.12/site-packages/airflow/example_dags/example_short_circuit_operator.py took 0.085 seconds
[2024-10-24T04:10:52.368+0000] {processor.py:186} INFO - Started process (PID=99108) to work on /home/airflow/.local/lib/python3.12/site-packages/airflow/example_dags/example_short_circuit_operator.py
[2024-10-24T04:10:52.369+0000] {processor.py:914} INFO - Processing file /home/airflow/.local/lib/python3.12/site-packages/airflow/example_dags/example_short_circuit_operator.py for tasks to queue
[2024-10-24T04:10:52.371+0000] {logging_mixin.py:190} INFO - [2024-10-24T04:10:52.370+0000] {dagbag.py:588} INFO - Filling up the DagBag from /home/airflow/.local/lib/python3.12/site-packages/airflow/example_dags/example_short_circuit_operator.py
[2024-10-24T04:10:52.378+0000] {processor.py:925} INFO - DAG(s) 'example_short_circuit_operator' retrieved from /home/airflow/.local/lib/python3.12/site-packages/airflow/example_dags/example_short_circuit_operator.py
[2024-10-24T04:10:52.409+0000] {logging_mixin.py:190} INFO - [2024-10-24T04:10:52.408+0000] {dag.py:3239} INFO - Sync 1 DAGs
[2024-10-24T04:10:52.425+0000] {logging_mixin.py:190} INFO - [2024-10-24T04:10:52.424+0000] {dag.py:4180} INFO - Setting next_dagrun for example_short_circuit_operator to None, run_after=None
[2024-10-24T04:10:52.444+0000] {processor.py:208} INFO - Processing /home/airflow/.local/lib/python3.12/site-packages/airflow/example_dags/example_short_circuit_operator.py took 0.084 seconds
[2024-10-24T04:11:23.215+0000] {processor.py:186} INFO - Started process (PID=99175) to work on /home/airflow/.local/lib/python3.12/site-packages/airflow/example_dags/example_short_circuit_operator.py
[2024-10-24T04:11:23.217+0000] {processor.py:914} INFO - Processing file /home/airflow/.local/lib/python3.12/site-packages/airflow/example_dags/example_short_circuit_operator.py for tasks to queue
[2024-10-24T04:11:23.218+0000] {logging_mixin.py:190} INFO - [2024-10-24T04:11:23.218+0000] {dagbag.py:588} INFO - Filling up the DagBag from /home/airflow/.local/lib/python3.12/site-packages/airflow/example_dags/example_short_circuit_operator.py
[2024-10-24T04:11:23.226+0000] {processor.py:925} INFO - DAG(s) 'example_short_circuit_operator' retrieved from /home/airflow/.local/lib/python3.12/site-packages/airflow/example_dags/example_short_circuit_operator.py
[2024-10-24T04:11:23.255+0000] {logging_mixin.py:190} INFO - [2024-10-24T04:11:23.255+0000] {dag.py:3239} INFO - Sync 1 DAGs
[2024-10-24T04:11:23.274+0000] {logging_mixin.py:190} INFO - [2024-10-24T04:11:23.274+0000] {dag.py:4180} INFO - Setting next_dagrun for example_short_circuit_operator to None, run_after=None
[2024-10-24T04:11:23.298+0000] {processor.py:208} INFO - Processing /home/airflow/.local/lib/python3.12/site-packages/airflow/example_dags/example_short_circuit_operator.py took 0.091 seconds
[2024-10-24T04:11:53.757+0000] {processor.py:186} INFO - Started process (PID=99242) to work on /home/airflow/.local/lib/python3.12/site-packages/airflow/example_dags/example_short_circuit_operator.py
[2024-10-24T04:11:53.758+0000] {processor.py:914} INFO - Processing file /home/airflow/.local/lib/python3.12/site-packages/airflow/example_dags/example_short_circuit_operator.py for tasks to queue
[2024-10-24T04:11:53.760+0000] {logging_mixin.py:190} INFO - [2024-10-24T04:11:53.759+0000] {dagbag.py:588} INFO - Filling up the DagBag from /home/airflow/.local/lib/python3.12/site-packages/airflow/example_dags/example_short_circuit_operator.py
[2024-10-24T04:11:53.767+0000] {processor.py:925} INFO - DAG(s) 'example_short_circuit_operator' retrieved from /home/airflow/.local/lib/python3.12/site-packages/airflow/example_dags/example_short_circuit_operator.py
[2024-10-24T04:11:53.795+0000] {logging_mixin.py:190} INFO - [2024-10-24T04:11:53.795+0000] {dag.py:3239} INFO - Sync 1 DAGs
[2024-10-24T04:11:53.813+0000] {logging_mixin.py:190} INFO - [2024-10-24T04:11:53.813+0000] {dag.py:4180} INFO - Setting next_dagrun for example_short_circuit_operator to None, run_after=None
[2024-10-24T04:11:53.831+0000] {processor.py:208} INFO - Processing /home/airflow/.local/lib/python3.12/site-packages/airflow/example_dags/example_short_circuit_operator.py took 0.082 seconds
[2024-10-24T04:12:24.474+0000] {processor.py:186} INFO - Started process (PID=99309) to work on /home/airflow/.local/lib/python3.12/site-packages/airflow/example_dags/example_short_circuit_operator.py
[2024-10-24T04:12:24.476+0000] {processor.py:914} INFO - Processing file /home/airflow/.local/lib/python3.12/site-packages/airflow/example_dags/example_short_circuit_operator.py for tasks to queue
[2024-10-24T04:12:24.477+0000] {logging_mixin.py:190} INFO - [2024-10-24T04:12:24.477+0000] {dagbag.py:588} INFO - Filling up the DagBag from /home/airflow/.local/lib/python3.12/site-packages/airflow/example_dags/example_short_circuit_operator.py
[2024-10-24T04:12:24.486+0000] {processor.py:925} INFO - DAG(s) 'example_short_circuit_operator' retrieved from /home/airflow/.local/lib/python3.12/site-packages/airflow/example_dags/example_short_circuit_operator.py
[2024-10-24T04:12:24.517+0000] {logging_mixin.py:190} INFO - [2024-10-24T04:12:24.516+0000] {dag.py:3239} INFO - Sync 1 DAGs
[2024-10-24T04:12:24.539+0000] {logging_mixin.py:190} INFO - [2024-10-24T04:12:24.539+0000] {dag.py:4180} INFO - Setting next_dagrun for example_short_circuit_operator to None, run_after=None
[2024-10-24T04:12:24.557+0000] {processor.py:208} INFO - Processing /home/airflow/.local/lib/python3.12/site-packages/airflow/example_dags/example_short_circuit_operator.py took 0.091 seconds
[2024-10-24T04:12:55.683+0000] {processor.py:186} INFO - Started process (PID=99375) to work on /home/airflow/.local/lib/python3.12/site-packages/airflow/example_dags/example_short_circuit_operator.py
[2024-10-24T04:12:55.685+0000] {processor.py:914} INFO - Processing file /home/airflow/.local/lib/python3.12/site-packages/airflow/example_dags/example_short_circuit_operator.py for tasks to queue
[2024-10-24T04:12:55.686+0000] {logging_mixin.py:190} INFO - [2024-10-24T04:12:55.686+0000] {dagbag.py:588} INFO - Filling up the DagBag from /home/airflow/.local/lib/python3.12/site-packages/airflow/example_dags/example_short_circuit_operator.py
[2024-10-24T04:12:55.694+0000] {processor.py:925} INFO - DAG(s) 'example_short_circuit_operator' retrieved from /home/airflow/.local/lib/python3.12/site-packages/airflow/example_dags/example_short_circuit_operator.py
[2024-10-24T04:12:55.729+0000] {logging_mixin.py:190} INFO - [2024-10-24T04:12:55.728+0000] {dag.py:3239} INFO - Sync 1 DAGs
[2024-10-24T04:12:55.746+0000] {logging_mixin.py:190} INFO - [2024-10-24T04:12:55.746+0000] {dag.py:4180} INFO - Setting next_dagrun for example_short_circuit_operator to None, run_after=None
[2024-10-24T04:12:55.767+0000] {processor.py:208} INFO - Processing /home/airflow/.local/lib/python3.12/site-packages/airflow/example_dags/example_short_circuit_operator.py took 0.095 seconds
[2024-10-24T04:13:25.969+0000] {processor.py:186} INFO - Started process (PID=99442) to work on /home/airflow/.local/lib/python3.12/site-packages/airflow/example_dags/example_short_circuit_operator.py
[2024-10-24T04:13:25.971+0000] {processor.py:914} INFO - Processing file /home/airflow/.local/lib/python3.12/site-packages/airflow/example_dags/example_short_circuit_operator.py for tasks to queue
[2024-10-24T04:13:25.973+0000] {logging_mixin.py:190} INFO - [2024-10-24T04:13:25.972+0000] {dagbag.py:588} INFO - Filling up the DagBag from /home/airflow/.local/lib/python3.12/site-packages/airflow/example_dags/example_short_circuit_operator.py
[2024-10-24T04:13:25.981+0000] {processor.py:925} INFO - DAG(s) 'example_short_circuit_operator' retrieved from /home/airflow/.local/lib/python3.12/site-packages/airflow/example_dags/example_short_circuit_operator.py
[2024-10-24T04:13:26.009+0000] {logging_mixin.py:190} INFO - [2024-10-24T04:13:26.009+0000] {dag.py:3239} INFO - Sync 1 DAGs
[2024-10-24T04:13:26.025+0000] {logging_mixin.py:190} INFO - [2024-10-24T04:13:26.025+0000] {dag.py:4180} INFO - Setting next_dagrun for example_short_circuit_operator to None, run_after=None
[2024-10-24T04:13:26.044+0000] {processor.py:208} INFO - Processing /home/airflow/.local/lib/python3.12/site-packages/airflow/example_dags/example_short_circuit_operator.py took 0.084 seconds
[2024-10-24T04:13:56.812+0000] {processor.py:186} INFO - Started process (PID=99509) to work on /home/airflow/.local/lib/python3.12/site-packages/airflow/example_dags/example_short_circuit_operator.py
[2024-10-24T04:13:56.814+0000] {processor.py:914} INFO - Processing file /home/airflow/.local/lib/python3.12/site-packages/airflow/example_dags/example_short_circuit_operator.py for tasks to queue
[2024-10-24T04:13:56.815+0000] {logging_mixin.py:190} INFO - [2024-10-24T04:13:56.815+0000] {dagbag.py:588} INFO - Filling up the DagBag from /home/airflow/.local/lib/python3.12/site-packages/airflow/example_dags/example_short_circuit_operator.py
[2024-10-24T04:13:56.822+0000] {processor.py:925} INFO - DAG(s) 'example_short_circuit_operator' retrieved from /home/airflow/.local/lib/python3.12/site-packages/airflow/example_dags/example_short_circuit_operator.py
[2024-10-24T04:13:56.853+0000] {logging_mixin.py:190} INFO - [2024-10-24T04:13:56.853+0000] {dag.py:3239} INFO - Sync 1 DAGs
[2024-10-24T04:13:56.870+0000] {logging_mixin.py:190} INFO - [2024-10-24T04:13:56.869+0000] {dag.py:4180} INFO - Setting next_dagrun for example_short_circuit_operator to None, run_after=None
[2024-10-24T04:13:56.888+0000] {processor.py:208} INFO - Processing /home/airflow/.local/lib/python3.12/site-packages/airflow/example_dags/example_short_circuit_operator.py took 0.084 seconds
[2024-10-24T04:14:27.516+0000] {processor.py:186} INFO - Started process (PID=99576) to work on /home/airflow/.local/lib/python3.12/site-packages/airflow/example_dags/example_short_circuit_operator.py
[2024-10-24T04:14:27.517+0000] {processor.py:914} INFO - Processing file /home/airflow/.local/lib/python3.12/site-packages/airflow/example_dags/example_short_circuit_operator.py for tasks to queue
[2024-10-24T04:14:27.519+0000] {logging_mixin.py:190} INFO - [2024-10-24T04:14:27.518+0000] {dagbag.py:588} INFO - Filling up the DagBag from /home/airflow/.local/lib/python3.12/site-packages/airflow/example_dags/example_short_circuit_operator.py
[2024-10-24T04:14:27.529+0000] {processor.py:925} INFO - DAG(s) 'example_short_circuit_operator' retrieved from /home/airflow/.local/lib/python3.12/site-packages/airflow/example_dags/example_short_circuit_operator.py
[2024-10-24T04:14:27.561+0000] {logging_mixin.py:190} INFO - [2024-10-24T04:14:27.561+0000] {dag.py:3239} INFO - Sync 1 DAGs
[2024-10-24T04:14:27.580+0000] {logging_mixin.py:190} INFO - [2024-10-24T04:14:27.580+0000] {dag.py:4180} INFO - Setting next_dagrun for example_short_circuit_operator to None, run_after=None
[2024-10-24T04:14:27.601+0000] {processor.py:208} INFO - Processing /home/airflow/.local/lib/python3.12/site-packages/airflow/example_dags/example_short_circuit_operator.py took 0.094 seconds
[2024-10-24T04:14:58.006+0000] {processor.py:186} INFO - Started process (PID=99642) to work on /home/airflow/.local/lib/python3.12/site-packages/airflow/example_dags/example_short_circuit_operator.py
[2024-10-24T04:14:58.008+0000] {processor.py:914} INFO - Processing file /home/airflow/.local/lib/python3.12/site-packages/airflow/example_dags/example_short_circuit_operator.py for tasks to queue
[2024-10-24T04:14:58.009+0000] {logging_mixin.py:190} INFO - [2024-10-24T04:14:58.009+0000] {dagbag.py:588} INFO - Filling up the DagBag from /home/airflow/.local/lib/python3.12/site-packages/airflow/example_dags/example_short_circuit_operator.py
[2024-10-24T04:14:58.017+0000] {processor.py:925} INFO - DAG(s) 'example_short_circuit_operator' retrieved from /home/airflow/.local/lib/python3.12/site-packages/airflow/example_dags/example_short_circuit_operator.py
[2024-10-24T04:14:58.047+0000] {logging_mixin.py:190} INFO - [2024-10-24T04:14:58.047+0000] {dag.py:3239} INFO - Sync 1 DAGs
[2024-10-24T04:14:58.063+0000] {logging_mixin.py:190} INFO - [2024-10-24T04:14:58.063+0000] {dag.py:4180} INFO - Setting next_dagrun for example_short_circuit_operator to None, run_after=None
[2024-10-24T04:14:58.081+0000] {processor.py:208} INFO - Processing /home/airflow/.local/lib/python3.12/site-packages/airflow/example_dags/example_short_circuit_operator.py took 0.083 seconds
[2024-10-24T04:15:28.581+0000] {processor.py:186} INFO - Started process (PID=99709) to work on /home/airflow/.local/lib/python3.12/site-packages/airflow/example_dags/example_short_circuit_operator.py
[2024-10-24T04:15:28.582+0000] {processor.py:914} INFO - Processing file /home/airflow/.local/lib/python3.12/site-packages/airflow/example_dags/example_short_circuit_operator.py for tasks to queue
[2024-10-24T04:15:28.584+0000] {logging_mixin.py:190} INFO - [2024-10-24T04:15:28.583+0000] {dagbag.py:588} INFO - Filling up the DagBag from /home/airflow/.local/lib/python3.12/site-packages/airflow/example_dags/example_short_circuit_operator.py
[2024-10-24T04:15:28.592+0000] {processor.py:925} INFO - DAG(s) 'example_short_circuit_operator' retrieved from /home/airflow/.local/lib/python3.12/site-packages/airflow/example_dags/example_short_circuit_operator.py
[2024-10-24T04:15:28.621+0000] {logging_mixin.py:190} INFO - [2024-10-24T04:15:28.620+0000] {dag.py:3239} INFO - Sync 1 DAGs
[2024-10-24T04:15:28.638+0000] {logging_mixin.py:190} INFO - [2024-10-24T04:15:28.638+0000] {dag.py:4180} INFO - Setting next_dagrun for example_short_circuit_operator to None, run_after=None
[2024-10-24T04:15:28.657+0000] {processor.py:208} INFO - Processing /home/airflow/.local/lib/python3.12/site-packages/airflow/example_dags/example_short_circuit_operator.py took 0.083 seconds
[2024-10-24T06:56:03.293+0000] {processor.py:186} INFO - Started process (PID=99776) to work on /home/airflow/.local/lib/python3.12/site-packages/airflow/example_dags/example_short_circuit_operator.py
[2024-10-24T06:56:03.295+0000] {processor.py:914} INFO - Processing file /home/airflow/.local/lib/python3.12/site-packages/airflow/example_dags/example_short_circuit_operator.py for tasks to queue
[2024-10-24T06:56:03.297+0000] {logging_mixin.py:190} INFO - [2024-10-24T06:56:03.296+0000] {dagbag.py:588} INFO - Filling up the DagBag from /home/airflow/.local/lib/python3.12/site-packages/airflow/example_dags/example_short_circuit_operator.py
[2024-10-24T06:56:03.304+0000] {processor.py:925} INFO - DAG(s) 'example_short_circuit_operator' retrieved from /home/airflow/.local/lib/python3.12/site-packages/airflow/example_dags/example_short_circuit_operator.py
[2024-10-24T06:56:03.338+0000] {logging_mixin.py:190} INFO - [2024-10-24T06:56:03.338+0000] {dag.py:3239} INFO - Sync 1 DAGs
[2024-10-24T06:56:03.358+0000] {logging_mixin.py:190} INFO - [2024-10-24T06:56:03.358+0000] {dag.py:4180} INFO - Setting next_dagrun for example_short_circuit_operator to None, run_after=None
[2024-10-24T06:56:03.377+0000] {processor.py:208} INFO - Processing /home/airflow/.local/lib/python3.12/site-packages/airflow/example_dags/example_short_circuit_operator.py took 0.092 seconds
[2024-10-24T06:56:34.266+0000] {processor.py:186} INFO - Started process (PID=99843) to work on /home/airflow/.local/lib/python3.12/site-packages/airflow/example_dags/example_short_circuit_operator.py
[2024-10-24T06:56:34.267+0000] {processor.py:914} INFO - Processing file /home/airflow/.local/lib/python3.12/site-packages/airflow/example_dags/example_short_circuit_operator.py for tasks to queue
[2024-10-24T06:56:34.269+0000] {logging_mixin.py:190} INFO - [2024-10-24T06:56:34.268+0000] {dagbag.py:588} INFO - Filling up the DagBag from /home/airflow/.local/lib/python3.12/site-packages/airflow/example_dags/example_short_circuit_operator.py
[2024-10-24T06:56:34.279+0000] {processor.py:925} INFO - DAG(s) 'example_short_circuit_operator' retrieved from /home/airflow/.local/lib/python3.12/site-packages/airflow/example_dags/example_short_circuit_operator.py
[2024-10-24T06:56:34.309+0000] {logging_mixin.py:190} INFO - [2024-10-24T06:56:34.309+0000] {dag.py:3239} INFO - Sync 1 DAGs
[2024-10-24T06:56:34.328+0000] {logging_mixin.py:190} INFO - [2024-10-24T06:56:34.328+0000] {dag.py:4180} INFO - Setting next_dagrun for example_short_circuit_operator to None, run_after=None
[2024-10-24T06:56:34.350+0000] {processor.py:208} INFO - Processing /home/airflow/.local/lib/python3.12/site-packages/airflow/example_dags/example_short_circuit_operator.py took 0.094 seconds
[2024-10-24T06:57:05.219+0000] {processor.py:186} INFO - Started process (PID=99910) to work on /home/airflow/.local/lib/python3.12/site-packages/airflow/example_dags/example_short_circuit_operator.py
[2024-10-24T06:57:05.221+0000] {processor.py:914} INFO - Processing file /home/airflow/.local/lib/python3.12/site-packages/airflow/example_dags/example_short_circuit_operator.py for tasks to queue
[2024-10-24T06:57:05.222+0000] {logging_mixin.py:190} INFO - [2024-10-24T06:57:05.222+0000] {dagbag.py:588} INFO - Filling up the DagBag from /home/airflow/.local/lib/python3.12/site-packages/airflow/example_dags/example_short_circuit_operator.py
[2024-10-24T06:57:05.230+0000] {processor.py:925} INFO - DAG(s) 'example_short_circuit_operator' retrieved from /home/airflow/.local/lib/python3.12/site-packages/airflow/example_dags/example_short_circuit_operator.py
[2024-10-24T06:57:05.261+0000] {logging_mixin.py:190} INFO - [2024-10-24T06:57:05.261+0000] {dag.py:3239} INFO - Sync 1 DAGs
[2024-10-24T06:57:05.278+0000] {logging_mixin.py:190} INFO - [2024-10-24T06:57:05.278+0000] {dag.py:4180} INFO - Setting next_dagrun for example_short_circuit_operator to None, run_after=None
[2024-10-24T06:57:05.296+0000] {processor.py:208} INFO - Processing /home/airflow/.local/lib/python3.12/site-packages/airflow/example_dags/example_short_circuit_operator.py took 0.085 seconds
[2024-10-24T06:57:35.605+0000] {processor.py:186} INFO - Started process (PID=99977) to work on /home/airflow/.local/lib/python3.12/site-packages/airflow/example_dags/example_short_circuit_operator.py
[2024-10-24T06:57:35.607+0000] {processor.py:914} INFO - Processing file /home/airflow/.local/lib/python3.12/site-packages/airflow/example_dags/example_short_circuit_operator.py for tasks to queue
[2024-10-24T06:57:35.610+0000] {logging_mixin.py:190} INFO - [2024-10-24T06:57:35.609+0000] {dagbag.py:588} INFO - Filling up the DagBag from /home/airflow/.local/lib/python3.12/site-packages/airflow/example_dags/example_short_circuit_operator.py
[2024-10-24T06:57:35.619+0000] {processor.py:925} INFO - DAG(s) 'example_short_circuit_operator' retrieved from /home/airflow/.local/lib/python3.12/site-packages/airflow/example_dags/example_short_circuit_operator.py
[2024-10-24T06:57:35.650+0000] {logging_mixin.py:190} INFO - [2024-10-24T06:57:35.649+0000] {dag.py:3239} INFO - Sync 1 DAGs
[2024-10-24T06:57:35.668+0000] {logging_mixin.py:190} INFO - [2024-10-24T06:57:35.668+0000] {dag.py:4180} INFO - Setting next_dagrun for example_short_circuit_operator to None, run_after=None
[2024-10-24T06:57:35.695+0000] {processor.py:208} INFO - Processing /home/airflow/.local/lib/python3.12/site-packages/airflow/example_dags/example_short_circuit_operator.py took 0.101 seconds
[2024-10-24T06:58:06.234+0000] {processor.py:186} INFO - Started process (PID=100044) to work on /home/airflow/.local/lib/python3.12/site-packages/airflow/example_dags/example_short_circuit_operator.py
[2024-10-24T06:58:06.235+0000] {processor.py:914} INFO - Processing file /home/airflow/.local/lib/python3.12/site-packages/airflow/example_dags/example_short_circuit_operator.py for tasks to queue
[2024-10-24T06:58:06.236+0000] {logging_mixin.py:190} INFO - [2024-10-24T06:58:06.236+0000] {dagbag.py:588} INFO - Filling up the DagBag from /home/airflow/.local/lib/python3.12/site-packages/airflow/example_dags/example_short_circuit_operator.py
[2024-10-24T06:58:06.244+0000] {processor.py:925} INFO - DAG(s) 'example_short_circuit_operator' retrieved from /home/airflow/.local/lib/python3.12/site-packages/airflow/example_dags/example_short_circuit_operator.py
[2024-10-24T06:58:06.273+0000] {logging_mixin.py:190} INFO - [2024-10-24T06:58:06.273+0000] {dag.py:3239} INFO - Sync 1 DAGs
[2024-10-24T06:58:06.289+0000] {logging_mixin.py:190} INFO - [2024-10-24T06:58:06.289+0000] {dag.py:4180} INFO - Setting next_dagrun for example_short_circuit_operator to None, run_after=None
[2024-10-24T06:58:06.306+0000] {processor.py:208} INFO - Processing /home/airflow/.local/lib/python3.12/site-packages/airflow/example_dags/example_short_circuit_operator.py took 0.081 seconds
[2024-10-24T06:58:37.075+0000] {processor.py:186} INFO - Started process (PID=100110) to work on /home/airflow/.local/lib/python3.12/site-packages/airflow/example_dags/example_short_circuit_operator.py
[2024-10-24T06:58:37.076+0000] {processor.py:914} INFO - Processing file /home/airflow/.local/lib/python3.12/site-packages/airflow/example_dags/example_short_circuit_operator.py for tasks to queue
[2024-10-24T06:58:37.078+0000] {logging_mixin.py:190} INFO - [2024-10-24T06:58:37.077+0000] {dagbag.py:588} INFO - Filling up the DagBag from /home/airflow/.local/lib/python3.12/site-packages/airflow/example_dags/example_short_circuit_operator.py
[2024-10-24T06:58:37.086+0000] {processor.py:925} INFO - DAG(s) 'example_short_circuit_operator' retrieved from /home/airflow/.local/lib/python3.12/site-packages/airflow/example_dags/example_short_circuit_operator.py
[2024-10-24T06:58:37.128+0000] {logging_mixin.py:190} INFO - [2024-10-24T06:58:37.128+0000] {dag.py:3239} INFO - Sync 1 DAGs
[2024-10-24T06:58:37.146+0000] {logging_mixin.py:190} INFO - [2024-10-24T06:58:37.146+0000] {dag.py:4180} INFO - Setting next_dagrun for example_short_circuit_operator to None, run_after=None
[2024-10-24T06:58:37.167+0000] {processor.py:208} INFO - Processing /home/airflow/.local/lib/python3.12/site-packages/airflow/example_dags/example_short_circuit_operator.py took 0.101 seconds
[2024-10-24T06:59:09.463+0000] {processor.py:186} INFO - Started process (PID=100177) to work on /home/airflow/.local/lib/python3.12/site-packages/airflow/example_dags/example_short_circuit_operator.py
[2024-10-24T06:59:09.464+0000] {processor.py:914} INFO - Processing file /home/airflow/.local/lib/python3.12/site-packages/airflow/example_dags/example_short_circuit_operator.py for tasks to queue
[2024-10-24T06:59:09.466+0000] {logging_mixin.py:190} INFO - [2024-10-24T06:59:09.466+0000] {dagbag.py:588} INFO - Filling up the DagBag from /home/airflow/.local/lib/python3.12/site-packages/airflow/example_dags/example_short_circuit_operator.py
[2024-10-24T06:59:09.474+0000] {processor.py:925} INFO - DAG(s) 'example_short_circuit_operator' retrieved from /home/airflow/.local/lib/python3.12/site-packages/airflow/example_dags/example_short_circuit_operator.py
[2024-10-24T06:59:09.508+0000] {logging_mixin.py:190} INFO - [2024-10-24T06:59:09.507+0000] {dag.py:3239} INFO - Sync 1 DAGs
