[2024-10-24T04:09:18.724+0000] {processor.py:186} INFO - Started process (PID=98891) to work on /home/airflow/.local/lib/python3.12/site-packages/airflow/example_dags/example_short_circuit_decorator.py
[2024-10-24T04:09:18.727+0000] {processor.py:914} INFO - Processing file /home/airflow/.local/lib/python3.12/site-packages/airflow/example_dags/example_short_circuit_decorator.py for tasks to queue
[2024-10-24T04:09:18.731+0000] {logging_mixin.py:190} INFO - [2024-10-24T04:09:18.731+0000] {dagbag.py:588} INFO - Filling up the DagBag from /home/airflow/.local/lib/python3.12/site-packages/airflow/example_dags/example_short_circuit_decorator.py
[2024-10-24T04:09:18.751+0000] {processor.py:925} INFO - DAG(s) 'example_short_circuit_decorator' retrieved from /home/airflow/.local/lib/python3.12/site-packages/airflow/example_dags/example_short_circuit_decorator.py
[2024-10-24T04:09:18.804+0000] {logging_mixin.py:190} INFO - [2024-10-24T04:09:18.804+0000] {dag.py:3239} INFO - Sync 1 DAGs
[2024-10-24T04:09:18.833+0000] {logging_mixin.py:190} INFO - [2024-10-24T04:09:18.832+0000] {dag.py:4180} INFO - Setting next_dagrun for example_short_circuit_decorator to None, run_after=None
[2024-10-24T04:09:18.859+0000] {processor.py:208} INFO - Processing /home/airflow/.local/lib/python3.12/site-packages/airflow/example_dags/example_short_circuit_decorator.py took 0.148 seconds
[2024-10-24T04:09:49.729+0000] {processor.py:186} INFO - Started process (PID=98957) to work on /home/airflow/.local/lib/python3.12/site-packages/airflow/example_dags/example_short_circuit_decorator.py
[2024-10-24T04:09:49.730+0000] {processor.py:914} INFO - Processing file /home/airflow/.local/lib/python3.12/site-packages/airflow/example_dags/example_short_circuit_decorator.py for tasks to queue
[2024-10-24T04:09:49.732+0000] {logging_mixin.py:190} INFO - [2024-10-24T04:09:49.732+0000] {dagbag.py:588} INFO - Filling up the DagBag from /home/airflow/.local/lib/python3.12/site-packages/airflow/example_dags/example_short_circuit_decorator.py
[2024-10-24T04:09:49.743+0000] {processor.py:925} INFO - DAG(s) 'example_short_circuit_decorator' retrieved from /home/airflow/.local/lib/python3.12/site-packages/airflow/example_dags/example_short_circuit_decorator.py
[2024-10-24T04:09:49.770+0000] {logging_mixin.py:190} INFO - [2024-10-24T04:09:49.770+0000] {dag.py:3239} INFO - Sync 1 DAGs
[2024-10-24T04:09:49.786+0000] {logging_mixin.py:190} INFO - [2024-10-24T04:09:49.786+0000] {dag.py:4180} INFO - Setting next_dagrun for example_short_circuit_decorator to None, run_after=None
[2024-10-24T04:09:49.804+0000] {processor.py:208} INFO - Processing /home/airflow/.local/lib/python3.12/site-packages/airflow/example_dags/example_short_circuit_decorator.py took 0.083 seconds
[2024-10-24T04:10:20.430+0000] {processor.py:186} INFO - Started process (PID=99024) to work on /home/airflow/.local/lib/python3.12/site-packages/airflow/example_dags/example_short_circuit_decorator.py
[2024-10-24T04:10:20.431+0000] {processor.py:914} INFO - Processing file /home/airflow/.local/lib/python3.12/site-packages/airflow/example_dags/example_short_circuit_decorator.py for tasks to queue
[2024-10-24T04:10:20.433+0000] {logging_mixin.py:190} INFO - [2024-10-24T04:10:20.432+0000] {dagbag.py:588} INFO - Filling up the DagBag from /home/airflow/.local/lib/python3.12/site-packages/airflow/example_dags/example_short_circuit_decorator.py
[2024-10-24T04:10:20.443+0000] {processor.py:925} INFO - DAG(s) 'example_short_circuit_decorator' retrieved from /home/airflow/.local/lib/python3.12/site-packages/airflow/example_dags/example_short_circuit_decorator.py
[2024-10-24T04:10:20.471+0000] {logging_mixin.py:190} INFO - [2024-10-24T04:10:20.471+0000] {dag.py:3239} INFO - Sync 1 DAGs
[2024-10-24T04:10:20.488+0000] {logging_mixin.py:190} INFO - [2024-10-24T04:10:20.488+0000] {dag.py:4180} INFO - Setting next_dagrun for example_short_circuit_decorator to None, run_after=None
[2024-10-24T04:10:20.507+0000] {processor.py:208} INFO - Processing /home/airflow/.local/lib/python3.12/site-packages/airflow/example_dags/example_short_circuit_decorator.py took 0.085 seconds
[2024-10-24T04:10:51.154+0000] {processor.py:186} INFO - Started process (PID=99095) to work on /home/airflow/.local/lib/python3.12/site-packages/airflow/example_dags/example_short_circuit_decorator.py
[2024-10-24T04:10:51.155+0000] {processor.py:914} INFO - Processing file /home/airflow/.local/lib/python3.12/site-packages/airflow/example_dags/example_short_circuit_decorator.py for tasks to queue
[2024-10-24T04:10:51.156+0000] {logging_mixin.py:190} INFO - [2024-10-24T04:10:51.156+0000] {dagbag.py:588} INFO - Filling up the DagBag from /home/airflow/.local/lib/python3.12/site-packages/airflow/example_dags/example_short_circuit_decorator.py
[2024-10-24T04:10:51.166+0000] {processor.py:925} INFO - DAG(s) 'example_short_circuit_decorator' retrieved from /home/airflow/.local/lib/python3.12/site-packages/airflow/example_dags/example_short_circuit_decorator.py
[2024-10-24T04:10:51.193+0000] {logging_mixin.py:190} INFO - [2024-10-24T04:10:51.193+0000] {dag.py:3239} INFO - Sync 1 DAGs
[2024-10-24T04:10:51.209+0000] {logging_mixin.py:190} INFO - [2024-10-24T04:10:51.209+0000] {dag.py:4180} INFO - Setting next_dagrun for example_short_circuit_decorator to None, run_after=None
[2024-10-24T04:10:51.229+0000] {processor.py:208} INFO - Processing /home/airflow/.local/lib/python3.12/site-packages/airflow/example_dags/example_short_circuit_decorator.py took 0.082 seconds
[2024-10-24T04:11:21.983+0000] {processor.py:186} INFO - Started process (PID=99162) to work on /home/airflow/.local/lib/python3.12/site-packages/airflow/example_dags/example_short_circuit_decorator.py
[2024-10-24T04:11:21.984+0000] {processor.py:914} INFO - Processing file /home/airflow/.local/lib/python3.12/site-packages/airflow/example_dags/example_short_circuit_decorator.py for tasks to queue
[2024-10-24T04:11:21.985+0000] {logging_mixin.py:190} INFO - [2024-10-24T04:11:21.985+0000] {dagbag.py:588} INFO - Filling up the DagBag from /home/airflow/.local/lib/python3.12/site-packages/airflow/example_dags/example_short_circuit_decorator.py
[2024-10-24T04:11:21.998+0000] {processor.py:925} INFO - DAG(s) 'example_short_circuit_decorator' retrieved from /home/airflow/.local/lib/python3.12/site-packages/airflow/example_dags/example_short_circuit_decorator.py
[2024-10-24T04:11:22.031+0000] {logging_mixin.py:190} INFO - [2024-10-24T04:11:22.031+0000] {dag.py:3239} INFO - Sync 1 DAGs
[2024-10-24T04:11:22.051+0000] {logging_mixin.py:190} INFO - [2024-10-24T04:11:22.051+0000] {dag.py:4180} INFO - Setting next_dagrun for example_short_circuit_decorator to None, run_after=None
[2024-10-24T04:11:22.072+0000] {processor.py:208} INFO - Processing /home/airflow/.local/lib/python3.12/site-packages/airflow/example_dags/example_short_circuit_decorator.py took 0.098 seconds
[2024-10-24T04:11:52.709+0000] {processor.py:186} INFO - Started process (PID=99229) to work on /home/airflow/.local/lib/python3.12/site-packages/airflow/example_dags/example_short_circuit_decorator.py
[2024-10-24T04:11:52.710+0000] {processor.py:914} INFO - Processing file /home/airflow/.local/lib/python3.12/site-packages/airflow/example_dags/example_short_circuit_decorator.py for tasks to queue
[2024-10-24T04:11:52.712+0000] {logging_mixin.py:190} INFO - [2024-10-24T04:11:52.711+0000] {dagbag.py:588} INFO - Filling up the DagBag from /home/airflow/.local/lib/python3.12/site-packages/airflow/example_dags/example_short_circuit_decorator.py
[2024-10-24T04:11:52.722+0000] {processor.py:925} INFO - DAG(s) 'example_short_circuit_decorator' retrieved from /home/airflow/.local/lib/python3.12/site-packages/airflow/example_dags/example_short_circuit_decorator.py
[2024-10-24T04:11:52.752+0000] {logging_mixin.py:190} INFO - [2024-10-24T04:11:52.752+0000] {dag.py:3239} INFO - Sync 1 DAGs
[2024-10-24T04:11:52.770+0000] {logging_mixin.py:190} INFO - [2024-10-24T04:11:52.770+0000] {dag.py:4180} INFO - Setting next_dagrun for example_short_circuit_decorator to None, run_after=None
[2024-10-24T04:11:52.790+0000] {processor.py:208} INFO - Processing /home/airflow/.local/lib/python3.12/site-packages/airflow/example_dags/example_short_circuit_decorator.py took 0.089 seconds
[2024-10-24T04:12:23.103+0000] {processor.py:186} INFO - Started process (PID=99295) to work on /home/airflow/.local/lib/python3.12/site-packages/airflow/example_dags/example_short_circuit_decorator.py
[2024-10-24T04:12:23.104+0000] {processor.py:914} INFO - Processing file /home/airflow/.local/lib/python3.12/site-packages/airflow/example_dags/example_short_circuit_decorator.py for tasks to queue
[2024-10-24T04:12:23.106+0000] {logging_mixin.py:190} INFO - [2024-10-24T04:12:23.105+0000] {dagbag.py:588} INFO - Filling up the DagBag from /home/airflow/.local/lib/python3.12/site-packages/airflow/example_dags/example_short_circuit_decorator.py
[2024-10-24T04:12:23.119+0000] {processor.py:925} INFO - DAG(s) 'example_short_circuit_decorator' retrieved from /home/airflow/.local/lib/python3.12/site-packages/airflow/example_dags/example_short_circuit_decorator.py
[2024-10-24T04:12:23.149+0000] {logging_mixin.py:190} INFO - [2024-10-24T04:12:23.149+0000] {dag.py:3239} INFO - Sync 1 DAGs
[2024-10-24T04:12:23.168+0000] {logging_mixin.py:190} INFO - [2024-10-24T04:12:23.168+0000] {dag.py:4180} INFO - Setting next_dagrun for example_short_circuit_decorator to None, run_after=None
[2024-10-24T04:12:23.194+0000] {processor.py:208} INFO - Processing /home/airflow/.local/lib/python3.12/site-packages/airflow/example_dags/example_short_circuit_decorator.py took 0.099 seconds
[2024-10-24T04:12:54.323+0000] {processor.py:186} INFO - Started process (PID=99362) to work on /home/airflow/.local/lib/python3.12/site-packages/airflow/example_dags/example_short_circuit_decorator.py
[2024-10-24T04:12:54.325+0000] {processor.py:914} INFO - Processing file /home/airflow/.local/lib/python3.12/site-packages/airflow/example_dags/example_short_circuit_decorator.py for tasks to queue
[2024-10-24T04:12:54.327+0000] {logging_mixin.py:190} INFO - [2024-10-24T04:12:54.326+0000] {dagbag.py:588} INFO - Filling up the DagBag from /home/airflow/.local/lib/python3.12/site-packages/airflow/example_dags/example_short_circuit_decorator.py
[2024-10-24T04:12:54.339+0000] {processor.py:925} INFO - DAG(s) 'example_short_circuit_decorator' retrieved from /home/airflow/.local/lib/python3.12/site-packages/airflow/example_dags/example_short_circuit_decorator.py
[2024-10-24T04:12:54.383+0000] {logging_mixin.py:190} INFO - [2024-10-24T04:12:54.383+0000] {dag.py:3239} INFO - Sync 1 DAGs
[2024-10-24T04:12:54.403+0000] {logging_mixin.py:190} INFO - [2024-10-24T04:12:54.403+0000] {dag.py:4180} INFO - Setting next_dagrun for example_short_circuit_decorator to None, run_after=None
[2024-10-24T04:12:54.425+0000] {processor.py:208} INFO - Processing /home/airflow/.local/lib/python3.12/site-packages/airflow/example_dags/example_short_circuit_decorator.py took 0.112 seconds
[2024-10-24T04:13:24.736+0000] {processor.py:186} INFO - Started process (PID=99428) to work on /home/airflow/.local/lib/python3.12/site-packages/airflow/example_dags/example_short_circuit_decorator.py
[2024-10-24T04:13:24.736+0000] {processor.py:914} INFO - Processing file /home/airflow/.local/lib/python3.12/site-packages/airflow/example_dags/example_short_circuit_decorator.py for tasks to queue
[2024-10-24T04:13:24.738+0000] {logging_mixin.py:190} INFO - [2024-10-24T04:13:24.737+0000] {dagbag.py:588} INFO - Filling up the DagBag from /home/airflow/.local/lib/python3.12/site-packages/airflow/example_dags/example_short_circuit_decorator.py
[2024-10-24T04:13:24.749+0000] {processor.py:925} INFO - DAG(s) 'example_short_circuit_decorator' retrieved from /home/airflow/.local/lib/python3.12/site-packages/airflow/example_dags/example_short_circuit_decorator.py
[2024-10-24T04:13:24.777+0000] {logging_mixin.py:190} INFO - [2024-10-24T04:13:24.777+0000] {dag.py:3239} INFO - Sync 1 DAGs
[2024-10-24T04:13:24.795+0000] {logging_mixin.py:190} INFO - [2024-10-24T04:13:24.795+0000] {dag.py:4180} INFO - Setting next_dagrun for example_short_circuit_decorator to None, run_after=None
[2024-10-24T04:13:24.817+0000] {processor.py:208} INFO - Processing /home/airflow/.local/lib/python3.12/site-packages/airflow/example_dags/example_short_circuit_decorator.py took 0.089 seconds
[2024-10-24T04:13:55.761+0000] {processor.py:186} INFO - Started process (PID=99496) to work on /home/airflow/.local/lib/python3.12/site-packages/airflow/example_dags/example_short_circuit_decorator.py
[2024-10-24T04:13:55.762+0000] {processor.py:914} INFO - Processing file /home/airflow/.local/lib/python3.12/site-packages/airflow/example_dags/example_short_circuit_decorator.py for tasks to queue
[2024-10-24T04:13:55.763+0000] {logging_mixin.py:190} INFO - [2024-10-24T04:13:55.763+0000] {dagbag.py:588} INFO - Filling up the DagBag from /home/airflow/.local/lib/python3.12/site-packages/airflow/example_dags/example_short_circuit_decorator.py
[2024-10-24T04:13:55.775+0000] {processor.py:925} INFO - DAG(s) 'example_short_circuit_decorator' retrieved from /home/airflow/.local/lib/python3.12/site-packages/airflow/example_dags/example_short_circuit_decorator.py
[2024-10-24T04:13:55.802+0000] {logging_mixin.py:190} INFO - [2024-10-24T04:13:55.802+0000] {dag.py:3239} INFO - Sync 1 DAGs
[2024-10-24T04:13:55.822+0000] {logging_mixin.py:190} INFO - [2024-10-24T04:13:55.822+0000] {dag.py:4180} INFO - Setting next_dagrun for example_short_circuit_decorator to None, run_after=None
[2024-10-24T04:13:55.840+0000] {processor.py:208} INFO - Processing /home/airflow/.local/lib/python3.12/site-packages/airflow/example_dags/example_short_circuit_decorator.py took 0.088 seconds
[2024-10-24T04:14:26.477+0000] {processor.py:186} INFO - Started process (PID=99563) to work on /home/airflow/.local/lib/python3.12/site-packages/airflow/example_dags/example_short_circuit_decorator.py
[2024-10-24T04:14:26.478+0000] {processor.py:914} INFO - Processing file /home/airflow/.local/lib/python3.12/site-packages/airflow/example_dags/example_short_circuit_decorator.py for tasks to queue
[2024-10-24T04:14:26.480+0000] {logging_mixin.py:190} INFO - [2024-10-24T04:14:26.479+0000] {dagbag.py:588} INFO - Filling up the DagBag from /home/airflow/.local/lib/python3.12/site-packages/airflow/example_dags/example_short_circuit_decorator.py
[2024-10-24T04:14:26.490+0000] {processor.py:925} INFO - DAG(s) 'example_short_circuit_decorator' retrieved from /home/airflow/.local/lib/python3.12/site-packages/airflow/example_dags/example_short_circuit_decorator.py
[2024-10-24T04:14:26.522+0000] {logging_mixin.py:190} INFO - [2024-10-24T04:14:26.522+0000] {dag.py:3239} INFO - Sync 1 DAGs
[2024-10-24T04:14:26.539+0000] {logging_mixin.py:190} INFO - [2024-10-24T04:14:26.539+0000] {dag.py:4180} INFO - Setting next_dagrun for example_short_circuit_decorator to None, run_after=None
[2024-10-24T04:14:26.559+0000] {processor.py:208} INFO - Processing /home/airflow/.local/lib/python3.12/site-packages/airflow/example_dags/example_short_circuit_decorator.py took 0.089 seconds
[2024-10-24T04:14:57.003+0000] {processor.py:186} INFO - Started process (PID=99629) to work on /home/airflow/.local/lib/python3.12/site-packages/airflow/example_dags/example_short_circuit_decorator.py
[2024-10-24T04:14:57.004+0000] {processor.py:914} INFO - Processing file /home/airflow/.local/lib/python3.12/site-packages/airflow/example_dags/example_short_circuit_decorator.py for tasks to queue
[2024-10-24T04:14:57.006+0000] {logging_mixin.py:190} INFO - [2024-10-24T04:14:57.005+0000] {dagbag.py:588} INFO - Filling up the DagBag from /home/airflow/.local/lib/python3.12/site-packages/airflow/example_dags/example_short_circuit_decorator.py
[2024-10-24T04:14:57.016+0000] {processor.py:925} INFO - DAG(s) 'example_short_circuit_decorator' retrieved from /home/airflow/.local/lib/python3.12/site-packages/airflow/example_dags/example_short_circuit_decorator.py
[2024-10-24T04:14:57.047+0000] {logging_mixin.py:190} INFO - [2024-10-24T04:14:57.047+0000] {dag.py:3239} INFO - Sync 1 DAGs
[2024-10-24T04:14:57.064+0000] {logging_mixin.py:190} INFO - [2024-10-24T04:14:57.064+0000] {dag.py:4180} INFO - Setting next_dagrun for example_short_circuit_decorator to None, run_after=None
[2024-10-24T04:14:57.096+0000] {processor.py:208} INFO - Processing /home/airflow/.local/lib/python3.12/site-packages/airflow/example_dags/example_short_circuit_decorator.py took 0.100 seconds
[2024-10-24T04:15:27.216+0000] {processor.py:186} INFO - Started process (PID=99695) to work on /home/airflow/.local/lib/python3.12/site-packages/airflow/example_dags/example_short_circuit_decorator.py
[2024-10-24T04:15:27.217+0000] {processor.py:914} INFO - Processing file /home/airflow/.local/lib/python3.12/site-packages/airflow/example_dags/example_short_circuit_decorator.py for tasks to queue
[2024-10-24T04:15:27.219+0000] {logging_mixin.py:190} INFO - [2024-10-24T04:15:27.218+0000] {dagbag.py:588} INFO - Filling up the DagBag from /home/airflow/.local/lib/python3.12/site-packages/airflow/example_dags/example_short_circuit_decorator.py
[2024-10-24T04:15:27.232+0000] {processor.py:925} INFO - DAG(s) 'example_short_circuit_decorator' retrieved from /home/airflow/.local/lib/python3.12/site-packages/airflow/example_dags/example_short_circuit_decorator.py
[2024-10-24T04:15:27.267+0000] {logging_mixin.py:190} INFO - [2024-10-24T04:15:27.267+0000] {dag.py:3239} INFO - Sync 1 DAGs
[2024-10-24T04:15:27.289+0000] {logging_mixin.py:190} INFO - [2024-10-24T04:15:27.289+0000] {dag.py:4180} INFO - Setting next_dagrun for example_short_circuit_decorator to None, run_after=None
[2024-10-24T04:15:27.311+0000] {processor.py:208} INFO - Processing /home/airflow/.local/lib/python3.12/site-packages/airflow/example_dags/example_short_circuit_decorator.py took 0.105 seconds
[2024-10-24T06:56:02.216+0000] {processor.py:186} INFO - Started process (PID=99763) to work on /home/airflow/.local/lib/python3.12/site-packages/airflow/example_dags/example_short_circuit_decorator.py
[2024-10-24T06:56:02.218+0000] {processor.py:914} INFO - Processing file /home/airflow/.local/lib/python3.12/site-packages/airflow/example_dags/example_short_circuit_decorator.py for tasks to queue
[2024-10-24T06:56:02.220+0000] {logging_mixin.py:190} INFO - [2024-10-24T06:56:02.220+0000] {dagbag.py:588} INFO - Filling up the DagBag from /home/airflow/.local/lib/python3.12/site-packages/airflow/example_dags/example_short_circuit_decorator.py
[2024-10-24T06:56:02.238+0000] {processor.py:925} INFO - DAG(s) 'example_short_circuit_decorator' retrieved from /home/airflow/.local/lib/python3.12/site-packages/airflow/example_dags/example_short_circuit_decorator.py
[2024-10-24T06:56:02.276+0000] {logging_mixin.py:190} INFO - [2024-10-24T06:56:02.276+0000] {dag.py:3239} INFO - Sync 1 DAGs
[2024-10-24T06:56:02.299+0000] {logging_mixin.py:190} INFO - [2024-10-24T06:56:02.298+0000] {dag.py:4180} INFO - Setting next_dagrun for example_short_circuit_decorator to None, run_after=None
[2024-10-24T06:56:02.353+0000] {processor.py:208} INFO - Processing /home/airflow/.local/lib/python3.12/site-packages/airflow/example_dags/example_short_circuit_decorator.py took 0.146 seconds
[2024-10-24T06:56:33.341+0000] {processor.py:186} INFO - Started process (PID=99830) to work on /home/airflow/.local/lib/python3.12/site-packages/airflow/example_dags/example_short_circuit_decorator.py
[2024-10-24T06:56:33.342+0000] {processor.py:914} INFO - Processing file /home/airflow/.local/lib/python3.12/site-packages/airflow/example_dags/example_short_circuit_decorator.py for tasks to queue
[2024-10-24T06:56:33.344+0000] {logging_mixin.py:190} INFO - [2024-10-24T06:56:33.344+0000] {dagbag.py:588} INFO - Filling up the DagBag from /home/airflow/.local/lib/python3.12/site-packages/airflow/example_dags/example_short_circuit_decorator.py
[2024-10-24T06:56:33.356+0000] {processor.py:925} INFO - DAG(s) 'example_short_circuit_decorator' retrieved from /home/airflow/.local/lib/python3.12/site-packages/airflow/example_dags/example_short_circuit_decorator.py
[2024-10-24T06:56:33.386+0000] {logging_mixin.py:190} INFO - [2024-10-24T06:56:33.386+0000] {dag.py:3239} INFO - Sync 1 DAGs
[2024-10-24T06:56:33.405+0000] {logging_mixin.py:190} INFO - [2024-10-24T06:56:33.405+0000] {dag.py:4180} INFO - Setting next_dagrun for example_short_circuit_decorator to None, run_after=None
[2024-10-24T06:56:33.427+0000] {processor.py:208} INFO - Processing /home/airflow/.local/lib/python3.12/site-packages/airflow/example_dags/example_short_circuit_decorator.py took 0.096 seconds
[2024-10-24T06:57:04.212+0000] {processor.py:186} INFO - Started process (PID=99897) to work on /home/airflow/.local/lib/python3.12/site-packages/airflow/example_dags/example_short_circuit_decorator.py
[2024-10-24T06:57:04.213+0000] {processor.py:914} INFO - Processing file /home/airflow/.local/lib/python3.12/site-packages/airflow/example_dags/example_short_circuit_decorator.py for tasks to queue
[2024-10-24T06:57:04.215+0000] {logging_mixin.py:190} INFO - [2024-10-24T06:57:04.215+0000] {dagbag.py:588} INFO - Filling up the DagBag from /home/airflow/.local/lib/python3.12/site-packages/airflow/example_dags/example_short_circuit_decorator.py
[2024-10-24T06:57:04.227+0000] {processor.py:925} INFO - DAG(s) 'example_short_circuit_decorator' retrieved from /home/airflow/.local/lib/python3.12/site-packages/airflow/example_dags/example_short_circuit_decorator.py
[2024-10-24T06:57:04.262+0000] {logging_mixin.py:190} INFO - [2024-10-24T06:57:04.262+0000] {dag.py:3239} INFO - Sync 1 DAGs
[2024-10-24T06:57:04.289+0000] {logging_mixin.py:190} INFO - [2024-10-24T06:57:04.288+0000] {dag.py:4180} INFO - Setting next_dagrun for example_short_circuit_decorator to None, run_after=None
[2024-10-24T06:57:04.327+0000] {processor.py:208} INFO - Processing /home/airflow/.local/lib/python3.12/site-packages/airflow/example_dags/example_short_circuit_decorator.py took 0.128 seconds
[2024-10-24T06:57:34.748+0000] {processor.py:186} INFO - Started process (PID=99964) to work on /home/airflow/.local/lib/python3.12/site-packages/airflow/example_dags/example_short_circuit_decorator.py
[2024-10-24T06:57:34.750+0000] {processor.py:914} INFO - Processing file /home/airflow/.local/lib/python3.12/site-packages/airflow/example_dags/example_short_circuit_decorator.py for tasks to queue
[2024-10-24T06:57:34.752+0000] {logging_mixin.py:190} INFO - [2024-10-24T06:57:34.751+0000] {dagbag.py:588} INFO - Filling up the DagBag from /home/airflow/.local/lib/python3.12/site-packages/airflow/example_dags/example_short_circuit_decorator.py
[2024-10-24T06:57:34.762+0000] {processor.py:925} INFO - DAG(s) 'example_short_circuit_decorator' retrieved from /home/airflow/.local/lib/python3.12/site-packages/airflow/example_dags/example_short_circuit_decorator.py
[2024-10-24T06:57:34.794+0000] {logging_mixin.py:190} INFO - [2024-10-24T06:57:34.793+0000] {dag.py:3239} INFO - Sync 1 DAGs
[2024-10-24T06:57:34.811+0000] {logging_mixin.py:190} INFO - [2024-10-24T06:57:34.811+0000] {dag.py:4180} INFO - Setting next_dagrun for example_short_circuit_decorator to None, run_after=None
[2024-10-24T06:57:34.830+0000] {processor.py:208} INFO - Processing /home/airflow/.local/lib/python3.12/site-packages/airflow/example_dags/example_short_circuit_decorator.py took 0.089 seconds
[2024-10-24T06:58:05.219+0000] {processor.py:186} INFO - Started process (PID=100031) to work on /home/airflow/.local/lib/python3.12/site-packages/airflow/example_dags/example_short_circuit_decorator.py
[2024-10-24T06:58:05.221+0000] {processor.py:914} INFO - Processing file /home/airflow/.local/lib/python3.12/site-packages/airflow/example_dags/example_short_circuit_decorator.py for tasks to queue
[2024-10-24T06:58:05.223+0000] {logging_mixin.py:190} INFO - [2024-10-24T06:58:05.222+0000] {dagbag.py:588} INFO - Filling up the DagBag from /home/airflow/.local/lib/python3.12/site-packages/airflow/example_dags/example_short_circuit_decorator.py
[2024-10-24T06:58:05.233+0000] {processor.py:925} INFO - DAG(s) 'example_short_circuit_decorator' retrieved from /home/airflow/.local/lib/python3.12/site-packages/airflow/example_dags/example_short_circuit_decorator.py
[2024-10-24T06:58:05.265+0000] {logging_mixin.py:190} INFO - [2024-10-24T06:58:05.265+0000] {dag.py:3239} INFO - Sync 1 DAGs
[2024-10-24T06:58:05.283+0000] {logging_mixin.py:190} INFO - [2024-10-24T06:58:05.283+0000] {dag.py:4180} INFO - Setting next_dagrun for example_short_circuit_decorator to None, run_after=None
[2024-10-24T06:58:05.306+0000] {processor.py:208} INFO - Processing /home/airflow/.local/lib/python3.12/site-packages/airflow/example_dags/example_short_circuit_decorator.py took 0.094 seconds
[2024-10-24T06:58:35.971+0000] {processor.py:186} INFO - Started process (PID=100097) to work on /home/airflow/.local/lib/python3.12/site-packages/airflow/example_dags/example_short_circuit_decorator.py
[2024-10-24T06:58:35.973+0000] {processor.py:914} INFO - Processing file /home/airflow/.local/lib/python3.12/site-packages/airflow/example_dags/example_short_circuit_decorator.py for tasks to queue
[2024-10-24T06:58:35.976+0000] {logging_mixin.py:190} INFO - [2024-10-24T06:58:35.975+0000] {dagbag.py:588} INFO - Filling up the DagBag from /home/airflow/.local/lib/python3.12/site-packages/airflow/example_dags/example_short_circuit_decorator.py
[2024-10-24T06:58:36.001+0000] {processor.py:925} INFO - DAG(s) 'example_short_circuit_decorator' retrieved from /home/airflow/.local/lib/python3.12/site-packages/airflow/example_dags/example_short_circuit_decorator.py
[2024-10-24T06:58:36.045+0000] {logging_mixin.py:190} INFO - [2024-10-24T06:58:36.044+0000] {dag.py:3239} INFO - Sync 1 DAGs
[2024-10-24T06:58:36.073+0000] {logging_mixin.py:190} INFO - [2024-10-24T06:58:36.072+0000] {dag.py:4180} INFO - Setting next_dagrun for example_short_circuit_decorator to None, run_after=None
[2024-10-24T06:58:36.113+0000] {processor.py:208} INFO - Processing /home/airflow/.local/lib/python3.12/site-packages/airflow/example_dags/example_short_circuit_decorator.py took 0.154 seconds
[2024-10-24T06:59:06.798+0000] {processor.py:186} INFO - Started process (PID=100164) to work on /home/airflow/.local/lib/python3.12/site-packages/airflow/example_dags/example_short_circuit_decorator.py
[2024-10-24T06:59:06.800+0000] {processor.py:914} INFO - Processing file /home/airflow/.local/lib/python3.12/site-packages/airflow/example_dags/example_short_circuit_decorator.py for tasks to queue
[2024-10-24T06:59:06.801+0000] {logging_mixin.py:190} INFO - [2024-10-24T06:59:06.801+0000] {dagbag.py:588} INFO - Filling up the DagBag from /home/airflow/.local/lib/python3.12/site-packages/airflow/example_dags/example_short_circuit_decorator.py
[2024-10-24T06:59:06.813+0000] {processor.py:925} INFO - DAG(s) 'example_short_circuit_decorator' retrieved from /home/airflow/.local/lib/python3.12/site-packages/airflow/example_dags/example_short_circuit_decorator.py
[2024-10-24T06:59:06.846+0000] {logging_mixin.py:190} INFO - [2024-10-24T06:59:06.846+0000] {dag.py:3239} INFO - Sync 1 DAGs
[2024-10-24T06:59:07.061+0000] {logging_mixin.py:190} INFO - [2024-10-24T06:59:07.061+0000] {dag.py:4180} INFO - Setting next_dagrun for example_short_circuit_decorator to None, run_after=None
[2024-10-24T06:59:07.086+0000] {processor.py:208} INFO - Processing /home/airflow/.local/lib/python3.12/site-packages/airflow/example_dags/example_short_circuit_decorator.py took 0.297 seconds
