[2024-10-24T04:09:19.738+0000] {processor.py:186} INFO - Started process (PID=98898) to work on /home/airflow/.local/lib/python3.12/site-packages/airflow/example_dags/example_setup_teardown_taskflow.py
[2024-10-24T04:09:19.739+0000] {processor.py:914} INFO - Processing file /home/airflow/.local/lib/python3.12/site-packages/airflow/example_dags/example_setup_teardown_taskflow.py for tasks to queue
[2024-10-24T04:09:19.746+0000] {logging_mixin.py:190} INFO - [2024-10-24T04:09:19.745+0000] {dagbag.py:588} INFO - Filling up the DagBag from /home/airflow/.local/lib/python3.12/site-packages/airflow/example_dags/example_setup_teardown_taskflow.py
[2024-10-24T04:09:19.775+0000] {processor.py:925} INFO - DAG(s) 'example_setup_teardown_taskflow' retrieved from /home/airflow/.local/lib/python3.12/site-packages/airflow/example_dags/example_setup_teardown_taskflow.py
[2024-10-24T04:09:19.838+0000] {logging_mixin.py:190} INFO - [2024-10-24T04:09:19.838+0000] {dag.py:3239} INFO - Sync 1 DAGs
[2024-10-24T04:09:19.881+0000] {logging_mixin.py:190} INFO - [2024-10-24T04:09:19.880+0000] {dag.py:4180} INFO - Setting next_dagrun for example_setup_teardown_taskflow to None, run_after=None
[2024-10-24T04:09:19.921+0000] {processor.py:208} INFO - Processing /home/airflow/.local/lib/python3.12/site-packages/airflow/example_dags/example_setup_teardown_taskflow.py took 0.201 seconds
[2024-10-24T04:09:50.325+0000] {processor.py:186} INFO - Started process (PID=98964) to work on /home/airflow/.local/lib/python3.12/site-packages/airflow/example_dags/example_setup_teardown_taskflow.py
[2024-10-24T04:09:50.326+0000] {processor.py:914} INFO - Processing file /home/airflow/.local/lib/python3.12/site-packages/airflow/example_dags/example_setup_teardown_taskflow.py for tasks to queue
[2024-10-24T04:09:50.327+0000] {logging_mixin.py:190} INFO - [2024-10-24T04:09:50.327+0000] {dagbag.py:588} INFO - Filling up the DagBag from /home/airflow/.local/lib/python3.12/site-packages/airflow/example_dags/example_setup_teardown_taskflow.py
[2024-10-24T04:09:50.338+0000] {processor.py:925} INFO - DAG(s) 'example_setup_teardown_taskflow' retrieved from /home/airflow/.local/lib/python3.12/site-packages/airflow/example_dags/example_setup_teardown_taskflow.py
[2024-10-24T04:09:50.364+0000] {logging_mixin.py:190} INFO - [2024-10-24T04:09:50.363+0000] {dag.py:3239} INFO - Sync 1 DAGs
[2024-10-24T04:09:50.383+0000] {logging_mixin.py:190} INFO - [2024-10-24T04:09:50.382+0000] {dag.py:4180} INFO - Setting next_dagrun for example_setup_teardown_taskflow to None, run_after=None
[2024-10-24T04:09:50.403+0000] {processor.py:208} INFO - Processing /home/airflow/.local/lib/python3.12/site-packages/airflow/example_dags/example_setup_teardown_taskflow.py took 0.086 seconds
[2024-10-24T04:10:21.048+0000] {processor.py:186} INFO - Started process (PID=99036) to work on /home/airflow/.local/lib/python3.12/site-packages/airflow/example_dags/example_setup_teardown_taskflow.py
[2024-10-24T04:10:21.050+0000] {processor.py:914} INFO - Processing file /home/airflow/.local/lib/python3.12/site-packages/airflow/example_dags/example_setup_teardown_taskflow.py for tasks to queue
[2024-10-24T04:10:21.051+0000] {logging_mixin.py:190} INFO - [2024-10-24T04:10:21.051+0000] {dagbag.py:588} INFO - Filling up the DagBag from /home/airflow/.local/lib/python3.12/site-packages/airflow/example_dags/example_setup_teardown_taskflow.py
[2024-10-24T04:10:21.062+0000] {processor.py:925} INFO - DAG(s) 'example_setup_teardown_taskflow' retrieved from /home/airflow/.local/lib/python3.12/site-packages/airflow/example_dags/example_setup_teardown_taskflow.py
[2024-10-24T04:10:21.092+0000] {logging_mixin.py:190} INFO - [2024-10-24T04:10:21.092+0000] {dag.py:3239} INFO - Sync 1 DAGs
[2024-10-24T04:10:21.110+0000] {logging_mixin.py:190} INFO - [2024-10-24T04:10:21.109+0000] {dag.py:4180} INFO - Setting next_dagrun for example_setup_teardown_taskflow to None, run_after=None
[2024-10-24T04:10:21.132+0000] {processor.py:208} INFO - Processing /home/airflow/.local/lib/python3.12/site-packages/airflow/example_dags/example_setup_teardown_taskflow.py took 0.091 seconds
[2024-10-24T04:10:51.775+0000] {processor.py:186} INFO - Started process (PID=99102) to work on /home/airflow/.local/lib/python3.12/site-packages/airflow/example_dags/example_setup_teardown_taskflow.py
[2024-10-24T04:10:51.777+0000] {processor.py:914} INFO - Processing file /home/airflow/.local/lib/python3.12/site-packages/airflow/example_dags/example_setup_teardown_taskflow.py for tasks to queue
[2024-10-24T04:10:51.779+0000] {logging_mixin.py:190} INFO - [2024-10-24T04:10:51.778+0000] {dagbag.py:588} INFO - Filling up the DagBag from /home/airflow/.local/lib/python3.12/site-packages/airflow/example_dags/example_setup_teardown_taskflow.py
[2024-10-24T04:10:51.791+0000] {processor.py:925} INFO - DAG(s) 'example_setup_teardown_taskflow' retrieved from /home/airflow/.local/lib/python3.12/site-packages/airflow/example_dags/example_setup_teardown_taskflow.py
[2024-10-24T04:10:51.816+0000] {logging_mixin.py:190} INFO - [2024-10-24T04:10:51.815+0000] {dag.py:3239} INFO - Sync 1 DAGs
[2024-10-24T04:10:51.832+0000] {logging_mixin.py:190} INFO - [2024-10-24T04:10:51.832+0000] {dag.py:4180} INFO - Setting next_dagrun for example_setup_teardown_taskflow to None, run_after=None
[2024-10-24T04:10:51.850+0000] {processor.py:208} INFO - Processing /home/airflow/.local/lib/python3.12/site-packages/airflow/example_dags/example_setup_teardown_taskflow.py took 0.082 seconds
[2024-10-24T04:11:22.669+0000] {processor.py:186} INFO - Started process (PID=99169) to work on /home/airflow/.local/lib/python3.12/site-packages/airflow/example_dags/example_setup_teardown_taskflow.py
[2024-10-24T04:11:22.670+0000] {processor.py:914} INFO - Processing file /home/airflow/.local/lib/python3.12/site-packages/airflow/example_dags/example_setup_teardown_taskflow.py for tasks to queue
[2024-10-24T04:11:22.672+0000] {logging_mixin.py:190} INFO - [2024-10-24T04:11:22.671+0000] {dagbag.py:588} INFO - Filling up the DagBag from /home/airflow/.local/lib/python3.12/site-packages/airflow/example_dags/example_setup_teardown_taskflow.py
[2024-10-24T04:11:22.687+0000] {processor.py:925} INFO - DAG(s) 'example_setup_teardown_taskflow' retrieved from /home/airflow/.local/lib/python3.12/site-packages/airflow/example_dags/example_setup_teardown_taskflow.py
[2024-10-24T04:11:22.730+0000] {logging_mixin.py:190} INFO - [2024-10-24T04:11:22.730+0000] {dag.py:3239} INFO - Sync 1 DAGs
[2024-10-24T04:11:22.749+0000] {logging_mixin.py:190} INFO - [2024-10-24T04:11:22.749+0000] {dag.py:4180} INFO - Setting next_dagrun for example_setup_teardown_taskflow to None, run_after=None
[2024-10-24T04:11:22.774+0000] {processor.py:208} INFO - Processing /home/airflow/.local/lib/python3.12/site-packages/airflow/example_dags/example_setup_teardown_taskflow.py took 0.119 seconds
[2024-10-24T04:11:53.383+0000] {processor.py:186} INFO - Started process (PID=99236) to work on /home/airflow/.local/lib/python3.12/site-packages/airflow/example_dags/example_setup_teardown_taskflow.py
[2024-10-24T04:11:53.384+0000] {processor.py:914} INFO - Processing file /home/airflow/.local/lib/python3.12/site-packages/airflow/example_dags/example_setup_teardown_taskflow.py for tasks to queue
[2024-10-24T04:11:53.386+0000] {logging_mixin.py:190} INFO - [2024-10-24T04:11:53.385+0000] {dagbag.py:588} INFO - Filling up the DagBag from /home/airflow/.local/lib/python3.12/site-packages/airflow/example_dags/example_setup_teardown_taskflow.py
[2024-10-24T04:11:53.397+0000] {processor.py:925} INFO - DAG(s) 'example_setup_teardown_taskflow' retrieved from /home/airflow/.local/lib/python3.12/site-packages/airflow/example_dags/example_setup_teardown_taskflow.py
[2024-10-24T04:11:53.426+0000] {logging_mixin.py:190} INFO - [2024-10-24T04:11:53.426+0000] {dag.py:3239} INFO - Sync 1 DAGs
[2024-10-24T04:11:53.444+0000] {logging_mixin.py:190} INFO - [2024-10-24T04:11:53.444+0000] {dag.py:4180} INFO - Setting next_dagrun for example_setup_teardown_taskflow to None, run_after=None
[2024-10-24T04:11:53.463+0000] {processor.py:208} INFO - Processing /home/airflow/.local/lib/python3.12/site-packages/airflow/example_dags/example_setup_teardown_taskflow.py took 0.089 seconds
[2024-10-24T04:12:24.087+0000] {processor.py:186} INFO - Started process (PID=99303) to work on /home/airflow/.local/lib/python3.12/site-packages/airflow/example_dags/example_setup_teardown_taskflow.py
[2024-10-24T04:12:24.089+0000] {processor.py:914} INFO - Processing file /home/airflow/.local/lib/python3.12/site-packages/airflow/example_dags/example_setup_teardown_taskflow.py for tasks to queue
[2024-10-24T04:12:24.090+0000] {logging_mixin.py:190} INFO - [2024-10-24T04:12:24.090+0000] {dagbag.py:588} INFO - Filling up the DagBag from /home/airflow/.local/lib/python3.12/site-packages/airflow/example_dags/example_setup_teardown_taskflow.py
[2024-10-24T04:12:24.102+0000] {processor.py:925} INFO - DAG(s) 'example_setup_teardown_taskflow' retrieved from /home/airflow/.local/lib/python3.12/site-packages/airflow/example_dags/example_setup_teardown_taskflow.py
[2024-10-24T04:12:24.125+0000] {logging_mixin.py:190} INFO - [2024-10-24T04:12:24.125+0000] {dag.py:3239} INFO - Sync 1 DAGs
[2024-10-24T04:12:24.146+0000] {logging_mixin.py:190} INFO - [2024-10-24T04:12:24.146+0000] {dag.py:4180} INFO - Setting next_dagrun for example_setup_teardown_taskflow to None, run_after=None
[2024-10-24T04:12:24.166+0000] {processor.py:208} INFO - Processing /home/airflow/.local/lib/python3.12/site-packages/airflow/example_dags/example_setup_teardown_taskflow.py took 0.087 seconds
[2024-10-24T04:12:55.066+0000] {processor.py:186} INFO - Started process (PID=99369) to work on /home/airflow/.local/lib/python3.12/site-packages/airflow/example_dags/example_setup_teardown_taskflow.py
[2024-10-24T04:12:55.069+0000] {processor.py:914} INFO - Processing file /home/airflow/.local/lib/python3.12/site-packages/airflow/example_dags/example_setup_teardown_taskflow.py for tasks to queue
[2024-10-24T04:12:55.071+0000] {logging_mixin.py:190} INFO - [2024-10-24T04:12:55.070+0000] {dagbag.py:588} INFO - Filling up the DagBag from /home/airflow/.local/lib/python3.12/site-packages/airflow/example_dags/example_setup_teardown_taskflow.py
[2024-10-24T04:12:55.083+0000] {processor.py:925} INFO - DAG(s) 'example_setup_teardown_taskflow' retrieved from /home/airflow/.local/lib/python3.12/site-packages/airflow/example_dags/example_setup_teardown_taskflow.py
[2024-10-24T04:12:55.122+0000] {logging_mixin.py:190} INFO - [2024-10-24T04:12:55.121+0000] {dag.py:3239} INFO - Sync 1 DAGs
[2024-10-24T04:12:55.141+0000] {logging_mixin.py:190} INFO - [2024-10-24T04:12:55.141+0000] {dag.py:4180} INFO - Setting next_dagrun for example_setup_teardown_taskflow to None, run_after=None
[2024-10-24T04:12:55.181+0000] {processor.py:208} INFO - Processing /home/airflow/.local/lib/python3.12/site-packages/airflow/example_dags/example_setup_teardown_taskflow.py took 0.129 seconds
[2024-10-24T04:13:25.517+0000] {processor.py:186} INFO - Started process (PID=99436) to work on /home/airflow/.local/lib/python3.12/site-packages/airflow/example_dags/example_setup_teardown_taskflow.py
[2024-10-24T04:13:25.518+0000] {processor.py:914} INFO - Processing file /home/airflow/.local/lib/python3.12/site-packages/airflow/example_dags/example_setup_teardown_taskflow.py for tasks to queue
[2024-10-24T04:13:25.520+0000] {logging_mixin.py:190} INFO - [2024-10-24T04:13:25.519+0000] {dagbag.py:588} INFO - Filling up the DagBag from /home/airflow/.local/lib/python3.12/site-packages/airflow/example_dags/example_setup_teardown_taskflow.py
[2024-10-24T04:13:25.531+0000] {processor.py:925} INFO - DAG(s) 'example_setup_teardown_taskflow' retrieved from /home/airflow/.local/lib/python3.12/site-packages/airflow/example_dags/example_setup_teardown_taskflow.py
[2024-10-24T04:13:25.557+0000] {logging_mixin.py:190} INFO - [2024-10-24T04:13:25.557+0000] {dag.py:3239} INFO - Sync 1 DAGs
[2024-10-24T04:13:25.573+0000] {logging_mixin.py:190} INFO - [2024-10-24T04:13:25.573+0000] {dag.py:4180} INFO - Setting next_dagrun for example_setup_teardown_taskflow to None, run_after=None
[2024-10-24T04:13:25.595+0000] {processor.py:208} INFO - Processing /home/airflow/.local/lib/python3.12/site-packages/airflow/example_dags/example_setup_teardown_taskflow.py took 0.087 seconds
[2024-10-24T04:13:56.361+0000] {processor.py:186} INFO - Started process (PID=99503) to work on /home/airflow/.local/lib/python3.12/site-packages/airflow/example_dags/example_setup_teardown_taskflow.py
[2024-10-24T04:13:56.363+0000] {processor.py:914} INFO - Processing file /home/airflow/.local/lib/python3.12/site-packages/airflow/example_dags/example_setup_teardown_taskflow.py for tasks to queue
[2024-10-24T04:13:56.364+0000] {logging_mixin.py:190} INFO - [2024-10-24T04:13:56.364+0000] {dagbag.py:588} INFO - Filling up the DagBag from /home/airflow/.local/lib/python3.12/site-packages/airflow/example_dags/example_setup_teardown_taskflow.py
[2024-10-24T04:13:56.376+0000] {processor.py:925} INFO - DAG(s) 'example_setup_teardown_taskflow' retrieved from /home/airflow/.local/lib/python3.12/site-packages/airflow/example_dags/example_setup_teardown_taskflow.py
[2024-10-24T04:13:56.403+0000] {logging_mixin.py:190} INFO - [2024-10-24T04:13:56.403+0000] {dag.py:3239} INFO - Sync 1 DAGs
[2024-10-24T04:13:56.420+0000] {logging_mixin.py:190} INFO - [2024-10-24T04:13:56.420+0000] {dag.py:4180} INFO - Setting next_dagrun for example_setup_teardown_taskflow to None, run_after=None
[2024-10-24T04:13:56.443+0000] {processor.py:208} INFO - Processing /home/airflow/.local/lib/python3.12/site-packages/airflow/example_dags/example_setup_teardown_taskflow.py took 0.090 seconds
[2024-10-24T04:14:27.070+0000] {processor.py:186} INFO - Started process (PID=99570) to work on /home/airflow/.local/lib/python3.12/site-packages/airflow/example_dags/example_setup_teardown_taskflow.py
[2024-10-24T04:14:27.071+0000] {processor.py:914} INFO - Processing file /home/airflow/.local/lib/python3.12/site-packages/airflow/example_dags/example_setup_teardown_taskflow.py for tasks to queue
[2024-10-24T04:14:27.072+0000] {logging_mixin.py:190} INFO - [2024-10-24T04:14:27.072+0000] {dagbag.py:588} INFO - Filling up the DagBag from /home/airflow/.local/lib/python3.12/site-packages/airflow/example_dags/example_setup_teardown_taskflow.py
[2024-10-24T04:14:27.083+0000] {processor.py:925} INFO - DAG(s) 'example_setup_teardown_taskflow' retrieved from /home/airflow/.local/lib/python3.12/site-packages/airflow/example_dags/example_setup_teardown_taskflow.py
[2024-10-24T04:14:27.111+0000] {logging_mixin.py:190} INFO - [2024-10-24T04:14:27.110+0000] {dag.py:3239} INFO - Sync 1 DAGs
[2024-10-24T04:14:27.128+0000] {logging_mixin.py:190} INFO - [2024-10-24T04:14:27.128+0000] {dag.py:4180} INFO - Setting next_dagrun for example_setup_teardown_taskflow to None, run_after=None
[2024-10-24T04:14:27.146+0000] {processor.py:208} INFO - Processing /home/airflow/.local/lib/python3.12/site-packages/airflow/example_dags/example_setup_teardown_taskflow.py took 0.084 seconds
[2024-10-24T04:14:57.602+0000] {processor.py:186} INFO - Started process (PID=99636) to work on /home/airflow/.local/lib/python3.12/site-packages/airflow/example_dags/example_setup_teardown_taskflow.py
[2024-10-24T04:14:57.604+0000] {processor.py:914} INFO - Processing file /home/airflow/.local/lib/python3.12/site-packages/airflow/example_dags/example_setup_teardown_taskflow.py for tasks to queue
[2024-10-24T04:14:57.605+0000] {logging_mixin.py:190} INFO - [2024-10-24T04:14:57.605+0000] {dagbag.py:588} INFO - Filling up the DagBag from /home/airflow/.local/lib/python3.12/site-packages/airflow/example_dags/example_setup_teardown_taskflow.py
[2024-10-24T04:14:57.617+0000] {processor.py:925} INFO - DAG(s) 'example_setup_teardown_taskflow' retrieved from /home/airflow/.local/lib/python3.12/site-packages/airflow/example_dags/example_setup_teardown_taskflow.py
[2024-10-24T04:14:57.646+0000] {logging_mixin.py:190} INFO - [2024-10-24T04:14:57.646+0000] {dag.py:3239} INFO - Sync 1 DAGs
[2024-10-24T04:14:57.670+0000] {logging_mixin.py:190} INFO - [2024-10-24T04:14:57.670+0000] {dag.py:4180} INFO - Setting next_dagrun for example_setup_teardown_taskflow to None, run_after=None
[2024-10-24T04:14:57.700+0000] {processor.py:208} INFO - Processing /home/airflow/.local/lib/python3.12/site-packages/airflow/example_dags/example_setup_teardown_taskflow.py took 0.106 seconds
[2024-10-24T04:15:28.077+0000] {processor.py:186} INFO - Started process (PID=99703) to work on /home/airflow/.local/lib/python3.12/site-packages/airflow/example_dags/example_setup_teardown_taskflow.py
[2024-10-24T04:15:28.079+0000] {processor.py:914} INFO - Processing file /home/airflow/.local/lib/python3.12/site-packages/airflow/example_dags/example_setup_teardown_taskflow.py for tasks to queue
[2024-10-24T04:15:28.080+0000] {logging_mixin.py:190} INFO - [2024-10-24T04:15:28.080+0000] {dagbag.py:588} INFO - Filling up the DagBag from /home/airflow/.local/lib/python3.12/site-packages/airflow/example_dags/example_setup_teardown_taskflow.py
[2024-10-24T04:15:28.092+0000] {processor.py:925} INFO - DAG(s) 'example_setup_teardown_taskflow' retrieved from /home/airflow/.local/lib/python3.12/site-packages/airflow/example_dags/example_setup_teardown_taskflow.py
[2024-10-24T04:15:28.127+0000] {logging_mixin.py:190} INFO - [2024-10-24T04:15:28.126+0000] {dag.py:3239} INFO - Sync 1 DAGs
[2024-10-24T04:15:28.144+0000] {logging_mixin.py:190} INFO - [2024-10-24T04:15:28.144+0000] {dag.py:4180} INFO - Setting next_dagrun for example_setup_teardown_taskflow to None, run_after=None
[2024-10-24T04:15:28.163+0000] {processor.py:208} INFO - Processing /home/airflow/.local/lib/python3.12/site-packages/airflow/example_dags/example_setup_teardown_taskflow.py took 0.093 seconds
[2024-10-24T06:56:02.755+0000] {processor.py:186} INFO - Started process (PID=99770) to work on /home/airflow/.local/lib/python3.12/site-packages/airflow/example_dags/example_setup_teardown_taskflow.py
[2024-10-24T06:56:02.757+0000] {processor.py:914} INFO - Processing file /home/airflow/.local/lib/python3.12/site-packages/airflow/example_dags/example_setup_teardown_taskflow.py for tasks to queue
[2024-10-24T06:56:02.759+0000] {logging_mixin.py:190} INFO - [2024-10-24T06:56:02.758+0000] {dagbag.py:588} INFO - Filling up the DagBag from /home/airflow/.local/lib/python3.12/site-packages/airflow/example_dags/example_setup_teardown_taskflow.py
[2024-10-24T06:56:02.770+0000] {processor.py:925} INFO - DAG(s) 'example_setup_teardown_taskflow' retrieved from /home/airflow/.local/lib/python3.12/site-packages/airflow/example_dags/example_setup_teardown_taskflow.py
[2024-10-24T06:56:02.813+0000] {logging_mixin.py:190} INFO - [2024-10-24T06:56:02.813+0000] {dag.py:3239} INFO - Sync 1 DAGs
[2024-10-24T06:56:02.846+0000] {logging_mixin.py:190} INFO - [2024-10-24T06:56:02.846+0000] {dag.py:4180} INFO - Setting next_dagrun for example_setup_teardown_taskflow to None, run_after=None
[2024-10-24T06:56:02.883+0000] {processor.py:208} INFO - Processing /home/airflow/.local/lib/python3.12/site-packages/airflow/example_dags/example_setup_teardown_taskflow.py took 0.146 seconds
[2024-10-24T06:56:33.747+0000] {processor.py:186} INFO - Started process (PID=99837) to work on /home/airflow/.local/lib/python3.12/site-packages/airflow/example_dags/example_setup_teardown_taskflow.py
[2024-10-24T06:56:33.748+0000] {processor.py:914} INFO - Processing file /home/airflow/.local/lib/python3.12/site-packages/airflow/example_dags/example_setup_teardown_taskflow.py for tasks to queue
[2024-10-24T06:56:33.751+0000] {logging_mixin.py:190} INFO - [2024-10-24T06:56:33.750+0000] {dagbag.py:588} INFO - Filling up the DagBag from /home/airflow/.local/lib/python3.12/site-packages/airflow/example_dags/example_setup_teardown_taskflow.py
[2024-10-24T06:56:33.763+0000] {processor.py:925} INFO - DAG(s) 'example_setup_teardown_taskflow' retrieved from /home/airflow/.local/lib/python3.12/site-packages/airflow/example_dags/example_setup_teardown_taskflow.py
[2024-10-24T06:56:33.793+0000] {logging_mixin.py:190} INFO - [2024-10-24T06:56:33.792+0000] {dag.py:3239} INFO - Sync 1 DAGs
[2024-10-24T06:56:33.809+0000] {logging_mixin.py:190} INFO - [2024-10-24T06:56:33.809+0000] {dag.py:4180} INFO - Setting next_dagrun for example_setup_teardown_taskflow to None, run_after=None
[2024-10-24T06:56:33.827+0000] {processor.py:208} INFO - Processing /home/airflow/.local/lib/python3.12/site-packages/airflow/example_dags/example_setup_teardown_taskflow.py took 0.092 seconds
[2024-10-24T06:57:04.726+0000] {processor.py:186} INFO - Started process (PID=99904) to work on /home/airflow/.local/lib/python3.12/site-packages/airflow/example_dags/example_setup_teardown_taskflow.py
[2024-10-24T06:57:04.728+0000] {processor.py:914} INFO - Processing file /home/airflow/.local/lib/python3.12/site-packages/airflow/example_dags/example_setup_teardown_taskflow.py for tasks to queue
[2024-10-24T06:57:04.729+0000] {logging_mixin.py:190} INFO - [2024-10-24T06:57:04.729+0000] {dagbag.py:588} INFO - Filling up the DagBag from /home/airflow/.local/lib/python3.12/site-packages/airflow/example_dags/example_setup_teardown_taskflow.py
[2024-10-24T06:57:04.743+0000] {processor.py:925} INFO - DAG(s) 'example_setup_teardown_taskflow' retrieved from /home/airflow/.local/lib/python3.12/site-packages/airflow/example_dags/example_setup_teardown_taskflow.py
[2024-10-24T06:57:04.787+0000] {logging_mixin.py:190} INFO - [2024-10-24T06:57:04.787+0000] {dag.py:3239} INFO - Sync 1 DAGs
[2024-10-24T06:57:04.808+0000] {logging_mixin.py:190} INFO - [2024-10-24T06:57:04.807+0000] {dag.py:4180} INFO - Setting next_dagrun for example_setup_teardown_taskflow to None, run_after=None
[2024-10-24T06:57:04.831+0000] {processor.py:208} INFO - Processing /home/airflow/.local/lib/python3.12/site-packages/airflow/example_dags/example_setup_teardown_taskflow.py took 0.119 seconds
[2024-10-24T06:57:35.195+0000] {processor.py:186} INFO - Started process (PID=99971) to work on /home/airflow/.local/lib/python3.12/site-packages/airflow/example_dags/example_setup_teardown_taskflow.py
[2024-10-24T06:57:35.199+0000] {processor.py:914} INFO - Processing file /home/airflow/.local/lib/python3.12/site-packages/airflow/example_dags/example_setup_teardown_taskflow.py for tasks to queue
[2024-10-24T06:57:35.200+0000] {logging_mixin.py:190} INFO - [2024-10-24T06:57:35.200+0000] {dagbag.py:588} INFO - Filling up the DagBag from /home/airflow/.local/lib/python3.12/site-packages/airflow/example_dags/example_setup_teardown_taskflow.py
[2024-10-24T06:57:35.216+0000] {processor.py:925} INFO - DAG(s) 'example_setup_teardown_taskflow' retrieved from /home/airflow/.local/lib/python3.12/site-packages/airflow/example_dags/example_setup_teardown_taskflow.py
[2024-10-24T06:57:35.251+0000] {logging_mixin.py:190} INFO - [2024-10-24T06:57:35.250+0000] {dag.py:3239} INFO - Sync 1 DAGs
[2024-10-24T06:57:35.273+0000] {logging_mixin.py:190} INFO - [2024-10-24T06:57:35.272+0000] {dag.py:4180} INFO - Setting next_dagrun for example_setup_teardown_taskflow to None, run_after=None
[2024-10-24T06:57:35.295+0000] {processor.py:208} INFO - Processing /home/airflow/.local/lib/python3.12/site-packages/airflow/example_dags/example_setup_teardown_taskflow.py took 0.108 seconds
[2024-10-24T06:58:05.751+0000] {processor.py:186} INFO - Started process (PID=100038) to work on /home/airflow/.local/lib/python3.12/site-packages/airflow/example_dags/example_setup_teardown_taskflow.py
[2024-10-24T06:58:05.753+0000] {processor.py:914} INFO - Processing file /home/airflow/.local/lib/python3.12/site-packages/airflow/example_dags/example_setup_teardown_taskflow.py for tasks to queue
[2024-10-24T06:58:05.754+0000] {logging_mixin.py:190} INFO - [2024-10-24T06:58:05.754+0000] {dagbag.py:588} INFO - Filling up the DagBag from /home/airflow/.local/lib/python3.12/site-packages/airflow/example_dags/example_setup_teardown_taskflow.py
[2024-10-24T06:58:05.768+0000] {processor.py:925} INFO - DAG(s) 'example_setup_teardown_taskflow' retrieved from /home/airflow/.local/lib/python3.12/site-packages/airflow/example_dags/example_setup_teardown_taskflow.py
[2024-10-24T06:58:05.802+0000] {logging_mixin.py:190} INFO - [2024-10-24T06:58:05.802+0000] {dag.py:3239} INFO - Sync 1 DAGs
[2024-10-24T06:58:05.823+0000] {logging_mixin.py:190} INFO - [2024-10-24T06:58:05.823+0000] {dag.py:4180} INFO - Setting next_dagrun for example_setup_teardown_taskflow to None, run_after=None
[2024-10-24T06:58:05.844+0000] {processor.py:208} INFO - Processing /home/airflow/.local/lib/python3.12/site-packages/airflow/example_dags/example_setup_teardown_taskflow.py took 0.102 seconds
[2024-10-24T06:58:36.668+0000] {processor.py:186} INFO - Started process (PID=100104) to work on /home/airflow/.local/lib/python3.12/site-packages/airflow/example_dags/example_setup_teardown_taskflow.py
[2024-10-24T06:58:36.670+0000] {processor.py:914} INFO - Processing file /home/airflow/.local/lib/python3.12/site-packages/airflow/example_dags/example_setup_teardown_taskflow.py for tasks to queue
[2024-10-24T06:58:36.671+0000] {logging_mixin.py:190} INFO - [2024-10-24T06:58:36.671+0000] {dagbag.py:588} INFO - Filling up the DagBag from /home/airflow/.local/lib/python3.12/site-packages/airflow/example_dags/example_setup_teardown_taskflow.py
[2024-10-24T06:58:36.682+0000] {processor.py:925} INFO - DAG(s) 'example_setup_teardown_taskflow' retrieved from /home/airflow/.local/lib/python3.12/site-packages/airflow/example_dags/example_setup_teardown_taskflow.py
[2024-10-24T06:58:36.713+0000] {logging_mixin.py:190} INFO - [2024-10-24T06:58:36.713+0000] {dag.py:3239} INFO - Sync 1 DAGs
[2024-10-24T06:58:36.731+0000] {logging_mixin.py:190} INFO - [2024-10-24T06:58:36.731+0000] {dag.py:4180} INFO - Setting next_dagrun for example_setup_teardown_taskflow to None, run_after=None
[2024-10-24T06:58:36.754+0000] {processor.py:208} INFO - Processing /home/airflow/.local/lib/python3.12/site-packages/airflow/example_dags/example_setup_teardown_taskflow.py took 0.093 seconds
[2024-10-24T06:59:08.197+0000] {processor.py:186} INFO - Started process (PID=100171) to work on /home/airflow/.local/lib/python3.12/site-packages/airflow/example_dags/example_setup_teardown_taskflow.py
[2024-10-24T06:59:08.201+0000] {processor.py:914} INFO - Processing file /home/airflow/.local/lib/python3.12/site-packages/airflow/example_dags/example_setup_teardown_taskflow.py for tasks to queue
[2024-10-24T06:59:08.203+0000] {logging_mixin.py:190} INFO - [2024-10-24T06:59:08.202+0000] {dagbag.py:588} INFO - Filling up the DagBag from /home/airflow/.local/lib/python3.12/site-packages/airflow/example_dags/example_setup_teardown_taskflow.py
[2024-10-24T06:59:08.230+0000] {processor.py:925} INFO - DAG(s) 'example_setup_teardown_taskflow' retrieved from /home/airflow/.local/lib/python3.12/site-packages/airflow/example_dags/example_setup_teardown_taskflow.py
[2024-10-24T06:59:08.279+0000] {logging_mixin.py:190} INFO - [2024-10-24T06:59:08.278+0000] {dag.py:3239} INFO - Sync 1 DAGs
[2024-10-24T06:59:08.533+0000] {logging_mixin.py:190} INFO - [2024-10-24T06:59:08.533+0000] {dag.py:4180} INFO - Setting next_dagrun for example_setup_teardown_taskflow to None, run_after=None
[2024-10-24T06:59:08.550+0000] {processor.py:208} INFO - Processing /home/airflow/.local/lib/python3.12/site-packages/airflow/example_dags/example_setup_teardown_taskflow.py took 0.372 seconds
