[2024-10-24T04:09:22.977+0000] {processor.py:186} INFO - Started process (PID=98932) to work on /home/airflow/.local/lib/python3.12/site-packages/airflow/example_dags/example_inlet_event_extra.py
[2024-10-24T04:09:22.979+0000] {processor.py:914} INFO - Processing file /home/airflow/.local/lib/python3.12/site-packages/airflow/example_dags/example_inlet_event_extra.py for tasks to queue
[2024-10-24T04:09:22.980+0000] {logging_mixin.py:190} INFO - [2024-10-24T04:09:22.980+0000] {dagbag.py:588} INFO - Filling up the DagBag from /home/airflow/.local/lib/python3.12/site-packages/airflow/example_dags/example_inlet_event_extra.py
[2024-10-24T04:09:23.165+0000] {processor.py:925} INFO - DAG(s) 'read_dataset_event', 'read_dataset_event_from_classic' retrieved from /home/airflow/.local/lib/python3.12/site-packages/airflow/example_dags/example_inlet_event_extra.py
[2024-10-24T04:09:23.189+0000] {logging_mixin.py:190} INFO - [2024-10-24T04:09:23.189+0000] {dag.py:3239} INFO - Sync 2 DAGs
[2024-10-24T04:09:23.221+0000] {logging_mixin.py:190} INFO - [2024-10-24T04:09:23.221+0000] {dag.py:4180} INFO - Setting next_dagrun for read_dataset_event to 2024-10-23 00:00:00+00:00, run_after=2024-10-24 00:00:00+00:00
[2024-10-24T04:09:23.230+0000] {logging_mixin.py:190} INFO - [2024-10-24T04:09:23.229+0000] {dag.py:4180} INFO - Setting next_dagrun for read_dataset_event_from_classic to 2024-10-23 00:00:00+00:00, run_after=2024-10-24 00:00:00+00:00
[2024-10-24T04:09:23.248+0000] {processor.py:208} INFO - Processing /home/airflow/.local/lib/python3.12/site-packages/airflow/example_dags/example_inlet_event_extra.py took 0.280 seconds
[2024-10-24T04:09:53.512+0000] {processor.py:186} INFO - Started process (PID=98999) to work on /home/airflow/.local/lib/python3.12/site-packages/airflow/example_dags/example_inlet_event_extra.py
[2024-10-24T04:09:53.513+0000] {processor.py:914} INFO - Processing file /home/airflow/.local/lib/python3.12/site-packages/airflow/example_dags/example_inlet_event_extra.py for tasks to queue
[2024-10-24T04:09:53.515+0000] {logging_mixin.py:190} INFO - [2024-10-24T04:09:53.514+0000] {dagbag.py:588} INFO - Filling up the DagBag from /home/airflow/.local/lib/python3.12/site-packages/airflow/example_dags/example_inlet_event_extra.py
[2024-10-24T04:09:53.712+0000] {processor.py:925} INFO - DAG(s) 'read_dataset_event', 'read_dataset_event_from_classic' retrieved from /home/airflow/.local/lib/python3.12/site-packages/airflow/example_dags/example_inlet_event_extra.py
[2024-10-24T04:09:53.755+0000] {logging_mixin.py:190} INFO - [2024-10-24T04:09:53.755+0000] {dag.py:3239} INFO - Sync 2 DAGs
[2024-10-24T04:09:53.785+0000] {logging_mixin.py:190} INFO - [2024-10-24T04:09:53.785+0000] {dag.py:4180} INFO - Setting next_dagrun for read_dataset_event to 2024-10-23 00:00:00+00:00, run_after=2024-10-24 00:00:00+00:00
[2024-10-24T04:09:53.790+0000] {logging_mixin.py:190} INFO - [2024-10-24T04:09:53.790+0000] {dag.py:4180} INFO - Setting next_dagrun for read_dataset_event_from_classic to 2024-10-23 00:00:00+00:00, run_after=2024-10-24 00:00:00+00:00
[2024-10-24T04:09:53.804+0000] {processor.py:208} INFO - Processing /home/airflow/.local/lib/python3.12/site-packages/airflow/example_dags/example_inlet_event_extra.py took 0.301 seconds
[2024-10-24T04:10:24.362+0000] {processor.py:186} INFO - Started process (PID=99065) to work on /home/airflow/.local/lib/python3.12/site-packages/airflow/example_dags/example_inlet_event_extra.py
[2024-10-24T04:10:24.363+0000] {processor.py:914} INFO - Processing file /home/airflow/.local/lib/python3.12/site-packages/airflow/example_dags/example_inlet_event_extra.py for tasks to queue
[2024-10-24T04:10:24.365+0000] {logging_mixin.py:190} INFO - [2024-10-24T04:10:24.364+0000] {dagbag.py:588} INFO - Filling up the DagBag from /home/airflow/.local/lib/python3.12/site-packages/airflow/example_dags/example_inlet_event_extra.py
[2024-10-24T04:10:24.535+0000] {processor.py:925} INFO - DAG(s) 'read_dataset_event_from_classic', 'read_dataset_event' retrieved from /home/airflow/.local/lib/python3.12/site-packages/airflow/example_dags/example_inlet_event_extra.py
[2024-10-24T04:10:24.560+0000] {logging_mixin.py:190} INFO - [2024-10-24T04:10:24.560+0000] {dag.py:3239} INFO - Sync 2 DAGs
[2024-10-24T04:10:24.774+0000] {logging_mixin.py:190} INFO - [2024-10-24T04:10:24.774+0000] {dag.py:4180} INFO - Setting next_dagrun for read_dataset_event to 2024-10-23 00:00:00+00:00, run_after=2024-10-24 00:00:00+00:00
[2024-10-24T04:10:24.779+0000] {logging_mixin.py:190} INFO - [2024-10-24T04:10:24.779+0000] {dag.py:4180} INFO - Setting next_dagrun for read_dataset_event_from_classic to 2024-10-23 00:00:00+00:00, run_after=2024-10-24 00:00:00+00:00
[2024-10-24T04:10:24.794+0000] {processor.py:208} INFO - Processing /home/airflow/.local/lib/python3.12/site-packages/airflow/example_dags/example_inlet_event_extra.py took 0.440 seconds
[2024-10-24T04:10:55.270+0000] {processor.py:186} INFO - Started process (PID=99133) to work on /home/airflow/.local/lib/python3.12/site-packages/airflow/example_dags/example_inlet_event_extra.py
[2024-10-24T04:10:55.271+0000] {processor.py:914} INFO - Processing file /home/airflow/.local/lib/python3.12/site-packages/airflow/example_dags/example_inlet_event_extra.py for tasks to queue
[2024-10-24T04:10:55.273+0000] {logging_mixin.py:190} INFO - [2024-10-24T04:10:55.273+0000] {dagbag.py:588} INFO - Filling up the DagBag from /home/airflow/.local/lib/python3.12/site-packages/airflow/example_dags/example_inlet_event_extra.py
[2024-10-24T04:10:55.444+0000] {processor.py:925} INFO - DAG(s) 'read_dataset_event_from_classic', 'read_dataset_event' retrieved from /home/airflow/.local/lib/python3.12/site-packages/airflow/example_dags/example_inlet_event_extra.py
[2024-10-24T04:10:55.467+0000] {logging_mixin.py:190} INFO - [2024-10-24T04:10:55.467+0000] {dag.py:3239} INFO - Sync 2 DAGs
[2024-10-24T04:10:55.681+0000] {logging_mixin.py:190} INFO - [2024-10-24T04:10:55.680+0000] {dag.py:4180} INFO - Setting next_dagrun for read_dataset_event to 2024-10-23 00:00:00+00:00, run_after=2024-10-24 00:00:00+00:00
[2024-10-24T04:10:55.686+0000] {logging_mixin.py:190} INFO - [2024-10-24T04:10:55.686+0000] {dag.py:4180} INFO - Setting next_dagrun for read_dataset_event_from_classic to 2024-10-23 00:00:00+00:00, run_after=2024-10-24 00:00:00+00:00
[2024-10-24T04:10:55.702+0000] {processor.py:208} INFO - Processing /home/airflow/.local/lib/python3.12/site-packages/airflow/example_dags/example_inlet_event_extra.py took 0.439 seconds
[2024-10-24T04:11:26.510+0000] {processor.py:186} INFO - Started process (PID=99200) to work on /home/airflow/.local/lib/python3.12/site-packages/airflow/example_dags/example_inlet_event_extra.py
[2024-10-24T04:11:26.511+0000] {processor.py:914} INFO - Processing file /home/airflow/.local/lib/python3.12/site-packages/airflow/example_dags/example_inlet_event_extra.py for tasks to queue
[2024-10-24T04:11:26.515+0000] {logging_mixin.py:190} INFO - [2024-10-24T04:11:26.514+0000] {dagbag.py:588} INFO - Filling up the DagBag from /home/airflow/.local/lib/python3.12/site-packages/airflow/example_dags/example_inlet_event_extra.py
[2024-10-24T04:11:26.776+0000] {processor.py:925} INFO - DAG(s) 'read_dataset_event_from_classic', 'read_dataset_event' retrieved from /home/airflow/.local/lib/python3.12/site-packages/airflow/example_dags/example_inlet_event_extra.py
[2024-10-24T04:11:26.810+0000] {logging_mixin.py:190} INFO - [2024-10-24T04:11:26.809+0000] {dag.py:3239} INFO - Sync 2 DAGs
[2024-10-24T04:11:27.045+0000] {logging_mixin.py:190} INFO - [2024-10-24T04:11:27.044+0000] {dag.py:4180} INFO - Setting next_dagrun for read_dataset_event to 2024-10-23 00:00:00+00:00, run_after=2024-10-24 00:00:00+00:00
[2024-10-24T04:11:27.050+0000] {logging_mixin.py:190} INFO - [2024-10-24T04:11:27.050+0000] {dag.py:4180} INFO - Setting next_dagrun for read_dataset_event_from_classic to 2024-10-23 00:00:00+00:00, run_after=2024-10-24 00:00:00+00:00
[2024-10-24T04:11:27.068+0000] {processor.py:208} INFO - Processing /home/airflow/.local/lib/python3.12/site-packages/airflow/example_dags/example_inlet_event_extra.py took 0.566 seconds
[2024-10-24T04:11:59.192+0000] {processor.py:186} INFO - Started process (PID=99267) to work on /home/airflow/.local/lib/python3.12/site-packages/airflow/example_dags/example_inlet_event_extra.py
[2024-10-24T04:11:59.193+0000] {processor.py:914} INFO - Processing file /home/airflow/.local/lib/python3.12/site-packages/airflow/example_dags/example_inlet_event_extra.py for tasks to queue
[2024-10-24T04:11:59.195+0000] {logging_mixin.py:190} INFO - [2024-10-24T04:11:59.194+0000] {dagbag.py:588} INFO - Filling up the DagBag from /home/airflow/.local/lib/python3.12/site-packages/airflow/example_dags/example_inlet_event_extra.py
[2024-10-24T04:11:59.364+0000] {processor.py:925} INFO - DAG(s) 'read_dataset_event', 'read_dataset_event_from_classic' retrieved from /home/airflow/.local/lib/python3.12/site-packages/airflow/example_dags/example_inlet_event_extra.py
[2024-10-24T04:11:59.457+0000] {logging_mixin.py:190} INFO - [2024-10-24T04:11:59.457+0000] {dag.py:3239} INFO - Sync 2 DAGs
[2024-10-24T04:11:59.675+0000] {logging_mixin.py:190} INFO - [2024-10-24T04:11:59.674+0000] {dag.py:4180} INFO - Setting next_dagrun for read_dataset_event to 2024-10-23 00:00:00+00:00, run_after=2024-10-24 00:00:00+00:00
[2024-10-24T04:11:59.678+0000] {logging_mixin.py:190} INFO - [2024-10-24T04:11:59.678+0000] {dag.py:4180} INFO - Setting next_dagrun for read_dataset_event_from_classic to 2024-10-23 00:00:00+00:00, run_after=2024-10-24 00:00:00+00:00
[2024-10-24T04:11:59.710+0000] {processor.py:208} INFO - Processing /home/airflow/.local/lib/python3.12/site-packages/airflow/example_dags/example_inlet_event_extra.py took 0.526 seconds
[2024-10-24T04:12:30.231+0000] {processor.py:186} INFO - Started process (PID=99332) to work on /home/airflow/.local/lib/python3.12/site-packages/airflow/example_dags/example_inlet_event_extra.py
[2024-10-24T04:12:30.232+0000] {processor.py:914} INFO - Processing file /home/airflow/.local/lib/python3.12/site-packages/airflow/example_dags/example_inlet_event_extra.py for tasks to queue
[2024-10-24T04:12:30.234+0000] {logging_mixin.py:190} INFO - [2024-10-24T04:12:30.234+0000] {dagbag.py:588} INFO - Filling up the DagBag from /home/airflow/.local/lib/python3.12/site-packages/airflow/example_dags/example_inlet_event_extra.py
[2024-10-24T04:12:30.410+0000] {processor.py:925} INFO - DAG(s) 'read_dataset_event', 'read_dataset_event_from_classic' retrieved from /home/airflow/.local/lib/python3.12/site-packages/airflow/example_dags/example_inlet_event_extra.py
[2024-10-24T04:12:30.435+0000] {logging_mixin.py:190} INFO - [2024-10-24T04:12:30.435+0000] {dag.py:3239} INFO - Sync 2 DAGs
[2024-10-24T04:12:30.465+0000] {logging_mixin.py:190} INFO - [2024-10-24T04:12:30.465+0000] {dag.py:4180} INFO - Setting next_dagrun for read_dataset_event to 2024-10-23 00:00:00+00:00, run_after=2024-10-24 00:00:00+00:00
[2024-10-24T04:12:30.471+0000] {logging_mixin.py:190} INFO - [2024-10-24T04:12:30.471+0000] {dag.py:4180} INFO - Setting next_dagrun for read_dataset_event_from_classic to 2024-10-23 00:00:00+00:00, run_after=2024-10-24 00:00:00+00:00
[2024-10-24T04:12:30.673+0000] {processor.py:208} INFO - Processing /home/airflow/.local/lib/python3.12/site-packages/airflow/example_dags/example_inlet_event_extra.py took 0.452 seconds
[2024-10-24T04:13:00.770+0000] {processor.py:186} INFO - Started process (PID=99400) to work on /home/airflow/.local/lib/python3.12/site-packages/airflow/example_dags/example_inlet_event_extra.py
[2024-10-24T04:13:00.771+0000] {processor.py:914} INFO - Processing file /home/airflow/.local/lib/python3.12/site-packages/airflow/example_dags/example_inlet_event_extra.py for tasks to queue
[2024-10-24T04:13:00.773+0000] {logging_mixin.py:190} INFO - [2024-10-24T04:13:00.772+0000] {dagbag.py:588} INFO - Filling up the DagBag from /home/airflow/.local/lib/python3.12/site-packages/airflow/example_dags/example_inlet_event_extra.py
[2024-10-24T04:13:01.143+0000] {processor.py:925} INFO - DAG(s) 'read_dataset_event', 'read_dataset_event_from_classic' retrieved from /home/airflow/.local/lib/python3.12/site-packages/airflow/example_dags/example_inlet_event_extra.py
[2024-10-24T04:13:01.167+0000] {logging_mixin.py:190} INFO - [2024-10-24T04:13:01.167+0000] {dag.py:3239} INFO - Sync 2 DAGs
[2024-10-24T04:13:01.189+0000] {logging_mixin.py:190} INFO - [2024-10-24T04:13:01.188+0000] {dag.py:4180} INFO - Setting next_dagrun for read_dataset_event to 2024-10-23 00:00:00+00:00, run_after=2024-10-24 00:00:00+00:00
[2024-10-24T04:13:01.194+0000] {logging_mixin.py:190} INFO - [2024-10-24T04:13:01.194+0000] {dag.py:4180} INFO - Setting next_dagrun for read_dataset_event_from_classic to 2024-10-23 00:00:00+00:00, run_after=2024-10-24 00:00:00+00:00
[2024-10-24T04:13:01.211+0000] {processor.py:208} INFO - Processing /home/airflow/.local/lib/python3.12/site-packages/airflow/example_dags/example_inlet_event_extra.py took 0.449 seconds
[2024-10-24T04:13:31.472+0000] {processor.py:186} INFO - Started process (PID=99470) to work on /home/airflow/.local/lib/python3.12/site-packages/airflow/example_dags/example_inlet_event_extra.py
[2024-10-24T04:13:31.473+0000] {processor.py:914} INFO - Processing file /home/airflow/.local/lib/python3.12/site-packages/airflow/example_dags/example_inlet_event_extra.py for tasks to queue
[2024-10-24T04:13:31.476+0000] {logging_mixin.py:190} INFO - [2024-10-24T04:13:31.475+0000] {dagbag.py:588} INFO - Filling up the DagBag from /home/airflow/.local/lib/python3.12/site-packages/airflow/example_dags/example_inlet_event_extra.py
[2024-10-24T04:13:31.844+0000] {processor.py:925} INFO - DAG(s) 'read_dataset_event_from_classic', 'read_dataset_event' retrieved from /home/airflow/.local/lib/python3.12/site-packages/airflow/example_dags/example_inlet_event_extra.py
[2024-10-24T04:13:31.864+0000] {logging_mixin.py:190} INFO - [2024-10-24T04:13:31.864+0000] {dag.py:3239} INFO - Sync 2 DAGs
[2024-10-24T04:13:31.885+0000] {logging_mixin.py:190} INFO - [2024-10-24T04:13:31.885+0000] {dag.py:4180} INFO - Setting next_dagrun for read_dataset_event to 2024-10-23 00:00:00+00:00, run_after=2024-10-24 00:00:00+00:00
[2024-10-24T04:13:31.890+0000] {logging_mixin.py:190} INFO - [2024-10-24T04:13:31.889+0000] {dag.py:4180} INFO - Setting next_dagrun for read_dataset_event_from_classic to 2024-10-23 00:00:00+00:00, run_after=2024-10-24 00:00:00+00:00
[2024-10-24T04:13:31.905+0000] {processor.py:208} INFO - Processing /home/airflow/.local/lib/python3.12/site-packages/airflow/example_dags/example_inlet_event_extra.py took 0.440 seconds
[2024-10-24T04:14:02.087+0000] {processor.py:186} INFO - Started process (PID=99537) to work on /home/airflow/.local/lib/python3.12/site-packages/airflow/example_dags/example_inlet_event_extra.py
[2024-10-24T04:14:02.088+0000] {processor.py:914} INFO - Processing file /home/airflow/.local/lib/python3.12/site-packages/airflow/example_dags/example_inlet_event_extra.py for tasks to queue
[2024-10-24T04:14:02.090+0000] {logging_mixin.py:190} INFO - [2024-10-24T04:14:02.090+0000] {dagbag.py:588} INFO - Filling up the DagBag from /home/airflow/.local/lib/python3.12/site-packages/airflow/example_dags/example_inlet_event_extra.py
[2024-10-24T04:14:02.454+0000] {processor.py:925} INFO - DAG(s) 'read_dataset_event', 'read_dataset_event_from_classic' retrieved from /home/airflow/.local/lib/python3.12/site-packages/airflow/example_dags/example_inlet_event_extra.py
[2024-10-24T04:14:02.481+0000] {logging_mixin.py:190} INFO - [2024-10-24T04:14:02.481+0000] {dag.py:3239} INFO - Sync 2 DAGs
[2024-10-24T04:14:02.502+0000] {logging_mixin.py:190} INFO - [2024-10-24T04:14:02.502+0000] {dag.py:4180} INFO - Setting next_dagrun for read_dataset_event to 2024-10-23 00:00:00+00:00, run_after=2024-10-24 00:00:00+00:00
[2024-10-24T04:14:02.508+0000] {logging_mixin.py:190} INFO - [2024-10-24T04:14:02.507+0000] {dag.py:4180} INFO - Setting next_dagrun for read_dataset_event_from_classic to 2024-10-23 00:00:00+00:00, run_after=2024-10-24 00:00:00+00:00
[2024-10-24T04:14:02.524+0000] {processor.py:208} INFO - Processing /home/airflow/.local/lib/python3.12/site-packages/airflow/example_dags/example_inlet_event_extra.py took 0.445 seconds
[2024-10-24T04:14:32.730+0000] {processor.py:186} INFO - Started process (PID=99605) to work on /home/airflow/.local/lib/python3.12/site-packages/airflow/example_dags/example_inlet_event_extra.py
[2024-10-24T04:14:32.732+0000] {processor.py:914} INFO - Processing file /home/airflow/.local/lib/python3.12/site-packages/airflow/example_dags/example_inlet_event_extra.py for tasks to queue
[2024-10-24T04:14:32.733+0000] {logging_mixin.py:190} INFO - [2024-10-24T04:14:32.733+0000] {dagbag.py:588} INFO - Filling up the DagBag from /home/airflow/.local/lib/python3.12/site-packages/airflow/example_dags/example_inlet_event_extra.py
[2024-10-24T04:14:33.102+0000] {processor.py:925} INFO - DAG(s) 'read_dataset_event', 'read_dataset_event_from_classic' retrieved from /home/airflow/.local/lib/python3.12/site-packages/airflow/example_dags/example_inlet_event_extra.py
[2024-10-24T04:14:33.126+0000] {logging_mixin.py:190} INFO - [2024-10-24T04:14:33.126+0000] {dag.py:3239} INFO - Sync 2 DAGs
[2024-10-24T04:14:33.148+0000] {logging_mixin.py:190} INFO - [2024-10-24T04:14:33.148+0000] {dag.py:4180} INFO - Setting next_dagrun for read_dataset_event to 2024-10-23 00:00:00+00:00, run_after=2024-10-24 00:00:00+00:00
[2024-10-24T04:14:33.153+0000] {logging_mixin.py:190} INFO - [2024-10-24T04:14:33.153+0000] {dag.py:4180} INFO - Setting next_dagrun for read_dataset_event_from_classic to 2024-10-23 00:00:00+00:00, run_after=2024-10-24 00:00:00+00:00
[2024-10-24T04:14:33.170+0000] {processor.py:208} INFO - Processing /home/airflow/.local/lib/python3.12/site-packages/airflow/example_dags/example_inlet_event_extra.py took 0.448 seconds
[2024-10-24T04:15:03.434+0000] {processor.py:186} INFO - Started process (PID=99671) to work on /home/airflow/.local/lib/python3.12/site-packages/airflow/example_dags/example_inlet_event_extra.py
[2024-10-24T04:15:03.435+0000] {processor.py:914} INFO - Processing file /home/airflow/.local/lib/python3.12/site-packages/airflow/example_dags/example_inlet_event_extra.py for tasks to queue
[2024-10-24T04:15:03.437+0000] {logging_mixin.py:190} INFO - [2024-10-24T04:15:03.436+0000] {dagbag.py:588} INFO - Filling up the DagBag from /home/airflow/.local/lib/python3.12/site-packages/airflow/example_dags/example_inlet_event_extra.py
[2024-10-24T04:15:03.788+0000] {processor.py:925} INFO - DAG(s) 'read_dataset_event_from_classic', 'read_dataset_event' retrieved from /home/airflow/.local/lib/python3.12/site-packages/airflow/example_dags/example_inlet_event_extra.py
[2024-10-24T04:15:03.811+0000] {logging_mixin.py:190} INFO - [2024-10-24T04:15:03.811+0000] {dag.py:3239} INFO - Sync 2 DAGs
[2024-10-24T04:15:03.834+0000] {logging_mixin.py:190} INFO - [2024-10-24T04:15:03.833+0000] {dag.py:4180} INFO - Setting next_dagrun for read_dataset_event to 2024-10-23 00:00:00+00:00, run_after=2024-10-24 00:00:00+00:00
[2024-10-24T04:15:03.839+0000] {logging_mixin.py:190} INFO - [2024-10-24T04:15:03.839+0000] {dag.py:4180} INFO - Setting next_dagrun for read_dataset_event_from_classic to 2024-10-23 00:00:00+00:00, run_after=2024-10-24 00:00:00+00:00
[2024-10-24T04:15:03.852+0000] {processor.py:208} INFO - Processing /home/airflow/.local/lib/python3.12/site-packages/airflow/example_dags/example_inlet_event_extra.py took 0.426 seconds
[2024-10-24T04:15:34.027+0000] {processor.py:186} INFO - Started process (PID=99738) to work on /home/airflow/.local/lib/python3.12/site-packages/airflow/example_dags/example_inlet_event_extra.py
[2024-10-24T04:15:34.028+0000] {processor.py:914} INFO - Processing file /home/airflow/.local/lib/python3.12/site-packages/airflow/example_dags/example_inlet_event_extra.py for tasks to queue
[2024-10-24T04:15:34.030+0000] {logging_mixin.py:190} INFO - [2024-10-24T04:15:34.029+0000] {dagbag.py:588} INFO - Filling up the DagBag from /home/airflow/.local/lib/python3.12/site-packages/airflow/example_dags/example_inlet_event_extra.py
[2024-10-24T04:15:34.400+0000] {processor.py:925} INFO - DAG(s) 'read_dataset_event', 'read_dataset_event_from_classic' retrieved from /home/airflow/.local/lib/python3.12/site-packages/airflow/example_dags/example_inlet_event_extra.py
[2024-10-24T04:15:34.420+0000] {logging_mixin.py:190} INFO - [2024-10-24T04:15:34.420+0000] {dag.py:3239} INFO - Sync 2 DAGs
[2024-10-24T04:15:34.441+0000] {logging_mixin.py:190} INFO - [2024-10-24T04:15:34.441+0000] {dag.py:4180} INFO - Setting next_dagrun for read_dataset_event to 2024-10-23 00:00:00+00:00, run_after=2024-10-24 00:00:00+00:00
[2024-10-24T04:15:34.445+0000] {logging_mixin.py:190} INFO - [2024-10-24T04:15:34.445+0000] {dag.py:4180} INFO - Setting next_dagrun for read_dataset_event_from_classic to 2024-10-23 00:00:00+00:00, run_after=2024-10-24 00:00:00+00:00
[2024-10-24T04:15:34.459+0000] {processor.py:208} INFO - Processing /home/airflow/.local/lib/python3.12/site-packages/airflow/example_dags/example_inlet_event_extra.py took 0.440 seconds
[2024-10-24T06:56:05.452+0000] {processor.py:186} INFO - Started process (PID=99799) to work on /home/airflow/.local/lib/python3.12/site-packages/airflow/example_dags/example_inlet_event_extra.py
[2024-10-24T06:56:05.453+0000] {processor.py:914} INFO - Processing file /home/airflow/.local/lib/python3.12/site-packages/airflow/example_dags/example_inlet_event_extra.py for tasks to queue
[2024-10-24T06:56:05.455+0000] {logging_mixin.py:190} INFO - [2024-10-24T06:56:05.454+0000] {dagbag.py:588} INFO - Filling up the DagBag from /home/airflow/.local/lib/python3.12/site-packages/airflow/example_dags/example_inlet_event_extra.py
[2024-10-24T06:56:06.039+0000] {processor.py:925} INFO - DAG(s) 'read_dataset_event', 'read_dataset_event_from_classic' retrieved from /home/airflow/.local/lib/python3.12/site-packages/airflow/example_dags/example_inlet_event_extra.py
[2024-10-24T06:56:06.077+0000] {logging_mixin.py:190} INFO - [2024-10-24T06:56:06.076+0000] {dag.py:3239} INFO - Sync 2 DAGs
[2024-10-24T06:56:06.104+0000] {logging_mixin.py:190} INFO - [2024-10-24T06:56:06.104+0000] {dag.py:4180} INFO - Setting next_dagrun for read_dataset_event to 2024-10-23 00:00:00+00:00, run_after=2024-10-24 00:00:00+00:00
[2024-10-24T06:56:06.108+0000] {logging_mixin.py:190} INFO - [2024-10-24T06:56:06.108+0000] {dag.py:4180} INFO - Setting next_dagrun for read_dataset_event_from_classic to 2024-10-23 00:00:00+00:00, run_after=2024-10-24 00:00:00+00:00
[2024-10-24T06:56:06.124+0000] {processor.py:208} INFO - Processing /home/airflow/.local/lib/python3.12/site-packages/airflow/example_dags/example_inlet_event_extra.py took 0.681 seconds
[2024-10-24T06:56:36.444+0000] {processor.py:186} INFO - Started process (PID=99866) to work on /home/airflow/.local/lib/python3.12/site-packages/airflow/example_dags/example_inlet_event_extra.py
[2024-10-24T06:56:36.445+0000] {processor.py:914} INFO - Processing file /home/airflow/.local/lib/python3.12/site-packages/airflow/example_dags/example_inlet_event_extra.py for tasks to queue
[2024-10-24T06:56:36.447+0000] {logging_mixin.py:190} INFO - [2024-10-24T06:56:36.446+0000] {dagbag.py:588} INFO - Filling up the DagBag from /home/airflow/.local/lib/python3.12/site-packages/airflow/example_dags/example_inlet_event_extra.py
[2024-10-24T06:56:36.836+0000] {processor.py:925} INFO - DAG(s) 'read_dataset_event', 'read_dataset_event_from_classic' retrieved from /home/airflow/.local/lib/python3.12/site-packages/airflow/example_dags/example_inlet_event_extra.py
[2024-10-24T06:56:36.855+0000] {logging_mixin.py:190} INFO - [2024-10-24T06:56:36.855+0000] {dag.py:3239} INFO - Sync 2 DAGs
[2024-10-24T06:56:36.878+0000] {logging_mixin.py:190} INFO - [2024-10-24T06:56:36.878+0000] {dag.py:4180} INFO - Setting next_dagrun for read_dataset_event to 2024-10-23 00:00:00+00:00, run_after=2024-10-24 00:00:00+00:00
[2024-10-24T06:56:36.882+0000] {logging_mixin.py:190} INFO - [2024-10-24T06:56:36.882+0000] {dag.py:4180} INFO - Setting next_dagrun for read_dataset_event_from_classic to 2024-10-23 00:00:00+00:00, run_after=2024-10-24 00:00:00+00:00
[2024-10-24T06:56:36.899+0000] {processor.py:208} INFO - Processing /home/airflow/.local/lib/python3.12/site-packages/airflow/example_dags/example_inlet_event_extra.py took 0.464 seconds
[2024-10-24T06:57:07.330+0000] {processor.py:186} INFO - Started process (PID=99934) to work on /home/airflow/.local/lib/python3.12/site-packages/airflow/example_dags/example_inlet_event_extra.py
[2024-10-24T06:57:07.331+0000] {processor.py:914} INFO - Processing file /home/airflow/.local/lib/python3.12/site-packages/airflow/example_dags/example_inlet_event_extra.py for tasks to queue
[2024-10-24T06:57:07.333+0000] {logging_mixin.py:190} INFO - [2024-10-24T06:57:07.333+0000] {dagbag.py:588} INFO - Filling up the DagBag from /home/airflow/.local/lib/python3.12/site-packages/airflow/example_dags/example_inlet_event_extra.py
[2024-10-24T06:57:07.726+0000] {processor.py:925} INFO - DAG(s) 'read_dataset_event', 'read_dataset_event_from_classic' retrieved from /home/airflow/.local/lib/python3.12/site-packages/airflow/example_dags/example_inlet_event_extra.py
[2024-10-24T06:57:07.752+0000] {logging_mixin.py:190} INFO - [2024-10-24T06:57:07.751+0000] {dag.py:3239} INFO - Sync 2 DAGs
[2024-10-24T06:57:07.778+0000] {logging_mixin.py:190} INFO - [2024-10-24T06:57:07.778+0000] {dag.py:4180} INFO - Setting next_dagrun for read_dataset_event to 2024-10-23 00:00:00+00:00, run_after=2024-10-24 00:00:00+00:00
[2024-10-24T06:57:07.785+0000] {logging_mixin.py:190} INFO - [2024-10-24T06:57:07.784+0000] {dag.py:4180} INFO - Setting next_dagrun for read_dataset_event_from_classic to 2024-10-23 00:00:00+00:00, run_after=2024-10-24 00:00:00+00:00
[2024-10-24T06:57:07.805+0000] {processor.py:208} INFO - Processing /home/airflow/.local/lib/python3.12/site-packages/airflow/example_dags/example_inlet_event_extra.py took 0.484 seconds
[2024-10-24T06:57:37.868+0000] {processor.py:186} INFO - Started process (PID=100003) to work on /home/airflow/.local/lib/python3.12/site-packages/airflow/example_dags/example_inlet_event_extra.py
[2024-10-24T06:57:37.869+0000] {processor.py:914} INFO - Processing file /home/airflow/.local/lib/python3.12/site-packages/airflow/example_dags/example_inlet_event_extra.py for tasks to queue
[2024-10-24T06:57:37.872+0000] {logging_mixin.py:190} INFO - [2024-10-24T06:57:37.871+0000] {dagbag.py:588} INFO - Filling up the DagBag from /home/airflow/.local/lib/python3.12/site-packages/airflow/example_dags/example_inlet_event_extra.py
[2024-10-24T06:57:38.264+0000] {processor.py:925} INFO - DAG(s) 'read_dataset_event', 'read_dataset_event_from_classic' retrieved from /home/airflow/.local/lib/python3.12/site-packages/airflow/example_dags/example_inlet_event_extra.py
[2024-10-24T06:57:38.289+0000] {logging_mixin.py:190} INFO - [2024-10-24T06:57:38.289+0000] {dag.py:3239} INFO - Sync 2 DAGs
[2024-10-24T06:57:38.319+0000] {logging_mixin.py:190} INFO - [2024-10-24T06:57:38.318+0000] {dag.py:4180} INFO - Setting next_dagrun for read_dataset_event to 2024-10-23 00:00:00+00:00, run_after=2024-10-24 00:00:00+00:00
[2024-10-24T06:57:38.324+0000] {logging_mixin.py:190} INFO - [2024-10-24T06:57:38.323+0000] {dag.py:4180} INFO - Setting next_dagrun for read_dataset_event_from_classic to 2024-10-23 00:00:00+00:00, run_after=2024-10-24 00:00:00+00:00
[2024-10-24T06:57:38.346+0000] {processor.py:208} INFO - Processing /home/airflow/.local/lib/python3.12/site-packages/airflow/example_dags/example_inlet_event_extra.py took 0.487 seconds
[2024-10-24T06:58:08.875+0000] {processor.py:186} INFO - Started process (PID=100075) to work on /home/airflow/.local/lib/python3.12/site-packages/airflow/example_dags/example_inlet_event_extra.py
[2024-10-24T06:58:08.877+0000] {processor.py:914} INFO - Processing file /home/airflow/.local/lib/python3.12/site-packages/airflow/example_dags/example_inlet_event_extra.py for tasks to queue
[2024-10-24T06:58:08.879+0000] {logging_mixin.py:190} INFO - [2024-10-24T06:58:08.878+0000] {dagbag.py:588} INFO - Filling up the DagBag from /home/airflow/.local/lib/python3.12/site-packages/airflow/example_dags/example_inlet_event_extra.py
[2024-10-24T06:58:09.279+0000] {processor.py:925} INFO - DAG(s) 'read_dataset_event', 'read_dataset_event_from_classic' retrieved from /home/airflow/.local/lib/python3.12/site-packages/airflow/example_dags/example_inlet_event_extra.py
[2024-10-24T06:58:09.301+0000] {logging_mixin.py:190} INFO - [2024-10-24T06:58:09.301+0000] {dag.py:3239} INFO - Sync 2 DAGs
[2024-10-24T06:58:09.325+0000] {logging_mixin.py:190} INFO - [2024-10-24T06:58:09.325+0000] {dag.py:4180} INFO - Setting next_dagrun for read_dataset_event to 2024-10-23 00:00:00+00:00, run_after=2024-10-24 00:00:00+00:00
[2024-10-24T06:58:09.330+0000] {logging_mixin.py:190} INFO - [2024-10-24T06:58:09.330+0000] {dag.py:4180} INFO - Setting next_dagrun for read_dataset_event_from_classic to 2024-10-23 00:00:00+00:00, run_after=2024-10-24 00:00:00+00:00
[2024-10-24T06:58:09.346+0000] {processor.py:208} INFO - Processing /home/airflow/.local/lib/python3.12/site-packages/airflow/example_dags/example_inlet_event_extra.py took 0.481 seconds
[2024-10-24T06:58:39.519+0000] {processor.py:186} INFO - Started process (PID=100140) to work on /home/airflow/.local/lib/python3.12/site-packages/airflow/example_dags/example_inlet_event_extra.py
[2024-10-24T06:58:39.520+0000] {processor.py:914} INFO - Processing file /home/airflow/.local/lib/python3.12/site-packages/airflow/example_dags/example_inlet_event_extra.py for tasks to queue
[2024-10-24T06:58:39.522+0000] {logging_mixin.py:190} INFO - [2024-10-24T06:58:39.521+0000] {dagbag.py:588} INFO - Filling up the DagBag from /home/airflow/.local/lib/python3.12/site-packages/airflow/example_dags/example_inlet_event_extra.py
[2024-10-24T06:58:39.927+0000] {processor.py:925} INFO - DAG(s) 'read_dataset_event', 'read_dataset_event_from_classic' retrieved from /home/airflow/.local/lib/python3.12/site-packages/airflow/example_dags/example_inlet_event_extra.py
[2024-10-24T06:58:39.955+0000] {logging_mixin.py:190} INFO - [2024-10-24T06:58:39.954+0000] {dag.py:3239} INFO - Sync 2 DAGs
[2024-10-24T06:58:39.982+0000] {logging_mixin.py:190} INFO - [2024-10-24T06:58:39.982+0000] {dag.py:4180} INFO - Setting next_dagrun for read_dataset_event to 2024-10-23 00:00:00+00:00, run_after=2024-10-24 00:00:00+00:00
[2024-10-24T06:58:39.986+0000] {logging_mixin.py:190} INFO - [2024-10-24T06:58:39.986+0000] {dag.py:4180} INFO - Setting next_dagrun for read_dataset_event_from_classic to 2024-10-23 00:00:00+00:00, run_after=2024-10-24 00:00:00+00:00
[2024-10-24T06:58:40.002+0000] {processor.py:208} INFO - Processing /home/airflow/.local/lib/python3.12/site-packages/airflow/example_dags/example_inlet_event_extra.py took 0.490 seconds
