[2024-10-24T04:09:21.938+0000] {processor.py:186} INFO - Started process (PID=98921) to work on /home/airflow/.local/lib/python3.12/site-packages/airflow/example_dags/example_xcom.py
[2024-10-24T04:09:21.938+0000] {processor.py:914} INFO - Processing file /home/airflow/.local/lib/python3.12/site-packages/airflow/example_dags/example_xcom.py for tasks to queue
[2024-10-24T04:09:21.940+0000] {logging_mixin.py:190} INFO - [2024-10-24T04:09:21.939+0000] {dagbag.py:588} INFO - Filling up the DagBag from /home/airflow/.local/lib/python3.12/site-packages/airflow/example_dags/example_xcom.py
[2024-10-24T04:09:21.948+0000] {processor.py:925} INFO - DAG(s) 'example_xcom' retrieved from /home/airflow/.local/lib/python3.12/site-packages/airflow/example_dags/example_xcom.py
[2024-10-24T04:09:21.977+0000] {logging_mixin.py:190} INFO - [2024-10-24T04:09:21.977+0000] {dag.py:3239} INFO - Sync 1 DAGs
[2024-10-24T04:09:22.007+0000] {logging_mixin.py:190} INFO - [2024-10-24T04:09:22.006+0000] {dag.py:4180} INFO - Setting next_dagrun for example_xcom to 2021-01-01 00:00:00+00:00, run_after=2021-01-01 00:00:00+00:00
[2024-10-24T04:09:22.026+0000] {processor.py:208} INFO - Processing /home/airflow/.local/lib/python3.12/site-packages/airflow/example_dags/example_xcom.py took 0.095 seconds
[2024-10-24T04:09:52.661+0000] {processor.py:186} INFO - Started process (PID=98988) to work on /home/airflow/.local/lib/python3.12/site-packages/airflow/example_dags/example_xcom.py
[2024-10-24T04:09:52.662+0000] {processor.py:914} INFO - Processing file /home/airflow/.local/lib/python3.12/site-packages/airflow/example_dags/example_xcom.py for tasks to queue
[2024-10-24T04:09:52.664+0000] {logging_mixin.py:190} INFO - [2024-10-24T04:09:52.663+0000] {dagbag.py:588} INFO - Filling up the DagBag from /home/airflow/.local/lib/python3.12/site-packages/airflow/example_dags/example_xcom.py
[2024-10-24T04:09:52.674+0000] {processor.py:925} INFO - DAG(s) 'example_xcom' retrieved from /home/airflow/.local/lib/python3.12/site-packages/airflow/example_dags/example_xcom.py
[2024-10-24T04:09:52.701+0000] {logging_mixin.py:190} INFO - [2024-10-24T04:09:52.701+0000] {dag.py:3239} INFO - Sync 1 DAGs
[2024-10-24T04:09:52.727+0000] {logging_mixin.py:190} INFO - [2024-10-24T04:09:52.727+0000] {dag.py:4180} INFO - Setting next_dagrun for example_xcom to 2021-01-01 00:00:00+00:00, run_after=2021-01-01 00:00:00+00:00
[2024-10-24T04:09:52.746+0000] {processor.py:208} INFO - Processing /home/airflow/.local/lib/python3.12/site-packages/airflow/example_dags/example_xcom.py took 0.093 seconds
[2024-10-24T04:10:23.461+0000] {processor.py:186} INFO - Started process (PID=99054) to work on /home/airflow/.local/lib/python3.12/site-packages/airflow/example_dags/example_xcom.py
[2024-10-24T04:10:23.462+0000] {processor.py:914} INFO - Processing file /home/airflow/.local/lib/python3.12/site-packages/airflow/example_dags/example_xcom.py for tasks to queue
[2024-10-24T04:10:23.463+0000] {logging_mixin.py:190} INFO - [2024-10-24T04:10:23.463+0000] {dagbag.py:588} INFO - Filling up the DagBag from /home/airflow/.local/lib/python3.12/site-packages/airflow/example_dags/example_xcom.py
[2024-10-24T04:10:23.472+0000] {processor.py:925} INFO - DAG(s) 'example_xcom' retrieved from /home/airflow/.local/lib/python3.12/site-packages/airflow/example_dags/example_xcom.py
[2024-10-24T04:10:23.500+0000] {logging_mixin.py:190} INFO - [2024-10-24T04:10:23.499+0000] {dag.py:3239} INFO - Sync 1 DAGs
[2024-10-24T04:10:23.525+0000] {logging_mixin.py:190} INFO - [2024-10-24T04:10:23.525+0000] {dag.py:4180} INFO - Setting next_dagrun for example_xcom to 2021-01-01 00:00:00+00:00, run_after=2021-01-01 00:00:00+00:00
[2024-10-24T04:10:23.544+0000] {processor.py:208} INFO - Processing /home/airflow/.local/lib/python3.12/site-packages/airflow/example_dags/example_xcom.py took 0.091 seconds
[2024-10-24T04:10:54.227+0000] {processor.py:186} INFO - Started process (PID=99120) to work on /home/airflow/.local/lib/python3.12/site-packages/airflow/example_dags/example_xcom.py
[2024-10-24T04:10:54.229+0000] {processor.py:914} INFO - Processing file /home/airflow/.local/lib/python3.12/site-packages/airflow/example_dags/example_xcom.py for tasks to queue
[2024-10-24T04:10:54.231+0000] {logging_mixin.py:190} INFO - [2024-10-24T04:10:54.230+0000] {dagbag.py:588} INFO - Filling up the DagBag from /home/airflow/.local/lib/python3.12/site-packages/airflow/example_dags/example_xcom.py
[2024-10-24T04:10:54.241+0000] {processor.py:925} INFO - DAG(s) 'example_xcom' retrieved from /home/airflow/.local/lib/python3.12/site-packages/airflow/example_dags/example_xcom.py
[2024-10-24T04:10:54.267+0000] {logging_mixin.py:190} INFO - [2024-10-24T04:10:54.267+0000] {dag.py:3239} INFO - Sync 1 DAGs
[2024-10-24T04:10:54.294+0000] {logging_mixin.py:190} INFO - [2024-10-24T04:10:54.293+0000] {dag.py:4180} INFO - Setting next_dagrun for example_xcom to 2021-01-01 00:00:00+00:00, run_after=2021-01-01 00:00:00+00:00
[2024-10-24T04:10:54.314+0000] {processor.py:208} INFO - Processing /home/airflow/.local/lib/python3.12/site-packages/airflow/example_dags/example_xcom.py took 0.095 seconds
[2024-10-24T04:11:25.240+0000] {processor.py:186} INFO - Started process (PID=99187) to work on /home/airflow/.local/lib/python3.12/site-packages/airflow/example_dags/example_xcom.py
[2024-10-24T04:11:25.242+0000] {processor.py:914} INFO - Processing file /home/airflow/.local/lib/python3.12/site-packages/airflow/example_dags/example_xcom.py for tasks to queue
[2024-10-24T04:11:25.246+0000] {logging_mixin.py:190} INFO - [2024-10-24T04:11:25.244+0000] {dagbag.py:588} INFO - Filling up the DagBag from /home/airflow/.local/lib/python3.12/site-packages/airflow/example_dags/example_xcom.py
[2024-10-24T04:11:25.260+0000] {processor.py:925} INFO - DAG(s) 'example_xcom' retrieved from /home/airflow/.local/lib/python3.12/site-packages/airflow/example_dags/example_xcom.py
[2024-10-24T04:11:25.292+0000] {logging_mixin.py:190} INFO - [2024-10-24T04:11:25.292+0000] {dag.py:3239} INFO - Sync 1 DAGs
[2024-10-24T04:11:25.319+0000] {logging_mixin.py:190} INFO - [2024-10-24T04:11:25.319+0000] {dag.py:4180} INFO - Setting next_dagrun for example_xcom to 2021-01-01 00:00:00+00:00, run_after=2021-01-01 00:00:00+00:00
[2024-10-24T04:11:25.339+0000] {processor.py:208} INFO - Processing /home/airflow/.local/lib/python3.12/site-packages/airflow/example_dags/example_xcom.py took 0.115 seconds
[2024-10-24T04:11:57.640+0000] {processor.py:186} INFO - Started process (PID=99254) to work on /home/airflow/.local/lib/python3.12/site-packages/airflow/example_dags/example_xcom.py
[2024-10-24T04:11:57.642+0000] {processor.py:914} INFO - Processing file /home/airflow/.local/lib/python3.12/site-packages/airflow/example_dags/example_xcom.py for tasks to queue
[2024-10-24T04:11:57.645+0000] {logging_mixin.py:190} INFO - [2024-10-24T04:11:57.643+0000] {dagbag.py:588} INFO - Filling up the DagBag from /home/airflow/.local/lib/python3.12/site-packages/airflow/example_dags/example_xcom.py
[2024-10-24T04:11:57.654+0000] {processor.py:925} INFO - DAG(s) 'example_xcom' retrieved from /home/airflow/.local/lib/python3.12/site-packages/airflow/example_dags/example_xcom.py
[2024-10-24T04:11:57.683+0000] {logging_mixin.py:190} INFO - [2024-10-24T04:11:57.683+0000] {dag.py:3239} INFO - Sync 1 DAGs
[2024-10-24T04:11:57.709+0000] {logging_mixin.py:190} INFO - [2024-10-24T04:11:57.708+0000] {dag.py:4180} INFO - Setting next_dagrun for example_xcom to 2021-01-01 00:00:00+00:00, run_after=2021-01-01 00:00:00+00:00
[2024-10-24T04:11:58.109+0000] {processor.py:208} INFO - Processing /home/airflow/.local/lib/python3.12/site-packages/airflow/example_dags/example_xcom.py took 0.475 seconds
[2024-10-24T04:12:28.399+0000] {processor.py:186} INFO - Started process (PID=99321) to work on /home/airflow/.local/lib/python3.12/site-packages/airflow/example_dags/example_xcom.py
[2024-10-24T04:12:28.400+0000] {processor.py:914} INFO - Processing file /home/airflow/.local/lib/python3.12/site-packages/airflow/example_dags/example_xcom.py for tasks to queue
[2024-10-24T04:12:28.402+0000] {logging_mixin.py:190} INFO - [2024-10-24T04:12:28.401+0000] {dagbag.py:588} INFO - Filling up the DagBag from /home/airflow/.local/lib/python3.12/site-packages/airflow/example_dags/example_xcom.py
[2024-10-24T04:12:28.411+0000] {processor.py:925} INFO - DAG(s) 'example_xcom' retrieved from /home/airflow/.local/lib/python3.12/site-packages/airflow/example_dags/example_xcom.py
[2024-10-24T04:12:28.437+0000] {logging_mixin.py:190} INFO - [2024-10-24T04:12:28.437+0000] {dag.py:3239} INFO - Sync 1 DAGs
[2024-10-24T04:12:28.463+0000] {logging_mixin.py:190} INFO - [2024-10-24T04:12:28.463+0000] {dag.py:4180} INFO - Setting next_dagrun for example_xcom to 2021-01-01 00:00:00+00:00, run_after=2021-01-01 00:00:00+00:00
[2024-10-24T04:12:28.482+0000] {processor.py:208} INFO - Processing /home/airflow/.local/lib/python3.12/site-packages/airflow/example_dags/example_xcom.py took 0.091 seconds
[2024-10-24T04:12:58.797+0000] {processor.py:186} INFO - Started process (PID=99387) to work on /home/airflow/.local/lib/python3.12/site-packages/airflow/example_dags/example_xcom.py
[2024-10-24T04:12:58.798+0000] {processor.py:914} INFO - Processing file /home/airflow/.local/lib/python3.12/site-packages/airflow/example_dags/example_xcom.py for tasks to queue
[2024-10-24T04:12:58.799+0000] {logging_mixin.py:190} INFO - [2024-10-24T04:12:58.799+0000] {dagbag.py:588} INFO - Filling up the DagBag from /home/airflow/.local/lib/python3.12/site-packages/airflow/example_dags/example_xcom.py
[2024-10-24T04:12:58.808+0000] {processor.py:925} INFO - DAG(s) 'example_xcom' retrieved from /home/airflow/.local/lib/python3.12/site-packages/airflow/example_dags/example_xcom.py
[2024-10-24T04:12:58.833+0000] {logging_mixin.py:190} INFO - [2024-10-24T04:12:58.833+0000] {dag.py:3239} INFO - Sync 1 DAGs
[2024-10-24T04:12:58.860+0000] {logging_mixin.py:190} INFO - [2024-10-24T04:12:58.859+0000] {dag.py:4180} INFO - Setting next_dagrun for example_xcom to 2021-01-01 00:00:00+00:00, run_after=2021-01-01 00:00:00+00:00
[2024-10-24T04:12:58.881+0000] {processor.py:208} INFO - Processing /home/airflow/.local/lib/python3.12/site-packages/airflow/example_dags/example_xcom.py took 0.092 seconds
[2024-10-24T04:13:29.119+0000] {processor.py:186} INFO - Started process (PID=99454) to work on /home/airflow/.local/lib/python3.12/site-packages/airflow/example_dags/example_xcom.py
[2024-10-24T04:13:29.122+0000] {processor.py:914} INFO - Processing file /home/airflow/.local/lib/python3.12/site-packages/airflow/example_dags/example_xcom.py for tasks to queue
[2024-10-24T04:13:29.124+0000] {logging_mixin.py:190} INFO - [2024-10-24T04:13:29.123+0000] {dagbag.py:588} INFO - Filling up the DagBag from /home/airflow/.local/lib/python3.12/site-packages/airflow/example_dags/example_xcom.py
[2024-10-24T04:13:29.133+0000] {processor.py:925} INFO - DAG(s) 'example_xcom' retrieved from /home/airflow/.local/lib/python3.12/site-packages/airflow/example_dags/example_xcom.py
[2024-10-24T04:13:29.163+0000] {logging_mixin.py:190} INFO - [2024-10-24T04:13:29.163+0000] {dag.py:3239} INFO - Sync 1 DAGs
[2024-10-24T04:13:29.192+0000] {logging_mixin.py:190} INFO - [2024-10-24T04:13:29.192+0000] {dag.py:4180} INFO - Setting next_dagrun for example_xcom to 2021-01-01 00:00:00+00:00, run_after=2021-01-01 00:00:00+00:00
[2024-10-24T04:13:29.218+0000] {processor.py:208} INFO - Processing /home/airflow/.local/lib/python3.12/site-packages/airflow/example_dags/example_xcom.py took 0.108 seconds
[2024-10-24T04:13:59.697+0000] {processor.py:186} INFO - Started process (PID=99521) to work on /home/airflow/.local/lib/python3.12/site-packages/airflow/example_dags/example_xcom.py
[2024-10-24T04:13:59.699+0000] {processor.py:914} INFO - Processing file /home/airflow/.local/lib/python3.12/site-packages/airflow/example_dags/example_xcom.py for tasks to queue
[2024-10-24T04:13:59.702+0000] {logging_mixin.py:190} INFO - [2024-10-24T04:13:59.701+0000] {dagbag.py:588} INFO - Filling up the DagBag from /home/airflow/.local/lib/python3.12/site-packages/airflow/example_dags/example_xcom.py
[2024-10-24T04:13:59.711+0000] {processor.py:925} INFO - DAG(s) 'example_xcom' retrieved from /home/airflow/.local/lib/python3.12/site-packages/airflow/example_dags/example_xcom.py
[2024-10-24T04:13:59.742+0000] {logging_mixin.py:190} INFO - [2024-10-24T04:13:59.741+0000] {dag.py:3239} INFO - Sync 1 DAGs
[2024-10-24T04:13:59.768+0000] {logging_mixin.py:190} INFO - [2024-10-24T04:13:59.767+0000] {dag.py:4180} INFO - Setting next_dagrun for example_xcom to 2021-01-01 00:00:00+00:00, run_after=2021-01-01 00:00:00+00:00
[2024-10-24T04:13:59.786+0000] {processor.py:208} INFO - Processing /home/airflow/.local/lib/python3.12/site-packages/airflow/example_dags/example_xcom.py took 0.099 seconds
[2024-10-24T04:14:30.343+0000] {processor.py:186} INFO - Started process (PID=99588) to work on /home/airflow/.local/lib/python3.12/site-packages/airflow/example_dags/example_xcom.py
[2024-10-24T04:14:30.344+0000] {processor.py:914} INFO - Processing file /home/airflow/.local/lib/python3.12/site-packages/airflow/example_dags/example_xcom.py for tasks to queue
[2024-10-24T04:14:30.345+0000] {logging_mixin.py:190} INFO - [2024-10-24T04:14:30.345+0000] {dagbag.py:588} INFO - Filling up the DagBag from /home/airflow/.local/lib/python3.12/site-packages/airflow/example_dags/example_xcom.py
[2024-10-24T04:14:30.354+0000] {processor.py:925} INFO - DAG(s) 'example_xcom' retrieved from /home/airflow/.local/lib/python3.12/site-packages/airflow/example_dags/example_xcom.py
[2024-10-24T04:14:30.380+0000] {logging_mixin.py:190} INFO - [2024-10-24T04:14:30.380+0000] {dag.py:3239} INFO - Sync 1 DAGs
[2024-10-24T04:14:30.405+0000] {logging_mixin.py:190} INFO - [2024-10-24T04:14:30.405+0000] {dag.py:4180} INFO - Setting next_dagrun for example_xcom to 2021-01-01 00:00:00+00:00, run_after=2021-01-01 00:00:00+00:00
[2024-10-24T04:14:30.425+0000] {processor.py:208} INFO - Processing /home/airflow/.local/lib/python3.12/site-packages/airflow/example_dags/example_xcom.py took 0.090 seconds
[2024-10-24T04:15:00.725+0000] {processor.py:186} INFO - Started process (PID=99653) to work on /home/airflow/.local/lib/python3.12/site-packages/airflow/example_dags/example_xcom.py
[2024-10-24T04:15:00.726+0000] {processor.py:914} INFO - Processing file /home/airflow/.local/lib/python3.12/site-packages/airflow/example_dags/example_xcom.py for tasks to queue
[2024-10-24T04:15:00.727+0000] {logging_mixin.py:190} INFO - [2024-10-24T04:15:00.727+0000] {dagbag.py:588} INFO - Filling up the DagBag from /home/airflow/.local/lib/python3.12/site-packages/airflow/example_dags/example_xcom.py
[2024-10-24T04:15:00.737+0000] {processor.py:925} INFO - DAG(s) 'example_xcom' retrieved from /home/airflow/.local/lib/python3.12/site-packages/airflow/example_dags/example_xcom.py
[2024-10-24T04:15:00.763+0000] {logging_mixin.py:190} INFO - [2024-10-24T04:15:00.762+0000] {dag.py:3239} INFO - Sync 1 DAGs
[2024-10-24T04:15:00.789+0000] {logging_mixin.py:190} INFO - [2024-10-24T04:15:00.789+0000] {dag.py:4180} INFO - Setting next_dagrun for example_xcom to 2021-01-01 00:00:00+00:00, run_after=2021-01-01 00:00:00+00:00
[2024-10-24T04:15:00.808+0000] {processor.py:208} INFO - Processing /home/airflow/.local/lib/python3.12/site-packages/airflow/example_dags/example_xcom.py took 0.090 seconds
[2024-10-24T04:15:31.389+0000] {processor.py:186} INFO - Started process (PID=99720) to work on /home/airflow/.local/lib/python3.12/site-packages/airflow/example_dags/example_xcom.py
[2024-10-24T04:15:31.391+0000] {processor.py:914} INFO - Processing file /home/airflow/.local/lib/python3.12/site-packages/airflow/example_dags/example_xcom.py for tasks to queue
[2024-10-24T04:15:31.393+0000] {logging_mixin.py:190} INFO - [2024-10-24T04:15:31.392+0000] {dagbag.py:588} INFO - Filling up the DagBag from /home/airflow/.local/lib/python3.12/site-packages/airflow/example_dags/example_xcom.py
[2024-10-24T04:15:31.401+0000] {processor.py:925} INFO - DAG(s) 'example_xcom' retrieved from /home/airflow/.local/lib/python3.12/site-packages/airflow/example_dags/example_xcom.py
[2024-10-24T04:15:31.426+0000] {logging_mixin.py:190} INFO - [2024-10-24T04:15:31.426+0000] {dag.py:3239} INFO - Sync 1 DAGs
[2024-10-24T04:15:31.450+0000] {logging_mixin.py:190} INFO - [2024-10-24T04:15:31.450+0000] {dag.py:4180} INFO - Setting next_dagrun for example_xcom to 2021-01-01 00:00:00+00:00, run_after=2021-01-01 00:00:00+00:00
[2024-10-24T04:15:31.470+0000] {processor.py:208} INFO - Processing /home/airflow/.local/lib/python3.12/site-packages/airflow/example_dags/example_xcom.py took 0.089 seconds
[2024-10-24T06:56:04.310+0000] {processor.py:186} INFO - Started process (PID=99788) to work on /home/airflow/.local/lib/python3.12/site-packages/airflow/example_dags/example_xcom.py
[2024-10-24T06:56:04.311+0000] {processor.py:914} INFO - Processing file /home/airflow/.local/lib/python3.12/site-packages/airflow/example_dags/example_xcom.py for tasks to queue
[2024-10-24T06:56:04.313+0000] {logging_mixin.py:190} INFO - [2024-10-24T06:56:04.312+0000] {dagbag.py:588} INFO - Filling up the DagBag from /home/airflow/.local/lib/python3.12/site-packages/airflow/example_dags/example_xcom.py
[2024-10-24T06:56:04.324+0000] {processor.py:925} INFO - DAG(s) 'example_xcom' retrieved from /home/airflow/.local/lib/python3.12/site-packages/airflow/example_dags/example_xcom.py
[2024-10-24T06:56:04.360+0000] {logging_mixin.py:190} INFO - [2024-10-24T06:56:04.359+0000] {dag.py:3239} INFO - Sync 1 DAGs
[2024-10-24T06:56:04.394+0000] {logging_mixin.py:190} INFO - [2024-10-24T06:56:04.394+0000] {dag.py:4180} INFO - Setting next_dagrun for example_xcom to 2021-01-01 00:00:00+00:00, run_after=2021-01-01 00:00:00+00:00
[2024-10-24T06:56:04.420+0000] {processor.py:208} INFO - Processing /home/airflow/.local/lib/python3.12/site-packages/airflow/example_dags/example_xcom.py took 0.121 seconds
[2024-10-24T06:56:35.411+0000] {processor.py:186} INFO - Started process (PID=99855) to work on /home/airflow/.local/lib/python3.12/site-packages/airflow/example_dags/example_xcom.py
[2024-10-24T06:56:35.412+0000] {processor.py:914} INFO - Processing file /home/airflow/.local/lib/python3.12/site-packages/airflow/example_dags/example_xcom.py for tasks to queue
[2024-10-24T06:56:35.414+0000] {logging_mixin.py:190} INFO - [2024-10-24T06:56:35.413+0000] {dagbag.py:588} INFO - Filling up the DagBag from /home/airflow/.local/lib/python3.12/site-packages/airflow/example_dags/example_xcom.py
[2024-10-24T06:56:35.422+0000] {processor.py:925} INFO - DAG(s) 'example_xcom' retrieved from /home/airflow/.local/lib/python3.12/site-packages/airflow/example_dags/example_xcom.py
[2024-10-24T06:56:35.448+0000] {logging_mixin.py:190} INFO - [2024-10-24T06:56:35.448+0000] {dag.py:3239} INFO - Sync 1 DAGs
[2024-10-24T06:56:35.473+0000] {logging_mixin.py:190} INFO - [2024-10-24T06:56:35.473+0000] {dag.py:4180} INFO - Setting next_dagrun for example_xcom to 2021-01-01 00:00:00+00:00, run_after=2021-01-01 00:00:00+00:00
[2024-10-24T06:56:35.491+0000] {processor.py:208} INFO - Processing /home/airflow/.local/lib/python3.12/site-packages/airflow/example_dags/example_xcom.py took 0.088 seconds
[2024-10-24T06:57:06.311+0000] {processor.py:186} INFO - Started process (PID=99922) to work on /home/airflow/.local/lib/python3.12/site-packages/airflow/example_dags/example_xcom.py
[2024-10-24T06:57:06.312+0000] {processor.py:914} INFO - Processing file /home/airflow/.local/lib/python3.12/site-packages/airflow/example_dags/example_xcom.py for tasks to queue
[2024-10-24T06:57:06.314+0000] {logging_mixin.py:190} INFO - [2024-10-24T06:57:06.314+0000] {dagbag.py:588} INFO - Filling up the DagBag from /home/airflow/.local/lib/python3.12/site-packages/airflow/example_dags/example_xcom.py
[2024-10-24T06:57:06.324+0000] {processor.py:925} INFO - DAG(s) 'example_xcom' retrieved from /home/airflow/.local/lib/python3.12/site-packages/airflow/example_dags/example_xcom.py
[2024-10-24T06:57:06.355+0000] {logging_mixin.py:190} INFO - [2024-10-24T06:57:06.354+0000] {dag.py:3239} INFO - Sync 1 DAGs
[2024-10-24T06:57:06.394+0000] {logging_mixin.py:190} INFO - [2024-10-24T06:57:06.394+0000] {dag.py:4180} INFO - Setting next_dagrun for example_xcom to 2021-01-01 00:00:00+00:00, run_after=2021-01-01 00:00:00+00:00
[2024-10-24T06:57:06.420+0000] {processor.py:208} INFO - Processing /home/airflow/.local/lib/python3.12/site-packages/airflow/example_dags/example_xcom.py took 0.121 seconds
[2024-10-24T06:57:36.718+0000] {processor.py:186} INFO - Started process (PID=99989) to work on /home/airflow/.local/lib/python3.12/site-packages/airflow/example_dags/example_xcom.py
[2024-10-24T06:57:36.719+0000] {processor.py:914} INFO - Processing file /home/airflow/.local/lib/python3.12/site-packages/airflow/example_dags/example_xcom.py for tasks to queue
[2024-10-24T06:57:36.720+0000] {logging_mixin.py:190} INFO - [2024-10-24T06:57:36.720+0000] {dagbag.py:588} INFO - Filling up the DagBag from /home/airflow/.local/lib/python3.12/site-packages/airflow/example_dags/example_xcom.py
[2024-10-24T06:57:36.749+0000] {processor.py:925} INFO - DAG(s) 'example_xcom' retrieved from /home/airflow/.local/lib/python3.12/site-packages/airflow/example_dags/example_xcom.py
[2024-10-24T06:57:36.805+0000] {logging_mixin.py:190} INFO - [2024-10-24T06:57:36.804+0000] {dag.py:3239} INFO - Sync 1 DAGs
[2024-10-24T06:57:36.832+0000] {logging_mixin.py:190} INFO - [2024-10-24T06:57:36.832+0000] {dag.py:4180} INFO - Setting next_dagrun for example_xcom to 2021-01-01 00:00:00+00:00, run_after=2021-01-01 00:00:00+00:00
[2024-10-24T06:57:36.854+0000] {processor.py:208} INFO - Processing /home/airflow/.local/lib/python3.12/site-packages/airflow/example_dags/example_xcom.py took 0.146 seconds
[2024-10-24T06:58:07.346+0000] {processor.py:186} INFO - Started process (PID=100056) to work on /home/airflow/.local/lib/python3.12/site-packages/airflow/example_dags/example_xcom.py
[2024-10-24T06:58:07.348+0000] {processor.py:914} INFO - Processing file /home/airflow/.local/lib/python3.12/site-packages/airflow/example_dags/example_xcom.py for tasks to queue
[2024-10-24T06:58:07.349+0000] {logging_mixin.py:190} INFO - [2024-10-24T06:58:07.349+0000] {dagbag.py:588} INFO - Filling up the DagBag from /home/airflow/.local/lib/python3.12/site-packages/airflow/example_dags/example_xcom.py
[2024-10-24T06:58:07.358+0000] {processor.py:925} INFO - DAG(s) 'example_xcom' retrieved from /home/airflow/.local/lib/python3.12/site-packages/airflow/example_dags/example_xcom.py
[2024-10-24T06:58:07.397+0000] {logging_mixin.py:190} INFO - [2024-10-24T06:58:07.396+0000] {dag.py:3239} INFO - Sync 1 DAGs
[2024-10-24T06:58:07.430+0000] {logging_mixin.py:190} INFO - [2024-10-24T06:58:07.430+0000] {dag.py:4180} INFO - Setting next_dagrun for example_xcom to 2021-01-01 00:00:00+00:00, run_after=2021-01-01 00:00:00+00:00
[2024-10-24T06:58:07.453+0000] {processor.py:208} INFO - Processing /home/airflow/.local/lib/python3.12/site-packages/airflow/example_dags/example_xcom.py took 0.115 seconds
[2024-10-24T06:58:38.040+0000] {processor.py:186} INFO - Started process (PID=100122) to work on /home/airflow/.local/lib/python3.12/site-packages/airflow/example_dags/example_xcom.py
[2024-10-24T06:58:38.042+0000] {processor.py:914} INFO - Processing file /home/airflow/.local/lib/python3.12/site-packages/airflow/example_dags/example_xcom.py for tasks to queue
[2024-10-24T06:58:38.044+0000] {logging_mixin.py:190} INFO - [2024-10-24T06:58:38.043+0000] {dagbag.py:588} INFO - Filling up the DagBag from /home/airflow/.local/lib/python3.12/site-packages/airflow/example_dags/example_xcom.py
[2024-10-24T06:58:38.053+0000] {processor.py:925} INFO - DAG(s) 'example_xcom' retrieved from /home/airflow/.local/lib/python3.12/site-packages/airflow/example_dags/example_xcom.py
[2024-10-24T06:58:38.080+0000] {logging_mixin.py:190} INFO - [2024-10-24T06:58:38.079+0000] {dag.py:3239} INFO - Sync 1 DAGs
[2024-10-24T06:58:38.109+0000] {logging_mixin.py:190} INFO - [2024-10-24T06:58:38.109+0000] {dag.py:4180} INFO - Setting next_dagrun for example_xcom to 2021-01-01 00:00:00+00:00, run_after=2021-01-01 00:00:00+00:00
[2024-10-24T06:58:38.129+0000] {processor.py:208} INFO - Processing /home/airflow/.local/lib/python3.12/site-packages/airflow/example_dags/example_xcom.py took 0.099 seconds
