[2024-10-24T04:09:22.740+0000] {processor.py:186} INFO - Started process (PID=98929) to work on /home/airflow/.local/lib/python3.12/site-packages/airflow/example_dags/example_display_name.py
[2024-10-24T04:09:22.741+0000] {processor.py:914} INFO - Processing file /home/airflow/.local/lib/python3.12/site-packages/airflow/example_dags/example_display_name.py for tasks to queue
[2024-10-24T04:09:22.745+0000] {logging_mixin.py:190} INFO - [2024-10-24T04:09:22.744+0000] {dagbag.py:588} INFO - Filling up the DagBag from /home/airflow/.local/lib/python3.12/site-packages/airflow/example_dags/example_display_name.py
[2024-10-24T04:09:22.752+0000] {processor.py:925} INFO - DAG(s) 'example_display_name' retrieved from /home/airflow/.local/lib/python3.12/site-packages/airflow/example_dags/example_display_name.py
[2024-10-24T04:09:22.788+0000] {logging_mixin.py:190} INFO - [2024-10-24T04:09:22.788+0000] {dag.py:3239} INFO - Sync 1 DAGs
[2024-10-24T04:09:22.820+0000] {logging_mixin.py:190} INFO - [2024-10-24T04:09:22.820+0000] {dag.py:4180} INFO - Setting next_dagrun for example_display_name to None, run_after=None
[2024-10-24T04:09:22.847+0000] {processor.py:208} INFO - Processing /home/airflow/.local/lib/python3.12/site-packages/airflow/example_dags/example_display_name.py took 0.119 seconds
[2024-10-24T04:09:53.312+0000] {processor.py:186} INFO - Started process (PID=98996) to work on /home/airflow/.local/lib/python3.12/site-packages/airflow/example_dags/example_display_name.py
[2024-10-24T04:09:53.313+0000] {processor.py:914} INFO - Processing file /home/airflow/.local/lib/python3.12/site-packages/airflow/example_dags/example_display_name.py for tasks to queue
[2024-10-24T04:09:53.315+0000] {logging_mixin.py:190} INFO - [2024-10-24T04:09:53.314+0000] {dagbag.py:588} INFO - Filling up the DagBag from /home/airflow/.local/lib/python3.12/site-packages/airflow/example_dags/example_display_name.py
[2024-10-24T04:09:53.322+0000] {processor.py:925} INFO - DAG(s) 'example_display_name' retrieved from /home/airflow/.local/lib/python3.12/site-packages/airflow/example_dags/example_display_name.py
[2024-10-24T04:09:53.352+0000] {logging_mixin.py:190} INFO - [2024-10-24T04:09:53.351+0000] {dag.py:3239} INFO - Sync 1 DAGs
[2024-10-24T04:09:53.370+0000] {logging_mixin.py:190} INFO - [2024-10-24T04:09:53.370+0000] {dag.py:4180} INFO - Setting next_dagrun for example_display_name to None, run_after=None
[2024-10-24T04:09:53.392+0000] {processor.py:208} INFO - Processing /home/airflow/.local/lib/python3.12/site-packages/airflow/example_dags/example_display_name.py took 0.087 seconds
[2024-10-24T04:10:24.026+0000] {processor.py:186} INFO - Started process (PID=99062) to work on /home/airflow/.local/lib/python3.12/site-packages/airflow/example_dags/example_display_name.py
[2024-10-24T04:10:24.028+0000] {processor.py:914} INFO - Processing file /home/airflow/.local/lib/python3.12/site-packages/airflow/example_dags/example_display_name.py for tasks to queue
[2024-10-24T04:10:24.031+0000] {logging_mixin.py:190} INFO - [2024-10-24T04:10:24.030+0000] {dagbag.py:588} INFO - Filling up the DagBag from /home/airflow/.local/lib/python3.12/site-packages/airflow/example_dags/example_display_name.py
[2024-10-24T04:10:24.037+0000] {processor.py:925} INFO - DAG(s) 'example_display_name' retrieved from /home/airflow/.local/lib/python3.12/site-packages/airflow/example_dags/example_display_name.py
[2024-10-24T04:10:24.062+0000] {logging_mixin.py:190} INFO - [2024-10-24T04:10:24.061+0000] {dag.py:3239} INFO - Sync 1 DAGs
[2024-10-24T04:10:24.079+0000] {logging_mixin.py:190} INFO - [2024-10-24T04:10:24.079+0000] {dag.py:4180} INFO - Setting next_dagrun for example_display_name to None, run_after=None
[2024-10-24T04:10:24.106+0000] {processor.py:208} INFO - Processing /home/airflow/.local/lib/python3.12/site-packages/airflow/example_dags/example_display_name.py took 0.088 seconds
[2024-10-24T04:10:54.703+0000] {processor.py:186} INFO - Started process (PID=99128) to work on /home/airflow/.local/lib/python3.12/site-packages/airflow/example_dags/example_display_name.py
[2024-10-24T04:10:54.705+0000] {processor.py:914} INFO - Processing file /home/airflow/.local/lib/python3.12/site-packages/airflow/example_dags/example_display_name.py for tasks to queue
[2024-10-24T04:10:54.706+0000] {logging_mixin.py:190} INFO - [2024-10-24T04:10:54.706+0000] {dagbag.py:588} INFO - Filling up the DagBag from /home/airflow/.local/lib/python3.12/site-packages/airflow/example_dags/example_display_name.py
[2024-10-24T04:10:54.713+0000] {processor.py:925} INFO - DAG(s) 'example_display_name' retrieved from /home/airflow/.local/lib/python3.12/site-packages/airflow/example_dags/example_display_name.py
[2024-10-24T04:10:54.740+0000] {logging_mixin.py:190} INFO - [2024-10-24T04:10:54.739+0000] {dag.py:3239} INFO - Sync 1 DAGs
[2024-10-24T04:10:54.758+0000] {logging_mixin.py:190} INFO - [2024-10-24T04:10:54.757+0000] {dag.py:4180} INFO - Setting next_dagrun for example_display_name to None, run_after=None
[2024-10-24T04:10:54.776+0000] {processor.py:208} INFO - Processing /home/airflow/.local/lib/python3.12/site-packages/airflow/example_dags/example_display_name.py took 0.080 seconds
[2024-10-24T04:11:25.869+0000] {processor.py:186} INFO - Started process (PID=99195) to work on /home/airflow/.local/lib/python3.12/site-packages/airflow/example_dags/example_display_name.py
[2024-10-24T04:11:25.870+0000] {processor.py:914} INFO - Processing file /home/airflow/.local/lib/python3.12/site-packages/airflow/example_dags/example_display_name.py for tasks to queue
[2024-10-24T04:11:25.871+0000] {logging_mixin.py:190} INFO - [2024-10-24T04:11:25.871+0000] {dagbag.py:588} INFO - Filling up the DagBag from /home/airflow/.local/lib/python3.12/site-packages/airflow/example_dags/example_display_name.py
[2024-10-24T04:11:25.877+0000] {processor.py:925} INFO - DAG(s) 'example_display_name' retrieved from /home/airflow/.local/lib/python3.12/site-packages/airflow/example_dags/example_display_name.py
[2024-10-24T04:11:25.903+0000] {logging_mixin.py:190} INFO - [2024-10-24T04:11:25.903+0000] {dag.py:3239} INFO - Sync 1 DAGs
[2024-10-24T04:11:25.920+0000] {logging_mixin.py:190} INFO - [2024-10-24T04:11:25.920+0000] {dag.py:4180} INFO - Setting next_dagrun for example_display_name to None, run_after=None
[2024-10-24T04:11:25.939+0000] {processor.py:208} INFO - Processing /home/airflow/.local/lib/python3.12/site-packages/airflow/example_dags/example_display_name.py took 0.079 seconds
[2024-10-24T04:11:58.891+0000] {processor.py:186} INFO - Started process (PID=99262) to work on /home/airflow/.local/lib/python3.12/site-packages/airflow/example_dags/example_display_name.py
[2024-10-24T04:11:58.892+0000] {processor.py:914} INFO - Processing file /home/airflow/.local/lib/python3.12/site-packages/airflow/example_dags/example_display_name.py for tasks to queue
[2024-10-24T04:11:58.894+0000] {logging_mixin.py:190} INFO - [2024-10-24T04:11:58.893+0000] {dagbag.py:588} INFO - Filling up the DagBag from /home/airflow/.local/lib/python3.12/site-packages/airflow/example_dags/example_display_name.py
[2024-10-24T04:11:58.901+0000] {processor.py:925} INFO - DAG(s) 'example_display_name' retrieved from /home/airflow/.local/lib/python3.12/site-packages/airflow/example_dags/example_display_name.py
[2024-10-24T04:11:58.932+0000] {logging_mixin.py:190} INFO - [2024-10-24T04:11:58.932+0000] {dag.py:3239} INFO - Sync 1 DAGs
[2024-10-24T04:11:58.952+0000] {logging_mixin.py:190} INFO - [2024-10-24T04:11:58.951+0000] {dag.py:4180} INFO - Setting next_dagrun for example_display_name to None, run_after=None
[2024-10-24T04:11:58.973+0000] {processor.py:208} INFO - Processing /home/airflow/.local/lib/python3.12/site-packages/airflow/example_dags/example_display_name.py took 0.092 seconds
[2024-10-24T04:12:29.891+0000] {processor.py:186} INFO - Started process (PID=99329) to work on /home/airflow/.local/lib/python3.12/site-packages/airflow/example_dags/example_display_name.py
[2024-10-24T04:12:29.893+0000] {processor.py:914} INFO - Processing file /home/airflow/.local/lib/python3.12/site-packages/airflow/example_dags/example_display_name.py for tasks to queue
[2024-10-24T04:12:29.894+0000] {logging_mixin.py:190} INFO - [2024-10-24T04:12:29.894+0000] {dagbag.py:588} INFO - Filling up the DagBag from /home/airflow/.local/lib/python3.12/site-packages/airflow/example_dags/example_display_name.py
[2024-10-24T04:12:29.901+0000] {processor.py:925} INFO - DAG(s) 'example_display_name' retrieved from /home/airflow/.local/lib/python3.12/site-packages/airflow/example_dags/example_display_name.py
[2024-10-24T04:12:29.925+0000] {logging_mixin.py:190} INFO - [2024-10-24T04:12:29.925+0000] {dag.py:3239} INFO - Sync 1 DAGs
[2024-10-24T04:12:29.946+0000] {logging_mixin.py:190} INFO - [2024-10-24T04:12:29.946+0000] {dag.py:4180} INFO - Setting next_dagrun for example_display_name to None, run_after=None
[2024-10-24T04:12:29.966+0000] {processor.py:208} INFO - Processing /home/airflow/.local/lib/python3.12/site-packages/airflow/example_dags/example_display_name.py took 0.083 seconds
[2024-10-24T04:13:00.199+0000] {processor.py:186} INFO - Started process (PID=99394) to work on /home/airflow/.local/lib/python3.12/site-packages/airflow/example_dags/example_display_name.py
[2024-10-24T04:13:00.201+0000] {processor.py:914} INFO - Processing file /home/airflow/.local/lib/python3.12/site-packages/airflow/example_dags/example_display_name.py for tasks to queue
[2024-10-24T04:13:00.203+0000] {logging_mixin.py:190} INFO - [2024-10-24T04:13:00.202+0000] {dagbag.py:588} INFO - Filling up the DagBag from /home/airflow/.local/lib/python3.12/site-packages/airflow/example_dags/example_display_name.py
[2024-10-24T04:13:00.209+0000] {processor.py:925} INFO - DAG(s) 'example_display_name' retrieved from /home/airflow/.local/lib/python3.12/site-packages/airflow/example_dags/example_display_name.py
[2024-10-24T04:13:00.234+0000] {logging_mixin.py:190} INFO - [2024-10-24T04:13:00.234+0000] {dag.py:3239} INFO - Sync 1 DAGs
[2024-10-24T04:13:00.252+0000] {logging_mixin.py:190} INFO - [2024-10-24T04:13:00.252+0000] {dag.py:4180} INFO - Setting next_dagrun for example_display_name to None, run_after=None
[2024-10-24T04:13:00.271+0000] {processor.py:208} INFO - Processing /home/airflow/.local/lib/python3.12/site-packages/airflow/example_dags/example_display_name.py took 0.081 seconds
[2024-10-24T04:13:30.576+0000] {processor.py:186} INFO - Started process (PID=99461) to work on /home/airflow/.local/lib/python3.12/site-packages/airflow/example_dags/example_display_name.py
[2024-10-24T04:13:30.577+0000] {processor.py:914} INFO - Processing file /home/airflow/.local/lib/python3.12/site-packages/airflow/example_dags/example_display_name.py for tasks to queue
[2024-10-24T04:13:30.579+0000] {logging_mixin.py:190} INFO - [2024-10-24T04:13:30.578+0000] {dagbag.py:588} INFO - Filling up the DagBag from /home/airflow/.local/lib/python3.12/site-packages/airflow/example_dags/example_display_name.py
[2024-10-24T04:13:30.587+0000] {processor.py:925} INFO - DAG(s) 'example_display_name' retrieved from /home/airflow/.local/lib/python3.12/site-packages/airflow/example_dags/example_display_name.py
[2024-10-24T04:13:30.617+0000] {logging_mixin.py:190} INFO - [2024-10-24T04:13:30.616+0000] {dag.py:3239} INFO - Sync 1 DAGs
[2024-10-24T04:13:30.638+0000] {logging_mixin.py:190} INFO - [2024-10-24T04:13:30.638+0000] {dag.py:4180} INFO - Setting next_dagrun for example_display_name to None, run_after=None
[2024-10-24T04:13:30.659+0000] {processor.py:208} INFO - Processing /home/airflow/.local/lib/python3.12/site-packages/airflow/example_dags/example_display_name.py took 0.094 seconds
[2024-10-24T04:14:01.189+0000] {processor.py:186} INFO - Started process (PID=99528) to work on /home/airflow/.local/lib/python3.12/site-packages/airflow/example_dags/example_display_name.py
[2024-10-24T04:14:01.190+0000] {processor.py:914} INFO - Processing file /home/airflow/.local/lib/python3.12/site-packages/airflow/example_dags/example_display_name.py for tasks to queue
[2024-10-24T04:14:01.192+0000] {logging_mixin.py:190} INFO - [2024-10-24T04:14:01.192+0000] {dagbag.py:588} INFO - Filling up the DagBag from /home/airflow/.local/lib/python3.12/site-packages/airflow/example_dags/example_display_name.py
[2024-10-24T04:14:01.200+0000] {processor.py:925} INFO - DAG(s) 'example_display_name' retrieved from /home/airflow/.local/lib/python3.12/site-packages/airflow/example_dags/example_display_name.py
[2024-10-24T04:14:01.223+0000] {logging_mixin.py:190} INFO - [2024-10-24T04:14:01.223+0000] {dag.py:3239} INFO - Sync 1 DAGs
[2024-10-24T04:14:01.242+0000] {logging_mixin.py:190} INFO - [2024-10-24T04:14:01.242+0000] {dag.py:4180} INFO - Setting next_dagrun for example_display_name to None, run_after=None
[2024-10-24T04:14:01.271+0000] {processor.py:208} INFO - Processing /home/airflow/.local/lib/python3.12/site-packages/airflow/example_dags/example_display_name.py took 0.091 seconds
[2024-10-24T04:14:31.901+0000] {processor.py:186} INFO - Started process (PID=99595) to work on /home/airflow/.local/lib/python3.12/site-packages/airflow/example_dags/example_display_name.py
[2024-10-24T04:14:31.902+0000] {processor.py:914} INFO - Processing file /home/airflow/.local/lib/python3.12/site-packages/airflow/example_dags/example_display_name.py for tasks to queue
[2024-10-24T04:14:31.904+0000] {logging_mixin.py:190} INFO - [2024-10-24T04:14:31.903+0000] {dagbag.py:588} INFO - Filling up the DagBag from /home/airflow/.local/lib/python3.12/site-packages/airflow/example_dags/example_display_name.py
[2024-10-24T04:14:31.911+0000] {processor.py:925} INFO - DAG(s) 'example_display_name' retrieved from /home/airflow/.local/lib/python3.12/site-packages/airflow/example_dags/example_display_name.py
[2024-10-24T04:14:31.932+0000] {logging_mixin.py:190} INFO - [2024-10-24T04:14:31.932+0000] {dag.py:3239} INFO - Sync 1 DAGs
[2024-10-24T04:14:31.949+0000] {logging_mixin.py:190} INFO - [2024-10-24T04:14:31.949+0000] {dag.py:4180} INFO - Setting next_dagrun for example_display_name to None, run_after=None
[2024-10-24T04:14:31.968+0000] {processor.py:208} INFO - Processing /home/airflow/.local/lib/python3.12/site-packages/airflow/example_dags/example_display_name.py took 0.075 seconds
[2024-10-24T04:15:02.441+0000] {processor.py:186} INFO - Started process (PID=99661) to work on /home/airflow/.local/lib/python3.12/site-packages/airflow/example_dags/example_display_name.py
[2024-10-24T04:15:02.442+0000] {processor.py:914} INFO - Processing file /home/airflow/.local/lib/python3.12/site-packages/airflow/example_dags/example_display_name.py for tasks to queue
[2024-10-24T04:15:02.444+0000] {logging_mixin.py:190} INFO - [2024-10-24T04:15:02.443+0000] {dagbag.py:588} INFO - Filling up the DagBag from /home/airflow/.local/lib/python3.12/site-packages/airflow/example_dags/example_display_name.py
[2024-10-24T04:15:02.450+0000] {processor.py:925} INFO - DAG(s) 'example_display_name' retrieved from /home/airflow/.local/lib/python3.12/site-packages/airflow/example_dags/example_display_name.py
[2024-10-24T04:15:02.473+0000] {logging_mixin.py:190} INFO - [2024-10-24T04:15:02.473+0000] {dag.py:3239} INFO - Sync 1 DAGs
[2024-10-24T04:15:02.490+0000] {logging_mixin.py:190} INFO - [2024-10-24T04:15:02.490+0000] {dag.py:4180} INFO - Setting next_dagrun for example_display_name to None, run_after=None
[2024-10-24T04:15:02.506+0000] {processor.py:208} INFO - Processing /home/airflow/.local/lib/python3.12/site-packages/airflow/example_dags/example_display_name.py took 0.073 seconds
[2024-10-24T04:15:33.047+0000] {processor.py:186} INFO - Started process (PID=99728) to work on /home/airflow/.local/lib/python3.12/site-packages/airflow/example_dags/example_display_name.py
[2024-10-24T04:15:33.049+0000] {processor.py:914} INFO - Processing file /home/airflow/.local/lib/python3.12/site-packages/airflow/example_dags/example_display_name.py for tasks to queue
[2024-10-24T04:15:33.050+0000] {logging_mixin.py:190} INFO - [2024-10-24T04:15:33.049+0000] {dagbag.py:588} INFO - Filling up the DagBag from /home/airflow/.local/lib/python3.12/site-packages/airflow/example_dags/example_display_name.py
[2024-10-24T04:15:33.056+0000] {processor.py:925} INFO - DAG(s) 'example_display_name' retrieved from /home/airflow/.local/lib/python3.12/site-packages/airflow/example_dags/example_display_name.py
[2024-10-24T04:15:33.079+0000] {logging_mixin.py:190} INFO - [2024-10-24T04:15:33.079+0000] {dag.py:3239} INFO - Sync 1 DAGs
[2024-10-24T04:15:33.097+0000] {logging_mixin.py:190} INFO - [2024-10-24T04:15:33.097+0000] {dag.py:4180} INFO - Setting next_dagrun for example_display_name to None, run_after=None
[2024-10-24T04:15:33.116+0000] {processor.py:208} INFO - Processing /home/airflow/.local/lib/python3.12/site-packages/airflow/example_dags/example_display_name.py took 0.077 seconds
[2024-10-24T06:56:05.135+0000] {processor.py:186} INFO - Started process (PID=99796) to work on /home/airflow/.local/lib/python3.12/site-packages/airflow/example_dags/example_display_name.py
[2024-10-24T06:56:05.137+0000] {processor.py:914} INFO - Processing file /home/airflow/.local/lib/python3.12/site-packages/airflow/example_dags/example_display_name.py for tasks to queue
[2024-10-24T06:56:05.142+0000] {logging_mixin.py:190} INFO - [2024-10-24T06:56:05.141+0000] {dagbag.py:588} INFO - Filling up the DagBag from /home/airflow/.local/lib/python3.12/site-packages/airflow/example_dags/example_display_name.py
[2024-10-24T06:56:05.149+0000] {processor.py:925} INFO - DAG(s) 'example_display_name' retrieved from /home/airflow/.local/lib/python3.12/site-packages/airflow/example_dags/example_display_name.py
[2024-10-24T06:56:05.187+0000] {logging_mixin.py:190} INFO - [2024-10-24T06:56:05.187+0000] {dag.py:3239} INFO - Sync 1 DAGs
[2024-10-24T06:56:05.209+0000] {logging_mixin.py:190} INFO - [2024-10-24T06:56:05.209+0000] {dag.py:4180} INFO - Setting next_dagrun for example_display_name to None, run_after=None
[2024-10-24T06:56:05.234+0000] {processor.py:208} INFO - Processing /home/airflow/.local/lib/python3.12/site-packages/airflow/example_dags/example_display_name.py took 0.113 seconds
[2024-10-24T06:56:36.191+0000] {processor.py:186} INFO - Started process (PID=99863) to work on /home/airflow/.local/lib/python3.12/site-packages/airflow/example_dags/example_display_name.py
[2024-10-24T06:56:36.193+0000] {processor.py:914} INFO - Processing file /home/airflow/.local/lib/python3.12/site-packages/airflow/example_dags/example_display_name.py for tasks to queue
[2024-10-24T06:56:36.194+0000] {logging_mixin.py:190} INFO - [2024-10-24T06:56:36.194+0000] {dagbag.py:588} INFO - Filling up the DagBag from /home/airflow/.local/lib/python3.12/site-packages/airflow/example_dags/example_display_name.py
[2024-10-24T06:56:36.203+0000] {processor.py:925} INFO - DAG(s) 'example_display_name' retrieved from /home/airflow/.local/lib/python3.12/site-packages/airflow/example_dags/example_display_name.py
[2024-10-24T06:56:36.230+0000] {logging_mixin.py:190} INFO - [2024-10-24T06:56:36.230+0000] {dag.py:3239} INFO - Sync 1 DAGs
[2024-10-24T06:56:36.250+0000] {logging_mixin.py:190} INFO - [2024-10-24T06:56:36.250+0000] {dag.py:4180} INFO - Setting next_dagrun for example_display_name to None, run_after=None
[2024-10-24T06:56:36.272+0000] {processor.py:208} INFO - Processing /home/airflow/.local/lib/python3.12/site-packages/airflow/example_dags/example_display_name.py took 0.090 seconds
[2024-10-24T06:57:06.947+0000] {processor.py:186} INFO - Started process (PID=99930) to work on /home/airflow/.local/lib/python3.12/site-packages/airflow/example_dags/example_display_name.py
[2024-10-24T06:57:06.949+0000] {processor.py:914} INFO - Processing file /home/airflow/.local/lib/python3.12/site-packages/airflow/example_dags/example_display_name.py for tasks to queue
[2024-10-24T06:57:06.951+0000] {logging_mixin.py:190} INFO - [2024-10-24T06:57:06.950+0000] {dagbag.py:588} INFO - Filling up the DagBag from /home/airflow/.local/lib/python3.12/site-packages/airflow/example_dags/example_display_name.py
[2024-10-24T06:57:06.959+0000] {processor.py:925} INFO - DAG(s) 'example_display_name' retrieved from /home/airflow/.local/lib/python3.12/site-packages/airflow/example_dags/example_display_name.py
[2024-10-24T06:57:06.996+0000] {logging_mixin.py:190} INFO - [2024-10-24T06:57:06.996+0000] {dag.py:3239} INFO - Sync 1 DAGs
[2024-10-24T06:57:07.018+0000] {logging_mixin.py:190} INFO - [2024-10-24T06:57:07.018+0000] {dag.py:4180} INFO - Setting next_dagrun for example_display_name to None, run_after=None
[2024-10-24T06:57:07.049+0000] {processor.py:208} INFO - Processing /home/airflow/.local/lib/python3.12/site-packages/airflow/example_dags/example_display_name.py took 0.113 seconds
[2024-10-24T06:57:37.214+0000] {processor.py:186} INFO - Started process (PID=99996) to work on /home/airflow/.local/lib/python3.12/site-packages/airflow/example_dags/example_display_name.py
[2024-10-24T06:57:37.216+0000] {processor.py:914} INFO - Processing file /home/airflow/.local/lib/python3.12/site-packages/airflow/example_dags/example_display_name.py for tasks to queue
[2024-10-24T06:57:37.217+0000] {logging_mixin.py:190} INFO - [2024-10-24T06:57:37.217+0000] {dagbag.py:588} INFO - Filling up the DagBag from /home/airflow/.local/lib/python3.12/site-packages/airflow/example_dags/example_display_name.py
[2024-10-24T06:57:37.229+0000] {processor.py:925} INFO - DAG(s) 'example_display_name' retrieved from /home/airflow/.local/lib/python3.12/site-packages/airflow/example_dags/example_display_name.py
[2024-10-24T06:57:37.256+0000] {logging_mixin.py:190} INFO - [2024-10-24T06:57:37.256+0000] {dag.py:3239} INFO - Sync 1 DAGs
[2024-10-24T06:57:37.278+0000] {logging_mixin.py:190} INFO - [2024-10-24T06:57:37.278+0000] {dag.py:4180} INFO - Setting next_dagrun for example_display_name to None, run_after=None
[2024-10-24T06:57:37.297+0000] {processor.py:208} INFO - Processing /home/airflow/.local/lib/python3.12/site-packages/airflow/example_dags/example_display_name.py took 0.091 seconds
[2024-10-24T06:58:07.882+0000] {processor.py:186} INFO - Started process (PID=100063) to work on /home/airflow/.local/lib/python3.12/site-packages/airflow/example_dags/example_display_name.py
[2024-10-24T06:58:07.884+0000] {processor.py:914} INFO - Processing file /home/airflow/.local/lib/python3.12/site-packages/airflow/example_dags/example_display_name.py for tasks to queue
[2024-10-24T06:58:07.885+0000] {logging_mixin.py:190} INFO - [2024-10-24T06:58:07.885+0000] {dagbag.py:588} INFO - Filling up the DagBag from /home/airflow/.local/lib/python3.12/site-packages/airflow/example_dags/example_display_name.py
[2024-10-24T06:58:07.892+0000] {processor.py:925} INFO - DAG(s) 'example_display_name' retrieved from /home/airflow/.local/lib/python3.12/site-packages/airflow/example_dags/example_display_name.py
[2024-10-24T06:58:07.916+0000] {logging_mixin.py:190} INFO - [2024-10-24T06:58:07.916+0000] {dag.py:3239} INFO - Sync 1 DAGs
[2024-10-24T06:58:07.934+0000] {logging_mixin.py:190} INFO - [2024-10-24T06:58:07.934+0000] {dag.py:4180} INFO - Setting next_dagrun for example_display_name to None, run_after=None
[2024-10-24T06:58:07.957+0000] {processor.py:208} INFO - Processing /home/airflow/.local/lib/python3.12/site-packages/airflow/example_dags/example_display_name.py took 0.092 seconds
[2024-10-24T06:58:38.472+0000] {processor.py:186} INFO - Started process (PID=100129) to work on /home/airflow/.local/lib/python3.12/site-packages/airflow/example_dags/example_display_name.py
[2024-10-24T06:58:38.473+0000] {processor.py:914} INFO - Processing file /home/airflow/.local/lib/python3.12/site-packages/airflow/example_dags/example_display_name.py for tasks to queue
[2024-10-24T06:58:38.475+0000] {logging_mixin.py:190} INFO - [2024-10-24T06:58:38.474+0000] {dagbag.py:588} INFO - Filling up the DagBag from /home/airflow/.local/lib/python3.12/site-packages/airflow/example_dags/example_display_name.py
[2024-10-24T06:58:38.481+0000] {processor.py:925} INFO - DAG(s) 'example_display_name' retrieved from /home/airflow/.local/lib/python3.12/site-packages/airflow/example_dags/example_display_name.py
[2024-10-24T06:58:38.504+0000] {logging_mixin.py:190} INFO - [2024-10-24T06:58:38.503+0000] {dag.py:3239} INFO - Sync 1 DAGs
[2024-10-24T06:58:38.521+0000] {logging_mixin.py:190} INFO - [2024-10-24T06:58:38.520+0000] {dag.py:4180} INFO - Setting next_dagrun for example_display_name to None, run_after=None
[2024-10-24T06:58:38.539+0000] {processor.py:208} INFO - Processing /home/airflow/.local/lib/python3.12/site-packages/airflow/example_dags/example_display_name.py took 0.075 seconds
