[2024-10-24T04:09:20.492+0000] {processor.py:186} INFO - Started process (PID=98908) to work on /home/airflow/.local/lib/python3.12/site-packages/airflow/example_dags/example_bash_decorator.py
[2024-10-24T04:09:20.493+0000] {processor.py:914} INFO - Processing file /home/airflow/.local/lib/python3.12/site-packages/airflow/example_dags/example_bash_decorator.py for tasks to queue
[2024-10-24T04:09:20.495+0000] {logging_mixin.py:190} INFO - [2024-10-24T04:09:20.495+0000] {dagbag.py:588} INFO - Filling up the DagBag from /home/airflow/.local/lib/python3.12/site-packages/airflow/example_dags/example_bash_decorator.py
[2024-10-24T04:09:20.520+0000] {processor.py:925} INFO - DAG(s) 'example_bash_decorator' retrieved from /home/airflow/.local/lib/python3.12/site-packages/airflow/example_dags/example_bash_decorator.py
[2024-10-24T04:09:20.552+0000] {logging_mixin.py:190} INFO - [2024-10-24T04:09:20.552+0000] {dag.py:3239} INFO - Sync 1 DAGs
[2024-10-24T04:09:20.570+0000] {logging_mixin.py:190} INFO - [2024-10-24T04:09:20.570+0000] {dag.py:4180} INFO - Setting next_dagrun for example_bash_decorator to None, run_after=None
[2024-10-24T04:09:20.588+0000] {processor.py:208} INFO - Processing /home/airflow/.local/lib/python3.12/site-packages/airflow/example_dags/example_bash_decorator.py took 0.113 seconds
[2024-10-24T04:09:50.643+0000] {processor.py:186} INFO - Started process (PID=98975) to work on /home/airflow/.local/lib/python3.12/site-packages/airflow/example_dags/example_bash_decorator.py
[2024-10-24T04:09:50.644+0000] {processor.py:914} INFO - Processing file /home/airflow/.local/lib/python3.12/site-packages/airflow/example_dags/example_bash_decorator.py for tasks to queue
[2024-10-24T04:09:50.646+0000] {logging_mixin.py:190} INFO - [2024-10-24T04:09:50.645+0000] {dagbag.py:588} INFO - Filling up the DagBag from /home/airflow/.local/lib/python3.12/site-packages/airflow/example_dags/example_bash_decorator.py
[2024-10-24T04:09:50.663+0000] {processor.py:925} INFO - DAG(s) 'example_bash_decorator' retrieved from /home/airflow/.local/lib/python3.12/site-packages/airflow/example_dags/example_bash_decorator.py
[2024-10-24T04:09:50.695+0000] {logging_mixin.py:190} INFO - [2024-10-24T04:09:50.694+0000] {dag.py:3239} INFO - Sync 1 DAGs
[2024-10-24T04:09:50.711+0000] {logging_mixin.py:190} INFO - [2024-10-24T04:09:50.711+0000] {dag.py:4180} INFO - Setting next_dagrun for example_bash_decorator to None, run_after=None
[2024-10-24T04:09:50.736+0000] {processor.py:208} INFO - Processing /home/airflow/.local/lib/python3.12/site-packages/airflow/example_dags/example_bash_decorator.py took 0.100 seconds
[2024-10-24T04:10:21.539+0000] {processor.py:186} INFO - Started process (PID=99041) to work on /home/airflow/.local/lib/python3.12/site-packages/airflow/example_dags/example_bash_decorator.py
[2024-10-24T04:10:21.540+0000] {processor.py:914} INFO - Processing file /home/airflow/.local/lib/python3.12/site-packages/airflow/example_dags/example_bash_decorator.py for tasks to queue
[2024-10-24T04:10:21.542+0000] {logging_mixin.py:190} INFO - [2024-10-24T04:10:21.541+0000] {dagbag.py:588} INFO - Filling up the DagBag from /home/airflow/.local/lib/python3.12/site-packages/airflow/example_dags/example_bash_decorator.py
[2024-10-24T04:10:21.560+0000] {processor.py:925} INFO - DAG(s) 'example_bash_decorator' retrieved from /home/airflow/.local/lib/python3.12/site-packages/airflow/example_dags/example_bash_decorator.py
[2024-10-24T04:10:21.587+0000] {logging_mixin.py:190} INFO - [2024-10-24T04:10:21.587+0000] {dag.py:3239} INFO - Sync 1 DAGs
[2024-10-24T04:10:21.604+0000] {logging_mixin.py:190} INFO - [2024-10-24T04:10:21.604+0000] {dag.py:4180} INFO - Setting next_dagrun for example_bash_decorator to None, run_after=None
[2024-10-24T04:10:21.623+0000] {processor.py:208} INFO - Processing /home/airflow/.local/lib/python3.12/site-packages/airflow/example_dags/example_bash_decorator.py took 0.091 seconds
[2024-10-24T04:10:52.253+0000] {processor.py:186} INFO - Started process (PID=99107) to work on /home/airflow/.local/lib/python3.12/site-packages/airflow/example_dags/example_bash_decorator.py
[2024-10-24T04:10:52.254+0000] {processor.py:914} INFO - Processing file /home/airflow/.local/lib/python3.12/site-packages/airflow/example_dags/example_bash_decorator.py for tasks to queue
[2024-10-24T04:10:52.255+0000] {logging_mixin.py:190} INFO - [2024-10-24T04:10:52.255+0000] {dagbag.py:588} INFO - Filling up the DagBag from /home/airflow/.local/lib/python3.12/site-packages/airflow/example_dags/example_bash_decorator.py
[2024-10-24T04:10:52.272+0000] {processor.py:925} INFO - DAG(s) 'example_bash_decorator' retrieved from /home/airflow/.local/lib/python3.12/site-packages/airflow/example_dags/example_bash_decorator.py
[2024-10-24T04:10:52.300+0000] {logging_mixin.py:190} INFO - [2024-10-24T04:10:52.299+0000] {dag.py:3239} INFO - Sync 1 DAGs
[2024-10-24T04:10:52.317+0000] {logging_mixin.py:190} INFO - [2024-10-24T04:10:52.316+0000] {dag.py:4180} INFO - Setting next_dagrun for example_bash_decorator to None, run_after=None
[2024-10-24T04:10:52.337+0000] {processor.py:208} INFO - Processing /home/airflow/.local/lib/python3.12/site-packages/airflow/example_dags/example_bash_decorator.py took 0.092 seconds
[2024-10-24T04:11:23.115+0000] {processor.py:186} INFO - Started process (PID=99174) to work on /home/airflow/.local/lib/python3.12/site-packages/airflow/example_dags/example_bash_decorator.py
[2024-10-24T04:11:23.116+0000] {processor.py:914} INFO - Processing file /home/airflow/.local/lib/python3.12/site-packages/airflow/example_dags/example_bash_decorator.py for tasks to queue
[2024-10-24T04:11:23.118+0000] {logging_mixin.py:190} INFO - [2024-10-24T04:11:23.118+0000] {dagbag.py:588} INFO - Filling up the DagBag from /home/airflow/.local/lib/python3.12/site-packages/airflow/example_dags/example_bash_decorator.py
[2024-10-24T04:11:23.136+0000] {processor.py:925} INFO - DAG(s) 'example_bash_decorator' retrieved from /home/airflow/.local/lib/python3.12/site-packages/airflow/example_dags/example_bash_decorator.py
[2024-10-24T04:11:23.171+0000] {logging_mixin.py:190} INFO - [2024-10-24T04:11:23.171+0000] {dag.py:3239} INFO - Sync 1 DAGs
[2024-10-24T04:11:23.189+0000] {logging_mixin.py:190} INFO - [2024-10-24T04:11:23.189+0000] {dag.py:4180} INFO - Setting next_dagrun for example_bash_decorator to None, run_after=None
[2024-10-24T04:11:23.213+0000] {processor.py:208} INFO - Processing /home/airflow/.local/lib/python3.12/site-packages/airflow/example_dags/example_bash_decorator.py took 0.105 seconds
[2024-10-24T04:11:53.728+0000] {processor.py:186} INFO - Started process (PID=99241) to work on /home/airflow/.local/lib/python3.12/site-packages/airflow/example_dags/example_bash_decorator.py
[2024-10-24T04:11:53.729+0000] {processor.py:914} INFO - Processing file /home/airflow/.local/lib/python3.12/site-packages/airflow/example_dags/example_bash_decorator.py for tasks to queue
[2024-10-24T04:11:53.731+0000] {logging_mixin.py:190} INFO - [2024-10-24T04:11:53.730+0000] {dagbag.py:588} INFO - Filling up the DagBag from /home/airflow/.local/lib/python3.12/site-packages/airflow/example_dags/example_bash_decorator.py
[2024-10-24T04:11:53.747+0000] {processor.py:925} INFO - DAG(s) 'example_bash_decorator' retrieved from /home/airflow/.local/lib/python3.12/site-packages/airflow/example_dags/example_bash_decorator.py
[2024-10-24T04:11:53.775+0000] {logging_mixin.py:190} INFO - [2024-10-24T04:11:53.774+0000] {dag.py:3239} INFO - Sync 1 DAGs
[2024-10-24T04:11:53.792+0000] {logging_mixin.py:190} INFO - [2024-10-24T04:11:53.791+0000] {dag.py:4180} INFO - Setting next_dagrun for example_bash_decorator to None, run_after=None
[2024-10-24T04:11:53.809+0000] {processor.py:208} INFO - Processing /home/airflow/.local/lib/python3.12/site-packages/airflow/example_dags/example_bash_decorator.py took 0.089 seconds
[2024-10-24T04:12:24.426+0000] {processor.py:186} INFO - Started process (PID=99308) to work on /home/airflow/.local/lib/python3.12/site-packages/airflow/example_dags/example_bash_decorator.py
[2024-10-24T04:12:24.428+0000] {processor.py:914} INFO - Processing file /home/airflow/.local/lib/python3.12/site-packages/airflow/example_dags/example_bash_decorator.py for tasks to queue
[2024-10-24T04:12:24.430+0000] {logging_mixin.py:190} INFO - [2024-10-24T04:12:24.430+0000] {dagbag.py:588} INFO - Filling up the DagBag from /home/airflow/.local/lib/python3.12/site-packages/airflow/example_dags/example_bash_decorator.py
[2024-10-24T04:12:24.448+0000] {processor.py:925} INFO - DAG(s) 'example_bash_decorator' retrieved from /home/airflow/.local/lib/python3.12/site-packages/airflow/example_dags/example_bash_decorator.py
[2024-10-24T04:12:24.477+0000] {logging_mixin.py:190} INFO - [2024-10-24T04:12:24.476+0000] {dag.py:3239} INFO - Sync 1 DAGs
[2024-10-24T04:12:24.493+0000] {logging_mixin.py:190} INFO - [2024-10-24T04:12:24.493+0000] {dag.py:4180} INFO - Setting next_dagrun for example_bash_decorator to None, run_after=None
[2024-10-24T04:12:24.513+0000] {processor.py:208} INFO - Processing /home/airflow/.local/lib/python3.12/site-packages/airflow/example_dags/example_bash_decorator.py took 0.097 seconds
[2024-10-24T04:12:55.536+0000] {processor.py:186} INFO - Started process (PID=99374) to work on /home/airflow/.local/lib/python3.12/site-packages/airflow/example_dags/example_bash_decorator.py
[2024-10-24T04:12:55.538+0000] {processor.py:914} INFO - Processing file /home/airflow/.local/lib/python3.12/site-packages/airflow/example_dags/example_bash_decorator.py for tasks to queue
[2024-10-24T04:12:55.540+0000] {logging_mixin.py:190} INFO - [2024-10-24T04:12:55.539+0000] {dagbag.py:588} INFO - Filling up the DagBag from /home/airflow/.local/lib/python3.12/site-packages/airflow/example_dags/example_bash_decorator.py
[2024-10-24T04:12:55.561+0000] {processor.py:925} INFO - DAG(s) 'example_bash_decorator' retrieved from /home/airflow/.local/lib/python3.12/site-packages/airflow/example_dags/example_bash_decorator.py
[2024-10-24T04:12:55.602+0000] {logging_mixin.py:190} INFO - [2024-10-24T04:12:55.601+0000] {dag.py:3239} INFO - Sync 1 DAGs
[2024-10-24T04:12:55.620+0000] {logging_mixin.py:190} INFO - [2024-10-24T04:12:55.619+0000] {dag.py:4180} INFO - Setting next_dagrun for example_bash_decorator to None, run_after=None
[2024-10-24T04:12:55.643+0000] {processor.py:208} INFO - Processing /home/airflow/.local/lib/python3.12/site-packages/airflow/example_dags/example_bash_decorator.py took 0.118 seconds
[2024-10-24T04:13:25.874+0000] {processor.py:186} INFO - Started process (PID=99441) to work on /home/airflow/.local/lib/python3.12/site-packages/airflow/example_dags/example_bash_decorator.py
[2024-10-24T04:13:25.875+0000] {processor.py:914} INFO - Processing file /home/airflow/.local/lib/python3.12/site-packages/airflow/example_dags/example_bash_decorator.py for tasks to queue
[2024-10-24T04:13:25.877+0000] {logging_mixin.py:190} INFO - [2024-10-24T04:13:25.876+0000] {dagbag.py:588} INFO - Filling up the DagBag from /home/airflow/.local/lib/python3.12/site-packages/airflow/example_dags/example_bash_decorator.py
[2024-10-24T04:13:25.895+0000] {processor.py:925} INFO - DAG(s) 'example_bash_decorator' retrieved from /home/airflow/.local/lib/python3.12/site-packages/airflow/example_dags/example_bash_decorator.py
[2024-10-24T04:13:25.922+0000] {logging_mixin.py:190} INFO - [2024-10-24T04:13:25.922+0000] {dag.py:3239} INFO - Sync 1 DAGs
[2024-10-24T04:13:25.939+0000] {logging_mixin.py:190} INFO - [2024-10-24T04:13:25.938+0000] {dag.py:4180} INFO - Setting next_dagrun for example_bash_decorator to None, run_after=None
[2024-10-24T04:13:25.957+0000] {processor.py:208} INFO - Processing /home/airflow/.local/lib/python3.12/site-packages/airflow/example_dags/example_bash_decorator.py took 0.090 seconds
[2024-10-24T04:13:56.702+0000] {processor.py:186} INFO - Started process (PID=99508) to work on /home/airflow/.local/lib/python3.12/site-packages/airflow/example_dags/example_bash_decorator.py
[2024-10-24T04:13:56.704+0000] {processor.py:914} INFO - Processing file /home/airflow/.local/lib/python3.12/site-packages/airflow/example_dags/example_bash_decorator.py for tasks to queue
[2024-10-24T04:13:56.705+0000] {logging_mixin.py:190} INFO - [2024-10-24T04:13:56.705+0000] {dagbag.py:588} INFO - Filling up the DagBag from /home/airflow/.local/lib/python3.12/site-packages/airflow/example_dags/example_bash_decorator.py
[2024-10-24T04:13:56.721+0000] {processor.py:925} INFO - DAG(s) 'example_bash_decorator' retrieved from /home/airflow/.local/lib/python3.12/site-packages/airflow/example_dags/example_bash_decorator.py
[2024-10-24T04:13:56.749+0000] {logging_mixin.py:190} INFO - [2024-10-24T04:13:56.749+0000] {dag.py:3239} INFO - Sync 1 DAGs
[2024-10-24T04:13:56.766+0000] {logging_mixin.py:190} INFO - [2024-10-24T04:13:56.765+0000] {dag.py:4180} INFO - Setting next_dagrun for example_bash_decorator to None, run_after=None
[2024-10-24T04:13:56.783+0000] {processor.py:208} INFO - Processing /home/airflow/.local/lib/python3.12/site-packages/airflow/example_dags/example_bash_decorator.py took 0.088 seconds
[2024-10-24T04:14:27.415+0000] {processor.py:186} INFO - Started process (PID=99575) to work on /home/airflow/.local/lib/python3.12/site-packages/airflow/example_dags/example_bash_decorator.py
[2024-10-24T04:14:27.417+0000] {processor.py:914} INFO - Processing file /home/airflow/.local/lib/python3.12/site-packages/airflow/example_dags/example_bash_decorator.py for tasks to queue
[2024-10-24T04:14:27.420+0000] {logging_mixin.py:190} INFO - [2024-10-24T04:14:27.419+0000] {dagbag.py:588} INFO - Filling up the DagBag from /home/airflow/.local/lib/python3.12/site-packages/airflow/example_dags/example_bash_decorator.py
[2024-10-24T04:14:27.441+0000] {processor.py:925} INFO - DAG(s) 'example_bash_decorator' retrieved from /home/airflow/.local/lib/python3.12/site-packages/airflow/example_dags/example_bash_decorator.py
[2024-10-24T04:14:27.473+0000] {logging_mixin.py:190} INFO - [2024-10-24T04:14:27.472+0000] {dag.py:3239} INFO - Sync 1 DAGs
[2024-10-24T04:14:27.501+0000] {logging_mixin.py:190} INFO - [2024-10-24T04:14:27.500+0000] {dag.py:4180} INFO - Setting next_dagrun for example_bash_decorator to None, run_after=None
[2024-10-24T04:14:27.528+0000] {processor.py:208} INFO - Processing /home/airflow/.local/lib/python3.12/site-packages/airflow/example_dags/example_bash_decorator.py took 0.121 seconds
[2024-10-24T04:14:57.972+0000] {processor.py:186} INFO - Started process (PID=99641) to work on /home/airflow/.local/lib/python3.12/site-packages/airflow/example_dags/example_bash_decorator.py
[2024-10-24T04:14:57.973+0000] {processor.py:914} INFO - Processing file /home/airflow/.local/lib/python3.12/site-packages/airflow/example_dags/example_bash_decorator.py for tasks to queue
[2024-10-24T04:14:57.976+0000] {logging_mixin.py:190} INFO - [2024-10-24T04:14:57.975+0000] {dagbag.py:588} INFO - Filling up the DagBag from /home/airflow/.local/lib/python3.12/site-packages/airflow/example_dags/example_bash_decorator.py
[2024-10-24T04:14:57.994+0000] {processor.py:925} INFO - DAG(s) 'example_bash_decorator' retrieved from /home/airflow/.local/lib/python3.12/site-packages/airflow/example_dags/example_bash_decorator.py
[2024-10-24T04:14:58.023+0000] {logging_mixin.py:190} INFO - [2024-10-24T04:14:58.023+0000] {dag.py:3239} INFO - Sync 1 DAGs
[2024-10-24T04:14:58.040+0000] {logging_mixin.py:190} INFO - [2024-10-24T04:14:58.040+0000] {dag.py:4180} INFO - Setting next_dagrun for example_bash_decorator to None, run_after=None
[2024-10-24T04:14:58.060+0000] {processor.py:208} INFO - Processing /home/airflow/.local/lib/python3.12/site-packages/airflow/example_dags/example_bash_decorator.py took 0.096 seconds
[2024-10-24T04:15:28.572+0000] {processor.py:186} INFO - Started process (PID=99708) to work on /home/airflow/.local/lib/python3.12/site-packages/airflow/example_dags/example_bash_decorator.py
[2024-10-24T04:15:28.574+0000] {processor.py:914} INFO - Processing file /home/airflow/.local/lib/python3.12/site-packages/airflow/example_dags/example_bash_decorator.py for tasks to queue
[2024-10-24T04:15:28.575+0000] {logging_mixin.py:190} INFO - [2024-10-24T04:15:28.575+0000] {dagbag.py:588} INFO - Filling up the DagBag from /home/airflow/.local/lib/python3.12/site-packages/airflow/example_dags/example_bash_decorator.py
[2024-10-24T04:15:28.591+0000] {processor.py:925} INFO - DAG(s) 'example_bash_decorator' retrieved from /home/airflow/.local/lib/python3.12/site-packages/airflow/example_dags/example_bash_decorator.py
[2024-10-24T04:15:28.619+0000] {logging_mixin.py:190} INFO - [2024-10-24T04:15:28.618+0000] {dag.py:3239} INFO - Sync 1 DAGs
[2024-10-24T04:15:28.635+0000] {logging_mixin.py:190} INFO - [2024-10-24T04:15:28.635+0000] {dag.py:4180} INFO - Setting next_dagrun for example_bash_decorator to None, run_after=None
[2024-10-24T04:15:28.654+0000] {processor.py:208} INFO - Processing /home/airflow/.local/lib/python3.12/site-packages/airflow/example_dags/example_bash_decorator.py took 0.089 seconds
[2024-10-24T06:56:03.174+0000] {processor.py:186} INFO - Started process (PID=99775) to work on /home/airflow/.local/lib/python3.12/site-packages/airflow/example_dags/example_bash_decorator.py
[2024-10-24T06:56:03.176+0000] {processor.py:914} INFO - Processing file /home/airflow/.local/lib/python3.12/site-packages/airflow/example_dags/example_bash_decorator.py for tasks to queue
[2024-10-24T06:56:03.177+0000] {logging_mixin.py:190} INFO - [2024-10-24T06:56:03.177+0000] {dagbag.py:588} INFO - Filling up the DagBag from /home/airflow/.local/lib/python3.12/site-packages/airflow/example_dags/example_bash_decorator.py
[2024-10-24T06:56:03.194+0000] {processor.py:925} INFO - DAG(s) 'example_bash_decorator' retrieved from /home/airflow/.local/lib/python3.12/site-packages/airflow/example_dags/example_bash_decorator.py
[2024-10-24T06:56:03.225+0000] {logging_mixin.py:190} INFO - [2024-10-24T06:56:03.225+0000] {dag.py:3239} INFO - Sync 1 DAGs
[2024-10-24T06:56:03.243+0000] {logging_mixin.py:190} INFO - [2024-10-24T06:56:03.243+0000] {dag.py:4180} INFO - Setting next_dagrun for example_bash_decorator to None, run_after=None
[2024-10-24T06:56:03.263+0000] {processor.py:208} INFO - Processing /home/airflow/.local/lib/python3.12/site-packages/airflow/example_dags/example_bash_decorator.py took 0.097 seconds
[2024-10-24T06:56:34.255+0000] {processor.py:186} INFO - Started process (PID=99842) to work on /home/airflow/.local/lib/python3.12/site-packages/airflow/example_dags/example_bash_decorator.py
[2024-10-24T06:56:34.256+0000] {processor.py:914} INFO - Processing file /home/airflow/.local/lib/python3.12/site-packages/airflow/example_dags/example_bash_decorator.py for tasks to queue
[2024-10-24T06:56:34.258+0000] {logging_mixin.py:190} INFO - [2024-10-24T06:56:34.257+0000] {dagbag.py:588} INFO - Filling up the DagBag from /home/airflow/.local/lib/python3.12/site-packages/airflow/example_dags/example_bash_decorator.py
[2024-10-24T06:56:34.277+0000] {processor.py:925} INFO - DAG(s) 'example_bash_decorator' retrieved from /home/airflow/.local/lib/python3.12/site-packages/airflow/example_dags/example_bash_decorator.py
[2024-10-24T06:56:34.308+0000] {logging_mixin.py:190} INFO - [2024-10-24T06:56:34.308+0000] {dag.py:3239} INFO - Sync 1 DAGs
[2024-10-24T06:56:34.327+0000] {logging_mixin.py:190} INFO - [2024-10-24T06:56:34.327+0000] {dag.py:4180} INFO - Setting next_dagrun for example_bash_decorator to None, run_after=None
[2024-10-24T06:56:34.347+0000] {processor.py:208} INFO - Processing /home/airflow/.local/lib/python3.12/site-packages/airflow/example_dags/example_bash_decorator.py took 0.099 seconds
[2024-10-24T06:57:05.211+0000] {processor.py:186} INFO - Started process (PID=99909) to work on /home/airflow/.local/lib/python3.12/site-packages/airflow/example_dags/example_bash_decorator.py
[2024-10-24T06:57:05.212+0000] {processor.py:914} INFO - Processing file /home/airflow/.local/lib/python3.12/site-packages/airflow/example_dags/example_bash_decorator.py for tasks to queue
[2024-10-24T06:57:05.213+0000] {logging_mixin.py:190} INFO - [2024-10-24T06:57:05.213+0000] {dagbag.py:588} INFO - Filling up the DagBag from /home/airflow/.local/lib/python3.12/site-packages/airflow/example_dags/example_bash_decorator.py
[2024-10-24T06:57:05.230+0000] {processor.py:925} INFO - DAG(s) 'example_bash_decorator' retrieved from /home/airflow/.local/lib/python3.12/site-packages/airflow/example_dags/example_bash_decorator.py
[2024-10-24T06:57:05.259+0000] {logging_mixin.py:190} INFO - [2024-10-24T06:57:05.258+0000] {dag.py:3239} INFO - Sync 1 DAGs
[2024-10-24T06:57:05.276+0000] {logging_mixin.py:190} INFO - [2024-10-24T06:57:05.275+0000] {dag.py:4180} INFO - Setting next_dagrun for example_bash_decorator to None, run_after=None
[2024-10-24T06:57:05.292+0000] {processor.py:208} INFO - Processing /home/airflow/.local/lib/python3.12/site-packages/airflow/example_dags/example_bash_decorator.py took 0.090 seconds
[2024-10-24T06:57:35.568+0000] {processor.py:186} INFO - Started process (PID=99976) to work on /home/airflow/.local/lib/python3.12/site-packages/airflow/example_dags/example_bash_decorator.py
[2024-10-24T06:57:35.570+0000] {processor.py:914} INFO - Processing file /home/airflow/.local/lib/python3.12/site-packages/airflow/example_dags/example_bash_decorator.py for tasks to queue
[2024-10-24T06:57:35.571+0000] {logging_mixin.py:190} INFO - [2024-10-24T06:57:35.571+0000] {dagbag.py:588} INFO - Filling up the DagBag from /home/airflow/.local/lib/python3.12/site-packages/airflow/example_dags/example_bash_decorator.py
[2024-10-24T06:57:35.589+0000] {processor.py:925} INFO - DAG(s) 'example_bash_decorator' retrieved from /home/airflow/.local/lib/python3.12/site-packages/airflow/example_dags/example_bash_decorator.py
[2024-10-24T06:57:35.622+0000] {logging_mixin.py:190} INFO - [2024-10-24T06:57:35.622+0000] {dag.py:3239} INFO - Sync 1 DAGs
[2024-10-24T06:57:35.640+0000] {logging_mixin.py:190} INFO - [2024-10-24T06:57:35.639+0000] {dag.py:4180} INFO - Setting next_dagrun for example_bash_decorator to None, run_after=None
[2024-10-24T06:57:35.659+0000] {processor.py:208} INFO - Processing /home/airflow/.local/lib/python3.12/site-packages/airflow/example_dags/example_bash_decorator.py took 0.100 seconds
[2024-10-24T06:58:06.224+0000] {processor.py:186} INFO - Started process (PID=100043) to work on /home/airflow/.local/lib/python3.12/site-packages/airflow/example_dags/example_bash_decorator.py
[2024-10-24T06:58:06.226+0000] {processor.py:914} INFO - Processing file /home/airflow/.local/lib/python3.12/site-packages/airflow/example_dags/example_bash_decorator.py for tasks to queue
[2024-10-24T06:58:06.228+0000] {logging_mixin.py:190} INFO - [2024-10-24T06:58:06.227+0000] {dagbag.py:588} INFO - Filling up the DagBag from /home/airflow/.local/lib/python3.12/site-packages/airflow/example_dags/example_bash_decorator.py
[2024-10-24T06:58:06.245+0000] {processor.py:925} INFO - DAG(s) 'example_bash_decorator' retrieved from /home/airflow/.local/lib/python3.12/site-packages/airflow/example_dags/example_bash_decorator.py
[2024-10-24T06:58:06.273+0000] {logging_mixin.py:190} INFO - [2024-10-24T06:58:06.273+0000] {dag.py:3239} INFO - Sync 1 DAGs
[2024-10-24T06:58:06.289+0000] {logging_mixin.py:190} INFO - [2024-10-24T06:58:06.289+0000] {dag.py:4180} INFO - Setting next_dagrun for example_bash_decorator to None, run_after=None
[2024-10-24T06:58:06.308+0000] {processor.py:208} INFO - Processing /home/airflow/.local/lib/python3.12/site-packages/airflow/example_dags/example_bash_decorator.py took 0.091 seconds
[2024-10-24T06:58:37.017+0000] {processor.py:186} INFO - Started process (PID=100109) to work on /home/airflow/.local/lib/python3.12/site-packages/airflow/example_dags/example_bash_decorator.py
[2024-10-24T06:58:37.018+0000] {processor.py:914} INFO - Processing file /home/airflow/.local/lib/python3.12/site-packages/airflow/example_dags/example_bash_decorator.py for tasks to queue
[2024-10-24T06:58:37.020+0000] {logging_mixin.py:190} INFO - [2024-10-24T06:58:37.019+0000] {dagbag.py:588} INFO - Filling up the DagBag from /home/airflow/.local/lib/python3.12/site-packages/airflow/example_dags/example_bash_decorator.py
[2024-10-24T06:58:37.039+0000] {processor.py:925} INFO - DAG(s) 'example_bash_decorator' retrieved from /home/airflow/.local/lib/python3.12/site-packages/airflow/example_dags/example_bash_decorator.py
[2024-10-24T06:58:37.070+0000] {logging_mixin.py:190} INFO - [2024-10-24T06:58:37.070+0000] {dag.py:3239} INFO - Sync 1 DAGs
[2024-10-24T06:58:37.091+0000] {logging_mixin.py:190} INFO - [2024-10-24T06:58:37.091+0000] {dag.py:4180} INFO - Setting next_dagrun for example_bash_decorator to None, run_after=None
[2024-10-24T06:58:37.111+0000] {processor.py:208} INFO - Processing /home/airflow/.local/lib/python3.12/site-packages/airflow/example_dags/example_bash_decorator.py took 0.107 seconds
[2024-10-24T06:59:09.304+0000] {processor.py:186} INFO - Started process (PID=100176) to work on /home/airflow/.local/lib/python3.12/site-packages/airflow/example_dags/example_bash_decorator.py
[2024-10-24T06:59:09.306+0000] {processor.py:914} INFO - Processing file /home/airflow/.local/lib/python3.12/site-packages/airflow/example_dags/example_bash_decorator.py for tasks to queue
[2024-10-24T06:59:09.308+0000] {logging_mixin.py:190} INFO - [2024-10-24T06:59:09.307+0000] {dagbag.py:588} INFO - Filling up the DagBag from /home/airflow/.local/lib/python3.12/site-packages/airflow/example_dags/example_bash_decorator.py
[2024-10-24T06:59:09.328+0000] {processor.py:925} INFO - DAG(s) 'example_bash_decorator' retrieved from /home/airflow/.local/lib/python3.12/site-packages/airflow/example_dags/example_bash_decorator.py
[2024-10-24T06:59:09.362+0000] {logging_mixin.py:190} INFO - [2024-10-24T06:59:09.362+0000] {dag.py:3239} INFO - Sync 1 DAGs
