[2024-10-24T04:09:21.300+0000] {processor.py:186} INFO - Started process (PID=98915) to work on /home/airflow/.local/lib/python3.12/site-packages/airflow/example_dags/example_params_trigger_ui.py
[2024-10-24T04:09:21.301+0000] {processor.py:914} INFO - Processing file /home/airflow/.local/lib/python3.12/site-packages/airflow/example_dags/example_params_trigger_ui.py for tasks to queue
[2024-10-24T04:09:21.303+0000] {logging_mixin.py:190} INFO - [2024-10-24T04:09:21.303+0000] {dagbag.py:588} INFO - Filling up the DagBag from /home/airflow/.local/lib/python3.12/site-packages/airflow/example_dags/example_params_trigger_ui.py
[2024-10-24T04:09:21.315+0000] {processor.py:925} INFO - DAG(s) 'example_params_trigger_ui' retrieved from /home/airflow/.local/lib/python3.12/site-packages/airflow/example_dags/example_params_trigger_ui.py
[2024-10-24T04:09:21.370+0000] {logging_mixin.py:190} INFO - [2024-10-24T04:09:21.370+0000] {dag.py:3239} INFO - Sync 1 DAGs
[2024-10-24T04:09:21.390+0000] {logging_mixin.py:190} INFO - [2024-10-24T04:09:21.389+0000] {dag.py:4180} INFO - Setting next_dagrun for example_params_trigger_ui to None, run_after=None
[2024-10-24T04:09:21.419+0000] {processor.py:208} INFO - Processing /home/airflow/.local/lib/python3.12/site-packages/airflow/example_dags/example_params_trigger_ui.py took 0.128 seconds
[2024-10-24T04:09:52.256+0000] {processor.py:186} INFO - Started process (PID=98982) to work on /home/airflow/.local/lib/python3.12/site-packages/airflow/example_dags/example_params_trigger_ui.py
[2024-10-24T04:09:52.258+0000] {processor.py:914} INFO - Processing file /home/airflow/.local/lib/python3.12/site-packages/airflow/example_dags/example_params_trigger_ui.py for tasks to queue
[2024-10-24T04:09:52.259+0000] {logging_mixin.py:190} INFO - [2024-10-24T04:09:52.259+0000] {dagbag.py:588} INFO - Filling up the DagBag from /home/airflow/.local/lib/python3.12/site-packages/airflow/example_dags/example_params_trigger_ui.py
[2024-10-24T04:09:52.273+0000] {processor.py:925} INFO - DAG(s) 'example_params_trigger_ui' retrieved from /home/airflow/.local/lib/python3.12/site-packages/airflow/example_dags/example_params_trigger_ui.py
[2024-10-24T04:09:52.344+0000] {logging_mixin.py:190} INFO - [2024-10-24T04:09:52.344+0000] {dag.py:3239} INFO - Sync 1 DAGs
[2024-10-24T04:09:52.362+0000] {logging_mixin.py:190} INFO - [2024-10-24T04:09:52.362+0000] {dag.py:4180} INFO - Setting next_dagrun for example_params_trigger_ui to None, run_after=None
[2024-10-24T04:09:52.383+0000] {processor.py:208} INFO - Processing /home/airflow/.local/lib/python3.12/site-packages/airflow/example_dags/example_params_trigger_ui.py took 0.136 seconds
[2024-10-24T04:10:23.053+0000] {processor.py:186} INFO - Started process (PID=99048) to work on /home/airflow/.local/lib/python3.12/site-packages/airflow/example_dags/example_params_trigger_ui.py
[2024-10-24T04:10:23.054+0000] {processor.py:914} INFO - Processing file /home/airflow/.local/lib/python3.12/site-packages/airflow/example_dags/example_params_trigger_ui.py for tasks to queue
[2024-10-24T04:10:23.056+0000] {logging_mixin.py:190} INFO - [2024-10-24T04:10:23.056+0000] {dagbag.py:588} INFO - Filling up the DagBag from /home/airflow/.local/lib/python3.12/site-packages/airflow/example_dags/example_params_trigger_ui.py
[2024-10-24T04:10:23.082+0000] {processor.py:925} INFO - DAG(s) 'example_params_trigger_ui' retrieved from /home/airflow/.local/lib/python3.12/site-packages/airflow/example_dags/example_params_trigger_ui.py
[2024-10-24T04:10:23.150+0000] {logging_mixin.py:190} INFO - [2024-10-24T04:10:23.150+0000] {dag.py:3239} INFO - Sync 1 DAGs
[2024-10-24T04:10:23.168+0000] {logging_mixin.py:190} INFO - [2024-10-24T04:10:23.167+0000] {dag.py:4180} INFO - Setting next_dagrun for example_params_trigger_ui to None, run_after=None
[2024-10-24T04:10:23.187+0000] {processor.py:208} INFO - Processing /home/airflow/.local/lib/python3.12/site-packages/airflow/example_dags/example_params_trigger_ui.py took 0.144 seconds
[2024-10-24T04:10:53.728+0000] {processor.py:186} INFO - Started process (PID=99114) to work on /home/airflow/.local/lib/python3.12/site-packages/airflow/example_dags/example_params_trigger_ui.py
[2024-10-24T04:10:53.729+0000] {processor.py:914} INFO - Processing file /home/airflow/.local/lib/python3.12/site-packages/airflow/example_dags/example_params_trigger_ui.py for tasks to queue
[2024-10-24T04:10:53.731+0000] {logging_mixin.py:190} INFO - [2024-10-24T04:10:53.730+0000] {dagbag.py:588} INFO - Filling up the DagBag from /home/airflow/.local/lib/python3.12/site-packages/airflow/example_dags/example_params_trigger_ui.py
[2024-10-24T04:10:53.743+0000] {processor.py:925} INFO - DAG(s) 'example_params_trigger_ui' retrieved from /home/airflow/.local/lib/python3.12/site-packages/airflow/example_dags/example_params_trigger_ui.py
[2024-10-24T04:10:53.808+0000] {logging_mixin.py:190} INFO - [2024-10-24T04:10:53.808+0000] {dag.py:3239} INFO - Sync 1 DAGs
[2024-10-24T04:10:53.828+0000] {logging_mixin.py:190} INFO - [2024-10-24T04:10:53.828+0000] {dag.py:4180} INFO - Setting next_dagrun for example_params_trigger_ui to None, run_after=None
[2024-10-24T04:10:53.852+0000] {processor.py:208} INFO - Processing /home/airflow/.local/lib/python3.12/site-packages/airflow/example_dags/example_params_trigger_ui.py took 0.133 seconds
[2024-10-24T04:11:24.783+0000] {processor.py:186} INFO - Started process (PID=99181) to work on /home/airflow/.local/lib/python3.12/site-packages/airflow/example_dags/example_params_trigger_ui.py
[2024-10-24T04:11:24.785+0000] {processor.py:914} INFO - Processing file /home/airflow/.local/lib/python3.12/site-packages/airflow/example_dags/example_params_trigger_ui.py for tasks to queue
[2024-10-24T04:11:24.787+0000] {logging_mixin.py:190} INFO - [2024-10-24T04:11:24.786+0000] {dagbag.py:588} INFO - Filling up the DagBag from /home/airflow/.local/lib/python3.12/site-packages/airflow/example_dags/example_params_trigger_ui.py
[2024-10-24T04:11:24.802+0000] {processor.py:925} INFO - DAG(s) 'example_params_trigger_ui' retrieved from /home/airflow/.local/lib/python3.12/site-packages/airflow/example_dags/example_params_trigger_ui.py
[2024-10-24T04:11:24.869+0000] {logging_mixin.py:190} INFO - [2024-10-24T04:11:24.869+0000] {dag.py:3239} INFO - Sync 1 DAGs
[2024-10-24T04:11:24.888+0000] {logging_mixin.py:190} INFO - [2024-10-24T04:11:24.888+0000] {dag.py:4180} INFO - Setting next_dagrun for example_params_trigger_ui to None, run_after=None
[2024-10-24T04:11:24.913+0000] {processor.py:208} INFO - Processing /home/airflow/.local/lib/python3.12/site-packages/airflow/example_dags/example_params_trigger_ui.py took 0.141 seconds
[2024-10-24T04:11:56.937+0000] {processor.py:186} INFO - Started process (PID=99248) to work on /home/airflow/.local/lib/python3.12/site-packages/airflow/example_dags/example_params_trigger_ui.py
[2024-10-24T04:11:56.938+0000] {processor.py:914} INFO - Processing file /home/airflow/.local/lib/python3.12/site-packages/airflow/example_dags/example_params_trigger_ui.py for tasks to queue
[2024-10-24T04:11:56.940+0000] {logging_mixin.py:190} INFO - [2024-10-24T04:11:56.939+0000] {dagbag.py:588} INFO - Filling up the DagBag from /home/airflow/.local/lib/python3.12/site-packages/airflow/example_dags/example_params_trigger_ui.py
[2024-10-24T04:11:56.955+0000] {processor.py:925} INFO - DAG(s) 'example_params_trigger_ui' retrieved from /home/airflow/.local/lib/python3.12/site-packages/airflow/example_dags/example_params_trigger_ui.py
[2024-10-24T04:11:57.019+0000] {logging_mixin.py:190} INFO - [2024-10-24T04:11:57.019+0000] {dag.py:3239} INFO - Sync 1 DAGs
[2024-10-24T04:11:57.040+0000] {logging_mixin.py:190} INFO - [2024-10-24T04:11:57.039+0000] {dag.py:4180} INFO - Setting next_dagrun for example_params_trigger_ui to None, run_after=None
[2024-10-24T04:11:57.066+0000] {processor.py:208} INFO - Processing /home/airflow/.local/lib/python3.12/site-packages/airflow/example_dags/example_params_trigger_ui.py took 0.137 seconds
[2024-10-24T04:12:27.997+0000] {processor.py:186} INFO - Started process (PID=99315) to work on /home/airflow/.local/lib/python3.12/site-packages/airflow/example_dags/example_params_trigger_ui.py
[2024-10-24T04:12:27.998+0000] {processor.py:914} INFO - Processing file /home/airflow/.local/lib/python3.12/site-packages/airflow/example_dags/example_params_trigger_ui.py for tasks to queue
[2024-10-24T04:12:28.000+0000] {logging_mixin.py:190} INFO - [2024-10-24T04:12:28.000+0000] {dagbag.py:588} INFO - Filling up the DagBag from /home/airflow/.local/lib/python3.12/site-packages/airflow/example_dags/example_params_trigger_ui.py
[2024-10-24T04:12:28.014+0000] {processor.py:925} INFO - DAG(s) 'example_params_trigger_ui' retrieved from /home/airflow/.local/lib/python3.12/site-packages/airflow/example_dags/example_params_trigger_ui.py
[2024-10-24T04:12:28.074+0000] {logging_mixin.py:190} INFO - [2024-10-24T04:12:28.073+0000] {dag.py:3239} INFO - Sync 1 DAGs
[2024-10-24T04:12:28.091+0000] {logging_mixin.py:190} INFO - [2024-10-24T04:12:28.091+0000] {dag.py:4180} INFO - Setting next_dagrun for example_params_trigger_ui to None, run_after=None
[2024-10-24T04:12:28.110+0000] {processor.py:208} INFO - Processing /home/airflow/.local/lib/python3.12/site-packages/airflow/example_dags/example_params_trigger_ui.py took 0.123 seconds
[2024-10-24T04:12:58.178+0000] {processor.py:186} INFO - Started process (PID=99381) to work on /home/airflow/.local/lib/python3.12/site-packages/airflow/example_dags/example_params_trigger_ui.py
[2024-10-24T04:12:58.180+0000] {processor.py:914} INFO - Processing file /home/airflow/.local/lib/python3.12/site-packages/airflow/example_dags/example_params_trigger_ui.py for tasks to queue
[2024-10-24T04:12:58.181+0000] {logging_mixin.py:190} INFO - [2024-10-24T04:12:58.181+0000] {dagbag.py:588} INFO - Filling up the DagBag from /home/airflow/.local/lib/python3.12/site-packages/airflow/example_dags/example_params_trigger_ui.py
[2024-10-24T04:12:58.194+0000] {processor.py:925} INFO - DAG(s) 'example_params_trigger_ui' retrieved from /home/airflow/.local/lib/python3.12/site-packages/airflow/example_dags/example_params_trigger_ui.py
[2024-10-24T04:12:58.247+0000] {logging_mixin.py:190} INFO - [2024-10-24T04:12:58.247+0000] {dag.py:3239} INFO - Sync 1 DAGs
[2024-10-24T04:12:58.264+0000] {logging_mixin.py:190} INFO - [2024-10-24T04:12:58.264+0000] {dag.py:4180} INFO - Setting next_dagrun for example_params_trigger_ui to None, run_after=None
[2024-10-24T04:12:58.285+0000] {processor.py:208} INFO - Processing /home/airflow/.local/lib/python3.12/site-packages/airflow/example_dags/example_params_trigger_ui.py took 0.116 seconds
[2024-10-24T04:13:28.348+0000] {processor.py:186} INFO - Started process (PID=99447) to work on /home/airflow/.local/lib/python3.12/site-packages/airflow/example_dags/example_params_trigger_ui.py
[2024-10-24T04:13:28.349+0000] {processor.py:914} INFO - Processing file /home/airflow/.local/lib/python3.12/site-packages/airflow/example_dags/example_params_trigger_ui.py for tasks to queue
[2024-10-24T04:13:28.350+0000] {logging_mixin.py:190} INFO - [2024-10-24T04:13:28.350+0000] {dagbag.py:588} INFO - Filling up the DagBag from /home/airflow/.local/lib/python3.12/site-packages/airflow/example_dags/example_params_trigger_ui.py
[2024-10-24T04:13:28.363+0000] {processor.py:925} INFO - DAG(s) 'example_params_trigger_ui' retrieved from /home/airflow/.local/lib/python3.12/site-packages/airflow/example_dags/example_params_trigger_ui.py
[2024-10-24T04:13:28.419+0000] {logging_mixin.py:190} INFO - [2024-10-24T04:13:28.419+0000] {dag.py:3239} INFO - Sync 1 DAGs
[2024-10-24T04:13:28.437+0000] {logging_mixin.py:190} INFO - [2024-10-24T04:13:28.437+0000] {dag.py:4180} INFO - Setting next_dagrun for example_params_trigger_ui to None, run_after=None
[2024-10-24T04:13:28.461+0000] {processor.py:208} INFO - Processing /home/airflow/.local/lib/python3.12/site-packages/airflow/example_dags/example_params_trigger_ui.py took 0.121 seconds
[2024-10-24T04:13:59.084+0000] {processor.py:186} INFO - Started process (PID=99514) to work on /home/airflow/.local/lib/python3.12/site-packages/airflow/example_dags/example_params_trigger_ui.py
[2024-10-24T04:13:59.085+0000] {processor.py:914} INFO - Processing file /home/airflow/.local/lib/python3.12/site-packages/airflow/example_dags/example_params_trigger_ui.py for tasks to queue
[2024-10-24T04:13:59.087+0000] {logging_mixin.py:190} INFO - [2024-10-24T04:13:59.086+0000] {dagbag.py:588} INFO - Filling up the DagBag from /home/airflow/.local/lib/python3.12/site-packages/airflow/example_dags/example_params_trigger_ui.py
[2024-10-24T04:13:59.098+0000] {processor.py:925} INFO - DAG(s) 'example_params_trigger_ui' retrieved from /home/airflow/.local/lib/python3.12/site-packages/airflow/example_dags/example_params_trigger_ui.py
[2024-10-24T04:13:59.154+0000] {logging_mixin.py:190} INFO - [2024-10-24T04:13:59.154+0000] {dag.py:3239} INFO - Sync 1 DAGs
[2024-10-24T04:13:59.171+0000] {logging_mixin.py:190} INFO - [2024-10-24T04:13:59.171+0000] {dag.py:4180} INFO - Setting next_dagrun for example_params_trigger_ui to None, run_after=None
[2024-10-24T04:13:59.192+0000] {processor.py:208} INFO - Processing /home/airflow/.local/lib/python3.12/site-packages/airflow/example_dags/example_params_trigger_ui.py took 0.116 seconds
[2024-10-24T04:14:29.871+0000] {processor.py:186} INFO - Started process (PID=99581) to work on /home/airflow/.local/lib/python3.12/site-packages/airflow/example_dags/example_params_trigger_ui.py
[2024-10-24T04:14:29.873+0000] {processor.py:914} INFO - Processing file /home/airflow/.local/lib/python3.12/site-packages/airflow/example_dags/example_params_trigger_ui.py for tasks to queue
[2024-10-24T04:14:29.875+0000] {logging_mixin.py:190} INFO - [2024-10-24T04:14:29.874+0000] {dagbag.py:588} INFO - Filling up the DagBag from /home/airflow/.local/lib/python3.12/site-packages/airflow/example_dags/example_params_trigger_ui.py
[2024-10-24T04:14:29.886+0000] {processor.py:925} INFO - DAG(s) 'example_params_trigger_ui' retrieved from /home/airflow/.local/lib/python3.12/site-packages/airflow/example_dags/example_params_trigger_ui.py
[2024-10-24T04:14:29.937+0000] {logging_mixin.py:190} INFO - [2024-10-24T04:14:29.937+0000] {dag.py:3239} INFO - Sync 1 DAGs
[2024-10-24T04:14:29.954+0000] {logging_mixin.py:190} INFO - [2024-10-24T04:14:29.954+0000] {dag.py:4180} INFO - Setting next_dagrun for example_params_trigger_ui to None, run_after=None
[2024-10-24T04:14:29.971+0000] {processor.py:208} INFO - Processing /home/airflow/.local/lib/python3.12/site-packages/airflow/example_dags/example_params_trigger_ui.py took 0.107 seconds
[2024-10-24T04:15:00.362+0000] {processor.py:186} INFO - Started process (PID=99647) to work on /home/airflow/.local/lib/python3.12/site-packages/airflow/example_dags/example_params_trigger_ui.py
[2024-10-24T04:15:00.363+0000] {processor.py:914} INFO - Processing file /home/airflow/.local/lib/python3.12/site-packages/airflow/example_dags/example_params_trigger_ui.py for tasks to queue
[2024-10-24T04:15:00.364+0000] {logging_mixin.py:190} INFO - [2024-10-24T04:15:00.364+0000] {dagbag.py:588} INFO - Filling up the DagBag from /home/airflow/.local/lib/python3.12/site-packages/airflow/example_dags/example_params_trigger_ui.py
[2024-10-24T04:15:00.375+0000] {processor.py:925} INFO - DAG(s) 'example_params_trigger_ui' retrieved from /home/airflow/.local/lib/python3.12/site-packages/airflow/example_dags/example_params_trigger_ui.py
[2024-10-24T04:15:00.433+0000] {logging_mixin.py:190} INFO - [2024-10-24T04:15:00.432+0000] {dag.py:3239} INFO - Sync 1 DAGs
[2024-10-24T04:15:00.450+0000] {logging_mixin.py:190} INFO - [2024-10-24T04:15:00.450+0000] {dag.py:4180} INFO - Setting next_dagrun for example_params_trigger_ui to None, run_after=None
[2024-10-24T04:15:00.470+0000] {processor.py:208} INFO - Processing /home/airflow/.local/lib/python3.12/site-packages/airflow/example_dags/example_params_trigger_ui.py took 0.117 seconds
[2024-10-24T04:15:30.933+0000] {processor.py:186} INFO - Started process (PID=99714) to work on /home/airflow/.local/lib/python3.12/site-packages/airflow/example_dags/example_params_trigger_ui.py
[2024-10-24T04:15:30.934+0000] {processor.py:914} INFO - Processing file /home/airflow/.local/lib/python3.12/site-packages/airflow/example_dags/example_params_trigger_ui.py for tasks to queue
[2024-10-24T04:15:30.936+0000] {logging_mixin.py:190} INFO - [2024-10-24T04:15:30.936+0000] {dagbag.py:588} INFO - Filling up the DagBag from /home/airflow/.local/lib/python3.12/site-packages/airflow/example_dags/example_params_trigger_ui.py
[2024-10-24T04:15:30.947+0000] {processor.py:925} INFO - DAG(s) 'example_params_trigger_ui' retrieved from /home/airflow/.local/lib/python3.12/site-packages/airflow/example_dags/example_params_trigger_ui.py
[2024-10-24T04:15:31.001+0000] {logging_mixin.py:190} INFO - [2024-10-24T04:15:31.000+0000] {dag.py:3239} INFO - Sync 1 DAGs
[2024-10-24T04:15:31.017+0000] {logging_mixin.py:190} INFO - [2024-10-24T04:15:31.017+0000] {dag.py:4180} INFO - Setting next_dagrun for example_params_trigger_ui to None, run_after=None
[2024-10-24T04:15:31.039+0000] {processor.py:208} INFO - Processing /home/airflow/.local/lib/python3.12/site-packages/airflow/example_dags/example_params_trigger_ui.py took 0.113 seconds
[2024-10-24T06:56:03.846+0000] {processor.py:186} INFO - Started process (PID=99782) to work on /home/airflow/.local/lib/python3.12/site-packages/airflow/example_dags/example_params_trigger_ui.py
[2024-10-24T06:56:03.848+0000] {processor.py:914} INFO - Processing file /home/airflow/.local/lib/python3.12/site-packages/airflow/example_dags/example_params_trigger_ui.py for tasks to queue
[2024-10-24T06:56:03.849+0000] {logging_mixin.py:190} INFO - [2024-10-24T06:56:03.849+0000] {dagbag.py:588} INFO - Filling up the DagBag from /home/airflow/.local/lib/python3.12/site-packages/airflow/example_dags/example_params_trigger_ui.py
[2024-10-24T06:56:03.868+0000] {processor.py:925} INFO - DAG(s) 'example_params_trigger_ui' retrieved from /home/airflow/.local/lib/python3.12/site-packages/airflow/example_dags/example_params_trigger_ui.py
[2024-10-24T06:56:03.938+0000] {logging_mixin.py:190} INFO - [2024-10-24T06:56:03.938+0000] {dag.py:3239} INFO - Sync 1 DAGs
[2024-10-24T06:56:03.962+0000] {logging_mixin.py:190} INFO - [2024-10-24T06:56:03.961+0000] {dag.py:4180} INFO - Setting next_dagrun for example_params_trigger_ui to None, run_after=None
[2024-10-24T06:56:03.985+0000] {processor.py:208} INFO - Processing /home/airflow/.local/lib/python3.12/site-packages/airflow/example_dags/example_params_trigger_ui.py took 0.150 seconds
[2024-10-24T06:56:34.894+0000] {processor.py:186} INFO - Started process (PID=99849) to work on /home/airflow/.local/lib/python3.12/site-packages/airflow/example_dags/example_params_trigger_ui.py
[2024-10-24T06:56:34.895+0000] {processor.py:914} INFO - Processing file /home/airflow/.local/lib/python3.12/site-packages/airflow/example_dags/example_params_trigger_ui.py for tasks to queue
[2024-10-24T06:56:34.897+0000] {logging_mixin.py:190} INFO - [2024-10-24T06:56:34.896+0000] {dagbag.py:588} INFO - Filling up the DagBag from /home/airflow/.local/lib/python3.12/site-packages/airflow/example_dags/example_params_trigger_ui.py
[2024-10-24T06:56:34.911+0000] {processor.py:925} INFO - DAG(s) 'example_params_trigger_ui' retrieved from /home/airflow/.local/lib/python3.12/site-packages/airflow/example_dags/example_params_trigger_ui.py
[2024-10-24T06:56:34.987+0000] {logging_mixin.py:190} INFO - [2024-10-24T06:56:34.987+0000] {dag.py:3239} INFO - Sync 1 DAGs
[2024-10-24T06:56:35.005+0000] {logging_mixin.py:190} INFO - [2024-10-24T06:56:35.005+0000] {dag.py:4180} INFO - Setting next_dagrun for example_params_trigger_ui to None, run_after=None
[2024-10-24T06:56:35.026+0000] {processor.py:208} INFO - Processing /home/airflow/.local/lib/python3.12/site-packages/airflow/example_dags/example_params_trigger_ui.py took 0.142 seconds
[2024-10-24T06:57:05.874+0000] {processor.py:186} INFO - Started process (PID=99916) to work on /home/airflow/.local/lib/python3.12/site-packages/airflow/example_dags/example_params_trigger_ui.py
[2024-10-24T06:57:05.876+0000] {processor.py:914} INFO - Processing file /home/airflow/.local/lib/python3.12/site-packages/airflow/example_dags/example_params_trigger_ui.py for tasks to queue
[2024-10-24T06:57:05.880+0000] {logging_mixin.py:190} INFO - [2024-10-24T06:57:05.878+0000] {dagbag.py:588} INFO - Filling up the DagBag from /home/airflow/.local/lib/python3.12/site-packages/airflow/example_dags/example_params_trigger_ui.py
[2024-10-24T06:57:05.893+0000] {processor.py:925} INFO - DAG(s) 'example_params_trigger_ui' retrieved from /home/airflow/.local/lib/python3.12/site-packages/airflow/example_dags/example_params_trigger_ui.py
[2024-10-24T06:57:05.948+0000] {logging_mixin.py:190} INFO - [2024-10-24T06:57:05.947+0000] {dag.py:3239} INFO - Sync 1 DAGs
[2024-10-24T06:57:05.969+0000] {logging_mixin.py:190} INFO - [2024-10-24T06:57:05.969+0000] {dag.py:4180} INFO - Setting next_dagrun for example_params_trigger_ui to None, run_after=None
[2024-10-24T06:57:05.990+0000] {processor.py:208} INFO - Processing /home/airflow/.local/lib/python3.12/site-packages/airflow/example_dags/example_params_trigger_ui.py took 0.126 seconds
[2024-10-24T06:57:36.053+0000] {processor.py:186} INFO - Started process (PID=99983) to work on /home/airflow/.local/lib/python3.12/site-packages/airflow/example_dags/example_params_trigger_ui.py
[2024-10-24T06:57:36.055+0000] {processor.py:914} INFO - Processing file /home/airflow/.local/lib/python3.12/site-packages/airflow/example_dags/example_params_trigger_ui.py for tasks to queue
[2024-10-24T06:57:36.056+0000] {logging_mixin.py:190} INFO - [2024-10-24T06:57:36.056+0000] {dagbag.py:588} INFO - Filling up the DagBag from /home/airflow/.local/lib/python3.12/site-packages/airflow/example_dags/example_params_trigger_ui.py
[2024-10-24T06:57:36.068+0000] {processor.py:925} INFO - DAG(s) 'example_params_trigger_ui' retrieved from /home/airflow/.local/lib/python3.12/site-packages/airflow/example_dags/example_params_trigger_ui.py
[2024-10-24T06:57:36.150+0000] {logging_mixin.py:190} INFO - [2024-10-24T06:57:36.150+0000] {dag.py:3239} INFO - Sync 1 DAGs
[2024-10-24T06:57:36.167+0000] {logging_mixin.py:190} INFO - [2024-10-24T06:57:36.167+0000] {dag.py:4180} INFO - Setting next_dagrun for example_params_trigger_ui to None, run_after=None
[2024-10-24T06:57:36.187+0000] {processor.py:208} INFO - Processing /home/airflow/.local/lib/python3.12/site-packages/airflow/example_dags/example_params_trigger_ui.py took 0.141 seconds
[2024-10-24T06:58:06.570+0000] {processor.py:186} INFO - Started process (PID=100049) to work on /home/airflow/.local/lib/python3.12/site-packages/airflow/example_dags/example_params_trigger_ui.py
[2024-10-24T06:58:06.571+0000] {processor.py:914} INFO - Processing file /home/airflow/.local/lib/python3.12/site-packages/airflow/example_dags/example_params_trigger_ui.py for tasks to queue
[2024-10-24T06:58:06.573+0000] {logging_mixin.py:190} INFO - [2024-10-24T06:58:06.572+0000] {dagbag.py:588} INFO - Filling up the DagBag from /home/airflow/.local/lib/python3.12/site-packages/airflow/example_dags/example_params_trigger_ui.py
[2024-10-24T06:58:06.585+0000] {processor.py:925} INFO - DAG(s) 'example_params_trigger_ui' retrieved from /home/airflow/.local/lib/python3.12/site-packages/airflow/example_dags/example_params_trigger_ui.py
[2024-10-24T06:58:06.657+0000] {logging_mixin.py:190} INFO - [2024-10-24T06:58:06.657+0000] {dag.py:3239} INFO - Sync 1 DAGs
[2024-10-24T06:58:06.675+0000] {logging_mixin.py:190} INFO - [2024-10-24T06:58:06.675+0000] {dag.py:4180} INFO - Setting next_dagrun for example_params_trigger_ui to None, run_after=None
[2024-10-24T06:58:06.706+0000] {processor.py:208} INFO - Processing /home/airflow/.local/lib/python3.12/site-packages/airflow/example_dags/example_params_trigger_ui.py took 0.144 seconds
[2024-10-24T06:58:37.397+0000] {processor.py:186} INFO - Started process (PID=100115) to work on /home/airflow/.local/lib/python3.12/site-packages/airflow/example_dags/example_params_trigger_ui.py
[2024-10-24T06:58:37.398+0000] {processor.py:914} INFO - Processing file /home/airflow/.local/lib/python3.12/site-packages/airflow/example_dags/example_params_trigger_ui.py for tasks to queue
[2024-10-24T06:58:37.399+0000] {logging_mixin.py:190} INFO - [2024-10-24T06:58:37.399+0000] {dagbag.py:588} INFO - Filling up the DagBag from /home/airflow/.local/lib/python3.12/site-packages/airflow/example_dags/example_params_trigger_ui.py
[2024-10-24T06:58:37.411+0000] {processor.py:925} INFO - DAG(s) 'example_params_trigger_ui' retrieved from /home/airflow/.local/lib/python3.12/site-packages/airflow/example_dags/example_params_trigger_ui.py
[2024-10-24T06:58:37.468+0000] {logging_mixin.py:190} INFO - [2024-10-24T06:58:37.467+0000] {dag.py:3239} INFO - Sync 1 DAGs
[2024-10-24T06:58:37.484+0000] {logging_mixin.py:190} INFO - [2024-10-24T06:58:37.484+0000] {dag.py:4180} INFO - Setting next_dagrun for example_params_trigger_ui to None, run_after=None
[2024-10-24T06:58:37.503+0000] {processor.py:208} INFO - Processing /home/airflow/.local/lib/python3.12/site-packages/airflow/example_dags/example_params_trigger_ui.py took 0.114 seconds
