[2024-10-24T04:09:19.967+0000] {processor.py:186} INFO - Started process (PID=98900) to work on /home/airflow/.local/lib/python3.12/site-packages/airflow/example_dags/example_bash_operator.py
[2024-10-24T04:09:19.968+0000] {processor.py:914} INFO - Processing file /home/airflow/.local/lib/python3.12/site-packages/airflow/example_dags/example_bash_operator.py for tasks to queue
[2024-10-24T04:09:19.970+0000] {logging_mixin.py:190} INFO - [2024-10-24T04:09:19.969+0000] {dagbag.py:588} INFO - Filling up the DagBag from /home/airflow/.local/lib/python3.12/site-packages/airflow/example_dags/example_bash_operator.py
[2024-10-24T04:09:19.990+0000] {processor.py:925} INFO - DAG(s) 'example_bash_operator' retrieved from /home/airflow/.local/lib/python3.12/site-packages/airflow/example_dags/example_bash_operator.py
[2024-10-24T04:09:20.043+0000] {logging_mixin.py:190} INFO - [2024-10-24T04:09:20.042+0000] {dag.py:3239} INFO - Sync 1 DAGs
[2024-10-24T04:09:20.078+0000] {logging_mixin.py:190} INFO - [2024-10-24T04:09:20.077+0000] {dag.py:4180} INFO - Setting next_dagrun for example_bash_operator to 2024-10-23 00:00:00+00:00, run_after=2024-10-24 00:00:00+00:00
[2024-10-24T04:09:20.099+0000] {processor.py:208} INFO - Processing /home/airflow/.local/lib/python3.12/site-packages/airflow/example_dags/example_bash_operator.py took 0.143 seconds
[2024-10-24T04:09:50.382+0000] {processor.py:186} INFO - Started process (PID=98965) to work on /home/airflow/.local/lib/python3.12/site-packages/airflow/example_dags/example_bash_operator.py
[2024-10-24T04:09:50.383+0000] {processor.py:914} INFO - Processing file /home/airflow/.local/lib/python3.12/site-packages/airflow/example_dags/example_bash_operator.py for tasks to queue
[2024-10-24T04:09:50.385+0000] {logging_mixin.py:190} INFO - [2024-10-24T04:09:50.384+0000] {dagbag.py:588} INFO - Filling up the DagBag from /home/airflow/.local/lib/python3.12/site-packages/airflow/example_dags/example_bash_operator.py
[2024-10-24T04:09:50.397+0000] {processor.py:925} INFO - DAG(s) 'example_bash_operator' retrieved from /home/airflow/.local/lib/python3.12/site-packages/airflow/example_dags/example_bash_operator.py
[2024-10-24T04:09:50.431+0000] {logging_mixin.py:190} INFO - [2024-10-24T04:09:50.430+0000] {dag.py:3239} INFO - Sync 1 DAGs
[2024-10-24T04:09:50.466+0000] {logging_mixin.py:190} INFO - [2024-10-24T04:09:50.466+0000] {dag.py:4180} INFO - Setting next_dagrun for example_bash_operator to 2024-10-23 00:00:00+00:00, run_after=2024-10-24 00:00:00+00:00
[2024-10-24T04:09:50.484+0000] {processor.py:208} INFO - Processing /home/airflow/.local/lib/python3.12/site-packages/airflow/example_dags/example_bash_operator.py took 0.110 seconds
[2024-10-24T04:10:21.311+0000] {processor.py:186} INFO - Started process (PID=99038) to work on /home/airflow/.local/lib/python3.12/site-packages/airflow/example_dags/example_bash_operator.py
[2024-10-24T04:10:21.313+0000] {processor.py:914} INFO - Processing file /home/airflow/.local/lib/python3.12/site-packages/airflow/example_dags/example_bash_operator.py for tasks to queue
[2024-10-24T04:10:21.314+0000] {logging_mixin.py:190} INFO - [2024-10-24T04:10:21.314+0000] {dagbag.py:588} INFO - Filling up the DagBag from /home/airflow/.local/lib/python3.12/site-packages/airflow/example_dags/example_bash_operator.py
[2024-10-24T04:10:21.327+0000] {processor.py:925} INFO - DAG(s) 'example_bash_operator' retrieved from /home/airflow/.local/lib/python3.12/site-packages/airflow/example_dags/example_bash_operator.py
[2024-10-24T04:10:21.360+0000] {logging_mixin.py:190} INFO - [2024-10-24T04:10:21.360+0000] {dag.py:3239} INFO - Sync 1 DAGs
[2024-10-24T04:10:21.392+0000] {logging_mixin.py:190} INFO - [2024-10-24T04:10:21.391+0000] {dag.py:4180} INFO - Setting next_dagrun for example_bash_operator to 2024-10-23 00:00:00+00:00, run_after=2024-10-24 00:00:00+00:00
[2024-10-24T04:10:21.411+0000] {processor.py:208} INFO - Processing /home/airflow/.local/lib/python3.12/site-packages/airflow/example_dags/example_bash_operator.py took 0.107 seconds
[2024-10-24T04:10:52.025+0000] {processor.py:186} INFO - Started process (PID=99104) to work on /home/airflow/.local/lib/python3.12/site-packages/airflow/example_dags/example_bash_operator.py
[2024-10-24T04:10:52.026+0000] {processor.py:914} INFO - Processing file /home/airflow/.local/lib/python3.12/site-packages/airflow/example_dags/example_bash_operator.py for tasks to queue
[2024-10-24T04:10:52.028+0000] {logging_mixin.py:190} INFO - [2024-10-24T04:10:52.027+0000] {dagbag.py:588} INFO - Filling up the DagBag from /home/airflow/.local/lib/python3.12/site-packages/airflow/example_dags/example_bash_operator.py
[2024-10-24T04:10:52.040+0000] {processor.py:925} INFO - DAG(s) 'example_bash_operator' retrieved from /home/airflow/.local/lib/python3.12/site-packages/airflow/example_dags/example_bash_operator.py
[2024-10-24T04:10:52.073+0000] {logging_mixin.py:190} INFO - [2024-10-24T04:10:52.072+0000] {dag.py:3239} INFO - Sync 1 DAGs
[2024-10-24T04:10:52.100+0000] {logging_mixin.py:190} INFO - [2024-10-24T04:10:52.100+0000] {dag.py:4180} INFO - Setting next_dagrun for example_bash_operator to 2024-10-23 00:00:00+00:00, run_after=2024-10-24 00:00:00+00:00
[2024-10-24T04:10:52.117+0000] {processor.py:208} INFO - Processing /home/airflow/.local/lib/python3.12/site-packages/airflow/example_dags/example_bash_operator.py took 0.100 seconds
[2024-10-24T04:11:22.814+0000] {processor.py:186} INFO - Started process (PID=99171) to work on /home/airflow/.local/lib/python3.12/site-packages/airflow/example_dags/example_bash_operator.py
[2024-10-24T04:11:22.815+0000] {processor.py:914} INFO - Processing file /home/airflow/.local/lib/python3.12/site-packages/airflow/example_dags/example_bash_operator.py for tasks to queue
[2024-10-24T04:11:22.817+0000] {logging_mixin.py:190} INFO - [2024-10-24T04:11:22.817+0000] {dagbag.py:588} INFO - Filling up the DagBag from /home/airflow/.local/lib/python3.12/site-packages/airflow/example_dags/example_bash_operator.py
[2024-10-24T04:11:22.832+0000] {processor.py:925} INFO - DAG(s) 'example_bash_operator' retrieved from /home/airflow/.local/lib/python3.12/site-packages/airflow/example_dags/example_bash_operator.py
[2024-10-24T04:11:22.897+0000] {logging_mixin.py:190} INFO - [2024-10-24T04:11:22.897+0000] {dag.py:3239} INFO - Sync 1 DAGs
[2024-10-24T04:11:22.930+0000] {logging_mixin.py:190} INFO - [2024-10-24T04:11:22.930+0000] {dag.py:4180} INFO - Setting next_dagrun for example_bash_operator to 2024-10-23 00:00:00+00:00, run_after=2024-10-24 00:00:00+00:00
[2024-10-24T04:11:22.956+0000] {processor.py:208} INFO - Processing /home/airflow/.local/lib/python3.12/site-packages/airflow/example_dags/example_bash_operator.py took 0.150 seconds
[2024-10-24T04:11:53.496+0000] {processor.py:186} INFO - Started process (PID=99238) to work on /home/airflow/.local/lib/python3.12/site-packages/airflow/example_dags/example_bash_operator.py
[2024-10-24T04:11:53.497+0000] {processor.py:914} INFO - Processing file /home/airflow/.local/lib/python3.12/site-packages/airflow/example_dags/example_bash_operator.py for tasks to queue
[2024-10-24T04:11:53.498+0000] {logging_mixin.py:190} INFO - [2024-10-24T04:11:53.498+0000] {dagbag.py:588} INFO - Filling up the DagBag from /home/airflow/.local/lib/python3.12/site-packages/airflow/example_dags/example_bash_operator.py
[2024-10-24T04:11:53.519+0000] {processor.py:925} INFO - DAG(s) 'example_bash_operator' retrieved from /home/airflow/.local/lib/python3.12/site-packages/airflow/example_dags/example_bash_operator.py
[2024-10-24T04:11:53.562+0000] {logging_mixin.py:190} INFO - [2024-10-24T04:11:53.562+0000] {dag.py:3239} INFO - Sync 1 DAGs
[2024-10-24T04:11:53.594+0000] {logging_mixin.py:190} INFO - [2024-10-24T04:11:53.593+0000] {dag.py:4180} INFO - Setting next_dagrun for example_bash_operator to 2024-10-23 00:00:00+00:00, run_after=2024-10-24 00:00:00+00:00
[2024-10-24T04:11:53.613+0000] {processor.py:208} INFO - Processing /home/airflow/.local/lib/python3.12/site-packages/airflow/example_dags/example_bash_operator.py took 0.125 seconds
[2024-10-24T04:12:24.201+0000] {processor.py:186} INFO - Started process (PID=99305) to work on /home/airflow/.local/lib/python3.12/site-packages/airflow/example_dags/example_bash_operator.py
[2024-10-24T04:12:24.202+0000] {processor.py:914} INFO - Processing file /home/airflow/.local/lib/python3.12/site-packages/airflow/example_dags/example_bash_operator.py for tasks to queue
[2024-10-24T04:12:24.204+0000] {logging_mixin.py:190} INFO - [2024-10-24T04:12:24.203+0000] {dagbag.py:588} INFO - Filling up the DagBag from /home/airflow/.local/lib/python3.12/site-packages/airflow/example_dags/example_bash_operator.py
[2024-10-24T04:12:24.218+0000] {processor.py:925} INFO - DAG(s) 'example_bash_operator' retrieved from /home/airflow/.local/lib/python3.12/site-packages/airflow/example_dags/example_bash_operator.py
[2024-10-24T04:12:24.253+0000] {logging_mixin.py:190} INFO - [2024-10-24T04:12:24.253+0000] {dag.py:3239} INFO - Sync 1 DAGs
[2024-10-24T04:12:24.285+0000] {logging_mixin.py:190} INFO - [2024-10-24T04:12:24.285+0000] {dag.py:4180} INFO - Setting next_dagrun for example_bash_operator to 2024-10-23 00:00:00+00:00, run_after=2024-10-24 00:00:00+00:00
[2024-10-24T04:12:24.305+0000] {processor.py:208} INFO - Processing /home/airflow/.local/lib/python3.12/site-packages/airflow/example_dags/example_bash_operator.py took 0.113 seconds
[2024-10-24T04:12:55.226+0000] {processor.py:186} INFO - Started process (PID=99371) to work on /home/airflow/.local/lib/python3.12/site-packages/airflow/example_dags/example_bash_operator.py
[2024-10-24T04:12:55.228+0000] {processor.py:914} INFO - Processing file /home/airflow/.local/lib/python3.12/site-packages/airflow/example_dags/example_bash_operator.py for tasks to queue
[2024-10-24T04:12:55.230+0000] {logging_mixin.py:190} INFO - [2024-10-24T04:12:55.229+0000] {dagbag.py:588} INFO - Filling up the DagBag from /home/airflow/.local/lib/python3.12/site-packages/airflow/example_dags/example_bash_operator.py
[2024-10-24T04:12:55.243+0000] {processor.py:925} INFO - DAG(s) 'example_bash_operator' retrieved from /home/airflow/.local/lib/python3.12/site-packages/airflow/example_dags/example_bash_operator.py
[2024-10-24T04:12:55.288+0000] {logging_mixin.py:190} INFO - [2024-10-24T04:12:55.287+0000] {dag.py:3239} INFO - Sync 1 DAGs
[2024-10-24T04:12:55.333+0000] {logging_mixin.py:190} INFO - [2024-10-24T04:12:55.333+0000] {dag.py:4180} INFO - Setting next_dagrun for example_bash_operator to 2024-10-23 00:00:00+00:00, run_after=2024-10-24 00:00:00+00:00
[2024-10-24T04:12:55.354+0000] {processor.py:208} INFO - Processing /home/airflow/.local/lib/python3.12/site-packages/airflow/example_dags/example_bash_operator.py took 0.136 seconds
[2024-10-24T04:13:25.631+0000] {processor.py:186} INFO - Started process (PID=99438) to work on /home/airflow/.local/lib/python3.12/site-packages/airflow/example_dags/example_bash_operator.py
[2024-10-24T04:13:25.632+0000] {processor.py:914} INFO - Processing file /home/airflow/.local/lib/python3.12/site-packages/airflow/example_dags/example_bash_operator.py for tasks to queue
[2024-10-24T04:13:25.634+0000] {logging_mixin.py:190} INFO - [2024-10-24T04:13:25.633+0000] {dagbag.py:588} INFO - Filling up the DagBag from /home/airflow/.local/lib/python3.12/site-packages/airflow/example_dags/example_bash_operator.py
[2024-10-24T04:13:25.646+0000] {processor.py:925} INFO - DAG(s) 'example_bash_operator' retrieved from /home/airflow/.local/lib/python3.12/site-packages/airflow/example_dags/example_bash_operator.py
[2024-10-24T04:13:25.679+0000] {logging_mixin.py:190} INFO - [2024-10-24T04:13:25.679+0000] {dag.py:3239} INFO - Sync 1 DAGs
[2024-10-24T04:13:25.706+0000] {logging_mixin.py:190} INFO - [2024-10-24T04:13:25.706+0000] {dag.py:4180} INFO - Setting next_dagrun for example_bash_operator to 2024-10-23 00:00:00+00:00, run_after=2024-10-24 00:00:00+00:00
[2024-10-24T04:13:25.725+0000] {processor.py:208} INFO - Processing /home/airflow/.local/lib/python3.12/site-packages/airflow/example_dags/example_bash_operator.py took 0.103 seconds
[2024-10-24T04:13:56.476+0000] {processor.py:186} INFO - Started process (PID=99505) to work on /home/airflow/.local/lib/python3.12/site-packages/airflow/example_dags/example_bash_operator.py
[2024-10-24T04:13:56.477+0000] {processor.py:914} INFO - Processing file /home/airflow/.local/lib/python3.12/site-packages/airflow/example_dags/example_bash_operator.py for tasks to queue
[2024-10-24T04:13:56.478+0000] {logging_mixin.py:190} INFO - [2024-10-24T04:13:56.478+0000] {dagbag.py:588} INFO - Filling up the DagBag from /home/airflow/.local/lib/python3.12/site-packages/airflow/example_dags/example_bash_operator.py
[2024-10-24T04:13:56.493+0000] {processor.py:925} INFO - DAG(s) 'example_bash_operator' retrieved from /home/airflow/.local/lib/python3.12/site-packages/airflow/example_dags/example_bash_operator.py
[2024-10-24T04:13:56.531+0000] {logging_mixin.py:190} INFO - [2024-10-24T04:13:56.530+0000] {dag.py:3239} INFO - Sync 1 DAGs
[2024-10-24T04:13:56.558+0000] {logging_mixin.py:190} INFO - [2024-10-24T04:13:56.557+0000] {dag.py:4180} INFO - Setting next_dagrun for example_bash_operator to 2024-10-23 00:00:00+00:00, run_after=2024-10-24 00:00:00+00:00
[2024-10-24T04:13:56.577+0000] {processor.py:208} INFO - Processing /home/airflow/.local/lib/python3.12/site-packages/airflow/example_dags/example_bash_operator.py took 0.110 seconds
[2024-10-24T04:14:27.179+0000] {processor.py:186} INFO - Started process (PID=99572) to work on /home/airflow/.local/lib/python3.12/site-packages/airflow/example_dags/example_bash_operator.py
[2024-10-24T04:14:27.181+0000] {processor.py:914} INFO - Processing file /home/airflow/.local/lib/python3.12/site-packages/airflow/example_dags/example_bash_operator.py for tasks to queue
[2024-10-24T04:14:27.182+0000] {logging_mixin.py:190} INFO - [2024-10-24T04:14:27.182+0000] {dagbag.py:588} INFO - Filling up the DagBag from /home/airflow/.local/lib/python3.12/site-packages/airflow/example_dags/example_bash_operator.py
[2024-10-24T04:14:27.195+0000] {processor.py:925} INFO - DAG(s) 'example_bash_operator' retrieved from /home/airflow/.local/lib/python3.12/site-packages/airflow/example_dags/example_bash_operator.py
[2024-10-24T04:14:27.233+0000] {logging_mixin.py:190} INFO - [2024-10-24T04:14:27.232+0000] {dag.py:3239} INFO - Sync 1 DAGs
[2024-10-24T04:14:27.260+0000] {logging_mixin.py:190} INFO - [2024-10-24T04:14:27.259+0000] {dag.py:4180} INFO - Setting next_dagrun for example_bash_operator to 2024-10-23 00:00:00+00:00, run_after=2024-10-24 00:00:00+00:00
[2024-10-24T04:14:27.280+0000] {processor.py:208} INFO - Processing /home/airflow/.local/lib/python3.12/site-packages/airflow/example_dags/example_bash_operator.py took 0.108 seconds
[2024-10-24T04:14:57.737+0000] {processor.py:186} INFO - Started process (PID=99638) to work on /home/airflow/.local/lib/python3.12/site-packages/airflow/example_dags/example_bash_operator.py
[2024-10-24T04:14:57.738+0000] {processor.py:914} INFO - Processing file /home/airflow/.local/lib/python3.12/site-packages/airflow/example_dags/example_bash_operator.py for tasks to queue
[2024-10-24T04:14:57.740+0000] {logging_mixin.py:190} INFO - [2024-10-24T04:14:57.739+0000] {dagbag.py:588} INFO - Filling up the DagBag from /home/airflow/.local/lib/python3.12/site-packages/airflow/example_dags/example_bash_operator.py
[2024-10-24T04:14:57.752+0000] {processor.py:925} INFO - DAG(s) 'example_bash_operator' retrieved from /home/airflow/.local/lib/python3.12/site-packages/airflow/example_dags/example_bash_operator.py
[2024-10-24T04:14:57.794+0000] {logging_mixin.py:190} INFO - [2024-10-24T04:14:57.794+0000] {dag.py:3239} INFO - Sync 1 DAGs
[2024-10-24T04:14:57.823+0000] {logging_mixin.py:190} INFO - [2024-10-24T04:14:57.823+0000] {dag.py:4180} INFO - Setting next_dagrun for example_bash_operator to 2024-10-23 00:00:00+00:00, run_after=2024-10-24 00:00:00+00:00
[2024-10-24T04:14:57.845+0000] {processor.py:208} INFO - Processing /home/airflow/.local/lib/python3.12/site-packages/airflow/example_dags/example_bash_operator.py took 0.116 seconds
[2024-10-24T04:15:28.351+0000] {processor.py:186} INFO - Started process (PID=99705) to work on /home/airflow/.local/lib/python3.12/site-packages/airflow/example_dags/example_bash_operator.py
[2024-10-24T04:15:28.353+0000] {processor.py:914} INFO - Processing file /home/airflow/.local/lib/python3.12/site-packages/airflow/example_dags/example_bash_operator.py for tasks to queue
[2024-10-24T04:15:28.354+0000] {logging_mixin.py:190} INFO - [2024-10-24T04:15:28.354+0000] {dagbag.py:588} INFO - Filling up the DagBag from /home/airflow/.local/lib/python3.12/site-packages/airflow/example_dags/example_bash_operator.py
[2024-10-24T04:15:28.366+0000] {processor.py:925} INFO - DAG(s) 'example_bash_operator' retrieved from /home/airflow/.local/lib/python3.12/site-packages/airflow/example_dags/example_bash_operator.py
[2024-10-24T04:15:28.399+0000] {logging_mixin.py:190} INFO - [2024-10-24T04:15:28.399+0000] {dag.py:3239} INFO - Sync 1 DAGs
[2024-10-24T04:15:28.427+0000] {logging_mixin.py:190} INFO - [2024-10-24T04:15:28.427+0000] {dag.py:4180} INFO - Setting next_dagrun for example_bash_operator to 2024-10-23 00:00:00+00:00, run_after=2024-10-24 00:00:00+00:00
[2024-10-24T04:15:28.447+0000] {processor.py:208} INFO - Processing /home/airflow/.local/lib/python3.12/site-packages/airflow/example_dags/example_bash_operator.py took 0.104 seconds
[2024-10-24T06:56:02.917+0000] {processor.py:186} INFO - Started process (PID=99772) to work on /home/airflow/.local/lib/python3.12/site-packages/airflow/example_dags/example_bash_operator.py
[2024-10-24T06:56:02.919+0000] {processor.py:914} INFO - Processing file /home/airflow/.local/lib/python3.12/site-packages/airflow/example_dags/example_bash_operator.py for tasks to queue
[2024-10-24T06:56:02.920+0000] {logging_mixin.py:190} INFO - [2024-10-24T06:56:02.920+0000] {dagbag.py:588} INFO - Filling up the DagBag from /home/airflow/.local/lib/python3.12/site-packages/airflow/example_dags/example_bash_operator.py
[2024-10-24T06:56:02.933+0000] {processor.py:925} INFO - DAG(s) 'example_bash_operator' retrieved from /home/airflow/.local/lib/python3.12/site-packages/airflow/example_dags/example_bash_operator.py
[2024-10-24T06:56:02.973+0000] {logging_mixin.py:190} INFO - [2024-10-24T06:56:02.972+0000] {dag.py:3239} INFO - Sync 1 DAGs
[2024-10-24T06:56:03.002+0000] {logging_mixin.py:190} INFO - [2024-10-24T06:56:03.002+0000] {dag.py:4180} INFO - Setting next_dagrun for example_bash_operator to 2024-10-23 00:00:00+00:00, run_after=2024-10-24 00:00:00+00:00
[2024-10-24T06:56:03.024+0000] {processor.py:208} INFO - Processing /home/airflow/.local/lib/python3.12/site-packages/airflow/example_dags/example_bash_operator.py took 0.115 seconds
[2024-10-24T06:56:34.007+0000] {processor.py:186} INFO - Started process (PID=99839) to work on /home/airflow/.local/lib/python3.12/site-packages/airflow/example_dags/example_bash_operator.py
[2024-10-24T06:56:34.008+0000] {processor.py:914} INFO - Processing file /home/airflow/.local/lib/python3.12/site-packages/airflow/example_dags/example_bash_operator.py for tasks to queue
[2024-10-24T06:56:34.010+0000] {logging_mixin.py:190} INFO - [2024-10-24T06:56:34.010+0000] {dagbag.py:588} INFO - Filling up the DagBag from /home/airflow/.local/lib/python3.12/site-packages/airflow/example_dags/example_bash_operator.py
[2024-10-24T06:56:34.025+0000] {processor.py:925} INFO - DAG(s) 'example_bash_operator' retrieved from /home/airflow/.local/lib/python3.12/site-packages/airflow/example_dags/example_bash_operator.py
[2024-10-24T06:56:34.071+0000] {logging_mixin.py:190} INFO - [2024-10-24T06:56:34.070+0000] {dag.py:3239} INFO - Sync 1 DAGs
[2024-10-24T06:56:34.102+0000] {logging_mixin.py:190} INFO - [2024-10-24T06:56:34.101+0000] {dag.py:4180} INFO - Setting next_dagrun for example_bash_operator to 2024-10-23 00:00:00+00:00, run_after=2024-10-24 00:00:00+00:00
[2024-10-24T06:56:34.132+0000] {processor.py:208} INFO - Processing /home/airflow/.local/lib/python3.12/site-packages/airflow/example_dags/example_bash_operator.py took 0.134 seconds
[2024-10-24T06:57:04.866+0000] {processor.py:186} INFO - Started process (PID=99906) to work on /home/airflow/.local/lib/python3.12/site-packages/airflow/example_dags/example_bash_operator.py
[2024-10-24T06:57:04.868+0000] {processor.py:914} INFO - Processing file /home/airflow/.local/lib/python3.12/site-packages/airflow/example_dags/example_bash_operator.py for tasks to queue
[2024-10-24T06:57:04.869+0000] {logging_mixin.py:190} INFO - [2024-10-24T06:57:04.869+0000] {dagbag.py:588} INFO - Filling up the DagBag from /home/airflow/.local/lib/python3.12/site-packages/airflow/example_dags/example_bash_operator.py
[2024-10-24T06:57:04.884+0000] {processor.py:925} INFO - DAG(s) 'example_bash_operator' retrieved from /home/airflow/.local/lib/python3.12/site-packages/airflow/example_dags/example_bash_operator.py
[2024-10-24T06:57:04.921+0000] {logging_mixin.py:190} INFO - [2024-10-24T06:57:04.921+0000] {dag.py:3239} INFO - Sync 1 DAGs
[2024-10-24T06:57:04.948+0000] {logging_mixin.py:190} INFO - [2024-10-24T06:57:04.947+0000] {dag.py:4180} INFO - Setting next_dagrun for example_bash_operator to 2024-10-23 00:00:00+00:00, run_after=2024-10-24 00:00:00+00:00
[2024-10-24T06:57:04.967+0000] {processor.py:208} INFO - Processing /home/airflow/.local/lib/python3.12/site-packages/airflow/example_dags/example_bash_operator.py took 0.109 seconds
[2024-10-24T06:57:35.338+0000] {processor.py:186} INFO - Started process (PID=99973) to work on /home/airflow/.local/lib/python3.12/site-packages/airflow/example_dags/example_bash_operator.py
[2024-10-24T06:57:35.339+0000] {processor.py:914} INFO - Processing file /home/airflow/.local/lib/python3.12/site-packages/airflow/example_dags/example_bash_operator.py for tasks to queue
[2024-10-24T06:57:35.341+0000] {logging_mixin.py:190} INFO - [2024-10-24T06:57:35.340+0000] {dagbag.py:588} INFO - Filling up the DagBag from /home/airflow/.local/lib/python3.12/site-packages/airflow/example_dags/example_bash_operator.py
[2024-10-24T06:57:35.355+0000] {processor.py:925} INFO - DAG(s) 'example_bash_operator' retrieved from /home/airflow/.local/lib/python3.12/site-packages/airflow/example_dags/example_bash_operator.py
[2024-10-24T06:57:35.388+0000] {logging_mixin.py:190} INFO - [2024-10-24T06:57:35.387+0000] {dag.py:3239} INFO - Sync 1 DAGs
[2024-10-24T06:57:35.425+0000] {logging_mixin.py:190} INFO - [2024-10-24T06:57:35.425+0000] {dag.py:4180} INFO - Setting next_dagrun for example_bash_operator to 2024-10-23 00:00:00+00:00, run_after=2024-10-24 00:00:00+00:00
[2024-10-24T06:57:35.443+0000] {processor.py:208} INFO - Processing /home/airflow/.local/lib/python3.12/site-packages/airflow/example_dags/example_bash_operator.py took 0.118 seconds
[2024-10-24T06:58:05.886+0000] {processor.py:186} INFO - Started process (PID=100040) to work on /home/airflow/.local/lib/python3.12/site-packages/airflow/example_dags/example_bash_operator.py
[2024-10-24T06:58:05.887+0000] {processor.py:914} INFO - Processing file /home/airflow/.local/lib/python3.12/site-packages/airflow/example_dags/example_bash_operator.py for tasks to queue
[2024-10-24T06:58:05.888+0000] {logging_mixin.py:190} INFO - [2024-10-24T06:58:05.888+0000] {dagbag.py:588} INFO - Filling up the DagBag from /home/airflow/.local/lib/python3.12/site-packages/airflow/example_dags/example_bash_operator.py
[2024-10-24T06:58:05.903+0000] {processor.py:925} INFO - DAG(s) 'example_bash_operator' retrieved from /home/airflow/.local/lib/python3.12/site-packages/airflow/example_dags/example_bash_operator.py
[2024-10-24T06:58:05.935+0000] {logging_mixin.py:190} INFO - [2024-10-24T06:58:05.935+0000] {dag.py:3239} INFO - Sync 1 DAGs
[2024-10-24T06:58:05.967+0000] {logging_mixin.py:190} INFO - [2024-10-24T06:58:05.967+0000] {dag.py:4180} INFO - Setting next_dagrun for example_bash_operator to 2024-10-23 00:00:00+00:00, run_after=2024-10-24 00:00:00+00:00
[2024-10-24T06:58:05.987+0000] {processor.py:208} INFO - Processing /home/airflow/.local/lib/python3.12/site-packages/airflow/example_dags/example_bash_operator.py took 0.109 seconds
[2024-10-24T06:58:36.791+0000] {processor.py:186} INFO - Started process (PID=100106) to work on /home/airflow/.local/lib/python3.12/site-packages/airflow/example_dags/example_bash_operator.py
[2024-10-24T06:58:36.794+0000] {processor.py:914} INFO - Processing file /home/airflow/.local/lib/python3.12/site-packages/airflow/example_dags/example_bash_operator.py for tasks to queue
[2024-10-24T06:58:36.796+0000] {logging_mixin.py:190} INFO - [2024-10-24T06:58:36.796+0000] {dagbag.py:588} INFO - Filling up the DagBag from /home/airflow/.local/lib/python3.12/site-packages/airflow/example_dags/example_bash_operator.py
[2024-10-24T06:58:36.810+0000] {processor.py:925} INFO - DAG(s) 'example_bash_operator' retrieved from /home/airflow/.local/lib/python3.12/site-packages/airflow/example_dags/example_bash_operator.py
[2024-10-24T06:58:36.850+0000] {logging_mixin.py:190} INFO - [2024-10-24T06:58:36.849+0000] {dag.py:3239} INFO - Sync 1 DAGs
[2024-10-24T06:58:36.879+0000] {logging_mixin.py:190} INFO - [2024-10-24T06:58:36.878+0000] {dag.py:4180} INFO - Setting next_dagrun for example_bash_operator to 2024-10-23 00:00:00+00:00, run_after=2024-10-24 00:00:00+00:00
[2024-10-24T06:58:36.901+0000] {processor.py:208} INFO - Processing /home/airflow/.local/lib/python3.12/site-packages/airflow/example_dags/example_bash_operator.py took 0.118 seconds
[2024-10-24T06:59:08.605+0000] {processor.py:186} INFO - Started process (PID=100173) to work on /home/airflow/.local/lib/python3.12/site-packages/airflow/example_dags/example_bash_operator.py
[2024-10-24T06:59:08.607+0000] {processor.py:914} INFO - Processing file /home/airflow/.local/lib/python3.12/site-packages/airflow/example_dags/example_bash_operator.py for tasks to queue
[2024-10-24T06:59:08.609+0000] {logging_mixin.py:190} INFO - [2024-10-24T06:59:08.608+0000] {dagbag.py:588} INFO - Filling up the DagBag from /home/airflow/.local/lib/python3.12/site-packages/airflow/example_dags/example_bash_operator.py
[2024-10-24T06:59:08.625+0000] {processor.py:925} INFO - DAG(s) 'example_bash_operator' retrieved from /home/airflow/.local/lib/python3.12/site-packages/airflow/example_dags/example_bash_operator.py
[2024-10-24T06:59:08.686+0000] {logging_mixin.py:190} INFO - [2024-10-24T06:59:08.683+0000] {dag.py:3239} INFO - Sync 1 DAGs
[2024-10-24T06:59:08.962+0000] {logging_mixin.py:190} INFO - [2024-10-24T06:59:08.961+0000] {dag.py:4180} INFO - Setting next_dagrun for example_bash_operator to 2024-10-23 00:00:00+00:00, run_after=2024-10-24 00:00:00+00:00
[2024-10-24T06:59:09.004+0000] {processor.py:208} INFO - Processing /home/airflow/.local/lib/python3.12/site-packages/airflow/example_dags/example_bash_operator.py took 0.410 seconds
