[2024-10-24T04:09:20.935+0000] {processor.py:186} INFO - Started process (PID=98913) to work on /home/airflow/.local/lib/python3.12/site-packages/airflow/example_dags/example_branch_python_dop_operator_3.py
[2024-10-24T04:09:20.936+0000] {processor.py:914} INFO - Processing file /home/airflow/.local/lib/python3.12/site-packages/airflow/example_dags/example_branch_python_dop_operator_3.py for tasks to queue
[2024-10-24T04:09:20.937+0000] {logging_mixin.py:190} INFO - [2024-10-24T04:09:20.937+0000] {dagbag.py:588} INFO - Filling up the DagBag from /home/airflow/.local/lib/python3.12/site-packages/airflow/example_dags/example_branch_python_dop_operator_3.py
[2024-10-24T04:09:20.947+0000] {processor.py:925} INFO - DAG(s) 'example_branch_dop_operator_v3' retrieved from /home/airflow/.local/lib/python3.12/site-packages/airflow/example_dags/example_branch_python_dop_operator_3.py
[2024-10-24T04:09:21.002+0000] {logging_mixin.py:190} INFO - [2024-10-24T04:09:21.002+0000] {dag.py:3239} INFO - Sync 1 DAGs
[2024-10-24T04:09:21.048+0000] {logging_mixin.py:190} INFO - [2024-10-24T04:09:21.047+0000] {dag.py:4180} INFO - Setting next_dagrun for example_branch_dop_operator_v3 to 2024-10-24 04:08:00+00:00, run_after=2024-10-24 04:09:00+00:00
[2024-10-24T04:09:21.086+0000] {processor.py:208} INFO - Processing /home/airflow/.local/lib/python3.12/site-packages/airflow/example_dags/example_branch_python_dop_operator_3.py took 0.159 seconds
[2024-10-24T04:09:51.996+0000] {processor.py:186} INFO - Started process (PID=98980) to work on /home/airflow/.local/lib/python3.12/site-packages/airflow/example_dags/example_branch_python_dop_operator_3.py
[2024-10-24T04:09:51.997+0000] {processor.py:914} INFO - Processing file /home/airflow/.local/lib/python3.12/site-packages/airflow/example_dags/example_branch_python_dop_operator_3.py for tasks to queue
[2024-10-24T04:09:51.999+0000] {logging_mixin.py:190} INFO - [2024-10-24T04:09:51.999+0000] {dagbag.py:588} INFO - Filling up the DagBag from /home/airflow/.local/lib/python3.12/site-packages/airflow/example_dags/example_branch_python_dop_operator_3.py
[2024-10-24T04:09:52.011+0000] {processor.py:925} INFO - DAG(s) 'example_branch_dop_operator_v3' retrieved from /home/airflow/.local/lib/python3.12/site-packages/airflow/example_dags/example_branch_python_dop_operator_3.py
[2024-10-24T04:09:52.037+0000] {logging_mixin.py:190} INFO - [2024-10-24T04:09:52.037+0000] {dag.py:3239} INFO - Sync 1 DAGs
[2024-10-24T04:09:52.069+0000] {logging_mixin.py:190} INFO - [2024-10-24T04:09:52.069+0000] {dag.py:4180} INFO - Setting next_dagrun for example_branch_dop_operator_v3 to 2024-10-24 04:08:00+00:00, run_after=2024-10-24 04:09:00+00:00
[2024-10-24T04:09:52.091+0000] {processor.py:208} INFO - Processing /home/airflow/.local/lib/python3.12/site-packages/airflow/example_dags/example_branch_python_dop_operator_3.py took 0.103 seconds
[2024-10-24T04:10:22.802+0000] {processor.py:186} INFO - Started process (PID=99046) to work on /home/airflow/.local/lib/python3.12/site-packages/airflow/example_dags/example_branch_python_dop_operator_3.py
[2024-10-24T04:10:22.803+0000] {processor.py:914} INFO - Processing file /home/airflow/.local/lib/python3.12/site-packages/airflow/example_dags/example_branch_python_dop_operator_3.py for tasks to queue
[2024-10-24T04:10:22.804+0000] {logging_mixin.py:190} INFO - [2024-10-24T04:10:22.804+0000] {dagbag.py:588} INFO - Filling up the DagBag from /home/airflow/.local/lib/python3.12/site-packages/airflow/example_dags/example_branch_python_dop_operator_3.py
[2024-10-24T04:10:22.814+0000] {processor.py:925} INFO - DAG(s) 'example_branch_dop_operator_v3' retrieved from /home/airflow/.local/lib/python3.12/site-packages/airflow/example_dags/example_branch_python_dop_operator_3.py
[2024-10-24T04:10:22.839+0000] {logging_mixin.py:190} INFO - [2024-10-24T04:10:22.838+0000] {dag.py:3239} INFO - Sync 1 DAGs
[2024-10-24T04:10:22.869+0000] {logging_mixin.py:190} INFO - [2024-10-24T04:10:22.868+0000] {dag.py:4180} INFO - Setting next_dagrun for example_branch_dop_operator_v3 to 2024-10-24 04:09:00+00:00, run_after=2024-10-24 04:10:00+00:00
[2024-10-24T04:10:22.891+0000] {processor.py:208} INFO - Processing /home/airflow/.local/lib/python3.12/site-packages/airflow/example_dags/example_branch_python_dop_operator_3.py took 0.098 seconds
[2024-10-24T04:10:53.505+0000] {processor.py:186} INFO - Started process (PID=99112) to work on /home/airflow/.local/lib/python3.12/site-packages/airflow/example_dags/example_branch_python_dop_operator_3.py
[2024-10-24T04:10:53.507+0000] {processor.py:914} INFO - Processing file /home/airflow/.local/lib/python3.12/site-packages/airflow/example_dags/example_branch_python_dop_operator_3.py for tasks to queue
[2024-10-24T04:10:53.508+0000] {logging_mixin.py:190} INFO - [2024-10-24T04:10:53.508+0000] {dagbag.py:588} INFO - Filling up the DagBag from /home/airflow/.local/lib/python3.12/site-packages/airflow/example_dags/example_branch_python_dop_operator_3.py
[2024-10-24T04:10:53.517+0000] {processor.py:925} INFO - DAG(s) 'example_branch_dop_operator_v3' retrieved from /home/airflow/.local/lib/python3.12/site-packages/airflow/example_dags/example_branch_python_dop_operator_3.py
[2024-10-24T04:10:53.542+0000] {logging_mixin.py:190} INFO - [2024-10-24T04:10:53.542+0000] {dag.py:3239} INFO - Sync 1 DAGs
[2024-10-24T04:10:53.571+0000] {logging_mixin.py:190} INFO - [2024-10-24T04:10:53.570+0000] {dag.py:4180} INFO - Setting next_dagrun for example_branch_dop_operator_v3 to 2024-10-24 04:09:00+00:00, run_after=2024-10-24 04:10:00+00:00
[2024-10-24T04:10:53.590+0000] {processor.py:208} INFO - Processing /home/airflow/.local/lib/python3.12/site-packages/airflow/example_dags/example_branch_python_dop_operator_3.py took 0.093 seconds
[2024-10-24T04:11:24.480+0000] {processor.py:186} INFO - Started process (PID=99179) to work on /home/airflow/.local/lib/python3.12/site-packages/airflow/example_dags/example_branch_python_dop_operator_3.py
[2024-10-24T04:11:24.483+0000] {processor.py:914} INFO - Processing file /home/airflow/.local/lib/python3.12/site-packages/airflow/example_dags/example_branch_python_dop_operator_3.py for tasks to queue
[2024-10-24T04:11:24.485+0000] {logging_mixin.py:190} INFO - [2024-10-24T04:11:24.485+0000] {dagbag.py:588} INFO - Filling up the DagBag from /home/airflow/.local/lib/python3.12/site-packages/airflow/example_dags/example_branch_python_dop_operator_3.py
[2024-10-24T04:11:24.493+0000] {processor.py:925} INFO - DAG(s) 'example_branch_dop_operator_v3' retrieved from /home/airflow/.local/lib/python3.12/site-packages/airflow/example_dags/example_branch_python_dop_operator_3.py
[2024-10-24T04:11:24.520+0000] {logging_mixin.py:190} INFO - [2024-10-24T04:11:24.520+0000] {dag.py:3239} INFO - Sync 1 DAGs
[2024-10-24T04:11:24.552+0000] {logging_mixin.py:190} INFO - [2024-10-24T04:11:24.552+0000] {dag.py:4180} INFO - Setting next_dagrun for example_branch_dop_operator_v3 to 2024-10-24 04:10:00+00:00, run_after=2024-10-24 04:11:00+00:00
[2024-10-24T04:11:24.573+0000] {processor.py:208} INFO - Processing /home/airflow/.local/lib/python3.12/site-packages/airflow/example_dags/example_branch_python_dop_operator_3.py took 0.103 seconds
[2024-10-24T04:11:54.875+0000] {processor.py:186} INFO - Started process (PID=99245) to work on /home/airflow/.local/lib/python3.12/site-packages/airflow/example_dags/example_branch_python_dop_operator_3.py
[2024-10-24T04:11:56.408+0000] {processor.py:914} INFO - Processing file /home/airflow/.local/lib/python3.12/site-packages/airflow/example_dags/example_branch_python_dop_operator_3.py for tasks to queue
[2024-10-24T04:11:56.578+0000] {logging_mixin.py:190} INFO - [2024-10-24T04:11:56.409+0000] {dagbag.py:588} INFO - Filling up the DagBag from /home/airflow/.local/lib/python3.12/site-packages/airflow/example_dags/example_branch_python_dop_operator_3.py
[2024-10-24T04:11:56.604+0000] {processor.py:925} INFO - DAG(s) 'example_branch_dop_operator_v3' retrieved from /home/airflow/.local/lib/python3.12/site-packages/airflow/example_dags/example_branch_python_dop_operator_3.py
[2024-10-24T04:11:56.670+0000] {logging_mixin.py:190} INFO - [2024-10-24T04:11:56.670+0000] {dag.py:3239} INFO - Sync 1 DAGs
[2024-10-24T04:11:56.708+0000] {logging_mixin.py:190} INFO - [2024-10-24T04:11:56.707+0000] {dag.py:4180} INFO - Setting next_dagrun for example_branch_dop_operator_v3 to 2024-10-24 04:10:00+00:00, run_after=2024-10-24 04:11:00+00:00
[2024-10-24T04:11:56.735+0000] {processor.py:208} INFO - Processing /home/airflow/.local/lib/python3.12/site-packages/airflow/example_dags/example_branch_python_dop_operator_3.py took 1.866 seconds
[2024-10-24T04:12:27.727+0000] {processor.py:186} INFO - Started process (PID=99313) to work on /home/airflow/.local/lib/python3.12/site-packages/airflow/example_dags/example_branch_python_dop_operator_3.py
[2024-10-24T04:12:27.729+0000] {processor.py:914} INFO - Processing file /home/airflow/.local/lib/python3.12/site-packages/airflow/example_dags/example_branch_python_dop_operator_3.py for tasks to queue
[2024-10-24T04:12:27.730+0000] {logging_mixin.py:190} INFO - [2024-10-24T04:12:27.730+0000] {dagbag.py:588} INFO - Filling up the DagBag from /home/airflow/.local/lib/python3.12/site-packages/airflow/example_dags/example_branch_python_dop_operator_3.py
[2024-10-24T04:12:27.740+0000] {processor.py:925} INFO - DAG(s) 'example_branch_dop_operator_v3' retrieved from /home/airflow/.local/lib/python3.12/site-packages/airflow/example_dags/example_branch_python_dop_operator_3.py
[2024-10-24T04:12:27.764+0000] {logging_mixin.py:190} INFO - [2024-10-24T04:12:27.763+0000] {dag.py:3239} INFO - Sync 1 DAGs
[2024-10-24T04:12:27.796+0000] {logging_mixin.py:190} INFO - [2024-10-24T04:12:27.795+0000] {dag.py:4180} INFO - Setting next_dagrun for example_branch_dop_operator_v3 to 2024-10-24 04:11:00+00:00, run_after=2024-10-24 04:12:00+00:00
[2024-10-24T04:12:27.815+0000] {processor.py:208} INFO - Processing /home/airflow/.local/lib/python3.12/site-packages/airflow/example_dags/example_branch_python_dop_operator_3.py took 0.097 seconds
[2024-10-24T04:12:57.943+0000] {processor.py:186} INFO - Started process (PID=99378) to work on /home/airflow/.local/lib/python3.12/site-packages/airflow/example_dags/example_branch_python_dop_operator_3.py
[2024-10-24T04:12:57.945+0000] {processor.py:914} INFO - Processing file /home/airflow/.local/lib/python3.12/site-packages/airflow/example_dags/example_branch_python_dop_operator_3.py for tasks to queue
[2024-10-24T04:12:57.946+0000] {logging_mixin.py:190} INFO - [2024-10-24T04:12:57.946+0000] {dagbag.py:588} INFO - Filling up the DagBag from /home/airflow/.local/lib/python3.12/site-packages/airflow/example_dags/example_branch_python_dop_operator_3.py
[2024-10-24T04:12:57.955+0000] {processor.py:925} INFO - DAG(s) 'example_branch_dop_operator_v3' retrieved from /home/airflow/.local/lib/python3.12/site-packages/airflow/example_dags/example_branch_python_dop_operator_3.py
[2024-10-24T04:12:57.982+0000] {logging_mixin.py:190} INFO - [2024-10-24T04:12:57.982+0000] {dag.py:3239} INFO - Sync 1 DAGs
[2024-10-24T04:12:58.010+0000] {logging_mixin.py:190} INFO - [2024-10-24T04:12:58.010+0000] {dag.py:4180} INFO - Setting next_dagrun for example_branch_dop_operator_v3 to 2024-10-24 04:11:00+00:00, run_after=2024-10-24 04:12:00+00:00
[2024-10-24T04:12:58.028+0000] {processor.py:208} INFO - Processing /home/airflow/.local/lib/python3.12/site-packages/airflow/example_dags/example_branch_python_dop_operator_3.py took 0.092 seconds
[2024-10-24T04:13:28.098+0000] {processor.py:186} INFO - Started process (PID=99445) to work on /home/airflow/.local/lib/python3.12/site-packages/airflow/example_dags/example_branch_python_dop_operator_3.py
[2024-10-24T04:13:28.099+0000] {processor.py:914} INFO - Processing file /home/airflow/.local/lib/python3.12/site-packages/airflow/example_dags/example_branch_python_dop_operator_3.py for tasks to queue
[2024-10-24T04:13:28.101+0000] {logging_mixin.py:190} INFO - [2024-10-24T04:13:28.100+0000] {dagbag.py:588} INFO - Filling up the DagBag from /home/airflow/.local/lib/python3.12/site-packages/airflow/example_dags/example_branch_python_dop_operator_3.py
[2024-10-24T04:13:28.110+0000] {processor.py:925} INFO - DAG(s) 'example_branch_dop_operator_v3' retrieved from /home/airflow/.local/lib/python3.12/site-packages/airflow/example_dags/example_branch_python_dop_operator_3.py
[2024-10-24T04:13:28.133+0000] {logging_mixin.py:190} INFO - [2024-10-24T04:13:28.133+0000] {dag.py:3239} INFO - Sync 1 DAGs
[2024-10-24T04:13:28.162+0000] {logging_mixin.py:190} INFO - [2024-10-24T04:13:28.162+0000] {dag.py:4180} INFO - Setting next_dagrun for example_branch_dop_operator_v3 to 2024-10-24 04:12:00+00:00, run_after=2024-10-24 04:13:00+00:00
[2024-10-24T04:13:28.181+0000] {processor.py:208} INFO - Processing /home/airflow/.local/lib/python3.12/site-packages/airflow/example_dags/example_branch_python_dop_operator_3.py took 0.091 seconds
[2024-10-24T04:13:58.849+0000] {processor.py:186} INFO - Started process (PID=99512) to work on /home/airflow/.local/lib/python3.12/site-packages/airflow/example_dags/example_branch_python_dop_operator_3.py
[2024-10-24T04:13:58.850+0000] {processor.py:914} INFO - Processing file /home/airflow/.local/lib/python3.12/site-packages/airflow/example_dags/example_branch_python_dop_operator_3.py for tasks to queue
[2024-10-24T04:13:58.852+0000] {logging_mixin.py:190} INFO - [2024-10-24T04:13:58.851+0000] {dagbag.py:588} INFO - Filling up the DagBag from /home/airflow/.local/lib/python3.12/site-packages/airflow/example_dags/example_branch_python_dop_operator_3.py
[2024-10-24T04:13:58.861+0000] {processor.py:925} INFO - DAG(s) 'example_branch_dop_operator_v3' retrieved from /home/airflow/.local/lib/python3.12/site-packages/airflow/example_dags/example_branch_python_dop_operator_3.py
[2024-10-24T04:13:58.884+0000] {logging_mixin.py:190} INFO - [2024-10-24T04:13:58.884+0000] {dag.py:3239} INFO - Sync 1 DAGs
[2024-10-24T04:13:58.913+0000] {logging_mixin.py:190} INFO - [2024-10-24T04:13:58.913+0000] {dag.py:4180} INFO - Setting next_dagrun for example_branch_dop_operator_v3 to 2024-10-24 04:12:00+00:00, run_after=2024-10-24 04:13:00+00:00
[2024-10-24T04:13:58.939+0000] {processor.py:208} INFO - Processing /home/airflow/.local/lib/python3.12/site-packages/airflow/example_dags/example_branch_python_dop_operator_3.py took 0.098 seconds
[2024-10-24T04:14:29.657+0000] {processor.py:186} INFO - Started process (PID=99579) to work on /home/airflow/.local/lib/python3.12/site-packages/airflow/example_dags/example_branch_python_dop_operator_3.py
[2024-10-24T04:14:29.658+0000] {processor.py:914} INFO - Processing file /home/airflow/.local/lib/python3.12/site-packages/airflow/example_dags/example_branch_python_dop_operator_3.py for tasks to queue
[2024-10-24T04:14:29.659+0000] {logging_mixin.py:190} INFO - [2024-10-24T04:14:29.659+0000] {dagbag.py:588} INFO - Filling up the DagBag from /home/airflow/.local/lib/python3.12/site-packages/airflow/example_dags/example_branch_python_dop_operator_3.py
[2024-10-24T04:14:29.668+0000] {processor.py:925} INFO - DAG(s) 'example_branch_dop_operator_v3' retrieved from /home/airflow/.local/lib/python3.12/site-packages/airflow/example_dags/example_branch_python_dop_operator_3.py
[2024-10-24T04:14:29.694+0000] {logging_mixin.py:190} INFO - [2024-10-24T04:14:29.693+0000] {dag.py:3239} INFO - Sync 1 DAGs
[2024-10-24T04:14:29.721+0000] {logging_mixin.py:190} INFO - [2024-10-24T04:14:29.721+0000] {dag.py:4180} INFO - Setting next_dagrun for example_branch_dop_operator_v3 to 2024-10-24 04:13:00+00:00, run_after=2024-10-24 04:14:00+00:00
[2024-10-24T04:14:29.740+0000] {processor.py:208} INFO - Processing /home/airflow/.local/lib/python3.12/site-packages/airflow/example_dags/example_branch_python_dop_operator_3.py took 0.091 seconds
[2024-10-24T04:15:00.140+0000] {processor.py:186} INFO - Started process (PID=99645) to work on /home/airflow/.local/lib/python3.12/site-packages/airflow/example_dags/example_branch_python_dop_operator_3.py
[2024-10-24T04:15:00.141+0000] {processor.py:914} INFO - Processing file /home/airflow/.local/lib/python3.12/site-packages/airflow/example_dags/example_branch_python_dop_operator_3.py for tasks to queue
[2024-10-24T04:15:00.143+0000] {logging_mixin.py:190} INFO - [2024-10-24T04:15:00.142+0000] {dagbag.py:588} INFO - Filling up the DagBag from /home/airflow/.local/lib/python3.12/site-packages/airflow/example_dags/example_branch_python_dop_operator_3.py
[2024-10-24T04:15:00.151+0000] {processor.py:925} INFO - DAG(s) 'example_branch_dop_operator_v3' retrieved from /home/airflow/.local/lib/python3.12/site-packages/airflow/example_dags/example_branch_python_dop_operator_3.py
[2024-10-24T04:15:00.178+0000] {logging_mixin.py:190} INFO - [2024-10-24T04:15:00.178+0000] {dag.py:3239} INFO - Sync 1 DAGs
[2024-10-24T04:15:00.207+0000] {logging_mixin.py:190} INFO - [2024-10-24T04:15:00.207+0000] {dag.py:4180} INFO - Setting next_dagrun for example_branch_dop_operator_v3 to 2024-10-24 04:14:00+00:00, run_after=2024-10-24 04:15:00+00:00
[2024-10-24T04:15:00.231+0000] {processor.py:208} INFO - Processing /home/airflow/.local/lib/python3.12/site-packages/airflow/example_dags/example_branch_python_dop_operator_3.py took 0.099 seconds
[2024-10-24T04:15:30.717+0000] {processor.py:186} INFO - Started process (PID=99712) to work on /home/airflow/.local/lib/python3.12/site-packages/airflow/example_dags/example_branch_python_dop_operator_3.py
[2024-10-24T04:15:30.719+0000] {processor.py:914} INFO - Processing file /home/airflow/.local/lib/python3.12/site-packages/airflow/example_dags/example_branch_python_dop_operator_3.py for tasks to queue
[2024-10-24T04:15:30.720+0000] {logging_mixin.py:190} INFO - [2024-10-24T04:15:30.720+0000] {dagbag.py:588} INFO - Filling up the DagBag from /home/airflow/.local/lib/python3.12/site-packages/airflow/example_dags/example_branch_python_dop_operator_3.py
[2024-10-24T04:15:30.729+0000] {processor.py:925} INFO - DAG(s) 'example_branch_dop_operator_v3' retrieved from /home/airflow/.local/lib/python3.12/site-packages/airflow/example_dags/example_branch_python_dop_operator_3.py
[2024-10-24T04:15:30.756+0000] {logging_mixin.py:190} INFO - [2024-10-24T04:15:30.756+0000] {dag.py:3239} INFO - Sync 1 DAGs
[2024-10-24T04:15:30.787+0000] {logging_mixin.py:190} INFO - [2024-10-24T04:15:30.786+0000] {dag.py:4180} INFO - Setting next_dagrun for example_branch_dop_operator_v3 to 2024-10-24 04:14:00+00:00, run_after=2024-10-24 04:15:00+00:00
[2024-10-24T04:15:30.805+0000] {processor.py:208} INFO - Processing /home/airflow/.local/lib/python3.12/site-packages/airflow/example_dags/example_branch_python_dop_operator_3.py took 0.096 seconds
[2024-10-24T06:56:03.542+0000] {processor.py:186} INFO - Started process (PID=99780) to work on /home/airflow/.local/lib/python3.12/site-packages/airflow/example_dags/example_branch_python_dop_operator_3.py
[2024-10-24T06:56:03.544+0000] {processor.py:914} INFO - Processing file /home/airflow/.local/lib/python3.12/site-packages/airflow/example_dags/example_branch_python_dop_operator_3.py for tasks to queue
[2024-10-24T06:56:03.545+0000] {logging_mixin.py:190} INFO - [2024-10-24T06:56:03.545+0000] {dagbag.py:588} INFO - Filling up the DagBag from /home/airflow/.local/lib/python3.12/site-packages/airflow/example_dags/example_branch_python_dop_operator_3.py
[2024-10-24T06:56:03.557+0000] {processor.py:925} INFO - DAG(s) 'example_branch_dop_operator_v3' retrieved from /home/airflow/.local/lib/python3.12/site-packages/airflow/example_dags/example_branch_python_dop_operator_3.py
[2024-10-24T06:56:03.584+0000] {logging_mixin.py:190} INFO - [2024-10-24T06:56:03.583+0000] {dag.py:3239} INFO - Sync 1 DAGs
[2024-10-24T06:56:03.623+0000] {logging_mixin.py:190} INFO - [2024-10-24T06:56:03.623+0000] {dag.py:4180} INFO - Setting next_dagrun for example_branch_dop_operator_v3 to 2024-10-24 06:55:00+00:00, run_after=2024-10-24 06:56:00+00:00
[2024-10-24T06:56:03.644+0000] {processor.py:208} INFO - Processing /home/airflow/.local/lib/python3.12/site-packages/airflow/example_dags/example_branch_python_dop_operator_3.py took 0.112 seconds
[2024-10-24T06:56:34.608+0000] {processor.py:186} INFO - Started process (PID=99847) to work on /home/airflow/.local/lib/python3.12/site-packages/airflow/example_dags/example_branch_python_dop_operator_3.py
[2024-10-24T06:56:34.612+0000] {processor.py:914} INFO - Processing file /home/airflow/.local/lib/python3.12/site-packages/airflow/example_dags/example_branch_python_dop_operator_3.py for tasks to queue
[2024-10-24T06:56:34.616+0000] {logging_mixin.py:190} INFO - [2024-10-24T06:56:34.616+0000] {dagbag.py:588} INFO - Filling up the DagBag from /home/airflow/.local/lib/python3.12/site-packages/airflow/example_dags/example_branch_python_dop_operator_3.py
[2024-10-24T06:56:34.625+0000] {processor.py:925} INFO - DAG(s) 'example_branch_dop_operator_v3' retrieved from /home/airflow/.local/lib/python3.12/site-packages/airflow/example_dags/example_branch_python_dop_operator_3.py
[2024-10-24T06:56:34.655+0000] {logging_mixin.py:190} INFO - [2024-10-24T06:56:34.654+0000] {dag.py:3239} INFO - Sync 1 DAGs
[2024-10-24T06:56:34.684+0000] {logging_mixin.py:190} INFO - [2024-10-24T06:56:34.684+0000] {dag.py:4180} INFO - Setting next_dagrun for example_branch_dop_operator_v3 to 2024-10-24 06:55:00+00:00, run_after=2024-10-24 06:56:00+00:00
[2024-10-24T06:56:34.703+0000] {processor.py:208} INFO - Processing /home/airflow/.local/lib/python3.12/site-packages/airflow/example_dags/example_branch_python_dop_operator_3.py took 0.105 seconds
[2024-10-24T06:57:05.558+0000] {processor.py:186} INFO - Started process (PID=99914) to work on /home/airflow/.local/lib/python3.12/site-packages/airflow/example_dags/example_branch_python_dop_operator_3.py
[2024-10-24T06:57:05.560+0000] {processor.py:914} INFO - Processing file /home/airflow/.local/lib/python3.12/site-packages/airflow/example_dags/example_branch_python_dop_operator_3.py for tasks to queue
[2024-10-24T06:57:05.564+0000] {logging_mixin.py:190} INFO - [2024-10-24T06:57:05.563+0000] {dagbag.py:588} INFO - Filling up the DagBag from /home/airflow/.local/lib/python3.12/site-packages/airflow/example_dags/example_branch_python_dop_operator_3.py
[2024-10-24T06:57:05.574+0000] {processor.py:925} INFO - DAG(s) 'example_branch_dop_operator_v3' retrieved from /home/airflow/.local/lib/python3.12/site-packages/airflow/example_dags/example_branch_python_dop_operator_3.py
[2024-10-24T06:57:05.603+0000] {logging_mixin.py:190} INFO - [2024-10-24T06:57:05.603+0000] {dag.py:3239} INFO - Sync 1 DAGs
[2024-10-24T06:57:05.636+0000] {logging_mixin.py:190} INFO - [2024-10-24T06:57:05.636+0000] {dag.py:4180} INFO - Setting next_dagrun for example_branch_dop_operator_v3 to 2024-10-24 06:56:00+00:00, run_after=2024-10-24 06:57:00+00:00
[2024-10-24T06:57:05.669+0000] {processor.py:208} INFO - Processing /home/airflow/.local/lib/python3.12/site-packages/airflow/example_dags/example_branch_python_dop_operator_3.py took 0.120 seconds
[2024-10-24T06:57:35.809+0000] {processor.py:186} INFO - Started process (PID=99980) to work on /home/airflow/.local/lib/python3.12/site-packages/airflow/example_dags/example_branch_python_dop_operator_3.py
[2024-10-24T06:57:35.810+0000] {processor.py:914} INFO - Processing file /home/airflow/.local/lib/python3.12/site-packages/airflow/example_dags/example_branch_python_dop_operator_3.py for tasks to queue
[2024-10-24T06:57:35.812+0000] {logging_mixin.py:190} INFO - [2024-10-24T06:57:35.812+0000] {dagbag.py:588} INFO - Filling up the DagBag from /home/airflow/.local/lib/python3.12/site-packages/airflow/example_dags/example_branch_python_dop_operator_3.py
[2024-10-24T06:57:35.821+0000] {processor.py:925} INFO - DAG(s) 'example_branch_dop_operator_v3' retrieved from /home/airflow/.local/lib/python3.12/site-packages/airflow/example_dags/example_branch_python_dop_operator_3.py
[2024-10-24T06:57:35.846+0000] {logging_mixin.py:190} INFO - [2024-10-24T06:57:35.845+0000] {dag.py:3239} INFO - Sync 1 DAGs
[2024-10-24T06:57:35.877+0000] {logging_mixin.py:190} INFO - [2024-10-24T06:57:35.877+0000] {dag.py:4180} INFO - Setting next_dagrun for example_branch_dop_operator_v3 to 2024-10-24 06:56:00+00:00, run_after=2024-10-24 06:57:00+00:00
[2024-10-24T06:57:35.895+0000] {processor.py:208} INFO - Processing /home/airflow/.local/lib/python3.12/site-packages/airflow/example_dags/example_branch_python_dop_operator_3.py took 0.094 seconds
[2024-10-24T06:58:06.454+0000] {processor.py:186} INFO - Started process (PID=100047) to work on /home/airflow/.local/lib/python3.12/site-packages/airflow/example_dags/example_branch_python_dop_operator_3.py
[2024-10-24T06:58:06.455+0000] {processor.py:914} INFO - Processing file /home/airflow/.local/lib/python3.12/site-packages/airflow/example_dags/example_branch_python_dop_operator_3.py for tasks to queue
[2024-10-24T06:58:06.457+0000] {logging_mixin.py:190} INFO - [2024-10-24T06:58:06.456+0000] {dagbag.py:588} INFO - Filling up the DagBag from /home/airflow/.local/lib/python3.12/site-packages/airflow/example_dags/example_branch_python_dop_operator_3.py
[2024-10-24T06:58:06.466+0000] {processor.py:925} INFO - DAG(s) 'example_branch_dop_operator_v3' retrieved from /home/airflow/.local/lib/python3.12/site-packages/airflow/example_dags/example_branch_python_dop_operator_3.py
[2024-10-24T06:58:06.489+0000] {logging_mixin.py:190} INFO - [2024-10-24T06:58:06.489+0000] {dag.py:3239} INFO - Sync 1 DAGs
[2024-10-24T06:58:06.518+0000] {logging_mixin.py:190} INFO - [2024-10-24T06:58:06.518+0000] {dag.py:4180} INFO - Setting next_dagrun for example_branch_dop_operator_v3 to 2024-10-24 06:57:00+00:00, run_after=2024-10-24 06:58:00+00:00
[2024-10-24T06:58:06.536+0000] {processor.py:208} INFO - Processing /home/airflow/.local/lib/python3.12/site-packages/airflow/example_dags/example_branch_python_dop_operator_3.py took 0.089 seconds
[2024-10-24T06:58:37.259+0000] {processor.py:186} INFO - Started process (PID=100113) to work on /home/airflow/.local/lib/python3.12/site-packages/airflow/example_dags/example_branch_python_dop_operator_3.py
[2024-10-24T06:58:37.261+0000] {processor.py:914} INFO - Processing file /home/airflow/.local/lib/python3.12/site-packages/airflow/example_dags/example_branch_python_dop_operator_3.py for tasks to queue
[2024-10-24T06:58:37.262+0000] {logging_mixin.py:190} INFO - [2024-10-24T06:58:37.262+0000] {dagbag.py:588} INFO - Filling up the DagBag from /home/airflow/.local/lib/python3.12/site-packages/airflow/example_dags/example_branch_python_dop_operator_3.py
[2024-10-24T06:58:37.274+0000] {processor.py:925} INFO - DAG(s) 'example_branch_dop_operator_v3' retrieved from /home/airflow/.local/lib/python3.12/site-packages/airflow/example_dags/example_branch_python_dop_operator_3.py
[2024-10-24T06:58:37.310+0000] {logging_mixin.py:190} INFO - [2024-10-24T06:58:37.309+0000] {dag.py:3239} INFO - Sync 1 DAGs
[2024-10-24T06:58:37.344+0000] {logging_mixin.py:190} INFO - [2024-10-24T06:58:37.344+0000] {dag.py:4180} INFO - Setting next_dagrun for example_branch_dop_operator_v3 to 2024-10-24 06:57:00+00:00, run_after=2024-10-24 06:58:00+00:00
[2024-10-24T06:58:37.361+0000] {processor.py:208} INFO - Processing /home/airflow/.local/lib/python3.12/site-packages/airflow/example_dags/example_branch_python_dop_operator_3.py took 0.110 seconds
