[2024-10-24T04:09:22.202+0000] {processor.py:186} INFO - Started process (PID=98924) to work on /home/airflow/.local/lib/python3.12/site-packages/airflow/example_dags/example_sensors.py
[2024-10-24T04:09:22.203+0000] {processor.py:914} INFO - Processing file /home/airflow/.local/lib/python3.12/site-packages/airflow/example_dags/example_sensors.py for tasks to queue
[2024-10-24T04:09:22.206+0000] {logging_mixin.py:190} INFO - [2024-10-24T04:09:22.204+0000] {dagbag.py:588} INFO - Filling up the DagBag from /home/airflow/.local/lib/python3.12/site-packages/airflow/example_dags/example_sensors.py
[2024-10-24T04:09:22.220+0000] {processor.py:925} INFO - DAG(s) 'example_sensors' retrieved from /home/airflow/.local/lib/python3.12/site-packages/airflow/example_dags/example_sensors.py
[2024-10-24T04:09:22.253+0000] {logging_mixin.py:190} INFO - [2024-10-24T04:09:22.252+0000] {dag.py:3239} INFO - Sync 1 DAGs
[2024-10-24T04:09:22.269+0000] {logging_mixin.py:190} INFO - [2024-10-24T04:09:22.269+0000] {dag.py:4180} INFO - Setting next_dagrun for example_sensors to None, run_after=None
[2024-10-24T04:09:22.288+0000] {processor.py:208} INFO - Processing /home/airflow/.local/lib/python3.12/site-packages/airflow/example_dags/example_sensors.py took 0.095 seconds
[2024-10-24T04:09:52.896+0000] {processor.py:186} INFO - Started process (PID=98991) to work on /home/airflow/.local/lib/python3.12/site-packages/airflow/example_dags/example_sensors.py
[2024-10-24T04:09:52.897+0000] {processor.py:914} INFO - Processing file /home/airflow/.local/lib/python3.12/site-packages/airflow/example_dags/example_sensors.py for tasks to queue
[2024-10-24T04:09:52.899+0000] {logging_mixin.py:190} INFO - [2024-10-24T04:09:52.898+0000] {dagbag.py:588} INFO - Filling up the DagBag from /home/airflow/.local/lib/python3.12/site-packages/airflow/example_dags/example_sensors.py
[2024-10-24T04:09:52.915+0000] {processor.py:925} INFO - DAG(s) 'example_sensors' retrieved from /home/airflow/.local/lib/python3.12/site-packages/airflow/example_dags/example_sensors.py
[2024-10-24T04:09:52.957+0000] {logging_mixin.py:190} INFO - [2024-10-24T04:09:52.957+0000] {dag.py:3239} INFO - Sync 1 DAGs
[2024-10-24T04:09:52.975+0000] {logging_mixin.py:190} INFO - [2024-10-24T04:09:52.975+0000] {dag.py:4180} INFO - Setting next_dagrun for example_sensors to None, run_after=None
[2024-10-24T04:09:52.996+0000] {processor.py:208} INFO - Processing /home/airflow/.local/lib/python3.12/site-packages/airflow/example_dags/example_sensors.py took 0.110 seconds
[2024-10-24T04:10:23.648+0000] {processor.py:186} INFO - Started process (PID=99057) to work on /home/airflow/.local/lib/python3.12/site-packages/airflow/example_dags/example_sensors.py
[2024-10-24T04:10:23.649+0000] {processor.py:914} INFO - Processing file /home/airflow/.local/lib/python3.12/site-packages/airflow/example_dags/example_sensors.py for tasks to queue
[2024-10-24T04:10:23.650+0000] {logging_mixin.py:190} INFO - [2024-10-24T04:10:23.650+0000] {dagbag.py:588} INFO - Filling up the DagBag from /home/airflow/.local/lib/python3.12/site-packages/airflow/example_dags/example_sensors.py
[2024-10-24T04:10:23.662+0000] {processor.py:925} INFO - DAG(s) 'example_sensors' retrieved from /home/airflow/.local/lib/python3.12/site-packages/airflow/example_dags/example_sensors.py
[2024-10-24T04:10:23.693+0000] {logging_mixin.py:190} INFO - [2024-10-24T04:10:23.693+0000] {dag.py:3239} INFO - Sync 1 DAGs
[2024-10-24T04:10:23.712+0000] {logging_mixin.py:190} INFO - [2024-10-24T04:10:23.711+0000] {dag.py:4180} INFO - Setting next_dagrun for example_sensors to None, run_after=None
[2024-10-24T04:10:23.731+0000] {processor.py:208} INFO - Processing /home/airflow/.local/lib/python3.12/site-packages/airflow/example_dags/example_sensors.py took 0.091 seconds
[2024-10-24T04:10:54.446+0000] {processor.py:186} INFO - Started process (PID=99123) to work on /home/airflow/.local/lib/python3.12/site-packages/airflow/example_dags/example_sensors.py
[2024-10-24T04:10:54.447+0000] {processor.py:914} INFO - Processing file /home/airflow/.local/lib/python3.12/site-packages/airflow/example_dags/example_sensors.py for tasks to queue
[2024-10-24T04:10:54.449+0000] {logging_mixin.py:190} INFO - [2024-10-24T04:10:54.448+0000] {dagbag.py:588} INFO - Filling up the DagBag from /home/airflow/.local/lib/python3.12/site-packages/airflow/example_dags/example_sensors.py
[2024-10-24T04:10:54.461+0000] {processor.py:925} INFO - DAG(s) 'example_sensors' retrieved from /home/airflow/.local/lib/python3.12/site-packages/airflow/example_dags/example_sensors.py
[2024-10-24T04:10:54.493+0000] {logging_mixin.py:190} INFO - [2024-10-24T04:10:54.493+0000] {dag.py:3239} INFO - Sync 1 DAGs
[2024-10-24T04:10:54.510+0000] {logging_mixin.py:190} INFO - [2024-10-24T04:10:54.510+0000] {dag.py:4180} INFO - Setting next_dagrun for example_sensors to None, run_after=None
[2024-10-24T04:10:54.528+0000] {processor.py:208} INFO - Processing /home/airflow/.local/lib/python3.12/site-packages/airflow/example_dags/example_sensors.py took 0.091 seconds
[2024-10-24T04:11:25.464+0000] {processor.py:186} INFO - Started process (PID=99190) to work on /home/airflow/.local/lib/python3.12/site-packages/airflow/example_dags/example_sensors.py
[2024-10-24T04:11:25.466+0000] {processor.py:914} INFO - Processing file /home/airflow/.local/lib/python3.12/site-packages/airflow/example_dags/example_sensors.py for tasks to queue
[2024-10-24T04:11:25.468+0000] {logging_mixin.py:190} INFO - [2024-10-24T04:11:25.467+0000] {dagbag.py:588} INFO - Filling up the DagBag from /home/airflow/.local/lib/python3.12/site-packages/airflow/example_dags/example_sensors.py
[2024-10-24T04:11:25.481+0000] {processor.py:925} INFO - DAG(s) 'example_sensors' retrieved from /home/airflow/.local/lib/python3.12/site-packages/airflow/example_dags/example_sensors.py
[2024-10-24T04:11:25.517+0000] {logging_mixin.py:190} INFO - [2024-10-24T04:11:25.516+0000] {dag.py:3239} INFO - Sync 1 DAGs
[2024-10-24T04:11:25.533+0000] {logging_mixin.py:190} INFO - [2024-10-24T04:11:25.533+0000] {dag.py:4180} INFO - Setting next_dagrun for example_sensors to None, run_after=None
[2024-10-24T04:11:25.550+0000] {processor.py:208} INFO - Processing /home/airflow/.local/lib/python3.12/site-packages/airflow/example_dags/example_sensors.py took 0.094 seconds
[2024-10-24T04:11:58.174+0000] {processor.py:186} INFO - Started process (PID=99257) to work on /home/airflow/.local/lib/python3.12/site-packages/airflow/example_dags/example_sensors.py
[2024-10-24T04:11:58.175+0000] {processor.py:914} INFO - Processing file /home/airflow/.local/lib/python3.12/site-packages/airflow/example_dags/example_sensors.py for tasks to queue
[2024-10-24T04:11:58.178+0000] {logging_mixin.py:190} INFO - [2024-10-24T04:11:58.176+0000] {dagbag.py:588} INFO - Filling up the DagBag from /home/airflow/.local/lib/python3.12/site-packages/airflow/example_dags/example_sensors.py
[2024-10-24T04:11:58.190+0000] {processor.py:925} INFO - DAG(s) 'example_sensors' retrieved from /home/airflow/.local/lib/python3.12/site-packages/airflow/example_dags/example_sensors.py
[2024-10-24T04:11:58.231+0000] {logging_mixin.py:190} INFO - [2024-10-24T04:11:58.231+0000] {dag.py:3239} INFO - Sync 1 DAGs
[2024-10-24T04:11:58.250+0000] {logging_mixin.py:190} INFO - [2024-10-24T04:11:58.249+0000] {dag.py:4180} INFO - Setting next_dagrun for example_sensors to None, run_after=None
[2024-10-24T04:11:58.269+0000] {processor.py:208} INFO - Processing /home/airflow/.local/lib/python3.12/site-packages/airflow/example_dags/example_sensors.py took 0.103 seconds
[2024-10-24T04:12:28.613+0000] {processor.py:186} INFO - Started process (PID=99324) to work on /home/airflow/.local/lib/python3.12/site-packages/airflow/example_dags/example_sensors.py
[2024-10-24T04:12:28.615+0000] {processor.py:914} INFO - Processing file /home/airflow/.local/lib/python3.12/site-packages/airflow/example_dags/example_sensors.py for tasks to queue
[2024-10-24T04:12:28.616+0000] {logging_mixin.py:190} INFO - [2024-10-24T04:12:28.616+0000] {dagbag.py:588} INFO - Filling up the DagBag from /home/airflow/.local/lib/python3.12/site-packages/airflow/example_dags/example_sensors.py
[2024-10-24T04:12:28.632+0000] {processor.py:925} INFO - DAG(s) 'example_sensors' retrieved from /home/airflow/.local/lib/python3.12/site-packages/airflow/example_dags/example_sensors.py
[2024-10-24T04:12:28.665+0000] {logging_mixin.py:190} INFO - [2024-10-24T04:12:28.664+0000] {dag.py:3239} INFO - Sync 1 DAGs
[2024-10-24T04:12:28.681+0000] {logging_mixin.py:190} INFO - [2024-10-24T04:12:28.681+0000] {dag.py:4180} INFO - Setting next_dagrun for example_sensors to None, run_after=None
[2024-10-24T04:12:28.698+0000] {processor.py:208} INFO - Processing /home/airflow/.local/lib/python3.12/site-packages/airflow/example_dags/example_sensors.py took 0.092 seconds
[2024-10-24T04:12:59.032+0000] {processor.py:186} INFO - Started process (PID=99390) to work on /home/airflow/.local/lib/python3.12/site-packages/airflow/example_dags/example_sensors.py
[2024-10-24T04:12:59.033+0000] {processor.py:914} INFO - Processing file /home/airflow/.local/lib/python3.12/site-packages/airflow/example_dags/example_sensors.py for tasks to queue
[2024-10-24T04:12:59.034+0000] {logging_mixin.py:190} INFO - [2024-10-24T04:12:59.034+0000] {dagbag.py:588} INFO - Filling up the DagBag from /home/airflow/.local/lib/python3.12/site-packages/airflow/example_dags/example_sensors.py
[2024-10-24T04:12:59.047+0000] {processor.py:925} INFO - DAG(s) 'example_sensors' retrieved from /home/airflow/.local/lib/python3.12/site-packages/airflow/example_dags/example_sensors.py
[2024-10-24T04:12:59.078+0000] {logging_mixin.py:190} INFO - [2024-10-24T04:12:59.078+0000] {dag.py:3239} INFO - Sync 1 DAGs
[2024-10-24T04:12:59.095+0000] {logging_mixin.py:190} INFO - [2024-10-24T04:12:59.095+0000] {dag.py:4180} INFO - Setting next_dagrun for example_sensors to None, run_after=None
[2024-10-24T04:12:59.115+0000] {processor.py:208} INFO - Processing /home/airflow/.local/lib/python3.12/site-packages/airflow/example_dags/example_sensors.py took 0.092 seconds
[2024-10-24T04:13:29.374+0000] {processor.py:186} INFO - Started process (PID=99457) to work on /home/airflow/.local/lib/python3.12/site-packages/airflow/example_dags/example_sensors.py
[2024-10-24T04:13:29.375+0000] {processor.py:914} INFO - Processing file /home/airflow/.local/lib/python3.12/site-packages/airflow/example_dags/example_sensors.py for tasks to queue
[2024-10-24T04:13:29.376+0000] {logging_mixin.py:190} INFO - [2024-10-24T04:13:29.376+0000] {dagbag.py:588} INFO - Filling up the DagBag from /home/airflow/.local/lib/python3.12/site-packages/airflow/example_dags/example_sensors.py
[2024-10-24T04:13:29.390+0000] {processor.py:925} INFO - DAG(s) 'example_sensors' retrieved from /home/airflow/.local/lib/python3.12/site-packages/airflow/example_dags/example_sensors.py
[2024-10-24T04:13:29.426+0000] {logging_mixin.py:190} INFO - [2024-10-24T04:13:29.426+0000] {dag.py:3239} INFO - Sync 1 DAGs
[2024-10-24T04:13:29.448+0000] {logging_mixin.py:190} INFO - [2024-10-24T04:13:29.447+0000] {dag.py:4180} INFO - Setting next_dagrun for example_sensors to None, run_after=None
[2024-10-24T04:13:29.465+0000] {processor.py:208} INFO - Processing /home/airflow/.local/lib/python3.12/site-packages/airflow/example_dags/example_sensors.py took 0.100 seconds
[2024-10-24T04:13:59.950+0000] {processor.py:186} INFO - Started process (PID=99524) to work on /home/airflow/.local/lib/python3.12/site-packages/airflow/example_dags/example_sensors.py
[2024-10-24T04:13:59.952+0000] {processor.py:914} INFO - Processing file /home/airflow/.local/lib/python3.12/site-packages/airflow/example_dags/example_sensors.py for tasks to queue
[2024-10-24T04:13:59.953+0000] {logging_mixin.py:190} INFO - [2024-10-24T04:13:59.953+0000] {dagbag.py:588} INFO - Filling up the DagBag from /home/airflow/.local/lib/python3.12/site-packages/airflow/example_dags/example_sensors.py
[2024-10-24T04:13:59.967+0000] {processor.py:925} INFO - DAG(s) 'example_sensors' retrieved from /home/airflow/.local/lib/python3.12/site-packages/airflow/example_dags/example_sensors.py
[2024-10-24T04:13:59.999+0000] {logging_mixin.py:190} INFO - [2024-10-24T04:13:59.999+0000] {dag.py:3239} INFO - Sync 1 DAGs
[2024-10-24T04:14:00.018+0000] {logging_mixin.py:190} INFO - [2024-10-24T04:14:00.018+0000] {dag.py:4180} INFO - Setting next_dagrun for example_sensors to None, run_after=None
[2024-10-24T04:14:00.037+0000] {processor.py:208} INFO - Processing /home/airflow/.local/lib/python3.12/site-packages/airflow/example_dags/example_sensors.py took 0.096 seconds
[2024-10-24T04:14:30.705+0000] {processor.py:186} INFO - Started process (PID=99591) to work on /home/airflow/.local/lib/python3.12/site-packages/airflow/example_dags/example_sensors.py
[2024-10-24T04:14:30.706+0000] {processor.py:914} INFO - Processing file /home/airflow/.local/lib/python3.12/site-packages/airflow/example_dags/example_sensors.py for tasks to queue
[2024-10-24T04:14:30.708+0000] {logging_mixin.py:190} INFO - [2024-10-24T04:14:30.708+0000] {dagbag.py:588} INFO - Filling up the DagBag from /home/airflow/.local/lib/python3.12/site-packages/airflow/example_dags/example_sensors.py
[2024-10-24T04:14:30.721+0000] {processor.py:925} INFO - DAG(s) 'example_sensors' retrieved from /home/airflow/.local/lib/python3.12/site-packages/airflow/example_dags/example_sensors.py
[2024-10-24T04:14:30.751+0000] {logging_mixin.py:190} INFO - [2024-10-24T04:14:30.751+0000] {dag.py:3239} INFO - Sync 1 DAGs
[2024-10-24T04:14:30.768+0000] {logging_mixin.py:190} INFO - [2024-10-24T04:14:30.768+0000] {dag.py:4180} INFO - Setting next_dagrun for example_sensors to None, run_after=None
[2024-10-24T04:14:30.789+0000] {processor.py:208} INFO - Processing /home/airflow/.local/lib/python3.12/site-packages/airflow/example_dags/example_sensors.py took 0.092 seconds
[2024-10-24T04:15:01.135+0000] {processor.py:186} INFO - Started process (PID=99657) to work on /home/airflow/.local/lib/python3.12/site-packages/airflow/example_dags/example_sensors.py
[2024-10-24T04:15:01.136+0000] {processor.py:914} INFO - Processing file /home/airflow/.local/lib/python3.12/site-packages/airflow/example_dags/example_sensors.py for tasks to queue
[2024-10-24T04:15:01.138+0000] {logging_mixin.py:190} INFO - [2024-10-24T04:15:01.137+0000] {dagbag.py:588} INFO - Filling up the DagBag from /home/airflow/.local/lib/python3.12/site-packages/airflow/example_dags/example_sensors.py
[2024-10-24T04:15:01.153+0000] {processor.py:925} INFO - DAG(s) 'example_sensors' retrieved from /home/airflow/.local/lib/python3.12/site-packages/airflow/example_dags/example_sensors.py
[2024-10-24T04:15:01.196+0000] {logging_mixin.py:190} INFO - [2024-10-24T04:15:01.196+0000] {dag.py:3239} INFO - Sync 1 DAGs
[2024-10-24T04:15:01.219+0000] {logging_mixin.py:190} INFO - [2024-10-24T04:15:01.219+0000] {dag.py:4180} INFO - Setting next_dagrun for example_sensors to None, run_after=None
[2024-10-24T04:15:01.244+0000] {processor.py:208} INFO - Processing /home/airflow/.local/lib/python3.12/site-packages/airflow/example_dags/example_sensors.py took 0.119 seconds
[2024-10-24T04:15:31.644+0000] {processor.py:186} INFO - Started process (PID=99724) to work on /home/airflow/.local/lib/python3.12/site-packages/airflow/example_dags/example_sensors.py
[2024-10-24T04:15:31.645+0000] {processor.py:914} INFO - Processing file /home/airflow/.local/lib/python3.12/site-packages/airflow/example_dags/example_sensors.py for tasks to queue
[2024-10-24T04:15:31.646+0000] {logging_mixin.py:190} INFO - [2024-10-24T04:15:31.646+0000] {dagbag.py:588} INFO - Filling up the DagBag from /home/airflow/.local/lib/python3.12/site-packages/airflow/example_dags/example_sensors.py
[2024-10-24T04:15:31.659+0000] {processor.py:925} INFO - DAG(s) 'example_sensors' retrieved from /home/airflow/.local/lib/python3.12/site-packages/airflow/example_dags/example_sensors.py
[2024-10-24T04:15:31.692+0000] {logging_mixin.py:190} INFO - [2024-10-24T04:15:31.692+0000] {dag.py:3239} INFO - Sync 1 DAGs
[2024-10-24T04:15:31.710+0000] {logging_mixin.py:190} INFO - [2024-10-24T04:15:31.709+0000] {dag.py:4180} INFO - Setting next_dagrun for example_sensors to None, run_after=None
[2024-10-24T04:15:31.730+0000] {processor.py:208} INFO - Processing /home/airflow/.local/lib/python3.12/site-packages/airflow/example_dags/example_sensors.py took 0.095 seconds
[2024-10-24T06:56:04.579+0000] {processor.py:186} INFO - Started process (PID=99791) to work on /home/airflow/.local/lib/python3.12/site-packages/airflow/example_dags/example_sensors.py
[2024-10-24T06:56:04.580+0000] {processor.py:914} INFO - Processing file /home/airflow/.local/lib/python3.12/site-packages/airflow/example_dags/example_sensors.py for tasks to queue
[2024-10-24T06:56:04.582+0000] {logging_mixin.py:190} INFO - [2024-10-24T06:56:04.581+0000] {dagbag.py:588} INFO - Filling up the DagBag from /home/airflow/.local/lib/python3.12/site-packages/airflow/example_dags/example_sensors.py
[2024-10-24T06:56:04.594+0000] {processor.py:925} INFO - DAG(s) 'example_sensors' retrieved from /home/airflow/.local/lib/python3.12/site-packages/airflow/example_dags/example_sensors.py
[2024-10-24T06:56:04.633+0000] {logging_mixin.py:190} INFO - [2024-10-24T06:56:04.629+0000] {dag.py:3239} INFO - Sync 1 DAGs
[2024-10-24T06:56:04.655+0000] {logging_mixin.py:190} INFO - [2024-10-24T06:56:04.655+0000] {dag.py:4180} INFO - Setting next_dagrun for example_sensors to None, run_after=None
[2024-10-24T06:56:04.676+0000] {processor.py:208} INFO - Processing /home/airflow/.local/lib/python3.12/site-packages/airflow/example_dags/example_sensors.py took 0.104 seconds
[2024-10-24T06:56:35.679+0000] {processor.py:186} INFO - Started process (PID=99858) to work on /home/airflow/.local/lib/python3.12/site-packages/airflow/example_dags/example_sensors.py
[2024-10-24T06:56:35.681+0000] {processor.py:914} INFO - Processing file /home/airflow/.local/lib/python3.12/site-packages/airflow/example_dags/example_sensors.py for tasks to queue
[2024-10-24T06:56:35.682+0000] {logging_mixin.py:190} INFO - [2024-10-24T06:56:35.682+0000] {dagbag.py:588} INFO - Filling up the DagBag from /home/airflow/.local/lib/python3.12/site-packages/airflow/example_dags/example_sensors.py
[2024-10-24T06:56:35.694+0000] {processor.py:925} INFO - DAG(s) 'example_sensors' retrieved from /home/airflow/.local/lib/python3.12/site-packages/airflow/example_dags/example_sensors.py
[2024-10-24T06:56:35.730+0000] {logging_mixin.py:190} INFO - [2024-10-24T06:56:35.729+0000] {dag.py:3239} INFO - Sync 1 DAGs
[2024-10-24T06:56:35.747+0000] {logging_mixin.py:190} INFO - [2024-10-24T06:56:35.747+0000] {dag.py:4180} INFO - Setting next_dagrun for example_sensors to None, run_after=None
[2024-10-24T06:56:35.767+0000] {processor.py:208} INFO - Processing /home/airflow/.local/lib/python3.12/site-packages/airflow/example_dags/example_sensors.py took 0.094 seconds
[2024-10-24T06:57:06.569+0000] {processor.py:186} INFO - Started process (PID=99925) to work on /home/airflow/.local/lib/python3.12/site-packages/airflow/example_dags/example_sensors.py
[2024-10-24T06:57:06.570+0000] {processor.py:914} INFO - Processing file /home/airflow/.local/lib/python3.12/site-packages/airflow/example_dags/example_sensors.py for tasks to queue
[2024-10-24T06:57:06.572+0000] {logging_mixin.py:190} INFO - [2024-10-24T06:57:06.571+0000] {dagbag.py:588} INFO - Filling up the DagBag from /home/airflow/.local/lib/python3.12/site-packages/airflow/example_dags/example_sensors.py
[2024-10-24T06:57:06.584+0000] {processor.py:925} INFO - DAG(s) 'example_sensors' retrieved from /home/airflow/.local/lib/python3.12/site-packages/airflow/example_dags/example_sensors.py
[2024-10-24T06:57:06.615+0000] {logging_mixin.py:190} INFO - [2024-10-24T06:57:06.615+0000] {dag.py:3239} INFO - Sync 1 DAGs
[2024-10-24T06:57:06.634+0000] {logging_mixin.py:190} INFO - [2024-10-24T06:57:06.634+0000] {dag.py:4180} INFO - Setting next_dagrun for example_sensors to None, run_after=None
[2024-10-24T06:57:06.656+0000] {processor.py:208} INFO - Processing /home/airflow/.local/lib/python3.12/site-packages/airflow/example_dags/example_sensors.py took 0.096 seconds
[2024-10-24T06:57:36.993+0000] {processor.py:186} INFO - Started process (PID=99992) to work on /home/airflow/.local/lib/python3.12/site-packages/airflow/example_dags/example_sensors.py
[2024-10-24T06:57:36.994+0000] {processor.py:914} INFO - Processing file /home/airflow/.local/lib/python3.12/site-packages/airflow/example_dags/example_sensors.py for tasks to queue
[2024-10-24T06:57:36.995+0000] {logging_mixin.py:190} INFO - [2024-10-24T06:57:36.995+0000] {dagbag.py:588} INFO - Filling up the DagBag from /home/airflow/.local/lib/python3.12/site-packages/airflow/example_dags/example_sensors.py
[2024-10-24T06:57:37.007+0000] {processor.py:925} INFO - DAG(s) 'example_sensors' retrieved from /home/airflow/.local/lib/python3.12/site-packages/airflow/example_dags/example_sensors.py
[2024-10-24T06:57:37.039+0000] {logging_mixin.py:190} INFO - [2024-10-24T06:57:37.039+0000] {dag.py:3239} INFO - Sync 1 DAGs
[2024-10-24T06:57:37.057+0000] {logging_mixin.py:190} INFO - [2024-10-24T06:57:37.056+0000] {dag.py:4180} INFO - Setting next_dagrun for example_sensors to None, run_after=None
[2024-10-24T06:57:37.074+0000] {processor.py:208} INFO - Processing /home/airflow/.local/lib/python3.12/site-packages/airflow/example_dags/example_sensors.py took 0.090 seconds
[2024-10-24T06:58:07.605+0000] {processor.py:186} INFO - Started process (PID=100059) to work on /home/airflow/.local/lib/python3.12/site-packages/airflow/example_dags/example_sensors.py
[2024-10-24T06:58:07.606+0000] {processor.py:914} INFO - Processing file /home/airflow/.local/lib/python3.12/site-packages/airflow/example_dags/example_sensors.py for tasks to queue
[2024-10-24T06:58:07.608+0000] {logging_mixin.py:190} INFO - [2024-10-24T06:58:07.607+0000] {dagbag.py:588} INFO - Filling up the DagBag from /home/airflow/.local/lib/python3.12/site-packages/airflow/example_dags/example_sensors.py
[2024-10-24T06:58:07.620+0000] {processor.py:925} INFO - DAG(s) 'example_sensors' retrieved from /home/airflow/.local/lib/python3.12/site-packages/airflow/example_dags/example_sensors.py
[2024-10-24T06:58:07.653+0000] {logging_mixin.py:190} INFO - [2024-10-24T06:58:07.653+0000] {dag.py:3239} INFO - Sync 1 DAGs
[2024-10-24T06:58:07.669+0000] {logging_mixin.py:190} INFO - [2024-10-24T06:58:07.669+0000] {dag.py:4180} INFO - Setting next_dagrun for example_sensors to None, run_after=None
[2024-10-24T06:58:07.687+0000] {processor.py:208} INFO - Processing /home/airflow/.local/lib/python3.12/site-packages/airflow/example_dags/example_sensors.py took 0.090 seconds
[2024-10-24T06:58:38.228+0000] {processor.py:186} INFO - Started process (PID=100125) to work on /home/airflow/.local/lib/python3.12/site-packages/airflow/example_dags/example_sensors.py
[2024-10-24T06:58:38.229+0000] {processor.py:914} INFO - Processing file /home/airflow/.local/lib/python3.12/site-packages/airflow/example_dags/example_sensors.py for tasks to queue
[2024-10-24T06:58:38.231+0000] {logging_mixin.py:190} INFO - [2024-10-24T06:58:38.230+0000] {dagbag.py:588} INFO - Filling up the DagBag from /home/airflow/.local/lib/python3.12/site-packages/airflow/example_dags/example_sensors.py
[2024-10-24T06:58:38.244+0000] {processor.py:925} INFO - DAG(s) 'example_sensors' retrieved from /home/airflow/.local/lib/python3.12/site-packages/airflow/example_dags/example_sensors.py
[2024-10-24T06:58:38.285+0000] {logging_mixin.py:190} INFO - [2024-10-24T06:58:38.285+0000] {dag.py:3239} INFO - Sync 1 DAGs
[2024-10-24T06:58:38.313+0000] {logging_mixin.py:190} INFO - [2024-10-24T06:58:38.313+0000] {dag.py:4180} INFO - Setting next_dagrun for example_sensors to None, run_after=None
[2024-10-24T06:58:38.334+0000] {processor.py:208} INFO - Processing /home/airflow/.local/lib/python3.12/site-packages/airflow/example_dags/example_sensors.py took 0.114 seconds
