[2024-10-24T04:09:17.868+0000] {processor.py:186} INFO - Started process (PID=98888) to work on /home/airflow/.local/lib/python3.12/site-packages/airflow/example_dags/example_branch_operator_decorator.py
[2024-10-24T04:09:17.870+0000] {processor.py:914} INFO - Processing file /home/airflow/.local/lib/python3.12/site-packages/airflow/example_dags/example_branch_operator_decorator.py for tasks to queue
[2024-10-24T04:09:17.876+0000] {logging_mixin.py:190} INFO - [2024-10-24T04:09:17.874+0000] {dagbag.py:588} INFO - Filling up the DagBag from /home/airflow/.local/lib/python3.12/site-packages/airflow/example_dags/example_branch_operator_decorator.py
[2024-10-24T04:09:17.927+0000] {processor.py:925} INFO - DAG(s) 'example_branch_python_operator_decorator' retrieved from /home/airflow/.local/lib/python3.12/site-packages/airflow/example_dags/example_branch_operator_decorator.py
[2024-10-24T04:09:17.988+0000] {logging_mixin.py:190} INFO - [2024-10-24T04:09:17.987+0000] {dag.py:3239} INFO - Sync 1 DAGs
[2024-10-24T04:09:18.036+0000] {logging_mixin.py:190} INFO - [2024-10-24T04:09:18.036+0000] {dag.py:4180} INFO - Setting next_dagrun for example_branch_python_operator_decorator to 2024-10-23 00:00:00+00:00, run_after=2024-10-24 00:00:00+00:00
[2024-10-24T04:09:18.070+0000] {processor.py:208} INFO - Processing /home/airflow/.local/lib/python3.12/site-packages/airflow/example_dags/example_branch_operator_decorator.py took 0.218 seconds
[2024-10-24T04:09:48.433+0000] {processor.py:186} INFO - Started process (PID=98953) to work on /home/airflow/.local/lib/python3.12/site-packages/airflow/example_dags/example_branch_operator_decorator.py
[2024-10-24T04:09:48.434+0000] {processor.py:914} INFO - Processing file /home/airflow/.local/lib/python3.12/site-packages/airflow/example_dags/example_branch_operator_decorator.py for tasks to queue
[2024-10-24T04:09:48.435+0000] {logging_mixin.py:190} INFO - [2024-10-24T04:09:48.435+0000] {dagbag.py:588} INFO - Filling up the DagBag from /home/airflow/.local/lib/python3.12/site-packages/airflow/example_dags/example_branch_operator_decorator.py
[2024-10-24T04:09:48.462+0000] {processor.py:925} INFO - DAG(s) 'example_branch_python_operator_decorator' retrieved from /home/airflow/.local/lib/python3.12/site-packages/airflow/example_dags/example_branch_operator_decorator.py
[2024-10-24T04:09:48.498+0000] {logging_mixin.py:190} INFO - [2024-10-24T04:09:48.498+0000] {dag.py:3239} INFO - Sync 1 DAGs
[2024-10-24T04:09:48.528+0000] {logging_mixin.py:190} INFO - [2024-10-24T04:09:48.527+0000] {dag.py:4180} INFO - Setting next_dagrun for example_branch_python_operator_decorator to 2024-10-23 00:00:00+00:00, run_after=2024-10-24 00:00:00+00:00
[2024-10-24T04:09:48.546+0000] {processor.py:208} INFO - Processing /home/airflow/.local/lib/python3.12/site-packages/airflow/example_dags/example_branch_operator_decorator.py took 0.122 seconds
[2024-10-24T04:10:19.135+0000] {processor.py:186} INFO - Started process (PID=99020) to work on /home/airflow/.local/lib/python3.12/site-packages/airflow/example_dags/example_branch_operator_decorator.py
[2024-10-24T04:10:19.137+0000] {processor.py:914} INFO - Processing file /home/airflow/.local/lib/python3.12/site-packages/airflow/example_dags/example_branch_operator_decorator.py for tasks to queue
[2024-10-24T04:10:19.139+0000] {logging_mixin.py:190} INFO - [2024-10-24T04:10:19.138+0000] {dagbag.py:588} INFO - Filling up the DagBag from /home/airflow/.local/lib/python3.12/site-packages/airflow/example_dags/example_branch_operator_decorator.py
[2024-10-24T04:10:19.165+0000] {processor.py:925} INFO - DAG(s) 'example_branch_python_operator_decorator' retrieved from /home/airflow/.local/lib/python3.12/site-packages/airflow/example_dags/example_branch_operator_decorator.py
[2024-10-24T04:10:19.202+0000] {logging_mixin.py:190} INFO - [2024-10-24T04:10:19.201+0000] {dag.py:3239} INFO - Sync 1 DAGs
[2024-10-24T04:10:19.230+0000] {logging_mixin.py:190} INFO - [2024-10-24T04:10:19.229+0000] {dag.py:4180} INFO - Setting next_dagrun for example_branch_python_operator_decorator to 2024-10-23 00:00:00+00:00, run_after=2024-10-24 00:00:00+00:00
[2024-10-24T04:10:19.251+0000] {processor.py:208} INFO - Processing /home/airflow/.local/lib/python3.12/site-packages/airflow/example_dags/example_branch_operator_decorator.py took 0.123 seconds
[2024-10-24T04:10:49.853+0000] {processor.py:186} INFO - Started process (PID=99086) to work on /home/airflow/.local/lib/python3.12/site-packages/airflow/example_dags/example_branch_operator_decorator.py
[2024-10-24T04:10:49.855+0000] {processor.py:914} INFO - Processing file /home/airflow/.local/lib/python3.12/site-packages/airflow/example_dags/example_branch_operator_decorator.py for tasks to queue
[2024-10-24T04:10:49.856+0000] {logging_mixin.py:190} INFO - [2024-10-24T04:10:49.856+0000] {dagbag.py:588} INFO - Filling up the DagBag from /home/airflow/.local/lib/python3.12/site-packages/airflow/example_dags/example_branch_operator_decorator.py
[2024-10-24T04:10:49.883+0000] {processor.py:925} INFO - DAG(s) 'example_branch_python_operator_decorator' retrieved from /home/airflow/.local/lib/python3.12/site-packages/airflow/example_dags/example_branch_operator_decorator.py
[2024-10-24T04:10:49.919+0000] {logging_mixin.py:190} INFO - [2024-10-24T04:10:49.918+0000] {dag.py:3239} INFO - Sync 1 DAGs
[2024-10-24T04:10:49.949+0000] {logging_mixin.py:190} INFO - [2024-10-24T04:10:49.949+0000] {dag.py:4180} INFO - Setting next_dagrun for example_branch_python_operator_decorator to 2024-10-23 00:00:00+00:00, run_after=2024-10-24 00:00:00+00:00
[2024-10-24T04:10:49.968+0000] {processor.py:208} INFO - Processing /home/airflow/.local/lib/python3.12/site-packages/airflow/example_dags/example_branch_operator_decorator.py took 0.122 seconds
[2024-10-24T04:11:20.673+0000] {processor.py:186} INFO - Started process (PID=99152) to work on /home/airflow/.local/lib/python3.12/site-packages/airflow/example_dags/example_branch_operator_decorator.py
[2024-10-24T04:11:20.676+0000] {processor.py:914} INFO - Processing file /home/airflow/.local/lib/python3.12/site-packages/airflow/example_dags/example_branch_operator_decorator.py for tasks to queue
[2024-10-24T04:11:20.677+0000] {logging_mixin.py:190} INFO - [2024-10-24T04:11:20.677+0000] {dagbag.py:588} INFO - Filling up the DagBag from /home/airflow/.local/lib/python3.12/site-packages/airflow/example_dags/example_branch_operator_decorator.py
[2024-10-24T04:11:20.710+0000] {processor.py:925} INFO - DAG(s) 'example_branch_python_operator_decorator' retrieved from /home/airflow/.local/lib/python3.12/site-packages/airflow/example_dags/example_branch_operator_decorator.py
[2024-10-24T04:11:20.753+0000] {logging_mixin.py:190} INFO - [2024-10-24T04:11:20.753+0000] {dag.py:3239} INFO - Sync 1 DAGs
[2024-10-24T04:11:20.781+0000] {logging_mixin.py:190} INFO - [2024-10-24T04:11:20.781+0000] {dag.py:4180} INFO - Setting next_dagrun for example_branch_python_operator_decorator to 2024-10-23 00:00:00+00:00, run_after=2024-10-24 00:00:00+00:00
[2024-10-24T04:11:20.805+0000] {processor.py:208} INFO - Processing /home/airflow/.local/lib/python3.12/site-packages/airflow/example_dags/example_branch_operator_decorator.py took 0.146 seconds
[2024-10-24T04:11:51.427+0000] {processor.py:186} INFO - Started process (PID=99225) to work on /home/airflow/.local/lib/python3.12/site-packages/airflow/example_dags/example_branch_operator_decorator.py
[2024-10-24T04:11:51.428+0000] {processor.py:914} INFO - Processing file /home/airflow/.local/lib/python3.12/site-packages/airflow/example_dags/example_branch_operator_decorator.py for tasks to queue
[2024-10-24T04:11:51.429+0000] {logging_mixin.py:190} INFO - [2024-10-24T04:11:51.429+0000] {dagbag.py:588} INFO - Filling up the DagBag from /home/airflow/.local/lib/python3.12/site-packages/airflow/example_dags/example_branch_operator_decorator.py
[2024-10-24T04:11:51.455+0000] {processor.py:925} INFO - DAG(s) 'example_branch_python_operator_decorator' retrieved from /home/airflow/.local/lib/python3.12/site-packages/airflow/example_dags/example_branch_operator_decorator.py
[2024-10-24T04:11:51.487+0000] {logging_mixin.py:190} INFO - [2024-10-24T04:11:51.487+0000] {dag.py:3239} INFO - Sync 1 DAGs
[2024-10-24T04:11:51.515+0000] {logging_mixin.py:190} INFO - [2024-10-24T04:11:51.515+0000] {dag.py:4180} INFO - Setting next_dagrun for example_branch_python_operator_decorator to 2024-10-23 00:00:00+00:00, run_after=2024-10-24 00:00:00+00:00
[2024-10-24T04:11:51.533+0000] {processor.py:208} INFO - Processing /home/airflow/.local/lib/python3.12/site-packages/airflow/example_dags/example_branch_operator_decorator.py took 0.113 seconds
[2024-10-24T04:12:21.932+0000] {processor.py:186} INFO - Started process (PID=99292) to work on /home/airflow/.local/lib/python3.12/site-packages/airflow/example_dags/example_branch_operator_decorator.py
[2024-10-24T04:12:21.934+0000] {processor.py:914} INFO - Processing file /home/airflow/.local/lib/python3.12/site-packages/airflow/example_dags/example_branch_operator_decorator.py for tasks to queue
[2024-10-24T04:12:21.935+0000] {logging_mixin.py:190} INFO - [2024-10-24T04:12:21.935+0000] {dagbag.py:588} INFO - Filling up the DagBag from /home/airflow/.local/lib/python3.12/site-packages/airflow/example_dags/example_branch_operator_decorator.py
[2024-10-24T04:12:21.961+0000] {processor.py:925} INFO - DAG(s) 'example_branch_python_operator_decorator' retrieved from /home/airflow/.local/lib/python3.12/site-packages/airflow/example_dags/example_branch_operator_decorator.py
[2024-10-24T04:12:22.005+0000] {logging_mixin.py:190} INFO - [2024-10-24T04:12:22.005+0000] {dag.py:3239} INFO - Sync 1 DAGs
[2024-10-24T04:12:22.036+0000] {logging_mixin.py:190} INFO - [2024-10-24T04:12:22.036+0000] {dag.py:4180} INFO - Setting next_dagrun for example_branch_python_operator_decorator to 2024-10-23 00:00:00+00:00, run_after=2024-10-24 00:00:00+00:00
[2024-10-24T04:12:22.054+0000] {processor.py:208} INFO - Processing /home/airflow/.local/lib/python3.12/site-packages/airflow/example_dags/example_branch_operator_decorator.py took 0.130 seconds
[2024-10-24T04:12:52.958+0000] {processor.py:186} INFO - Started process (PID=99358) to work on /home/airflow/.local/lib/python3.12/site-packages/airflow/example_dags/example_branch_operator_decorator.py
[2024-10-24T04:12:52.960+0000] {processor.py:914} INFO - Processing file /home/airflow/.local/lib/python3.12/site-packages/airflow/example_dags/example_branch_operator_decorator.py for tasks to queue
[2024-10-24T04:12:52.961+0000] {logging_mixin.py:190} INFO - [2024-10-24T04:12:52.961+0000] {dagbag.py:588} INFO - Filling up the DagBag from /home/airflow/.local/lib/python3.12/site-packages/airflow/example_dags/example_branch_operator_decorator.py
[2024-10-24T04:12:52.988+0000] {processor.py:925} INFO - DAG(s) 'example_branch_python_operator_decorator' retrieved from /home/airflow/.local/lib/python3.12/site-packages/airflow/example_dags/example_branch_operator_decorator.py
[2024-10-24T04:12:53.040+0000] {logging_mixin.py:190} INFO - [2024-10-24T04:12:53.040+0000] {dag.py:3239} INFO - Sync 1 DAGs
[2024-10-24T04:12:53.073+0000] {logging_mixin.py:190} INFO - [2024-10-24T04:12:53.072+0000] {dag.py:4180} INFO - Setting next_dagrun for example_branch_python_operator_decorator to 2024-10-23 00:00:00+00:00, run_after=2024-10-24 00:00:00+00:00
[2024-10-24T04:12:53.103+0000] {processor.py:208} INFO - Processing /home/airflow/.local/lib/python3.12/site-packages/airflow/example_dags/example_branch_operator_decorator.py took 0.156 seconds
[2024-10-24T04:13:23.583+0000] {processor.py:186} INFO - Started process (PID=99425) to work on /home/airflow/.local/lib/python3.12/site-packages/airflow/example_dags/example_branch_operator_decorator.py
[2024-10-24T04:13:23.584+0000] {processor.py:914} INFO - Processing file /home/airflow/.local/lib/python3.12/site-packages/airflow/example_dags/example_branch_operator_decorator.py for tasks to queue
[2024-10-24T04:13:23.585+0000] {logging_mixin.py:190} INFO - [2024-10-24T04:13:23.585+0000] {dagbag.py:588} INFO - Filling up the DagBag from /home/airflow/.local/lib/python3.12/site-packages/airflow/example_dags/example_branch_operator_decorator.py
[2024-10-24T04:13:23.609+0000] {processor.py:925} INFO - DAG(s) 'example_branch_python_operator_decorator' retrieved from /home/airflow/.local/lib/python3.12/site-packages/airflow/example_dags/example_branch_operator_decorator.py
[2024-10-24T04:13:23.643+0000] {logging_mixin.py:190} INFO - [2024-10-24T04:13:23.643+0000] {dag.py:3239} INFO - Sync 1 DAGs
[2024-10-24T04:13:23.669+0000] {logging_mixin.py:190} INFO - [2024-10-24T04:13:23.669+0000] {dag.py:4180} INFO - Setting next_dagrun for example_branch_python_operator_decorator to 2024-10-23 00:00:00+00:00, run_after=2024-10-24 00:00:00+00:00
[2024-10-24T04:13:23.689+0000] {processor.py:208} INFO - Processing /home/airflow/.local/lib/python3.12/site-packages/airflow/example_dags/example_branch_operator_decorator.py took 0.114 seconds
[2024-10-24T04:13:54.309+0000] {processor.py:186} INFO - Started process (PID=99492) to work on /home/airflow/.local/lib/python3.12/site-packages/airflow/example_dags/example_branch_operator_decorator.py
[2024-10-24T04:13:54.310+0000] {processor.py:914} INFO - Processing file /home/airflow/.local/lib/python3.12/site-packages/airflow/example_dags/example_branch_operator_decorator.py for tasks to queue
[2024-10-24T04:13:54.311+0000] {logging_mixin.py:190} INFO - [2024-10-24T04:13:54.311+0000] {dagbag.py:588} INFO - Filling up the DagBag from /home/airflow/.local/lib/python3.12/site-packages/airflow/example_dags/example_branch_operator_decorator.py
[2024-10-24T04:13:54.343+0000] {processor.py:925} INFO - DAG(s) 'example_branch_python_operator_decorator' retrieved from /home/airflow/.local/lib/python3.12/site-packages/airflow/example_dags/example_branch_operator_decorator.py
[2024-10-24T04:13:54.384+0000] {logging_mixin.py:190} INFO - [2024-10-24T04:13:54.384+0000] {dag.py:3239} INFO - Sync 1 DAGs
[2024-10-24T04:13:54.416+0000] {logging_mixin.py:190} INFO - [2024-10-24T04:13:54.415+0000] {dag.py:4180} INFO - Setting next_dagrun for example_branch_python_operator_decorator to 2024-10-23 00:00:00+00:00, run_after=2024-10-24 00:00:00+00:00
[2024-10-24T04:13:54.433+0000] {processor.py:208} INFO - Processing /home/airflow/.local/lib/python3.12/site-packages/airflow/example_dags/example_branch_operator_decorator.py took 0.133 seconds
[2024-10-24T04:14:25.024+0000] {processor.py:186} INFO - Started process (PID=99559) to work on /home/airflow/.local/lib/python3.12/site-packages/airflow/example_dags/example_branch_operator_decorator.py
[2024-10-24T04:14:25.025+0000] {processor.py:914} INFO - Processing file /home/airflow/.local/lib/python3.12/site-packages/airflow/example_dags/example_branch_operator_decorator.py for tasks to queue
[2024-10-24T04:14:25.027+0000] {logging_mixin.py:190} INFO - [2024-10-24T04:14:25.026+0000] {dagbag.py:588} INFO - Filling up the DagBag from /home/airflow/.local/lib/python3.12/site-packages/airflow/example_dags/example_branch_operator_decorator.py
[2024-10-24T04:14:25.052+0000] {processor.py:925} INFO - DAG(s) 'example_branch_python_operator_decorator' retrieved from /home/airflow/.local/lib/python3.12/site-packages/airflow/example_dags/example_branch_operator_decorator.py
[2024-10-24T04:14:25.089+0000] {logging_mixin.py:190} INFO - [2024-10-24T04:14:25.089+0000] {dag.py:3239} INFO - Sync 1 DAGs
[2024-10-24T04:14:25.117+0000] {logging_mixin.py:190} INFO - [2024-10-24T04:14:25.117+0000] {dag.py:4180} INFO - Setting next_dagrun for example_branch_python_operator_decorator to 2024-10-23 00:00:00+00:00, run_after=2024-10-24 00:00:00+00:00
[2024-10-24T04:14:25.140+0000] {processor.py:208} INFO - Processing /home/airflow/.local/lib/python3.12/site-packages/airflow/example_dags/example_branch_operator_decorator.py took 0.123 seconds
[2024-10-24T04:14:55.559+0000] {processor.py:186} INFO - Started process (PID=99625) to work on /home/airflow/.local/lib/python3.12/site-packages/airflow/example_dags/example_branch_operator_decorator.py
[2024-10-24T04:14:55.561+0000] {processor.py:914} INFO - Processing file /home/airflow/.local/lib/python3.12/site-packages/airflow/example_dags/example_branch_operator_decorator.py for tasks to queue
[2024-10-24T04:14:55.562+0000] {logging_mixin.py:190} INFO - [2024-10-24T04:14:55.562+0000] {dagbag.py:588} INFO - Filling up the DagBag from /home/airflow/.local/lib/python3.12/site-packages/airflow/example_dags/example_branch_operator_decorator.py
[2024-10-24T04:14:55.590+0000] {processor.py:925} INFO - DAG(s) 'example_branch_python_operator_decorator' retrieved from /home/airflow/.local/lib/python3.12/site-packages/airflow/example_dags/example_branch_operator_decorator.py
[2024-10-24T04:14:55.626+0000] {logging_mixin.py:190} INFO - [2024-10-24T04:14:55.626+0000] {dag.py:3239} INFO - Sync 1 DAGs
[2024-10-24T04:14:55.652+0000] {logging_mixin.py:190} INFO - [2024-10-24T04:14:55.652+0000] {dag.py:4180} INFO - Setting next_dagrun for example_branch_python_operator_decorator to 2024-10-23 00:00:00+00:00, run_after=2024-10-24 00:00:00+00:00
[2024-10-24T04:14:55.672+0000] {processor.py:208} INFO - Processing /home/airflow/.local/lib/python3.12/site-packages/airflow/example_dags/example_branch_operator_decorator.py took 0.121 seconds
[2024-10-24T04:15:25.772+0000] {processor.py:186} INFO - Started process (PID=99691) to work on /home/airflow/.local/lib/python3.12/site-packages/airflow/example_dags/example_branch_operator_decorator.py
[2024-10-24T04:15:25.773+0000] {processor.py:914} INFO - Processing file /home/airflow/.local/lib/python3.12/site-packages/airflow/example_dags/example_branch_operator_decorator.py for tasks to queue
[2024-10-24T04:15:25.775+0000] {logging_mixin.py:190} INFO - [2024-10-24T04:15:25.774+0000] {dagbag.py:588} INFO - Filling up the DagBag from /home/airflow/.local/lib/python3.12/site-packages/airflow/example_dags/example_branch_operator_decorator.py
[2024-10-24T04:15:25.800+0000] {processor.py:925} INFO - DAG(s) 'example_branch_python_operator_decorator' retrieved from /home/airflow/.local/lib/python3.12/site-packages/airflow/example_dags/example_branch_operator_decorator.py
[2024-10-24T04:15:25.837+0000] {logging_mixin.py:190} INFO - [2024-10-24T04:15:25.836+0000] {dag.py:3239} INFO - Sync 1 DAGs
[2024-10-24T04:15:25.865+0000] {logging_mixin.py:190} INFO - [2024-10-24T04:15:25.864+0000] {dag.py:4180} INFO - Setting next_dagrun for example_branch_python_operator_decorator to 2024-10-23 00:00:00+00:00, run_after=2024-10-24 00:00:00+00:00
[2024-10-24T04:15:25.885+0000] {processor.py:208} INFO - Processing /home/airflow/.local/lib/python3.12/site-packages/airflow/example_dags/example_branch_operator_decorator.py took 0.120 seconds
[2024-10-24T06:56:01.826+0000] {processor.py:186} INFO - Started process (PID=99760) to work on /home/airflow/.local/lib/python3.12/site-packages/airflow/example_dags/example_branch_operator_decorator.py
[2024-10-24T06:56:01.827+0000] {processor.py:914} INFO - Processing file /home/airflow/.local/lib/python3.12/site-packages/airflow/example_dags/example_branch_operator_decorator.py for tasks to queue
[2024-10-24T06:56:01.829+0000] {logging_mixin.py:190} INFO - [2024-10-24T06:56:01.829+0000] {dagbag.py:588} INFO - Filling up the DagBag from /home/airflow/.local/lib/python3.12/site-packages/airflow/example_dags/example_branch_operator_decorator.py
[2024-10-24T06:56:01.865+0000] {processor.py:925} INFO - DAG(s) 'example_branch_python_operator_decorator' retrieved from /home/airflow/.local/lib/python3.12/site-packages/airflow/example_dags/example_branch_operator_decorator.py
[2024-10-24T06:56:01.924+0000] {logging_mixin.py:190} INFO - [2024-10-24T06:56:01.924+0000] {dag.py:3239} INFO - Sync 1 DAGs
[2024-10-24T06:56:01.967+0000] {logging_mixin.py:190} INFO - [2024-10-24T06:56:01.966+0000] {dag.py:4180} INFO - Setting next_dagrun for example_branch_python_operator_decorator to 2024-10-23 00:00:00+00:00, run_after=2024-10-24 00:00:00+00:00
[2024-10-24T06:56:01.994+0000] {processor.py:208} INFO - Processing /home/airflow/.local/lib/python3.12/site-packages/airflow/example_dags/example_branch_operator_decorator.py took 0.179 seconds
[2024-10-24T06:56:33.098+0000] {processor.py:186} INFO - Started process (PID=99827) to work on /home/airflow/.local/lib/python3.12/site-packages/airflow/example_dags/example_branch_operator_decorator.py
[2024-10-24T06:56:33.099+0000] {processor.py:914} INFO - Processing file /home/airflow/.local/lib/python3.12/site-packages/airflow/example_dags/example_branch_operator_decorator.py for tasks to queue
[2024-10-24T06:56:33.101+0000] {logging_mixin.py:190} INFO - [2024-10-24T06:56:33.101+0000] {dagbag.py:588} INFO - Filling up the DagBag from /home/airflow/.local/lib/python3.12/site-packages/airflow/example_dags/example_branch_operator_decorator.py
[2024-10-24T06:56:33.128+0000] {processor.py:925} INFO - DAG(s) 'example_branch_python_operator_decorator' retrieved from /home/airflow/.local/lib/python3.12/site-packages/airflow/example_dags/example_branch_operator_decorator.py
[2024-10-24T06:56:33.162+0000] {logging_mixin.py:190} INFO - [2024-10-24T06:56:33.161+0000] {dag.py:3239} INFO - Sync 1 DAGs
[2024-10-24T06:56:33.189+0000] {logging_mixin.py:190} INFO - [2024-10-24T06:56:33.189+0000] {dag.py:4180} INFO - Setting next_dagrun for example_branch_python_operator_decorator to 2024-10-23 00:00:00+00:00, run_after=2024-10-24 00:00:00+00:00
[2024-10-24T06:56:33.209+0000] {processor.py:208} INFO - Processing /home/airflow/.local/lib/python3.12/site-packages/airflow/example_dags/example_branch_operator_decorator.py took 0.120 seconds
[2024-10-24T06:57:03.692+0000] {processor.py:186} INFO - Started process (PID=99894) to work on /home/airflow/.local/lib/python3.12/site-packages/airflow/example_dags/example_branch_operator_decorator.py
[2024-10-24T06:57:03.693+0000] {processor.py:914} INFO - Processing file /home/airflow/.local/lib/python3.12/site-packages/airflow/example_dags/example_branch_operator_decorator.py for tasks to queue
[2024-10-24T06:57:03.695+0000] {logging_mixin.py:190} INFO - [2024-10-24T06:57:03.694+0000] {dagbag.py:588} INFO - Filling up the DagBag from /home/airflow/.local/lib/python3.12/site-packages/airflow/example_dags/example_branch_operator_decorator.py
[2024-10-24T06:57:03.722+0000] {processor.py:925} INFO - DAG(s) 'example_branch_python_operator_decorator' retrieved from /home/airflow/.local/lib/python3.12/site-packages/airflow/example_dags/example_branch_operator_decorator.py
[2024-10-24T06:57:03.764+0000] {logging_mixin.py:190} INFO - [2024-10-24T06:57:03.764+0000] {dag.py:3239} INFO - Sync 1 DAGs
[2024-10-24T06:57:03.806+0000] {logging_mixin.py:190} INFO - [2024-10-24T06:57:03.805+0000] {dag.py:4180} INFO - Setting next_dagrun for example_branch_python_operator_decorator to 2024-10-23 00:00:00+00:00, run_after=2024-10-24 00:00:00+00:00
[2024-10-24T06:57:03.833+0000] {processor.py:208} INFO - Processing /home/airflow/.local/lib/python3.12/site-packages/airflow/example_dags/example_branch_operator_decorator.py took 0.150 seconds
[2024-10-24T06:57:34.034+0000] {processor.py:186} INFO - Started process (PID=99960) to work on /home/airflow/.local/lib/python3.12/site-packages/airflow/example_dags/example_branch_operator_decorator.py
[2024-10-24T06:57:34.035+0000] {processor.py:914} INFO - Processing file /home/airflow/.local/lib/python3.12/site-packages/airflow/example_dags/example_branch_operator_decorator.py for tasks to queue
[2024-10-24T06:57:34.037+0000] {logging_mixin.py:190} INFO - [2024-10-24T06:57:34.036+0000] {dagbag.py:588} INFO - Filling up the DagBag from /home/airflow/.local/lib/python3.12/site-packages/airflow/example_dags/example_branch_operator_decorator.py
[2024-10-24T06:57:34.061+0000] {processor.py:925} INFO - DAG(s) 'example_branch_python_operator_decorator' retrieved from /home/airflow/.local/lib/python3.12/site-packages/airflow/example_dags/example_branch_operator_decorator.py
[2024-10-24T06:57:34.105+0000] {logging_mixin.py:190} INFO - [2024-10-24T06:57:34.104+0000] {dag.py:3239} INFO - Sync 1 DAGs
[2024-10-24T06:57:34.139+0000] {logging_mixin.py:190} INFO - [2024-10-24T06:57:34.139+0000] {dag.py:4180} INFO - Setting next_dagrun for example_branch_python_operator_decorator to 2024-10-23 00:00:00+00:00, run_after=2024-10-24 00:00:00+00:00
[2024-10-24T06:57:34.164+0000] {processor.py:208} INFO - Processing /home/airflow/.local/lib/python3.12/site-packages/airflow/example_dags/example_branch_operator_decorator.py took 0.139 seconds
[2024-10-24T06:58:04.378+0000] {processor.py:186} INFO - Started process (PID=100026) to work on /home/airflow/.local/lib/python3.12/site-packages/airflow/example_dags/example_branch_operator_decorator.py
[2024-10-24T06:58:04.379+0000] {processor.py:914} INFO - Processing file /home/airflow/.local/lib/python3.12/site-packages/airflow/example_dags/example_branch_operator_decorator.py for tasks to queue
[2024-10-24T06:58:04.381+0000] {logging_mixin.py:190} INFO - [2024-10-24T06:58:04.380+0000] {dagbag.py:588} INFO - Filling up the DagBag from /home/airflow/.local/lib/python3.12/site-packages/airflow/example_dags/example_branch_operator_decorator.py
[2024-10-24T06:58:04.408+0000] {processor.py:925} INFO - DAG(s) 'example_branch_python_operator_decorator' retrieved from /home/airflow/.local/lib/python3.12/site-packages/airflow/example_dags/example_branch_operator_decorator.py
[2024-10-24T06:58:04.452+0000] {logging_mixin.py:190} INFO - [2024-10-24T06:58:04.452+0000] {dag.py:3239} INFO - Sync 1 DAGs
[2024-10-24T06:58:04.481+0000] {logging_mixin.py:190} INFO - [2024-10-24T06:58:04.481+0000] {dag.py:4180} INFO - Setting next_dagrun for example_branch_python_operator_decorator to 2024-10-23 00:00:00+00:00, run_after=2024-10-24 00:00:00+00:00
[2024-10-24T06:58:04.500+0000] {processor.py:208} INFO - Processing /home/airflow/.local/lib/python3.12/site-packages/airflow/example_dags/example_branch_operator_decorator.py took 0.133 seconds
[2024-10-24T06:58:34.734+0000] {processor.py:186} INFO - Started process (PID=100092) to work on /home/airflow/.local/lib/python3.12/site-packages/airflow/example_dags/example_branch_operator_decorator.py
[2024-10-24T06:58:34.735+0000] {processor.py:914} INFO - Processing file /home/airflow/.local/lib/python3.12/site-packages/airflow/example_dags/example_branch_operator_decorator.py for tasks to queue
[2024-10-24T06:58:34.737+0000] {logging_mixin.py:190} INFO - [2024-10-24T06:58:34.736+0000] {dagbag.py:588} INFO - Filling up the DagBag from /home/airflow/.local/lib/python3.12/site-packages/airflow/example_dags/example_branch_operator_decorator.py
[2024-10-24T06:58:34.762+0000] {processor.py:925} INFO - DAG(s) 'example_branch_python_operator_decorator' retrieved from /home/airflow/.local/lib/python3.12/site-packages/airflow/example_dags/example_branch_operator_decorator.py
[2024-10-24T06:58:34.807+0000] {logging_mixin.py:190} INFO - [2024-10-24T06:58:34.806+0000] {dag.py:3239} INFO - Sync 1 DAGs
[2024-10-24T06:58:35.071+0000] {logging_mixin.py:190} INFO - [2024-10-24T06:58:35.071+0000] {dag.py:4180} INFO - Setting next_dagrun for example_branch_python_operator_decorator to 2024-10-23 00:00:00+00:00, run_after=2024-10-24 00:00:00+00:00
[2024-10-24T06:58:35.125+0000] {processor.py:208} INFO - Processing /home/airflow/.local/lib/python3.12/site-packages/airflow/example_dags/example_branch_operator_decorator.py took 0.400 seconds
[2024-10-24T06:59:05.222+0000] {processor.py:186} INFO - Started process (PID=100159) to work on /home/airflow/.local/lib/python3.12/site-packages/airflow/example_dags/example_branch_operator_decorator.py
[2024-10-24T06:59:05.223+0000] {processor.py:914} INFO - Processing file /home/airflow/.local/lib/python3.12/site-packages/airflow/example_dags/example_branch_operator_decorator.py for tasks to queue
[2024-10-24T06:59:05.225+0000] {logging_mixin.py:190} INFO - [2024-10-24T06:59:05.224+0000] {dagbag.py:588} INFO - Filling up the DagBag from /home/airflow/.local/lib/python3.12/site-packages/airflow/example_dags/example_branch_operator_decorator.py
[2024-10-24T06:59:05.249+0000] {processor.py:925} INFO - DAG(s) 'example_branch_python_operator_decorator' retrieved from /home/airflow/.local/lib/python3.12/site-packages/airflow/example_dags/example_branch_operator_decorator.py
[2024-10-24T06:59:05.282+0000] {logging_mixin.py:190} INFO - [2024-10-24T06:59:05.282+0000] {dag.py:3239} INFO - Sync 1 DAGs
[2024-10-24T06:59:05.308+0000] {logging_mixin.py:190} INFO - [2024-10-24T06:59:05.308+0000] {dag.py:4180} INFO - Setting next_dagrun for example_branch_python_operator_decorator to 2024-10-23 00:00:00+00:00, run_after=2024-10-24 00:00:00+00:00
[2024-10-24T06:59:05.517+0000] {processor.py:208} INFO - Processing /home/airflow/.local/lib/python3.12/site-packages/airflow/example_dags/example_branch_operator_decorator.py took 0.302 seconds
