[2024-10-24T04:09:16.551+0000] {processor.py:186} INFO - Started process (PID=98883) to work on /home/airflow/.local/lib/python3.12/site-packages/airflow/example_dags/example_branch_operator.py
[2024-10-24T04:09:16.570+0000] {processor.py:914} INFO - Processing file /home/airflow/.local/lib/python3.12/site-packages/airflow/example_dags/example_branch_operator.py for tasks to queue
[2024-10-24T04:09:16.585+0000] {logging_mixin.py:190} INFO - [2024-10-24T04:09:16.583+0000] {dagbag.py:588} INFO - Filling up the DagBag from /home/airflow/.local/lib/python3.12/site-packages/airflow/example_dags/example_branch_operator.py
[2024-10-24T04:09:16.683+0000] {processor.py:925} INFO - DAG(s) 'example_branch_operator' retrieved from /home/airflow/.local/lib/python3.12/site-packages/airflow/example_dags/example_branch_operator.py
[2024-10-24T04:09:16.838+0000] {logging_mixin.py:190} INFO - [2024-10-24T04:09:16.838+0000] {dag.py:3239} INFO - Sync 1 DAGs
[2024-10-24T04:09:16.991+0000] {logging_mixin.py:190} INFO - [2024-10-24T04:09:16.991+0000] {dag.py:4180} INFO - Setting next_dagrun for example_branch_operator to 2024-10-23 00:00:00+00:00, run_after=2024-10-24 00:00:00+00:00
[2024-10-24T04:09:17.055+0000] {processor.py:208} INFO - Processing /home/airflow/.local/lib/python3.12/site-packages/airflow/example_dags/example_branch_operator.py took 0.534 seconds
[2024-10-24T04:09:47.106+0000] {processor.py:186} INFO - Started process (PID=98948) to work on /home/airflow/.local/lib/python3.12/site-packages/airflow/example_dags/example_branch_operator.py
[2024-10-24T04:09:47.108+0000] {processor.py:914} INFO - Processing file /home/airflow/.local/lib/python3.12/site-packages/airflow/example_dags/example_branch_operator.py for tasks to queue
[2024-10-24T04:09:47.110+0000] {logging_mixin.py:190} INFO - [2024-10-24T04:09:47.109+0000] {dagbag.py:588} INFO - Filling up the DagBag from /home/airflow/.local/lib/python3.12/site-packages/airflow/example_dags/example_branch_operator.py
[2024-10-24T04:09:47.131+0000] {processor.py:925} INFO - DAG(s) 'example_branch_operator' retrieved from /home/airflow/.local/lib/python3.12/site-packages/airflow/example_dags/example_branch_operator.py
[2024-10-24T04:09:47.165+0000] {logging_mixin.py:190} INFO - [2024-10-24T04:09:47.165+0000] {dag.py:3239} INFO - Sync 1 DAGs
[2024-10-24T04:09:47.193+0000] {logging_mixin.py:190} INFO - [2024-10-24T04:09:47.193+0000] {dag.py:4180} INFO - Setting next_dagrun for example_branch_operator to 2024-10-23 00:00:00+00:00, run_after=2024-10-24 00:00:00+00:00
[2024-10-24T04:09:47.212+0000] {processor.py:208} INFO - Processing /home/airflow/.local/lib/python3.12/site-packages/airflow/example_dags/example_branch_operator.py took 0.114 seconds
[2024-10-24T04:10:17.722+0000] {processor.py:186} INFO - Started process (PID=99015) to work on /home/airflow/.local/lib/python3.12/site-packages/airflow/example_dags/example_branch_operator.py
[2024-10-24T04:10:17.723+0000] {processor.py:914} INFO - Processing file /home/airflow/.local/lib/python3.12/site-packages/airflow/example_dags/example_branch_operator.py for tasks to queue
[2024-10-24T04:10:17.725+0000] {logging_mixin.py:190} INFO - [2024-10-24T04:10:17.724+0000] {dagbag.py:588} INFO - Filling up the DagBag from /home/airflow/.local/lib/python3.12/site-packages/airflow/example_dags/example_branch_operator.py
[2024-10-24T04:10:17.746+0000] {processor.py:925} INFO - DAG(s) 'example_branch_operator' retrieved from /home/airflow/.local/lib/python3.12/site-packages/airflow/example_dags/example_branch_operator.py
[2024-10-24T04:10:17.787+0000] {logging_mixin.py:190} INFO - [2024-10-24T04:10:17.787+0000] {dag.py:3239} INFO - Sync 1 DAGs
[2024-10-24T04:10:17.814+0000] {logging_mixin.py:190} INFO - [2024-10-24T04:10:17.814+0000] {dag.py:4180} INFO - Setting next_dagrun for example_branch_operator to 2024-10-23 00:00:00+00:00, run_after=2024-10-24 00:00:00+00:00
[2024-10-24T04:10:17.832+0000] {processor.py:208} INFO - Processing /home/airflow/.local/lib/python3.12/site-packages/airflow/example_dags/example_branch_operator.py took 0.119 seconds
[2024-10-24T04:10:48.446+0000] {processor.py:186} INFO - Started process (PID=99081) to work on /home/airflow/.local/lib/python3.12/site-packages/airflow/example_dags/example_branch_operator.py
[2024-10-24T04:10:48.447+0000] {processor.py:914} INFO - Processing file /home/airflow/.local/lib/python3.12/site-packages/airflow/example_dags/example_branch_operator.py for tasks to queue
[2024-10-24T04:10:48.449+0000] {logging_mixin.py:190} INFO - [2024-10-24T04:10:48.449+0000] {dagbag.py:588} INFO - Filling up the DagBag from /home/airflow/.local/lib/python3.12/site-packages/airflow/example_dags/example_branch_operator.py
[2024-10-24T04:10:48.471+0000] {processor.py:925} INFO - DAG(s) 'example_branch_operator' retrieved from /home/airflow/.local/lib/python3.12/site-packages/airflow/example_dags/example_branch_operator.py
[2024-10-24T04:10:48.513+0000] {logging_mixin.py:190} INFO - [2024-10-24T04:10:48.512+0000] {dag.py:3239} INFO - Sync 1 DAGs
[2024-10-24T04:10:48.540+0000] {logging_mixin.py:190} INFO - [2024-10-24T04:10:48.540+0000] {dag.py:4180} INFO - Setting next_dagrun for example_branch_operator to 2024-10-23 00:00:00+00:00, run_after=2024-10-24 00:00:00+00:00
[2024-10-24T04:10:48.559+0000] {processor.py:208} INFO - Processing /home/airflow/.local/lib/python3.12/site-packages/airflow/example_dags/example_branch_operator.py took 0.121 seconds
[2024-10-24T04:11:19.241+0000] {processor.py:186} INFO - Started process (PID=99147) to work on /home/airflow/.local/lib/python3.12/site-packages/airflow/example_dags/example_branch_operator.py
[2024-10-24T04:11:19.242+0000] {processor.py:914} INFO - Processing file /home/airflow/.local/lib/python3.12/site-packages/airflow/example_dags/example_branch_operator.py for tasks to queue
[2024-10-24T04:11:19.244+0000] {logging_mixin.py:190} INFO - [2024-10-24T04:11:19.243+0000] {dagbag.py:588} INFO - Filling up the DagBag from /home/airflow/.local/lib/python3.12/site-packages/airflow/example_dags/example_branch_operator.py
[2024-10-24T04:11:19.266+0000] {processor.py:925} INFO - DAG(s) 'example_branch_operator' retrieved from /home/airflow/.local/lib/python3.12/site-packages/airflow/example_dags/example_branch_operator.py
[2024-10-24T04:11:19.304+0000] {logging_mixin.py:190} INFO - [2024-10-24T04:11:19.303+0000] {dag.py:3239} INFO - Sync 1 DAGs
[2024-10-24T04:11:19.333+0000] {logging_mixin.py:190} INFO - [2024-10-24T04:11:19.333+0000] {dag.py:4180} INFO - Setting next_dagrun for example_branch_operator to 2024-10-23 00:00:00+00:00, run_after=2024-10-24 00:00:00+00:00
[2024-10-24T04:11:19.352+0000] {processor.py:208} INFO - Processing /home/airflow/.local/lib/python3.12/site-packages/airflow/example_dags/example_branch_operator.py took 0.121 seconds
[2024-10-24T04:11:49.977+0000] {processor.py:186} INFO - Started process (PID=99214) to work on /home/airflow/.local/lib/python3.12/site-packages/airflow/example_dags/example_branch_operator.py
[2024-10-24T04:11:49.979+0000] {processor.py:914} INFO - Processing file /home/airflow/.local/lib/python3.12/site-packages/airflow/example_dags/example_branch_operator.py for tasks to queue
[2024-10-24T04:11:49.981+0000] {logging_mixin.py:190} INFO - [2024-10-24T04:11:49.980+0000] {dagbag.py:588} INFO - Filling up the DagBag from /home/airflow/.local/lib/python3.12/site-packages/airflow/example_dags/example_branch_operator.py
[2024-10-24T04:11:50.007+0000] {processor.py:925} INFO - DAG(s) 'example_branch_operator' retrieved from /home/airflow/.local/lib/python3.12/site-packages/airflow/example_dags/example_branch_operator.py
[2024-10-24T04:11:50.063+0000] {logging_mixin.py:190} INFO - [2024-10-24T04:11:50.061+0000] {dag.py:3239} INFO - Sync 1 DAGs
[2024-10-24T04:11:50.103+0000] {logging_mixin.py:190} INFO - [2024-10-24T04:11:50.103+0000] {dag.py:4180} INFO - Setting next_dagrun for example_branch_operator to 2024-10-23 00:00:00+00:00, run_after=2024-10-24 00:00:00+00:00
[2024-10-24T04:11:50.126+0000] {processor.py:208} INFO - Processing /home/airflow/.local/lib/python3.12/site-packages/airflow/example_dags/example_branch_operator.py took 0.158 seconds
[2024-10-24T04:12:20.408+0000] {processor.py:186} INFO - Started process (PID=99281) to work on /home/airflow/.local/lib/python3.12/site-packages/airflow/example_dags/example_branch_operator.py
[2024-10-24T04:12:20.409+0000] {processor.py:914} INFO - Processing file /home/airflow/.local/lib/python3.12/site-packages/airflow/example_dags/example_branch_operator.py for tasks to queue
[2024-10-24T04:12:20.411+0000] {logging_mixin.py:190} INFO - [2024-10-24T04:12:20.410+0000] {dagbag.py:588} INFO - Filling up the DagBag from /home/airflow/.local/lib/python3.12/site-packages/airflow/example_dags/example_branch_operator.py
[2024-10-24T04:12:20.433+0000] {processor.py:925} INFO - DAG(s) 'example_branch_operator' retrieved from /home/airflow/.local/lib/python3.12/site-packages/airflow/example_dags/example_branch_operator.py
[2024-10-24T04:12:20.487+0000] {logging_mixin.py:190} INFO - [2024-10-24T04:12:20.486+0000] {dag.py:3239} INFO - Sync 1 DAGs
[2024-10-24T04:12:20.528+0000] {logging_mixin.py:190} INFO - [2024-10-24T04:12:20.527+0000] {dag.py:4180} INFO - Setting next_dagrun for example_branch_operator to 2024-10-23 00:00:00+00:00, run_after=2024-10-24 00:00:00+00:00
[2024-10-24T04:12:20.556+0000] {processor.py:208} INFO - Processing /home/airflow/.local/lib/python3.12/site-packages/airflow/example_dags/example_branch_operator.py took 0.161 seconds
[2024-10-24T04:12:51.442+0000] {processor.py:186} INFO - Started process (PID=99353) to work on /home/airflow/.local/lib/python3.12/site-packages/airflow/example_dags/example_branch_operator.py
[2024-10-24T04:12:51.443+0000] {processor.py:914} INFO - Processing file /home/airflow/.local/lib/python3.12/site-packages/airflow/example_dags/example_branch_operator.py for tasks to queue
[2024-10-24T04:12:51.445+0000] {logging_mixin.py:190} INFO - [2024-10-24T04:12:51.445+0000] {dagbag.py:588} INFO - Filling up the DagBag from /home/airflow/.local/lib/python3.12/site-packages/airflow/example_dags/example_branch_operator.py
[2024-10-24T04:12:51.465+0000] {processor.py:925} INFO - DAG(s) 'example_branch_operator' retrieved from /home/airflow/.local/lib/python3.12/site-packages/airflow/example_dags/example_branch_operator.py
[2024-10-24T04:12:51.503+0000] {logging_mixin.py:190} INFO - [2024-10-24T04:12:51.502+0000] {dag.py:3239} INFO - Sync 1 DAGs
[2024-10-24T04:12:51.534+0000] {logging_mixin.py:190} INFO - [2024-10-24T04:12:51.534+0000] {dag.py:4180} INFO - Setting next_dagrun for example_branch_operator to 2024-10-23 00:00:00+00:00, run_after=2024-10-24 00:00:00+00:00
[2024-10-24T04:12:51.553+0000] {processor.py:208} INFO - Processing /home/airflow/.local/lib/python3.12/site-packages/airflow/example_dags/example_branch_operator.py took 0.120 seconds
[2024-10-24T04:13:21.791+0000] {processor.py:186} INFO - Started process (PID=99420) to work on /home/airflow/.local/lib/python3.12/site-packages/airflow/example_dags/example_branch_operator.py
[2024-10-24T04:13:21.792+0000] {processor.py:914} INFO - Processing file /home/airflow/.local/lib/python3.12/site-packages/airflow/example_dags/example_branch_operator.py for tasks to queue
[2024-10-24T04:13:21.793+0000] {logging_mixin.py:190} INFO - [2024-10-24T04:13:21.793+0000] {dagbag.py:588} INFO - Filling up the DagBag from /home/airflow/.local/lib/python3.12/site-packages/airflow/example_dags/example_branch_operator.py
[2024-10-24T04:13:21.813+0000] {processor.py:925} INFO - DAG(s) 'example_branch_operator' retrieved from /home/airflow/.local/lib/python3.12/site-packages/airflow/example_dags/example_branch_operator.py
[2024-10-24T04:13:21.849+0000] {logging_mixin.py:190} INFO - [2024-10-24T04:13:21.848+0000] {dag.py:3239} INFO - Sync 1 DAGs
[2024-10-24T04:13:21.875+0000] {logging_mixin.py:190} INFO - [2024-10-24T04:13:21.875+0000] {dag.py:4180} INFO - Setting next_dagrun for example_branch_operator to 2024-10-23 00:00:00+00:00, run_after=2024-10-24 00:00:00+00:00
[2024-10-24T04:13:21.892+0000] {processor.py:208} INFO - Processing /home/airflow/.local/lib/python3.12/site-packages/airflow/example_dags/example_branch_operator.py took 0.109 seconds
[2024-10-24T04:13:52.059+0000] {processor.py:186} INFO - Started process (PID=99487) to work on /home/airflow/.local/lib/python3.12/site-packages/airflow/example_dags/example_branch_operator.py
[2024-10-24T04:13:52.061+0000] {processor.py:914} INFO - Processing file /home/airflow/.local/lib/python3.12/site-packages/airflow/example_dags/example_branch_operator.py for tasks to queue
[2024-10-24T04:13:52.062+0000] {logging_mixin.py:190} INFO - [2024-10-24T04:13:52.062+0000] {dagbag.py:588} INFO - Filling up the DagBag from /home/airflow/.local/lib/python3.12/site-packages/airflow/example_dags/example_branch_operator.py
[2024-10-24T04:13:52.088+0000] {processor.py:925} INFO - DAG(s) 'example_branch_operator' retrieved from /home/airflow/.local/lib/python3.12/site-packages/airflow/example_dags/example_branch_operator.py
[2024-10-24T04:13:52.134+0000] {logging_mixin.py:190} INFO - [2024-10-24T04:13:52.133+0000] {dag.py:3239} INFO - Sync 1 DAGs
[2024-10-24T04:13:52.159+0000] {logging_mixin.py:190} INFO - [2024-10-24T04:13:52.159+0000] {dag.py:4180} INFO - Setting next_dagrun for example_branch_operator to 2024-10-23 00:00:00+00:00, run_after=2024-10-24 00:00:00+00:00
[2024-10-24T04:13:52.177+0000] {processor.py:208} INFO - Processing /home/airflow/.local/lib/python3.12/site-packages/airflow/example_dags/example_branch_operator.py took 0.126 seconds
[2024-10-24T04:14:22.771+0000] {processor.py:186} INFO - Started process (PID=99554) to work on /home/airflow/.local/lib/python3.12/site-packages/airflow/example_dags/example_branch_operator.py
[2024-10-24T04:14:22.772+0000] {processor.py:914} INFO - Processing file /home/airflow/.local/lib/python3.12/site-packages/airflow/example_dags/example_branch_operator.py for tasks to queue
[2024-10-24T04:14:22.775+0000] {logging_mixin.py:190} INFO - [2024-10-24T04:14:22.775+0000] {dagbag.py:588} INFO - Filling up the DagBag from /home/airflow/.local/lib/python3.12/site-packages/airflow/example_dags/example_branch_operator.py
[2024-10-24T04:14:22.796+0000] {processor.py:925} INFO - DAG(s) 'example_branch_operator' retrieved from /home/airflow/.local/lib/python3.12/site-packages/airflow/example_dags/example_branch_operator.py
[2024-10-24T04:14:22.835+0000] {logging_mixin.py:190} INFO - [2024-10-24T04:14:22.834+0000] {dag.py:3239} INFO - Sync 1 DAGs
[2024-10-24T04:14:22.862+0000] {logging_mixin.py:190} INFO - [2024-10-24T04:14:22.862+0000] {dag.py:4180} INFO - Setting next_dagrun for example_branch_operator to 2024-10-23 00:00:00+00:00, run_after=2024-10-24 00:00:00+00:00
[2024-10-24T04:14:22.881+0000] {processor.py:208} INFO - Processing /home/airflow/.local/lib/python3.12/site-packages/airflow/example_dags/example_branch_operator.py took 0.118 seconds
[2024-10-24T04:14:53.301+0000] {processor.py:186} INFO - Started process (PID=99620) to work on /home/airflow/.local/lib/python3.12/site-packages/airflow/example_dags/example_branch_operator.py
[2024-10-24T04:14:53.303+0000] {processor.py:914} INFO - Processing file /home/airflow/.local/lib/python3.12/site-packages/airflow/example_dags/example_branch_operator.py for tasks to queue
[2024-10-24T04:14:53.305+0000] {logging_mixin.py:190} INFO - [2024-10-24T04:14:53.304+0000] {dagbag.py:588} INFO - Filling up the DagBag from /home/airflow/.local/lib/python3.12/site-packages/airflow/example_dags/example_branch_operator.py
[2024-10-24T04:14:53.326+0000] {processor.py:925} INFO - DAG(s) 'example_branch_operator' retrieved from /home/airflow/.local/lib/python3.12/site-packages/airflow/example_dags/example_branch_operator.py
[2024-10-24T04:14:53.365+0000] {logging_mixin.py:190} INFO - [2024-10-24T04:14:53.365+0000] {dag.py:3239} INFO - Sync 1 DAGs
[2024-10-24T04:14:53.394+0000] {logging_mixin.py:190} INFO - [2024-10-24T04:14:53.394+0000] {dag.py:4180} INFO - Setting next_dagrun for example_branch_operator to 2024-10-23 00:00:00+00:00, run_after=2024-10-24 00:00:00+00:00
[2024-10-24T04:14:53.413+0000] {processor.py:208} INFO - Processing /home/airflow/.local/lib/python3.12/site-packages/airflow/example_dags/example_branch_operator.py took 0.120 seconds
[2024-10-24T04:15:23.499+0000] {processor.py:186} INFO - Started process (PID=99687) to work on /home/airflow/.local/lib/python3.12/site-packages/airflow/example_dags/example_branch_operator.py
[2024-10-24T04:15:23.501+0000] {processor.py:914} INFO - Processing file /home/airflow/.local/lib/python3.12/site-packages/airflow/example_dags/example_branch_operator.py for tasks to queue
[2024-10-24T04:15:23.503+0000] {logging_mixin.py:190} INFO - [2024-10-24T04:15:23.503+0000] {dagbag.py:588} INFO - Filling up the DagBag from /home/airflow/.local/lib/python3.12/site-packages/airflow/example_dags/example_branch_operator.py
[2024-10-24T04:15:23.524+0000] {processor.py:925} INFO - DAG(s) 'example_branch_operator' retrieved from /home/airflow/.local/lib/python3.12/site-packages/airflow/example_dags/example_branch_operator.py
[2024-10-24T04:15:23.558+0000] {logging_mixin.py:190} INFO - [2024-10-24T04:15:23.557+0000] {dag.py:3239} INFO - Sync 1 DAGs
[2024-10-24T04:15:23.585+0000] {logging_mixin.py:190} INFO - [2024-10-24T04:15:23.584+0000] {dag.py:4180} INFO - Setting next_dagrun for example_branch_operator to 2024-10-23 00:00:00+00:00, run_after=2024-10-24 00:00:00+00:00
[2024-10-24T04:15:23.604+0000] {processor.py:208} INFO - Processing /home/airflow/.local/lib/python3.12/site-packages/airflow/example_dags/example_branch_operator.py took 0.113 seconds
[2024-10-24T06:56:00.726+0000] {processor.py:186} INFO - Started process (PID=99755) to work on /home/airflow/.local/lib/python3.12/site-packages/airflow/example_dags/example_branch_operator.py
[2024-10-24T06:56:00.728+0000] {processor.py:914} INFO - Processing file /home/airflow/.local/lib/python3.12/site-packages/airflow/example_dags/example_branch_operator.py for tasks to queue
[2024-10-24T06:56:00.732+0000] {logging_mixin.py:190} INFO - [2024-10-24T06:56:00.729+0000] {dagbag.py:588} INFO - Filling up the DagBag from /home/airflow/.local/lib/python3.12/site-packages/airflow/example_dags/example_branch_operator.py
[2024-10-24T06:56:00.760+0000] {processor.py:925} INFO - DAG(s) 'example_branch_operator' retrieved from /home/airflow/.local/lib/python3.12/site-packages/airflow/example_dags/example_branch_operator.py
[2024-10-24T06:56:00.808+0000] {logging_mixin.py:190} INFO - [2024-10-24T06:56:00.808+0000] {dag.py:3239} INFO - Sync 1 DAGs
[2024-10-24T06:56:00.847+0000] {logging_mixin.py:190} INFO - [2024-10-24T06:56:00.846+0000] {dag.py:4180} INFO - Setting next_dagrun for example_branch_operator to 2024-10-23 00:00:00+00:00, run_after=2024-10-24 00:00:00+00:00
[2024-10-24T06:56:00.885+0000] {processor.py:208} INFO - Processing /home/airflow/.local/lib/python3.12/site-packages/airflow/example_dags/example_branch_operator.py took 0.173 seconds
[2024-10-24T06:56:31.248+0000] {processor.py:186} INFO - Started process (PID=99821) to work on /home/airflow/.local/lib/python3.12/site-packages/airflow/example_dags/example_branch_operator.py
[2024-10-24T06:56:31.249+0000] {processor.py:914} INFO - Processing file /home/airflow/.local/lib/python3.12/site-packages/airflow/example_dags/example_branch_operator.py for tasks to queue
[2024-10-24T06:56:31.250+0000] {logging_mixin.py:190} INFO - [2024-10-24T06:56:31.250+0000] {dagbag.py:588} INFO - Filling up the DagBag from /home/airflow/.local/lib/python3.12/site-packages/airflow/example_dags/example_branch_operator.py
[2024-10-24T06:56:31.272+0000] {processor.py:925} INFO - DAG(s) 'example_branch_operator' retrieved from /home/airflow/.local/lib/python3.12/site-packages/airflow/example_dags/example_branch_operator.py
[2024-10-24T06:56:31.309+0000] {logging_mixin.py:190} INFO - [2024-10-24T06:56:31.309+0000] {dag.py:3239} INFO - Sync 1 DAGs
[2024-10-24T06:56:31.337+0000] {logging_mixin.py:190} INFO - [2024-10-24T06:56:31.337+0000] {dag.py:4180} INFO - Setting next_dagrun for example_branch_operator to 2024-10-23 00:00:00+00:00, run_after=2024-10-24 00:00:00+00:00
[2024-10-24T06:56:31.355+0000] {processor.py:208} INFO - Processing /home/airflow/.local/lib/python3.12/site-packages/airflow/example_dags/example_branch_operator.py took 0.116 seconds
[2024-10-24T06:57:01.792+0000] {processor.py:186} INFO - Started process (PID=99888) to work on /home/airflow/.local/lib/python3.12/site-packages/airflow/example_dags/example_branch_operator.py
[2024-10-24T06:57:01.793+0000] {processor.py:914} INFO - Processing file /home/airflow/.local/lib/python3.12/site-packages/airflow/example_dags/example_branch_operator.py for tasks to queue
[2024-10-24T06:57:01.795+0000] {logging_mixin.py:190} INFO - [2024-10-24T06:57:01.794+0000] {dagbag.py:588} INFO - Filling up the DagBag from /home/airflow/.local/lib/python3.12/site-packages/airflow/example_dags/example_branch_operator.py
[2024-10-24T06:57:01.815+0000] {processor.py:925} INFO - DAG(s) 'example_branch_operator' retrieved from /home/airflow/.local/lib/python3.12/site-packages/airflow/example_dags/example_branch_operator.py
[2024-10-24T06:57:01.850+0000] {logging_mixin.py:190} INFO - [2024-10-24T06:57:01.850+0000] {dag.py:3239} INFO - Sync 1 DAGs
[2024-10-24T06:57:01.879+0000] {logging_mixin.py:190} INFO - [2024-10-24T06:57:01.879+0000] {dag.py:4180} INFO - Setting next_dagrun for example_branch_operator to 2024-10-23 00:00:00+00:00, run_after=2024-10-24 00:00:00+00:00
[2024-10-24T06:57:01.897+0000] {processor.py:208} INFO - Processing /home/airflow/.local/lib/python3.12/site-packages/airflow/example_dags/example_branch_operator.py took 0.113 seconds
[2024-10-24T06:57:32.651+0000] {processor.py:186} INFO - Started process (PID=99955) to work on /home/airflow/.local/lib/python3.12/site-packages/airflow/example_dags/example_branch_operator.py
[2024-10-24T06:57:32.652+0000] {processor.py:914} INFO - Processing file /home/airflow/.local/lib/python3.12/site-packages/airflow/example_dags/example_branch_operator.py for tasks to queue
[2024-10-24T06:57:32.653+0000] {logging_mixin.py:190} INFO - [2024-10-24T06:57:32.653+0000] {dagbag.py:588} INFO - Filling up the DagBag from /home/airflow/.local/lib/python3.12/site-packages/airflow/example_dags/example_branch_operator.py
[2024-10-24T06:57:32.675+0000] {processor.py:925} INFO - DAG(s) 'example_branch_operator' retrieved from /home/airflow/.local/lib/python3.12/site-packages/airflow/example_dags/example_branch_operator.py
[2024-10-24T06:57:32.709+0000] {logging_mixin.py:190} INFO - [2024-10-24T06:57:32.709+0000] {dag.py:3239} INFO - Sync 1 DAGs
[2024-10-24T06:57:32.735+0000] {logging_mixin.py:190} INFO - [2024-10-24T06:57:32.735+0000] {dag.py:4180} INFO - Setting next_dagrun for example_branch_operator to 2024-10-23 00:00:00+00:00, run_after=2024-10-24 00:00:00+00:00
[2024-10-24T06:57:32.756+0000] {processor.py:208} INFO - Processing /home/airflow/.local/lib/python3.12/site-packages/airflow/example_dags/example_branch_operator.py took 0.112 seconds
[2024-10-24T06:58:02.972+0000] {processor.py:186} INFO - Started process (PID=100022) to work on /home/airflow/.local/lib/python3.12/site-packages/airflow/example_dags/example_branch_operator.py
[2024-10-24T06:58:02.973+0000] {processor.py:914} INFO - Processing file /home/airflow/.local/lib/python3.12/site-packages/airflow/example_dags/example_branch_operator.py for tasks to queue
[2024-10-24T06:58:02.974+0000] {logging_mixin.py:190} INFO - [2024-10-24T06:58:02.974+0000] {dagbag.py:588} INFO - Filling up the DagBag from /home/airflow/.local/lib/python3.12/site-packages/airflow/example_dags/example_branch_operator.py
[2024-10-24T06:58:02.995+0000] {processor.py:925} INFO - DAG(s) 'example_branch_operator' retrieved from /home/airflow/.local/lib/python3.12/site-packages/airflow/example_dags/example_branch_operator.py
[2024-10-24T06:58:03.039+0000] {logging_mixin.py:190} INFO - [2024-10-24T06:58:03.039+0000] {dag.py:3239} INFO - Sync 1 DAGs
[2024-10-24T06:58:03.289+0000] {logging_mixin.py:190} INFO - [2024-10-24T06:58:03.288+0000] {dag.py:4180} INFO - Setting next_dagrun for example_branch_operator to 2024-10-23 00:00:00+00:00, run_after=2024-10-24 00:00:00+00:00
[2024-10-24T06:58:03.313+0000] {processor.py:208} INFO - Processing /home/airflow/.local/lib/python3.12/site-packages/airflow/example_dags/example_branch_operator.py took 0.349 seconds
[2024-10-24T06:58:33.962+0000] {processor.py:186} INFO - Started process (PID=100088) to work on /home/airflow/.local/lib/python3.12/site-packages/airflow/example_dags/example_branch_operator.py
[2024-10-24T06:58:33.963+0000] {processor.py:914} INFO - Processing file /home/airflow/.local/lib/python3.12/site-packages/airflow/example_dags/example_branch_operator.py for tasks to queue
[2024-10-24T06:58:33.965+0000] {logging_mixin.py:190} INFO - [2024-10-24T06:58:33.964+0000] {dagbag.py:588} INFO - Filling up the DagBag from /home/airflow/.local/lib/python3.12/site-packages/airflow/example_dags/example_branch_operator.py
[2024-10-24T06:58:33.986+0000] {processor.py:925} INFO - DAG(s) 'example_branch_operator' retrieved from /home/airflow/.local/lib/python3.12/site-packages/airflow/example_dags/example_branch_operator.py
[2024-10-24T06:58:34.032+0000] {logging_mixin.py:190} INFO - [2024-10-24T06:58:34.032+0000] {dag.py:3239} INFO - Sync 1 DAGs
[2024-10-24T06:58:34.063+0000] {logging_mixin.py:190} INFO - [2024-10-24T06:58:34.063+0000] {dag.py:4180} INFO - Setting next_dagrun for example_branch_operator to 2024-10-23 00:00:00+00:00, run_after=2024-10-24 00:00:00+00:00
[2024-10-24T06:58:34.297+0000] {processor.py:208} INFO - Processing /home/airflow/.local/lib/python3.12/site-packages/airflow/example_dags/example_branch_operator.py took 0.343 seconds
[2024-10-24T06:59:04.669+0000] {processor.py:186} INFO - Started process (PID=100155) to work on /home/airflow/.local/lib/python3.12/site-packages/airflow/example_dags/example_branch_operator.py
[2024-10-24T06:59:04.670+0000] {processor.py:914} INFO - Processing file /home/airflow/.local/lib/python3.12/site-packages/airflow/example_dags/example_branch_operator.py for tasks to queue
[2024-10-24T06:59:04.672+0000] {logging_mixin.py:190} INFO - [2024-10-24T06:59:04.671+0000] {dagbag.py:588} INFO - Filling up the DagBag from /home/airflow/.local/lib/python3.12/site-packages/airflow/example_dags/example_branch_operator.py
[2024-10-24T06:59:04.691+0000] {processor.py:925} INFO - DAG(s) 'example_branch_operator' retrieved from /home/airflow/.local/lib/python3.12/site-packages/airflow/example_dags/example_branch_operator.py
[2024-10-24T06:59:04.726+0000] {logging_mixin.py:190} INFO - [2024-10-24T06:59:04.726+0000] {dag.py:3239} INFO - Sync 1 DAGs
[2024-10-24T06:59:04.754+0000] {logging_mixin.py:190} INFO - [2024-10-24T06:59:04.753+0000] {dag.py:4180} INFO - Setting next_dagrun for example_branch_operator to 2024-10-23 00:00:00+00:00, run_after=2024-10-24 00:00:00+00:00
[2024-10-24T06:59:04.958+0000] {processor.py:208} INFO - Processing /home/airflow/.local/lib/python3.12/site-packages/airflow/example_dags/example_branch_operator.py took 0.297 seconds
