[2024-10-24T04:09:19.503+0000] {processor.py:186} INFO - Started process (PID=98896) to work on /home/airflow/.local/lib/python3.12/site-packages/airflow/example_dags/example_trigger_controller_dag.py
[2024-10-24T04:09:19.507+0000] {processor.py:914} INFO - Processing file /home/airflow/.local/lib/python3.12/site-packages/airflow/example_dags/example_trigger_controller_dag.py for tasks to queue
[2024-10-24T04:09:19.511+0000] {logging_mixin.py:190} INFO - [2024-10-24T04:09:19.508+0000] {dagbag.py:588} INFO - Filling up the DagBag from /home/airflow/.local/lib/python3.12/site-packages/airflow/example_dags/example_trigger_controller_dag.py
[2024-10-24T04:09:19.522+0000] {processor.py:925} INFO - DAG(s) 'example_trigger_controller_dag' retrieved from /home/airflow/.local/lib/python3.12/site-packages/airflow/example_dags/example_trigger_controller_dag.py
[2024-10-24T04:09:19.566+0000] {logging_mixin.py:190} INFO - [2024-10-24T04:09:19.566+0000] {dag.py:3239} INFO - Sync 1 DAGs
[2024-10-24T04:09:19.610+0000] {logging_mixin.py:190} INFO - [2024-10-24T04:09:19.609+0000] {dag.py:4180} INFO - Setting next_dagrun for example_trigger_controller_dag to 2021-01-01 00:00:00+00:00, run_after=2021-01-01 00:00:00+00:00
[2024-10-24T04:09:19.661+0000] {processor.py:208} INFO - Processing /home/airflow/.local/lib/python3.12/site-packages/airflow/example_dags/example_trigger_controller_dag.py took 0.182 seconds
[2024-10-24T04:09:50.222+0000] {processor.py:186} INFO - Started process (PID=98962) to work on /home/airflow/.local/lib/python3.12/site-packages/airflow/example_dags/example_trigger_controller_dag.py
[2024-10-24T04:09:50.223+0000] {processor.py:914} INFO - Processing file /home/airflow/.local/lib/python3.12/site-packages/airflow/example_dags/example_trigger_controller_dag.py for tasks to queue
[2024-10-24T04:09:50.225+0000] {logging_mixin.py:190} INFO - [2024-10-24T04:09:50.224+0000] {dagbag.py:588} INFO - Filling up the DagBag from /home/airflow/.local/lib/python3.12/site-packages/airflow/example_dags/example_trigger_controller_dag.py
[2024-10-24T04:09:50.230+0000] {processor.py:925} INFO - DAG(s) 'example_trigger_controller_dag' retrieved from /home/airflow/.local/lib/python3.12/site-packages/airflow/example_dags/example_trigger_controller_dag.py
[2024-10-24T04:09:50.251+0000] {logging_mixin.py:190} INFO - [2024-10-24T04:09:50.251+0000] {dag.py:3239} INFO - Sync 1 DAGs
[2024-10-24T04:09:50.276+0000] {logging_mixin.py:190} INFO - [2024-10-24T04:09:50.275+0000] {dag.py:4180} INFO - Setting next_dagrun for example_trigger_controller_dag to 2021-01-01 00:00:00+00:00, run_after=2021-01-01 00:00:00+00:00
[2024-10-24T04:09:50.293+0000] {processor.py:208} INFO - Processing /home/airflow/.local/lib/python3.12/site-packages/airflow/example_dags/example_trigger_controller_dag.py took 0.081 seconds
[2024-10-24T04:10:20.933+0000] {processor.py:186} INFO - Started process (PID=99034) to work on /home/airflow/.local/lib/python3.12/site-packages/airflow/example_dags/example_trigger_controller_dag.py
[2024-10-24T04:10:20.934+0000] {processor.py:914} INFO - Processing file /home/airflow/.local/lib/python3.12/site-packages/airflow/example_dags/example_trigger_controller_dag.py for tasks to queue
[2024-10-24T04:10:20.935+0000] {logging_mixin.py:190} INFO - [2024-10-24T04:10:20.935+0000] {dagbag.py:588} INFO - Filling up the DagBag from /home/airflow/.local/lib/python3.12/site-packages/airflow/example_dags/example_trigger_controller_dag.py
[2024-10-24T04:10:20.942+0000] {processor.py:925} INFO - DAG(s) 'example_trigger_controller_dag' retrieved from /home/airflow/.local/lib/python3.12/site-packages/airflow/example_dags/example_trigger_controller_dag.py
[2024-10-24T04:10:20.967+0000] {logging_mixin.py:190} INFO - [2024-10-24T04:10:20.967+0000] {dag.py:3239} INFO - Sync 1 DAGs
[2024-10-24T04:10:20.994+0000] {logging_mixin.py:190} INFO - [2024-10-24T04:10:20.993+0000] {dag.py:4180} INFO - Setting next_dagrun for example_trigger_controller_dag to 2021-01-01 00:00:00+00:00, run_after=2021-01-01 00:00:00+00:00
[2024-10-24T04:10:21.012+0000] {processor.py:208} INFO - Processing /home/airflow/.local/lib/python3.12/site-packages/airflow/example_dags/example_trigger_controller_dag.py took 0.086 seconds
[2024-10-24T04:10:51.662+0000] {processor.py:186} INFO - Started process (PID=99100) to work on /home/airflow/.local/lib/python3.12/site-packages/airflow/example_dags/example_trigger_controller_dag.py
[2024-10-24T04:10:51.663+0000] {processor.py:914} INFO - Processing file /home/airflow/.local/lib/python3.12/site-packages/airflow/example_dags/example_trigger_controller_dag.py for tasks to queue
[2024-10-24T04:10:51.666+0000] {logging_mixin.py:190} INFO - [2024-10-24T04:10:51.665+0000] {dagbag.py:588} INFO - Filling up the DagBag from /home/airflow/.local/lib/python3.12/site-packages/airflow/example_dags/example_trigger_controller_dag.py
[2024-10-24T04:10:51.672+0000] {processor.py:925} INFO - DAG(s) 'example_trigger_controller_dag' retrieved from /home/airflow/.local/lib/python3.12/site-packages/airflow/example_dags/example_trigger_controller_dag.py
[2024-10-24T04:10:51.696+0000] {logging_mixin.py:190} INFO - [2024-10-24T04:10:51.696+0000] {dag.py:3239} INFO - Sync 1 DAGs
[2024-10-24T04:10:51.723+0000] {logging_mixin.py:190} INFO - [2024-10-24T04:10:51.722+0000] {dag.py:4180} INFO - Setting next_dagrun for example_trigger_controller_dag to 2021-01-01 00:00:00+00:00, run_after=2021-01-01 00:00:00+00:00
[2024-10-24T04:10:51.740+0000] {processor.py:208} INFO - Processing /home/airflow/.local/lib/python3.12/site-packages/airflow/example_dags/example_trigger_controller_dag.py took 0.086 seconds
[2024-10-24T04:11:22.531+0000] {processor.py:186} INFO - Started process (PID=99167) to work on /home/airflow/.local/lib/python3.12/site-packages/airflow/example_dags/example_trigger_controller_dag.py
[2024-10-24T04:11:22.532+0000] {processor.py:914} INFO - Processing file /home/airflow/.local/lib/python3.12/site-packages/airflow/example_dags/example_trigger_controller_dag.py for tasks to queue
[2024-10-24T04:11:22.534+0000] {logging_mixin.py:190} INFO - [2024-10-24T04:11:22.533+0000] {dagbag.py:588} INFO - Filling up the DagBag from /home/airflow/.local/lib/python3.12/site-packages/airflow/example_dags/example_trigger_controller_dag.py
[2024-10-24T04:11:22.540+0000] {processor.py:925} INFO - DAG(s) 'example_trigger_controller_dag' retrieved from /home/airflow/.local/lib/python3.12/site-packages/airflow/example_dags/example_trigger_controller_dag.py
[2024-10-24T04:11:22.570+0000] {logging_mixin.py:190} INFO - [2024-10-24T04:11:22.569+0000] {dag.py:3239} INFO - Sync 1 DAGs
[2024-10-24T04:11:22.599+0000] {logging_mixin.py:190} INFO - [2024-10-24T04:11:22.598+0000] {dag.py:4180} INFO - Setting next_dagrun for example_trigger_controller_dag to 2021-01-01 00:00:00+00:00, run_after=2021-01-01 00:00:00+00:00
[2024-10-24T04:11:22.622+0000] {processor.py:208} INFO - Processing /home/airflow/.local/lib/python3.12/site-packages/airflow/example_dags/example_trigger_controller_dag.py took 0.099 seconds
[2024-10-24T04:11:53.274+0000] {processor.py:186} INFO - Started process (PID=99234) to work on /home/airflow/.local/lib/python3.12/site-packages/airflow/example_dags/example_trigger_controller_dag.py
[2024-10-24T04:11:53.275+0000] {processor.py:914} INFO - Processing file /home/airflow/.local/lib/python3.12/site-packages/airflow/example_dags/example_trigger_controller_dag.py for tasks to queue
[2024-10-24T04:11:53.277+0000] {logging_mixin.py:190} INFO - [2024-10-24T04:11:53.276+0000] {dagbag.py:588} INFO - Filling up the DagBag from /home/airflow/.local/lib/python3.12/site-packages/airflow/example_dags/example_trigger_controller_dag.py
[2024-10-24T04:11:53.283+0000] {processor.py:925} INFO - DAG(s) 'example_trigger_controller_dag' retrieved from /home/airflow/.local/lib/python3.12/site-packages/airflow/example_dags/example_trigger_controller_dag.py
[2024-10-24T04:11:53.305+0000] {logging_mixin.py:190} INFO - [2024-10-24T04:11:53.305+0000] {dag.py:3239} INFO - Sync 1 DAGs
[2024-10-24T04:11:53.332+0000] {logging_mixin.py:190} INFO - [2024-10-24T04:11:53.332+0000] {dag.py:4180} INFO - Setting next_dagrun for example_trigger_controller_dag to 2021-01-01 00:00:00+00:00, run_after=2021-01-01 00:00:00+00:00
[2024-10-24T04:11:53.351+0000] {processor.py:208} INFO - Processing /home/airflow/.local/lib/python3.12/site-packages/airflow/example_dags/example_trigger_controller_dag.py took 0.085 seconds
[2024-10-24T04:12:23.821+0000] {processor.py:186} INFO - Started process (PID=99301) to work on /home/airflow/.local/lib/python3.12/site-packages/airflow/example_dags/example_trigger_controller_dag.py
[2024-10-24T04:12:23.822+0000] {processor.py:914} INFO - Processing file /home/airflow/.local/lib/python3.12/site-packages/airflow/example_dags/example_trigger_controller_dag.py for tasks to queue
[2024-10-24T04:12:23.824+0000] {logging_mixin.py:190} INFO - [2024-10-24T04:12:23.823+0000] {dagbag.py:588} INFO - Filling up the DagBag from /home/airflow/.local/lib/python3.12/site-packages/airflow/example_dags/example_trigger_controller_dag.py
[2024-10-24T04:12:23.829+0000] {processor.py:925} INFO - DAG(s) 'example_trigger_controller_dag' retrieved from /home/airflow/.local/lib/python3.12/site-packages/airflow/example_dags/example_trigger_controller_dag.py
[2024-10-24T04:12:23.852+0000] {logging_mixin.py:190} INFO - [2024-10-24T04:12:23.852+0000] {dag.py:3239} INFO - Sync 1 DAGs
[2024-10-24T04:12:23.877+0000] {logging_mixin.py:190} INFO - [2024-10-24T04:12:23.876+0000] {dag.py:4180} INFO - Setting next_dagrun for example_trigger_controller_dag to 2021-01-01 00:00:00+00:00, run_after=2021-01-01 00:00:00+00:00
[2024-10-24T04:12:23.898+0000] {processor.py:208} INFO - Processing /home/airflow/.local/lib/python3.12/site-packages/airflow/example_dags/example_trigger_controller_dag.py took 0.084 seconds
[2024-10-24T04:12:54.933+0000] {processor.py:186} INFO - Started process (PID=99367) to work on /home/airflow/.local/lib/python3.12/site-packages/airflow/example_dags/example_trigger_controller_dag.py
[2024-10-24T04:12:54.935+0000] {processor.py:914} INFO - Processing file /home/airflow/.local/lib/python3.12/site-packages/airflow/example_dags/example_trigger_controller_dag.py for tasks to queue
[2024-10-24T04:12:54.936+0000] {logging_mixin.py:190} INFO - [2024-10-24T04:12:54.936+0000] {dagbag.py:588} INFO - Filling up the DagBag from /home/airflow/.local/lib/python3.12/site-packages/airflow/example_dags/example_trigger_controller_dag.py
[2024-10-24T04:12:54.945+0000] {processor.py:925} INFO - DAG(s) 'example_trigger_controller_dag' retrieved from /home/airflow/.local/lib/python3.12/site-packages/airflow/example_dags/example_trigger_controller_dag.py
[2024-10-24T04:12:54.969+0000] {logging_mixin.py:190} INFO - [2024-10-24T04:12:54.969+0000] {dag.py:3239} INFO - Sync 1 DAGs
[2024-10-24T04:12:55.003+0000] {logging_mixin.py:190} INFO - [2024-10-24T04:12:55.003+0000] {dag.py:4180} INFO - Setting next_dagrun for example_trigger_controller_dag to 2021-01-01 00:00:00+00:00, run_after=2021-01-01 00:00:00+00:00
[2024-10-24T04:12:55.022+0000] {processor.py:208} INFO - Processing /home/airflow/.local/lib/python3.12/site-packages/airflow/example_dags/example_trigger_controller_dag.py took 0.097 seconds
[2024-10-24T04:13:25.331+0000] {processor.py:186} INFO - Started process (PID=99434) to work on /home/airflow/.local/lib/python3.12/site-packages/airflow/example_dags/example_trigger_controller_dag.py
[2024-10-24T04:13:25.333+0000] {processor.py:914} INFO - Processing file /home/airflow/.local/lib/python3.12/site-packages/airflow/example_dags/example_trigger_controller_dag.py for tasks to queue
[2024-10-24T04:13:25.334+0000] {logging_mixin.py:190} INFO - [2024-10-24T04:13:25.334+0000] {dagbag.py:588} INFO - Filling up the DagBag from /home/airflow/.local/lib/python3.12/site-packages/airflow/example_dags/example_trigger_controller_dag.py
[2024-10-24T04:13:25.341+0000] {processor.py:925} INFO - DAG(s) 'example_trigger_controller_dag' retrieved from /home/airflow/.local/lib/python3.12/site-packages/airflow/example_dags/example_trigger_controller_dag.py
[2024-10-24T04:13:25.375+0000] {logging_mixin.py:190} INFO - [2024-10-24T04:13:25.374+0000] {dag.py:3239} INFO - Sync 1 DAGs
[2024-10-24T04:13:25.405+0000] {logging_mixin.py:190} INFO - [2024-10-24T04:13:25.405+0000] {dag.py:4180} INFO - Setting next_dagrun for example_trigger_controller_dag to 2021-01-01 00:00:00+00:00, run_after=2021-01-01 00:00:00+00:00
[2024-10-24T04:13:25.425+0000] {processor.py:208} INFO - Processing /home/airflow/.local/lib/python3.12/site-packages/airflow/example_dags/example_trigger_controller_dag.py took 0.104 seconds
[2024-10-24T04:13:56.250+0000] {processor.py:186} INFO - Started process (PID=99501) to work on /home/airflow/.local/lib/python3.12/site-packages/airflow/example_dags/example_trigger_controller_dag.py
[2024-10-24T04:13:56.251+0000] {processor.py:914} INFO - Processing file /home/airflow/.local/lib/python3.12/site-packages/airflow/example_dags/example_trigger_controller_dag.py for tasks to queue
[2024-10-24T04:13:56.252+0000] {logging_mixin.py:190} INFO - [2024-10-24T04:13:56.252+0000] {dagbag.py:588} INFO - Filling up the DagBag from /home/airflow/.local/lib/python3.12/site-packages/airflow/example_dags/example_trigger_controller_dag.py
[2024-10-24T04:13:56.260+0000] {processor.py:925} INFO - DAG(s) 'example_trigger_controller_dag' retrieved from /home/airflow/.local/lib/python3.12/site-packages/airflow/example_dags/example_trigger_controller_dag.py
[2024-10-24T04:13:56.282+0000] {logging_mixin.py:190} INFO - [2024-10-24T04:13:56.282+0000] {dag.py:3239} INFO - Sync 1 DAGs
[2024-10-24T04:13:56.309+0000] {logging_mixin.py:190} INFO - [2024-10-24T04:13:56.308+0000] {dag.py:4180} INFO - Setting next_dagrun for example_trigger_controller_dag to 2021-01-01 00:00:00+00:00, run_after=2021-01-01 00:00:00+00:00
[2024-10-24T04:13:56.328+0000] {processor.py:208} INFO - Processing /home/airflow/.local/lib/python3.12/site-packages/airflow/example_dags/example_trigger_controller_dag.py took 0.086 seconds
[2024-10-24T04:14:26.962+0000] {processor.py:186} INFO - Started process (PID=99568) to work on /home/airflow/.local/lib/python3.12/site-packages/airflow/example_dags/example_trigger_controller_dag.py
[2024-10-24T04:14:26.963+0000] {processor.py:914} INFO - Processing file /home/airflow/.local/lib/python3.12/site-packages/airflow/example_dags/example_trigger_controller_dag.py for tasks to queue
[2024-10-24T04:14:26.964+0000] {logging_mixin.py:190} INFO - [2024-10-24T04:14:26.964+0000] {dagbag.py:588} INFO - Filling up the DagBag from /home/airflow/.local/lib/python3.12/site-packages/airflow/example_dags/example_trigger_controller_dag.py
[2024-10-24T04:14:26.970+0000] {processor.py:925} INFO - DAG(s) 'example_trigger_controller_dag' retrieved from /home/airflow/.local/lib/python3.12/site-packages/airflow/example_dags/example_trigger_controller_dag.py
[2024-10-24T04:14:26.993+0000] {logging_mixin.py:190} INFO - [2024-10-24T04:14:26.992+0000] {dag.py:3239} INFO - Sync 1 DAGs
[2024-10-24T04:14:27.018+0000] {logging_mixin.py:190} INFO - [2024-10-24T04:14:27.018+0000] {dag.py:4180} INFO - Setting next_dagrun for example_trigger_controller_dag to 2021-01-01 00:00:00+00:00, run_after=2021-01-01 00:00:00+00:00
[2024-10-24T04:14:27.036+0000] {processor.py:208} INFO - Processing /home/airflow/.local/lib/python3.12/site-packages/airflow/example_dags/example_trigger_controller_dag.py took 0.083 seconds
[2024-10-24T04:14:57.481+0000] {processor.py:186} INFO - Started process (PID=99634) to work on /home/airflow/.local/lib/python3.12/site-packages/airflow/example_dags/example_trigger_controller_dag.py
[2024-10-24T04:14:57.482+0000] {processor.py:914} INFO - Processing file /home/airflow/.local/lib/python3.12/site-packages/airflow/example_dags/example_trigger_controller_dag.py for tasks to queue
[2024-10-24T04:14:57.484+0000] {logging_mixin.py:190} INFO - [2024-10-24T04:14:57.483+0000] {dagbag.py:588} INFO - Filling up the DagBag from /home/airflow/.local/lib/python3.12/site-packages/airflow/example_dags/example_trigger_controller_dag.py
[2024-10-24T04:14:57.490+0000] {processor.py:925} INFO - DAG(s) 'example_trigger_controller_dag' retrieved from /home/airflow/.local/lib/python3.12/site-packages/airflow/example_dags/example_trigger_controller_dag.py
[2024-10-24T04:14:57.516+0000] {logging_mixin.py:190} INFO - [2024-10-24T04:14:57.516+0000] {dag.py:3239} INFO - Sync 1 DAGs
[2024-10-24T04:14:57.545+0000] {logging_mixin.py:190} INFO - [2024-10-24T04:14:57.545+0000] {dag.py:4180} INFO - Setting next_dagrun for example_trigger_controller_dag to 2021-01-01 00:00:00+00:00, run_after=2021-01-01 00:00:00+00:00
[2024-10-24T04:14:57.567+0000] {processor.py:208} INFO - Processing /home/airflow/.local/lib/python3.12/site-packages/airflow/example_dags/example_trigger_controller_dag.py took 0.096 seconds
[2024-10-24T04:15:27.929+0000] {processor.py:186} INFO - Started process (PID=99701) to work on /home/airflow/.local/lib/python3.12/site-packages/airflow/example_dags/example_trigger_controller_dag.py
[2024-10-24T04:15:27.931+0000] {processor.py:914} INFO - Processing file /home/airflow/.local/lib/python3.12/site-packages/airflow/example_dags/example_trigger_controller_dag.py for tasks to queue
[2024-10-24T04:15:27.932+0000] {logging_mixin.py:190} INFO - [2024-10-24T04:15:27.932+0000] {dagbag.py:588} INFO - Filling up the DagBag from /home/airflow/.local/lib/python3.12/site-packages/airflow/example_dags/example_trigger_controller_dag.py
[2024-10-24T04:15:27.939+0000] {processor.py:925} INFO - DAG(s) 'example_trigger_controller_dag' retrieved from /home/airflow/.local/lib/python3.12/site-packages/airflow/example_dags/example_trigger_controller_dag.py
[2024-10-24T04:15:27.962+0000] {logging_mixin.py:190} INFO - [2024-10-24T04:15:27.962+0000] {dag.py:3239} INFO - Sync 1 DAGs
[2024-10-24T04:15:27.988+0000] {logging_mixin.py:190} INFO - [2024-10-24T04:15:27.988+0000] {dag.py:4180} INFO - Setting next_dagrun for example_trigger_controller_dag to 2021-01-01 00:00:00+00:00, run_after=2021-01-01 00:00:00+00:00
[2024-10-24T04:15:28.011+0000] {processor.py:208} INFO - Processing /home/airflow/.local/lib/python3.12/site-packages/airflow/example_dags/example_trigger_controller_dag.py took 0.090 seconds
[2024-10-24T06:56:02.609+0000] {processor.py:186} INFO - Started process (PID=99768) to work on /home/airflow/.local/lib/python3.12/site-packages/airflow/example_dags/example_trigger_controller_dag.py
[2024-10-24T06:56:02.611+0000] {processor.py:914} INFO - Processing file /home/airflow/.local/lib/python3.12/site-packages/airflow/example_dags/example_trigger_controller_dag.py for tasks to queue
[2024-10-24T06:56:02.613+0000] {logging_mixin.py:190} INFO - [2024-10-24T06:56:02.612+0000] {dagbag.py:588} INFO - Filling up the DagBag from /home/airflow/.local/lib/python3.12/site-packages/airflow/example_dags/example_trigger_controller_dag.py
[2024-10-24T06:56:02.618+0000] {processor.py:925} INFO - DAG(s) 'example_trigger_controller_dag' retrieved from /home/airflow/.local/lib/python3.12/site-packages/airflow/example_dags/example_trigger_controller_dag.py
[2024-10-24T06:56:02.656+0000] {logging_mixin.py:190} INFO - [2024-10-24T06:56:02.656+0000] {dag.py:3239} INFO - Sync 1 DAGs
[2024-10-24T06:56:02.683+0000] {logging_mixin.py:190} INFO - [2024-10-24T06:56:02.683+0000] {dag.py:4180} INFO - Setting next_dagrun for example_trigger_controller_dag to 2021-01-01 00:00:00+00:00, run_after=2021-01-01 00:00:00+00:00
[2024-10-24T06:56:02.703+0000] {processor.py:208} INFO - Processing /home/airflow/.local/lib/python3.12/site-packages/airflow/example_dags/example_trigger_controller_dag.py took 0.103 seconds
[2024-10-24T06:56:33.633+0000] {processor.py:186} INFO - Started process (PID=99835) to work on /home/airflow/.local/lib/python3.12/site-packages/airflow/example_dags/example_trigger_controller_dag.py
[2024-10-24T06:56:33.635+0000] {processor.py:914} INFO - Processing file /home/airflow/.local/lib/python3.12/site-packages/airflow/example_dags/example_trigger_controller_dag.py for tasks to queue
[2024-10-24T06:56:33.636+0000] {logging_mixin.py:190} INFO - [2024-10-24T06:56:33.636+0000] {dagbag.py:588} INFO - Filling up the DagBag from /home/airflow/.local/lib/python3.12/site-packages/airflow/example_dags/example_trigger_controller_dag.py
[2024-10-24T06:56:33.641+0000] {processor.py:925} INFO - DAG(s) 'example_trigger_controller_dag' retrieved from /home/airflow/.local/lib/python3.12/site-packages/airflow/example_dags/example_trigger_controller_dag.py
[2024-10-24T06:56:33.666+0000] {logging_mixin.py:190} INFO - [2024-10-24T06:56:33.665+0000] {dag.py:3239} INFO - Sync 1 DAGs
[2024-10-24T06:56:33.690+0000] {logging_mixin.py:190} INFO - [2024-10-24T06:56:33.690+0000] {dag.py:4180} INFO - Setting next_dagrun for example_trigger_controller_dag to 2021-01-01 00:00:00+00:00, run_after=2021-01-01 00:00:00+00:00
[2024-10-24T06:56:33.711+0000] {processor.py:208} INFO - Processing /home/airflow/.local/lib/python3.12/site-packages/airflow/example_dags/example_trigger_controller_dag.py took 0.086 seconds
[2024-10-24T06:57:04.595+0000] {processor.py:186} INFO - Started process (PID=99902) to work on /home/airflow/.local/lib/python3.12/site-packages/airflow/example_dags/example_trigger_controller_dag.py
[2024-10-24T06:57:04.596+0000] {processor.py:914} INFO - Processing file /home/airflow/.local/lib/python3.12/site-packages/airflow/example_dags/example_trigger_controller_dag.py for tasks to queue
[2024-10-24T06:57:04.598+0000] {logging_mixin.py:190} INFO - [2024-10-24T06:57:04.598+0000] {dagbag.py:588} INFO - Filling up the DagBag from /home/airflow/.local/lib/python3.12/site-packages/airflow/example_dags/example_trigger_controller_dag.py
[2024-10-24T06:57:04.604+0000] {processor.py:925} INFO - DAG(s) 'example_trigger_controller_dag' retrieved from /home/airflow/.local/lib/python3.12/site-packages/airflow/example_dags/example_trigger_controller_dag.py
[2024-10-24T06:57:04.628+0000] {logging_mixin.py:190} INFO - [2024-10-24T06:57:04.628+0000] {dag.py:3239} INFO - Sync 1 DAGs
[2024-10-24T06:57:04.654+0000] {logging_mixin.py:190} INFO - [2024-10-24T06:57:04.654+0000] {dag.py:4180} INFO - Setting next_dagrun for example_trigger_controller_dag to 2021-01-01 00:00:00+00:00, run_after=2021-01-01 00:00:00+00:00
[2024-10-24T06:57:04.674+0000] {processor.py:208} INFO - Processing /home/airflow/.local/lib/python3.12/site-packages/airflow/example_dags/example_trigger_controller_dag.py took 0.091 seconds
[2024-10-24T06:57:35.072+0000] {processor.py:186} INFO - Started process (PID=99969) to work on /home/airflow/.local/lib/python3.12/site-packages/airflow/example_dags/example_trigger_controller_dag.py
[2024-10-24T06:57:35.073+0000] {processor.py:914} INFO - Processing file /home/airflow/.local/lib/python3.12/site-packages/airflow/example_dags/example_trigger_controller_dag.py for tasks to queue
[2024-10-24T06:57:35.075+0000] {logging_mixin.py:190} INFO - [2024-10-24T06:57:35.074+0000] {dagbag.py:588} INFO - Filling up the DagBag from /home/airflow/.local/lib/python3.12/site-packages/airflow/example_dags/example_trigger_controller_dag.py
[2024-10-24T06:57:35.081+0000] {processor.py:925} INFO - DAG(s) 'example_trigger_controller_dag' retrieved from /home/airflow/.local/lib/python3.12/site-packages/airflow/example_dags/example_trigger_controller_dag.py
[2024-10-24T06:57:35.114+0000] {logging_mixin.py:190} INFO - [2024-10-24T06:57:35.113+0000] {dag.py:3239} INFO - Sync 1 DAGs
[2024-10-24T06:57:35.141+0000] {logging_mixin.py:190} INFO - [2024-10-24T06:57:35.140+0000] {dag.py:4180} INFO - Setting next_dagrun for example_trigger_controller_dag to 2021-01-01 00:00:00+00:00, run_after=2021-01-01 00:00:00+00:00
[2024-10-24T06:57:35.162+0000] {processor.py:208} INFO - Processing /home/airflow/.local/lib/python3.12/site-packages/airflow/example_dags/example_trigger_controller_dag.py took 0.101 seconds
[2024-10-24T06:58:05.603+0000] {processor.py:186} INFO - Started process (PID=100036) to work on /home/airflow/.local/lib/python3.12/site-packages/airflow/example_dags/example_trigger_controller_dag.py
[2024-10-24T06:58:05.605+0000] {processor.py:914} INFO - Processing file /home/airflow/.local/lib/python3.12/site-packages/airflow/example_dags/example_trigger_controller_dag.py for tasks to queue
[2024-10-24T06:58:05.606+0000] {logging_mixin.py:190} INFO - [2024-10-24T06:58:05.606+0000] {dagbag.py:588} INFO - Filling up the DagBag from /home/airflow/.local/lib/python3.12/site-packages/airflow/example_dags/example_trigger_controller_dag.py
[2024-10-24T06:58:05.614+0000] {processor.py:925} INFO - DAG(s) 'example_trigger_controller_dag' retrieved from /home/airflow/.local/lib/python3.12/site-packages/airflow/example_dags/example_trigger_controller_dag.py
[2024-10-24T06:58:05.651+0000] {logging_mixin.py:190} INFO - [2024-10-24T06:58:05.650+0000] {dag.py:3239} INFO - Sync 1 DAGs
[2024-10-24T06:58:05.685+0000] {logging_mixin.py:190} INFO - [2024-10-24T06:58:05.684+0000] {dag.py:4180} INFO - Setting next_dagrun for example_trigger_controller_dag to 2021-01-01 00:00:00+00:00, run_after=2021-01-01 00:00:00+00:00
[2024-10-24T06:58:05.712+0000] {processor.py:208} INFO - Processing /home/airflow/.local/lib/python3.12/site-packages/airflow/example_dags/example_trigger_controller_dag.py took 0.117 seconds
[2024-10-24T06:58:36.424+0000] {processor.py:186} INFO - Started process (PID=100102) to work on /home/airflow/.local/lib/python3.12/site-packages/airflow/example_dags/example_trigger_controller_dag.py
[2024-10-24T06:58:36.426+0000] {processor.py:914} INFO - Processing file /home/airflow/.local/lib/python3.12/site-packages/airflow/example_dags/example_trigger_controller_dag.py for tasks to queue
[2024-10-24T06:58:36.427+0000] {logging_mixin.py:190} INFO - [2024-10-24T06:58:36.427+0000] {dagbag.py:588} INFO - Filling up the DagBag from /home/airflow/.local/lib/python3.12/site-packages/airflow/example_dags/example_trigger_controller_dag.py
[2024-10-24T06:58:36.432+0000] {processor.py:925} INFO - DAG(s) 'example_trigger_controller_dag' retrieved from /home/airflow/.local/lib/python3.12/site-packages/airflow/example_dags/example_trigger_controller_dag.py
[2024-10-24T06:58:36.455+0000] {logging_mixin.py:190} INFO - [2024-10-24T06:58:36.455+0000] {dag.py:3239} INFO - Sync 1 DAGs
[2024-10-24T06:58:36.480+0000] {logging_mixin.py:190} INFO - [2024-10-24T06:58:36.480+0000] {dag.py:4180} INFO - Setting next_dagrun for example_trigger_controller_dag to 2021-01-01 00:00:00+00:00, run_after=2021-01-01 00:00:00+00:00
[2024-10-24T06:58:36.501+0000] {processor.py:208} INFO - Processing /home/airflow/.local/lib/python3.12/site-packages/airflow/example_dags/example_trigger_controller_dag.py took 0.085 seconds
[2024-10-24T06:59:07.817+0000] {processor.py:186} INFO - Started process (PID=100169) to work on /home/airflow/.local/lib/python3.12/site-packages/airflow/example_dags/example_trigger_controller_dag.py
[2024-10-24T06:59:07.819+0000] {processor.py:914} INFO - Processing file /home/airflow/.local/lib/python3.12/site-packages/airflow/example_dags/example_trigger_controller_dag.py for tasks to queue
[2024-10-24T06:59:07.821+0000] {logging_mixin.py:190} INFO - [2024-10-24T06:59:07.820+0000] {dagbag.py:588} INFO - Filling up the DagBag from /home/airflow/.local/lib/python3.12/site-packages/airflow/example_dags/example_trigger_controller_dag.py
[2024-10-24T06:59:07.827+0000] {processor.py:925} INFO - DAG(s) 'example_trigger_controller_dag' retrieved from /home/airflow/.local/lib/python3.12/site-packages/airflow/example_dags/example_trigger_controller_dag.py
[2024-10-24T06:59:07.872+0000] {logging_mixin.py:190} INFO - [2024-10-24T06:59:07.871+0000] {dag.py:3239} INFO - Sync 1 DAGs
[2024-10-24T06:59:08.109+0000] {logging_mixin.py:190} INFO - [2024-10-24T06:59:08.108+0000] {dag.py:4180} INFO - Setting next_dagrun for example_trigger_controller_dag to 2021-01-01 00:00:00+00:00, run_after=2021-01-01 00:00:00+00:00
[2024-10-24T06:59:08.126+0000] {processor.py:208} INFO - Processing /home/airflow/.local/lib/python3.12/site-packages/airflow/example_dags/example_trigger_controller_dag.py took 0.321 seconds
