[2024-10-24T04:09:17.313+0000] {processor.py:186} INFO - Started process (PID=98885) to work on /home/airflow/.local/lib/python3.12/site-packages/airflow/example_dags/example_local_kubernetes_executor.py
[2024-10-24T04:09:17.318+0000] {processor.py:914} INFO - Processing file /home/airflow/.local/lib/python3.12/site-packages/airflow/example_dags/example_local_kubernetes_executor.py for tasks to queue
[2024-10-24T04:09:17.322+0000] {logging_mixin.py:190} INFO - [2024-10-24T04:09:17.320+0000] {dagbag.py:588} INFO - Filling up the DagBag from /home/airflow/.local/lib/python3.12/site-packages/airflow/example_dags/example_local_kubernetes_executor.py
[2024-10-24T04:09:17.347+0000] {processor.py:925} INFO - DAG(s) 'example_local_kubernetes_executor' retrieved from /home/airflow/.local/lib/python3.12/site-packages/airflow/example_dags/example_local_kubernetes_executor.py
[2024-10-24T04:09:17.420+0000] {logging_mixin.py:190} INFO - [2024-10-24T04:09:17.420+0000] {dag.py:3239} INFO - Sync 1 DAGs
[2024-10-24T04:09:17.439+0000] {logging_mixin.py:190} INFO - [2024-10-24T04:09:17.439+0000] {dag.py:4180} INFO - Setting next_dagrun for example_local_kubernetes_executor to None, run_after=None
[2024-10-24T04:09:17.458+0000] {processor.py:208} INFO - Processing /home/airflow/.local/lib/python3.12/site-packages/airflow/example_dags/example_local_kubernetes_executor.py took 0.166 seconds
[2024-10-24T04:09:48.242+0000] {processor.py:186} INFO - Started process (PID=98951) to work on /home/airflow/.local/lib/python3.12/site-packages/airflow/example_dags/example_local_kubernetes_executor.py
[2024-10-24T04:09:48.244+0000] {processor.py:914} INFO - Processing file /home/airflow/.local/lib/python3.12/site-packages/airflow/example_dags/example_local_kubernetes_executor.py for tasks to queue
[2024-10-24T04:09:48.246+0000] {logging_mixin.py:190} INFO - [2024-10-24T04:09:48.245+0000] {dagbag.py:588} INFO - Filling up the DagBag from /home/airflow/.local/lib/python3.12/site-packages/airflow/example_dags/example_local_kubernetes_executor.py
[2024-10-24T04:09:48.255+0000] {processor.py:925} INFO - DAG(s) 'example_local_kubernetes_executor' retrieved from /home/airflow/.local/lib/python3.12/site-packages/airflow/example_dags/example_local_kubernetes_executor.py
[2024-10-24T04:09:48.316+0000] {logging_mixin.py:190} INFO - [2024-10-24T04:09:48.316+0000] {dag.py:3239} INFO - Sync 1 DAGs
[2024-10-24T04:09:48.333+0000] {logging_mixin.py:190} INFO - [2024-10-24T04:09:48.332+0000] {dag.py:4180} INFO - Setting next_dagrun for example_local_kubernetes_executor to None, run_after=None
[2024-10-24T04:09:48.352+0000] {processor.py:208} INFO - Processing /home/airflow/.local/lib/python3.12/site-packages/airflow/example_dags/example_local_kubernetes_executor.py took 0.119 seconds
[2024-10-24T04:10:18.927+0000] {processor.py:186} INFO - Started process (PID=99018) to work on /home/airflow/.local/lib/python3.12/site-packages/airflow/example_dags/example_local_kubernetes_executor.py
[2024-10-24T04:10:18.929+0000] {processor.py:914} INFO - Processing file /home/airflow/.local/lib/python3.12/site-packages/airflow/example_dags/example_local_kubernetes_executor.py for tasks to queue
[2024-10-24T04:10:18.930+0000] {logging_mixin.py:190} INFO - [2024-10-24T04:10:18.930+0000] {dagbag.py:588} INFO - Filling up the DagBag from /home/airflow/.local/lib/python3.12/site-packages/airflow/example_dags/example_local_kubernetes_executor.py
[2024-10-24T04:10:18.941+0000] {processor.py:925} INFO - DAG(s) 'example_local_kubernetes_executor' retrieved from /home/airflow/.local/lib/python3.12/site-packages/airflow/example_dags/example_local_kubernetes_executor.py
[2024-10-24T04:10:18.992+0000] {logging_mixin.py:190} INFO - [2024-10-24T04:10:18.992+0000] {dag.py:3239} INFO - Sync 1 DAGs
[2024-10-24T04:10:19.011+0000] {logging_mixin.py:190} INFO - [2024-10-24T04:10:19.010+0000] {dag.py:4180} INFO - Setting next_dagrun for example_local_kubernetes_executor to None, run_after=None
[2024-10-24T04:10:19.030+0000] {processor.py:208} INFO - Processing /home/airflow/.local/lib/python3.12/site-packages/airflow/example_dags/example_local_kubernetes_executor.py took 0.112 seconds
[2024-10-24T04:10:49.653+0000] {processor.py:186} INFO - Started process (PID=99084) to work on /home/airflow/.local/lib/python3.12/site-packages/airflow/example_dags/example_local_kubernetes_executor.py
[2024-10-24T04:10:49.654+0000] {processor.py:914} INFO - Processing file /home/airflow/.local/lib/python3.12/site-packages/airflow/example_dags/example_local_kubernetes_executor.py for tasks to queue
[2024-10-24T04:10:49.655+0000] {logging_mixin.py:190} INFO - [2024-10-24T04:10:49.655+0000] {dagbag.py:588} INFO - Filling up the DagBag from /home/airflow/.local/lib/python3.12/site-packages/airflow/example_dags/example_local_kubernetes_executor.py
[2024-10-24T04:10:49.664+0000] {processor.py:925} INFO - DAG(s) 'example_local_kubernetes_executor' retrieved from /home/airflow/.local/lib/python3.12/site-packages/airflow/example_dags/example_local_kubernetes_executor.py
[2024-10-24T04:10:49.718+0000] {logging_mixin.py:190} INFO - [2024-10-24T04:10:49.717+0000] {dag.py:3239} INFO - Sync 1 DAGs
[2024-10-24T04:10:49.737+0000] {logging_mixin.py:190} INFO - [2024-10-24T04:10:49.736+0000] {dag.py:4180} INFO - Setting next_dagrun for example_local_kubernetes_executor to None, run_after=None
[2024-10-24T04:10:49.756+0000] {processor.py:208} INFO - Processing /home/airflow/.local/lib/python3.12/site-packages/airflow/example_dags/example_local_kubernetes_executor.py took 0.111 seconds
[2024-10-24T04:11:20.462+0000] {processor.py:186} INFO - Started process (PID=99150) to work on /home/airflow/.local/lib/python3.12/site-packages/airflow/example_dags/example_local_kubernetes_executor.py
[2024-10-24T04:11:20.464+0000] {processor.py:914} INFO - Processing file /home/airflow/.local/lib/python3.12/site-packages/airflow/example_dags/example_local_kubernetes_executor.py for tasks to queue
[2024-10-24T04:11:20.465+0000] {logging_mixin.py:190} INFO - [2024-10-24T04:11:20.465+0000] {dagbag.py:588} INFO - Filling up the DagBag from /home/airflow/.local/lib/python3.12/site-packages/airflow/example_dags/example_local_kubernetes_executor.py
[2024-10-24T04:11:20.475+0000] {processor.py:925} INFO - DAG(s) 'example_local_kubernetes_executor' retrieved from /home/airflow/.local/lib/python3.12/site-packages/airflow/example_dags/example_local_kubernetes_executor.py
[2024-10-24T04:11:20.528+0000] {logging_mixin.py:190} INFO - [2024-10-24T04:11:20.528+0000] {dag.py:3239} INFO - Sync 1 DAGs
[2024-10-24T04:11:20.556+0000] {logging_mixin.py:190} INFO - [2024-10-24T04:11:20.555+0000] {dag.py:4180} INFO - Setting next_dagrun for example_local_kubernetes_executor to None, run_after=None
[2024-10-24T04:11:20.580+0000] {processor.py:208} INFO - Processing /home/airflow/.local/lib/python3.12/site-packages/airflow/example_dags/example_local_kubernetes_executor.py took 0.127 seconds
[2024-10-24T04:11:51.216+0000] {processor.py:186} INFO - Started process (PID=99223) to work on /home/airflow/.local/lib/python3.12/site-packages/airflow/example_dags/example_local_kubernetes_executor.py
[2024-10-24T04:11:51.217+0000] {processor.py:914} INFO - Processing file /home/airflow/.local/lib/python3.12/site-packages/airflow/example_dags/example_local_kubernetes_executor.py for tasks to queue
[2024-10-24T04:11:51.218+0000] {logging_mixin.py:190} INFO - [2024-10-24T04:11:51.218+0000] {dagbag.py:588} INFO - Filling up the DagBag from /home/airflow/.local/lib/python3.12/site-packages/airflow/example_dags/example_local_kubernetes_executor.py
[2024-10-24T04:11:51.227+0000] {processor.py:925} INFO - DAG(s) 'example_local_kubernetes_executor' retrieved from /home/airflow/.local/lib/python3.12/site-packages/airflow/example_dags/example_local_kubernetes_executor.py
[2024-10-24T04:11:51.278+0000] {logging_mixin.py:190} INFO - [2024-10-24T04:11:51.277+0000] {dag.py:3239} INFO - Sync 1 DAGs
[2024-10-24T04:11:51.299+0000] {logging_mixin.py:190} INFO - [2024-10-24T04:11:51.298+0000] {dag.py:4180} INFO - Setting next_dagrun for example_local_kubernetes_executor to None, run_after=None
[2024-10-24T04:11:51.316+0000] {processor.py:208} INFO - Processing /home/airflow/.local/lib/python3.12/site-packages/airflow/example_dags/example_local_kubernetes_executor.py took 0.109 seconds
[2024-10-24T04:12:21.638+0000] {processor.py:186} INFO - Started process (PID=99290) to work on /home/airflow/.local/lib/python3.12/site-packages/airflow/example_dags/example_local_kubernetes_executor.py
[2024-10-24T04:12:21.639+0000] {processor.py:914} INFO - Processing file /home/airflow/.local/lib/python3.12/site-packages/airflow/example_dags/example_local_kubernetes_executor.py for tasks to queue
[2024-10-24T04:12:21.641+0000] {logging_mixin.py:190} INFO - [2024-10-24T04:12:21.640+0000] {dagbag.py:588} INFO - Filling up the DagBag from /home/airflow/.local/lib/python3.12/site-packages/airflow/example_dags/example_local_kubernetes_executor.py
[2024-10-24T04:12:21.651+0000] {processor.py:925} INFO - DAG(s) 'example_local_kubernetes_executor' retrieved from /home/airflow/.local/lib/python3.12/site-packages/airflow/example_dags/example_local_kubernetes_executor.py
[2024-10-24T04:12:21.713+0000] {logging_mixin.py:190} INFO - [2024-10-24T04:12:21.712+0000] {dag.py:3239} INFO - Sync 1 DAGs
[2024-10-24T04:12:21.730+0000] {logging_mixin.py:190} INFO - [2024-10-24T04:12:21.730+0000] {dag.py:4180} INFO - Setting next_dagrun for example_local_kubernetes_executor to None, run_after=None
[2024-10-24T04:12:21.751+0000] {processor.py:208} INFO - Processing /home/airflow/.local/lib/python3.12/site-packages/airflow/example_dags/example_local_kubernetes_executor.py took 0.121 seconds
[2024-10-24T04:12:52.657+0000] {processor.py:186} INFO - Started process (PID=99356) to work on /home/airflow/.local/lib/python3.12/site-packages/airflow/example_dags/example_local_kubernetes_executor.py
[2024-10-24T04:12:52.659+0000] {processor.py:914} INFO - Processing file /home/airflow/.local/lib/python3.12/site-packages/airflow/example_dags/example_local_kubernetes_executor.py for tasks to queue
[2024-10-24T04:12:52.661+0000] {logging_mixin.py:190} INFO - [2024-10-24T04:12:52.661+0000] {dagbag.py:588} INFO - Filling up the DagBag from /home/airflow/.local/lib/python3.12/site-packages/airflow/example_dags/example_local_kubernetes_executor.py
[2024-10-24T04:12:52.672+0000] {processor.py:925} INFO - DAG(s) 'example_local_kubernetes_executor' retrieved from /home/airflow/.local/lib/python3.12/site-packages/airflow/example_dags/example_local_kubernetes_executor.py
[2024-10-24T04:12:52.725+0000] {logging_mixin.py:190} INFO - [2024-10-24T04:12:52.725+0000] {dag.py:3239} INFO - Sync 1 DAGs
[2024-10-24T04:12:52.745+0000] {logging_mixin.py:190} INFO - [2024-10-24T04:12:52.745+0000] {dag.py:4180} INFO - Setting next_dagrun for example_local_kubernetes_executor to None, run_after=None
[2024-10-24T04:12:52.765+0000] {processor.py:208} INFO - Processing /home/airflow/.local/lib/python3.12/site-packages/airflow/example_dags/example_local_kubernetes_executor.py took 0.116 seconds
[2024-10-24T04:13:22.882+0000] {processor.py:186} INFO - Started process (PID=99422) to work on /home/airflow/.local/lib/python3.12/site-packages/airflow/example_dags/example_local_kubernetes_executor.py
[2024-10-24T04:13:22.883+0000] {processor.py:914} INFO - Processing file /home/airflow/.local/lib/python3.12/site-packages/airflow/example_dags/example_local_kubernetes_executor.py for tasks to queue
[2024-10-24T04:13:22.885+0000] {logging_mixin.py:190} INFO - [2024-10-24T04:13:22.884+0000] {dagbag.py:588} INFO - Filling up the DagBag from /home/airflow/.local/lib/python3.12/site-packages/airflow/example_dags/example_local_kubernetes_executor.py
[2024-10-24T04:13:22.893+0000] {processor.py:925} INFO - DAG(s) 'example_local_kubernetes_executor' retrieved from /home/airflow/.local/lib/python3.12/site-packages/airflow/example_dags/example_local_kubernetes_executor.py
[2024-10-24T04:13:22.946+0000] {logging_mixin.py:190} INFO - [2024-10-24T04:13:22.945+0000] {dag.py:3239} INFO - Sync 1 DAGs
[2024-10-24T04:13:22.963+0000] {logging_mixin.py:190} INFO - [2024-10-24T04:13:22.963+0000] {dag.py:4180} INFO - Setting next_dagrun for example_local_kubernetes_executor to None, run_after=None
[2024-10-24T04:13:22.985+0000] {processor.py:208} INFO - Processing /home/airflow/.local/lib/python3.12/site-packages/airflow/example_dags/example_local_kubernetes_executor.py took 0.113 seconds
[2024-10-24T04:13:53.160+0000] {processor.py:186} INFO - Started process (PID=99489) to work on /home/airflow/.local/lib/python3.12/site-packages/airflow/example_dags/example_local_kubernetes_executor.py
[2024-10-24T04:13:53.161+0000] {processor.py:914} INFO - Processing file /home/airflow/.local/lib/python3.12/site-packages/airflow/example_dags/example_local_kubernetes_executor.py for tasks to queue
[2024-10-24T04:13:53.162+0000] {logging_mixin.py:190} INFO - [2024-10-24T04:13:53.162+0000] {dagbag.py:588} INFO - Filling up the DagBag from /home/airflow/.local/lib/python3.12/site-packages/airflow/example_dags/example_local_kubernetes_executor.py
[2024-10-24T04:13:53.171+0000] {processor.py:925} INFO - DAG(s) 'example_local_kubernetes_executor' retrieved from /home/airflow/.local/lib/python3.12/site-packages/airflow/example_dags/example_local_kubernetes_executor.py
[2024-10-24T04:13:53.221+0000] {logging_mixin.py:190} INFO - [2024-10-24T04:13:53.221+0000] {dag.py:3239} INFO - Sync 1 DAGs
[2024-10-24T04:13:53.239+0000] {logging_mixin.py:190} INFO - [2024-10-24T04:13:53.239+0000] {dag.py:4180} INFO - Setting next_dagrun for example_local_kubernetes_executor to None, run_after=None
[2024-10-24T04:13:53.258+0000] {processor.py:208} INFO - Processing /home/airflow/.local/lib/python3.12/site-packages/airflow/example_dags/example_local_kubernetes_executor.py took 0.106 seconds
[2024-10-24T04:14:23.870+0000] {processor.py:186} INFO - Started process (PID=99556) to work on /home/airflow/.local/lib/python3.12/site-packages/airflow/example_dags/example_local_kubernetes_executor.py
[2024-10-24T04:14:23.871+0000] {processor.py:914} INFO - Processing file /home/airflow/.local/lib/python3.12/site-packages/airflow/example_dags/example_local_kubernetes_executor.py for tasks to queue
[2024-10-24T04:14:23.873+0000] {logging_mixin.py:190} INFO - [2024-10-24T04:14:23.872+0000] {dagbag.py:588} INFO - Filling up the DagBag from /home/airflow/.local/lib/python3.12/site-packages/airflow/example_dags/example_local_kubernetes_executor.py
[2024-10-24T04:14:23.882+0000] {processor.py:925} INFO - DAG(s) 'example_local_kubernetes_executor' retrieved from /home/airflow/.local/lib/python3.12/site-packages/airflow/example_dags/example_local_kubernetes_executor.py
[2024-10-24T04:14:23.934+0000] {logging_mixin.py:190} INFO - [2024-10-24T04:14:23.934+0000] {dag.py:3239} INFO - Sync 1 DAGs
[2024-10-24T04:14:23.951+0000] {logging_mixin.py:190} INFO - [2024-10-24T04:14:23.951+0000] {dag.py:4180} INFO - Setting next_dagrun for example_local_kubernetes_executor to None, run_after=None
[2024-10-24T04:14:23.970+0000] {processor.py:208} INFO - Processing /home/airflow/.local/lib/python3.12/site-packages/airflow/example_dags/example_local_kubernetes_executor.py took 0.108 seconds
[2024-10-24T04:14:54.407+0000] {processor.py:186} INFO - Started process (PID=99622) to work on /home/airflow/.local/lib/python3.12/site-packages/airflow/example_dags/example_local_kubernetes_executor.py
[2024-10-24T04:14:54.408+0000] {processor.py:914} INFO - Processing file /home/airflow/.local/lib/python3.12/site-packages/airflow/example_dags/example_local_kubernetes_executor.py for tasks to queue
[2024-10-24T04:14:54.409+0000] {logging_mixin.py:190} INFO - [2024-10-24T04:14:54.409+0000] {dagbag.py:588} INFO - Filling up the DagBag from /home/airflow/.local/lib/python3.12/site-packages/airflow/example_dags/example_local_kubernetes_executor.py
[2024-10-24T04:14:54.418+0000] {processor.py:925} INFO - DAG(s) 'example_local_kubernetes_executor' retrieved from /home/airflow/.local/lib/python3.12/site-packages/airflow/example_dags/example_local_kubernetes_executor.py
[2024-10-24T04:14:54.470+0000] {logging_mixin.py:190} INFO - [2024-10-24T04:14:54.470+0000] {dag.py:3239} INFO - Sync 1 DAGs
[2024-10-24T04:14:54.488+0000] {logging_mixin.py:190} INFO - [2024-10-24T04:14:54.488+0000] {dag.py:4180} INFO - Setting next_dagrun for example_local_kubernetes_executor to None, run_after=None
[2024-10-24T04:14:54.507+0000] {processor.py:208} INFO - Processing /home/airflow/.local/lib/python3.12/site-packages/airflow/example_dags/example_local_kubernetes_executor.py took 0.109 seconds
[2024-10-24T04:15:24.639+0000] {processor.py:186} INFO - Started process (PID=99689) to work on /home/airflow/.local/lib/python3.12/site-packages/airflow/example_dags/example_local_kubernetes_executor.py
[2024-10-24T04:15:24.640+0000] {processor.py:914} INFO - Processing file /home/airflow/.local/lib/python3.12/site-packages/airflow/example_dags/example_local_kubernetes_executor.py for tasks to queue
[2024-10-24T04:15:24.642+0000] {logging_mixin.py:190} INFO - [2024-10-24T04:15:24.642+0000] {dagbag.py:588} INFO - Filling up the DagBag from /home/airflow/.local/lib/python3.12/site-packages/airflow/example_dags/example_local_kubernetes_executor.py
[2024-10-24T04:15:24.654+0000] {processor.py:925} INFO - DAG(s) 'example_local_kubernetes_executor' retrieved from /home/airflow/.local/lib/python3.12/site-packages/airflow/example_dags/example_local_kubernetes_executor.py
[2024-10-24T04:15:24.714+0000] {logging_mixin.py:190} INFO - [2024-10-24T04:15:24.713+0000] {dag.py:3239} INFO - Sync 1 DAGs
[2024-10-24T04:15:24.732+0000] {logging_mixin.py:190} INFO - [2024-10-24T04:15:24.732+0000] {dag.py:4180} INFO - Setting next_dagrun for example_local_kubernetes_executor to None, run_after=None
[2024-10-24T04:15:24.753+0000] {processor.py:208} INFO - Processing /home/airflow/.local/lib/python3.12/site-packages/airflow/example_dags/example_local_kubernetes_executor.py took 0.125 seconds
[2024-10-24T06:56:01.110+0000] {processor.py:186} INFO - Started process (PID=99757) to work on /home/airflow/.local/lib/python3.12/site-packages/airflow/example_dags/example_local_kubernetes_executor.py
[2024-10-24T06:56:01.111+0000] {processor.py:914} INFO - Processing file /home/airflow/.local/lib/python3.12/site-packages/airflow/example_dags/example_local_kubernetes_executor.py for tasks to queue
[2024-10-24T06:56:01.113+0000] {logging_mixin.py:190} INFO - [2024-10-24T06:56:01.112+0000] {dagbag.py:588} INFO - Filling up the DagBag from /home/airflow/.local/lib/python3.12/site-packages/airflow/example_dags/example_local_kubernetes_executor.py
[2024-10-24T06:56:01.124+0000] {processor.py:925} INFO - DAG(s) 'example_local_kubernetes_executor' retrieved from /home/airflow/.local/lib/python3.12/site-packages/airflow/example_dags/example_local_kubernetes_executor.py
[2024-10-24T06:56:01.180+0000] {logging_mixin.py:190} INFO - [2024-10-24T06:56:01.180+0000] {dag.py:3239} INFO - Sync 1 DAGs
[2024-10-24T06:56:01.208+0000] {logging_mixin.py:190} INFO - [2024-10-24T06:56:01.207+0000] {dag.py:4180} INFO - Setting next_dagrun for example_local_kubernetes_executor to None, run_after=None
[2024-10-24T06:56:01.235+0000] {processor.py:208} INFO - Processing /home/airflow/.local/lib/python3.12/site-packages/airflow/example_dags/example_local_kubernetes_executor.py took 0.136 seconds
[2024-10-24T06:56:31.502+0000] {processor.py:186} INFO - Started process (PID=99823) to work on /home/airflow/.local/lib/python3.12/site-packages/airflow/example_dags/example_local_kubernetes_executor.py
[2024-10-24T06:56:31.504+0000] {processor.py:914} INFO - Processing file /home/airflow/.local/lib/python3.12/site-packages/airflow/example_dags/example_local_kubernetes_executor.py for tasks to queue
[2024-10-24T06:56:31.506+0000] {logging_mixin.py:190} INFO - [2024-10-24T06:56:31.505+0000] {dagbag.py:588} INFO - Filling up the DagBag from /home/airflow/.local/lib/python3.12/site-packages/airflow/example_dags/example_local_kubernetes_executor.py
[2024-10-24T06:56:31.515+0000] {processor.py:925} INFO - DAG(s) 'example_local_kubernetes_executor' retrieved from /home/airflow/.local/lib/python3.12/site-packages/airflow/example_dags/example_local_kubernetes_executor.py
[2024-10-24T06:56:31.566+0000] {logging_mixin.py:190} INFO - [2024-10-24T06:56:31.565+0000] {dag.py:3239} INFO - Sync 1 DAGs
[2024-10-24T06:56:31.586+0000] {logging_mixin.py:190} INFO - [2024-10-24T06:56:31.586+0000] {dag.py:4180} INFO - Setting next_dagrun for example_local_kubernetes_executor to None, run_after=None
[2024-10-24T06:56:31.604+0000] {processor.py:208} INFO - Processing /home/airflow/.local/lib/python3.12/site-packages/airflow/example_dags/example_local_kubernetes_executor.py took 0.114 seconds
[2024-10-24T06:57:01.937+0000] {processor.py:186} INFO - Started process (PID=99890) to work on /home/airflow/.local/lib/python3.12/site-packages/airflow/example_dags/example_local_kubernetes_executor.py
[2024-10-24T06:57:01.938+0000] {processor.py:914} INFO - Processing file /home/airflow/.local/lib/python3.12/site-packages/airflow/example_dags/example_local_kubernetes_executor.py for tasks to queue
[2024-10-24T06:57:01.940+0000] {logging_mixin.py:190} INFO - [2024-10-24T06:57:01.939+0000] {dagbag.py:588} INFO - Filling up the DagBag from /home/airflow/.local/lib/python3.12/site-packages/airflow/example_dags/example_local_kubernetes_executor.py
[2024-10-24T06:57:01.949+0000] {processor.py:925} INFO - DAG(s) 'example_local_kubernetes_executor' retrieved from /home/airflow/.local/lib/python3.12/site-packages/airflow/example_dags/example_local_kubernetes_executor.py
[2024-10-24T06:57:02.000+0000] {logging_mixin.py:190} INFO - [2024-10-24T06:57:02.000+0000] {dag.py:3239} INFO - Sync 1 DAGs
[2024-10-24T06:57:02.020+0000] {logging_mixin.py:190} INFO - [2024-10-24T06:57:02.020+0000] {dag.py:4180} INFO - Setting next_dagrun for example_local_kubernetes_executor to None, run_after=None
[2024-10-24T06:57:02.038+0000] {processor.py:208} INFO - Processing /home/airflow/.local/lib/python3.12/site-packages/airflow/example_dags/example_local_kubernetes_executor.py took 0.110 seconds
[2024-10-24T06:57:32.797+0000] {processor.py:186} INFO - Started process (PID=99957) to work on /home/airflow/.local/lib/python3.12/site-packages/airflow/example_dags/example_local_kubernetes_executor.py
[2024-10-24T06:57:32.798+0000] {processor.py:914} INFO - Processing file /home/airflow/.local/lib/python3.12/site-packages/airflow/example_dags/example_local_kubernetes_executor.py for tasks to queue
[2024-10-24T06:57:32.800+0000] {logging_mixin.py:190} INFO - [2024-10-24T06:57:32.799+0000] {dagbag.py:588} INFO - Filling up the DagBag from /home/airflow/.local/lib/python3.12/site-packages/airflow/example_dags/example_local_kubernetes_executor.py
[2024-10-24T06:57:32.808+0000] {processor.py:925} INFO - DAG(s) 'example_local_kubernetes_executor' retrieved from /home/airflow/.local/lib/python3.12/site-packages/airflow/example_dags/example_local_kubernetes_executor.py
[2024-10-24T06:57:32.861+0000] {logging_mixin.py:190} INFO - [2024-10-24T06:57:32.861+0000] {dag.py:3239} INFO - Sync 1 DAGs
[2024-10-24T06:57:32.885+0000] {logging_mixin.py:190} INFO - [2024-10-24T06:57:32.885+0000] {dag.py:4180} INFO - Setting next_dagrun for example_local_kubernetes_executor to None, run_after=None
[2024-10-24T06:57:32.906+0000] {processor.py:208} INFO - Processing /home/airflow/.local/lib/python3.12/site-packages/airflow/example_dags/example_local_kubernetes_executor.py took 0.120 seconds
[2024-10-24T06:58:03.347+0000] {processor.py:186} INFO - Started process (PID=100024) to work on /home/airflow/.local/lib/python3.12/site-packages/airflow/example_dags/example_local_kubernetes_executor.py
[2024-10-24T06:58:03.348+0000] {processor.py:914} INFO - Processing file /home/airflow/.local/lib/python3.12/site-packages/airflow/example_dags/example_local_kubernetes_executor.py for tasks to queue
[2024-10-24T06:58:03.349+0000] {logging_mixin.py:190} INFO - [2024-10-24T06:58:03.349+0000] {dagbag.py:588} INFO - Filling up the DagBag from /home/airflow/.local/lib/python3.12/site-packages/airflow/example_dags/example_local_kubernetes_executor.py
[2024-10-24T06:58:03.357+0000] {processor.py:925} INFO - DAG(s) 'example_local_kubernetes_executor' retrieved from /home/airflow/.local/lib/python3.12/site-packages/airflow/example_dags/example_local_kubernetes_executor.py
[2024-10-24T06:58:03.405+0000] {logging_mixin.py:190} INFO - [2024-10-24T06:58:03.405+0000] {dag.py:3239} INFO - Sync 1 DAGs
[2024-10-24T06:58:03.423+0000] {logging_mixin.py:190} INFO - [2024-10-24T06:58:03.423+0000] {dag.py:4180} INFO - Setting next_dagrun for example_local_kubernetes_executor to None, run_after=None
[2024-10-24T06:58:03.444+0000] {processor.py:208} INFO - Processing /home/airflow/.local/lib/python3.12/site-packages/airflow/example_dags/example_local_kubernetes_executor.py took 0.106 seconds
[2024-10-24T06:58:34.368+0000] {processor.py:186} INFO - Started process (PID=100090) to work on /home/airflow/.local/lib/python3.12/site-packages/airflow/example_dags/example_local_kubernetes_executor.py
[2024-10-24T06:58:34.370+0000] {processor.py:914} INFO - Processing file /home/airflow/.local/lib/python3.12/site-packages/airflow/example_dags/example_local_kubernetes_executor.py for tasks to queue
[2024-10-24T06:58:34.372+0000] {logging_mixin.py:190} INFO - [2024-10-24T06:58:34.371+0000] {dagbag.py:588} INFO - Filling up the DagBag from /home/airflow/.local/lib/python3.12/site-packages/airflow/example_dags/example_local_kubernetes_executor.py
[2024-10-24T06:58:34.383+0000] {processor.py:925} INFO - DAG(s) 'example_local_kubernetes_executor' retrieved from /home/airflow/.local/lib/python3.12/site-packages/airflow/example_dags/example_local_kubernetes_executor.py
[2024-10-24T06:58:34.445+0000] {logging_mixin.py:190} INFO - [2024-10-24T06:58:34.445+0000] {dag.py:3239} INFO - Sync 1 DAGs
[2024-10-24T06:58:34.463+0000] {logging_mixin.py:190} INFO - [2024-10-24T06:58:34.462+0000] {dag.py:4180} INFO - Setting next_dagrun for example_local_kubernetes_executor to None, run_after=None
[2024-10-24T06:58:34.686+0000] {processor.py:208} INFO - Processing /home/airflow/.local/lib/python3.12/site-packages/airflow/example_dags/example_local_kubernetes_executor.py took 0.330 seconds
[2024-10-24T06:59:05.099+0000] {processor.py:186} INFO - Started process (PID=100157) to work on /home/airflow/.local/lib/python3.12/site-packages/airflow/example_dags/example_local_kubernetes_executor.py
[2024-10-24T06:59:05.100+0000] {processor.py:914} INFO - Processing file /home/airflow/.local/lib/python3.12/site-packages/airflow/example_dags/example_local_kubernetes_executor.py for tasks to queue
[2024-10-24T06:59:05.102+0000] {logging_mixin.py:190} INFO - [2024-10-24T06:59:05.101+0000] {dagbag.py:588} INFO - Filling up the DagBag from /home/airflow/.local/lib/python3.12/site-packages/airflow/example_dags/example_local_kubernetes_executor.py
[2024-10-24T06:59:05.112+0000] {processor.py:925} INFO - DAG(s) 'example_local_kubernetes_executor' retrieved from /home/airflow/.local/lib/python3.12/site-packages/airflow/example_dags/example_local_kubernetes_executor.py
[2024-10-24T06:59:05.165+0000] {logging_mixin.py:190} INFO - [2024-10-24T06:59:05.165+0000] {dag.py:3239} INFO - Sync 1 DAGs
[2024-10-24T06:59:05.183+0000] {logging_mixin.py:190} INFO - [2024-10-24T06:59:05.182+0000] {dag.py:4180} INFO - Setting next_dagrun for example_local_kubernetes_executor to None, run_after=None
[2024-10-24T06:59:05.204+0000] {processor.py:208} INFO - Processing /home/airflow/.local/lib/python3.12/site-packages/airflow/example_dags/example_local_kubernetes_executor.py took 0.113 seconds
