[2024-10-24T04:09:21.823+0000] {processor.py:186} INFO - Started process (PID=98919) to work on /home/airflow/.local/lib/python3.12/site-packages/airflow/example_dags/example_task_group_decorator.py
[2024-10-24T04:09:21.824+0000] {processor.py:914} INFO - Processing file /home/airflow/.local/lib/python3.12/site-packages/airflow/example_dags/example_task_group_decorator.py for tasks to queue
[2024-10-24T04:09:21.825+0000] {logging_mixin.py:190} INFO - [2024-10-24T04:09:21.825+0000] {dagbag.py:588} INFO - Filling up the DagBag from /home/airflow/.local/lib/python3.12/site-packages/airflow/example_dags/example_task_group_decorator.py
[2024-10-24T04:09:21.844+0000] {processor.py:925} INFO - DAG(s) 'example_task_group_decorator' retrieved from /home/airflow/.local/lib/python3.12/site-packages/airflow/example_dags/example_task_group_decorator.py
[2024-10-24T04:09:21.876+0000] {logging_mixin.py:190} INFO - [2024-10-24T04:09:21.876+0000] {dag.py:3239} INFO - Sync 1 DAGs
[2024-10-24T04:09:21.893+0000] {logging_mixin.py:190} INFO - [2024-10-24T04:09:21.893+0000] {dag.py:4180} INFO - Setting next_dagrun for example_task_group_decorator to None, run_after=None
[2024-10-24T04:09:21.911+0000] {processor.py:208} INFO - Processing /home/airflow/.local/lib/python3.12/site-packages/airflow/example_dags/example_task_group_decorator.py took 0.095 seconds
[2024-10-24T04:09:52.537+0000] {processor.py:186} INFO - Started process (PID=98986) to work on /home/airflow/.local/lib/python3.12/site-packages/airflow/example_dags/example_task_group_decorator.py
[2024-10-24T04:09:52.539+0000] {processor.py:914} INFO - Processing file /home/airflow/.local/lib/python3.12/site-packages/airflow/example_dags/example_task_group_decorator.py for tasks to queue
[2024-10-24T04:09:52.540+0000] {logging_mixin.py:190} INFO - [2024-10-24T04:09:52.540+0000] {dagbag.py:588} INFO - Filling up the DagBag from /home/airflow/.local/lib/python3.12/site-packages/airflow/example_dags/example_task_group_decorator.py
[2024-10-24T04:09:52.559+0000] {processor.py:925} INFO - DAG(s) 'example_task_group_decorator' retrieved from /home/airflow/.local/lib/python3.12/site-packages/airflow/example_dags/example_task_group_decorator.py
[2024-10-24T04:09:52.591+0000] {logging_mixin.py:190} INFO - [2024-10-24T04:09:52.591+0000] {dag.py:3239} INFO - Sync 1 DAGs
[2024-10-24T04:09:52.608+0000] {logging_mixin.py:190} INFO - [2024-10-24T04:09:52.608+0000] {dag.py:4180} INFO - Setting next_dagrun for example_task_group_decorator to None, run_after=None
[2024-10-24T04:09:52.626+0000] {processor.py:208} INFO - Processing /home/airflow/.local/lib/python3.12/site-packages/airflow/example_dags/example_task_group_decorator.py took 0.100 seconds
[2024-10-24T04:10:23.336+0000] {processor.py:186} INFO - Started process (PID=99052) to work on /home/airflow/.local/lib/python3.12/site-packages/airflow/example_dags/example_task_group_decorator.py
[2024-10-24T04:10:23.337+0000] {processor.py:914} INFO - Processing file /home/airflow/.local/lib/python3.12/site-packages/airflow/example_dags/example_task_group_decorator.py for tasks to queue
[2024-10-24T04:10:23.338+0000] {logging_mixin.py:190} INFO - [2024-10-24T04:10:23.338+0000] {dagbag.py:588} INFO - Filling up the DagBag from /home/airflow/.local/lib/python3.12/site-packages/airflow/example_dags/example_task_group_decorator.py
[2024-10-24T04:10:23.357+0000] {processor.py:925} INFO - DAG(s) 'example_task_group_decorator' retrieved from /home/airflow/.local/lib/python3.12/site-packages/airflow/example_dags/example_task_group_decorator.py
[2024-10-24T04:10:23.389+0000] {logging_mixin.py:190} INFO - [2024-10-24T04:10:23.388+0000] {dag.py:3239} INFO - Sync 1 DAGs
[2024-10-24T04:10:23.407+0000] {logging_mixin.py:190} INFO - [2024-10-24T04:10:23.407+0000] {dag.py:4180} INFO - Setting next_dagrun for example_task_group_decorator to None, run_after=None
[2024-10-24T04:10:23.429+0000] {processor.py:208} INFO - Processing /home/airflow/.local/lib/python3.12/site-packages/airflow/example_dags/example_task_group_decorator.py took 0.101 seconds
[2024-10-24T04:10:54.101+0000] {processor.py:186} INFO - Started process (PID=99118) to work on /home/airflow/.local/lib/python3.12/site-packages/airflow/example_dags/example_task_group_decorator.py
[2024-10-24T04:10:54.102+0000] {processor.py:914} INFO - Processing file /home/airflow/.local/lib/python3.12/site-packages/airflow/example_dags/example_task_group_decorator.py for tasks to queue
[2024-10-24T04:10:54.104+0000] {logging_mixin.py:190} INFO - [2024-10-24T04:10:54.104+0000] {dagbag.py:588} INFO - Filling up the DagBag from /home/airflow/.local/lib/python3.12/site-packages/airflow/example_dags/example_task_group_decorator.py
[2024-10-24T04:10:54.124+0000] {processor.py:925} INFO - DAG(s) 'example_task_group_decorator' retrieved from /home/airflow/.local/lib/python3.12/site-packages/airflow/example_dags/example_task_group_decorator.py
[2024-10-24T04:10:54.155+0000] {logging_mixin.py:190} INFO - [2024-10-24T04:10:54.155+0000] {dag.py:3239} INFO - Sync 1 DAGs
[2024-10-24T04:10:54.172+0000] {logging_mixin.py:190} INFO - [2024-10-24T04:10:54.172+0000] {dag.py:4180} INFO - Setting next_dagrun for example_task_group_decorator to None, run_after=None
[2024-10-24T04:10:54.192+0000] {processor.py:208} INFO - Processing /home/airflow/.local/lib/python3.12/site-packages/airflow/example_dags/example_task_group_decorator.py took 0.099 seconds
[2024-10-24T04:11:25.086+0000] {processor.py:186} INFO - Started process (PID=99185) to work on /home/airflow/.local/lib/python3.12/site-packages/airflow/example_dags/example_task_group_decorator.py
[2024-10-24T04:11:25.088+0000] {processor.py:914} INFO - Processing file /home/airflow/.local/lib/python3.12/site-packages/airflow/example_dags/example_task_group_decorator.py for tasks to queue
[2024-10-24T04:11:25.090+0000] {logging_mixin.py:190} INFO - [2024-10-24T04:11:25.089+0000] {dagbag.py:588} INFO - Filling up the DagBag from /home/airflow/.local/lib/python3.12/site-packages/airflow/example_dags/example_task_group_decorator.py
[2024-10-24T04:11:25.111+0000] {processor.py:925} INFO - DAG(s) 'example_task_group_decorator' retrieved from /home/airflow/.local/lib/python3.12/site-packages/airflow/example_dags/example_task_group_decorator.py
[2024-10-24T04:11:25.151+0000] {logging_mixin.py:190} INFO - [2024-10-24T04:11:25.151+0000] {dag.py:3239} INFO - Sync 1 DAGs
[2024-10-24T04:11:25.171+0000] {logging_mixin.py:190} INFO - [2024-10-24T04:11:25.170+0000] {dag.py:4180} INFO - Setting next_dagrun for example_task_group_decorator to None, run_after=None
[2024-10-24T04:11:25.198+0000] {processor.py:208} INFO - Processing /home/airflow/.local/lib/python3.12/site-packages/airflow/example_dags/example_task_group_decorator.py took 0.124 seconds
[2024-10-24T04:11:57.501+0000] {processor.py:186} INFO - Started process (PID=99252) to work on /home/airflow/.local/lib/python3.12/site-packages/airflow/example_dags/example_task_group_decorator.py
[2024-10-24T04:11:57.502+0000] {processor.py:914} INFO - Processing file /home/airflow/.local/lib/python3.12/site-packages/airflow/example_dags/example_task_group_decorator.py for tasks to queue
[2024-10-24T04:11:57.504+0000] {logging_mixin.py:190} INFO - [2024-10-24T04:11:57.504+0000] {dagbag.py:588} INFO - Filling up the DagBag from /home/airflow/.local/lib/python3.12/site-packages/airflow/example_dags/example_task_group_decorator.py
[2024-10-24T04:11:57.526+0000] {processor.py:925} INFO - DAG(s) 'example_task_group_decorator' retrieved from /home/airflow/.local/lib/python3.12/site-packages/airflow/example_dags/example_task_group_decorator.py
[2024-10-24T04:11:57.564+0000] {logging_mixin.py:190} INFO - [2024-10-24T04:11:57.564+0000] {dag.py:3239} INFO - Sync 1 DAGs
[2024-10-24T04:11:57.583+0000] {logging_mixin.py:190} INFO - [2024-10-24T04:11:57.582+0000] {dag.py:4180} INFO - Setting next_dagrun for example_task_group_decorator to None, run_after=None
[2024-10-24T04:11:57.608+0000] {processor.py:208} INFO - Processing /home/airflow/.local/lib/python3.12/site-packages/airflow/example_dags/example_task_group_decorator.py took 0.117 seconds
[2024-10-24T04:12:28.270+0000] {processor.py:186} INFO - Started process (PID=99319) to work on /home/airflow/.local/lib/python3.12/site-packages/airflow/example_dags/example_task_group_decorator.py
[2024-10-24T04:12:28.271+0000] {processor.py:914} INFO - Processing file /home/airflow/.local/lib/python3.12/site-packages/airflow/example_dags/example_task_group_decorator.py for tasks to queue
[2024-10-24T04:12:28.273+0000] {logging_mixin.py:190} INFO - [2024-10-24T04:12:28.272+0000] {dagbag.py:588} INFO - Filling up the DagBag from /home/airflow/.local/lib/python3.12/site-packages/airflow/example_dags/example_task_group_decorator.py
[2024-10-24T04:12:28.292+0000] {processor.py:925} INFO - DAG(s) 'example_task_group_decorator' retrieved from /home/airflow/.local/lib/python3.12/site-packages/airflow/example_dags/example_task_group_decorator.py
[2024-10-24T04:12:28.323+0000] {logging_mixin.py:190} INFO - [2024-10-24T04:12:28.322+0000] {dag.py:3239} INFO - Sync 1 DAGs
[2024-10-24T04:12:28.344+0000] {logging_mixin.py:190} INFO - [2024-10-24T04:12:28.342+0000] {dag.py:4180} INFO - Setting next_dagrun for example_task_group_decorator to None, run_after=None
[2024-10-24T04:12:28.365+0000] {processor.py:208} INFO - Processing /home/airflow/.local/lib/python3.12/site-packages/airflow/example_dags/example_task_group_decorator.py took 0.103 seconds
[2024-10-24T04:12:58.674+0000] {processor.py:186} INFO - Started process (PID=99385) to work on /home/airflow/.local/lib/python3.12/site-packages/airflow/example_dags/example_task_group_decorator.py
[2024-10-24T04:12:58.677+0000] {processor.py:914} INFO - Processing file /home/airflow/.local/lib/python3.12/site-packages/airflow/example_dags/example_task_group_decorator.py for tasks to queue
[2024-10-24T04:12:58.679+0000] {logging_mixin.py:190} INFO - [2024-10-24T04:12:58.678+0000] {dagbag.py:588} INFO - Filling up the DagBag from /home/airflow/.local/lib/python3.12/site-packages/airflow/example_dags/example_task_group_decorator.py
[2024-10-24T04:12:58.697+0000] {processor.py:925} INFO - DAG(s) 'example_task_group_decorator' retrieved from /home/airflow/.local/lib/python3.12/site-packages/airflow/example_dags/example_task_group_decorator.py
[2024-10-24T04:12:58.726+0000] {logging_mixin.py:190} INFO - [2024-10-24T04:12:58.726+0000] {dag.py:3239} INFO - Sync 1 DAGs
[2024-10-24T04:12:58.742+0000] {logging_mixin.py:190} INFO - [2024-10-24T04:12:58.742+0000] {dag.py:4180} INFO - Setting next_dagrun for example_task_group_decorator to None, run_after=None
[2024-10-24T04:12:58.764+0000] {processor.py:208} INFO - Processing /home/airflow/.local/lib/python3.12/site-packages/airflow/example_dags/example_task_group_decorator.py took 0.097 seconds
[2024-10-24T04:13:28.858+0000] {processor.py:186} INFO - Started process (PID=99452) to work on /home/airflow/.local/lib/python3.12/site-packages/airflow/example_dags/example_task_group_decorator.py
[2024-10-24T04:13:28.859+0000] {processor.py:914} INFO - Processing file /home/airflow/.local/lib/python3.12/site-packages/airflow/example_dags/example_task_group_decorator.py for tasks to queue
[2024-10-24T04:13:28.861+0000] {logging_mixin.py:190} INFO - [2024-10-24T04:13:28.860+0000] {dagbag.py:588} INFO - Filling up the DagBag from /home/airflow/.local/lib/python3.12/site-packages/airflow/example_dags/example_task_group_decorator.py
[2024-10-24T04:13:28.878+0000] {processor.py:925} INFO - DAG(s) 'example_task_group_decorator' retrieved from /home/airflow/.local/lib/python3.12/site-packages/airflow/example_dags/example_task_group_decorator.py
[2024-10-24T04:13:28.909+0000] {logging_mixin.py:190} INFO - [2024-10-24T04:13:28.908+0000] {dag.py:3239} INFO - Sync 1 DAGs
[2024-10-24T04:13:28.926+0000] {logging_mixin.py:190} INFO - [2024-10-24T04:13:28.926+0000] {dag.py:4180} INFO - Setting next_dagrun for example_task_group_decorator to None, run_after=None
[2024-10-24T04:13:28.944+0000] {processor.py:208} INFO - Processing /home/airflow/.local/lib/python3.12/site-packages/airflow/example_dags/example_task_group_decorator.py took 0.097 seconds
[2024-10-24T04:13:59.443+0000] {processor.py:186} INFO - Started process (PID=99519) to work on /home/airflow/.local/lib/python3.12/site-packages/airflow/example_dags/example_task_group_decorator.py
[2024-10-24T04:13:59.446+0000] {processor.py:914} INFO - Processing file /home/airflow/.local/lib/python3.12/site-packages/airflow/example_dags/example_task_group_decorator.py for tasks to queue
[2024-10-24T04:13:59.447+0000] {logging_mixin.py:190} INFO - [2024-10-24T04:13:59.447+0000] {dagbag.py:588} INFO - Filling up the DagBag from /home/airflow/.local/lib/python3.12/site-packages/airflow/example_dags/example_task_group_decorator.py
[2024-10-24T04:13:59.466+0000] {processor.py:925} INFO - DAG(s) 'example_task_group_decorator' retrieved from /home/airflow/.local/lib/python3.12/site-packages/airflow/example_dags/example_task_group_decorator.py
[2024-10-24T04:13:59.498+0000] {logging_mixin.py:190} INFO - [2024-10-24T04:13:59.498+0000] {dag.py:3239} INFO - Sync 1 DAGs
[2024-10-24T04:13:59.516+0000] {logging_mixin.py:190} INFO - [2024-10-24T04:13:59.516+0000] {dag.py:4180} INFO - Setting next_dagrun for example_task_group_decorator to None, run_after=None
[2024-10-24T04:13:59.535+0000] {processor.py:208} INFO - Processing /home/airflow/.local/lib/python3.12/site-packages/airflow/example_dags/example_task_group_decorator.py took 0.100 seconds
[2024-10-24T04:14:30.112+0000] {processor.py:186} INFO - Started process (PID=99585) to work on /home/airflow/.local/lib/python3.12/site-packages/airflow/example_dags/example_task_group_decorator.py
[2024-10-24T04:14:30.113+0000] {processor.py:914} INFO - Processing file /home/airflow/.local/lib/python3.12/site-packages/airflow/example_dags/example_task_group_decorator.py for tasks to queue
[2024-10-24T04:14:30.114+0000] {logging_mixin.py:190} INFO - [2024-10-24T04:14:30.114+0000] {dagbag.py:588} INFO - Filling up the DagBag from /home/airflow/.local/lib/python3.12/site-packages/airflow/example_dags/example_task_group_decorator.py
[2024-10-24T04:14:30.132+0000] {processor.py:925} INFO - DAG(s) 'example_task_group_decorator' retrieved from /home/airflow/.local/lib/python3.12/site-packages/airflow/example_dags/example_task_group_decorator.py
[2024-10-24T04:14:30.164+0000] {logging_mixin.py:190} INFO - [2024-10-24T04:14:30.164+0000] {dag.py:3239} INFO - Sync 1 DAGs
[2024-10-24T04:14:30.182+0000] {logging_mixin.py:190} INFO - [2024-10-24T04:14:30.182+0000] {dag.py:4180} INFO - Setting next_dagrun for example_task_group_decorator to None, run_after=None
[2024-10-24T04:14:30.201+0000] {processor.py:208} INFO - Processing /home/airflow/.local/lib/python3.12/site-packages/airflow/example_dags/example_task_group_decorator.py took 0.097 seconds
[2024-10-24T04:15:00.598+0000] {processor.py:186} INFO - Started process (PID=99651) to work on /home/airflow/.local/lib/python3.12/site-packages/airflow/example_dags/example_task_group_decorator.py
[2024-10-24T04:15:00.600+0000] {processor.py:914} INFO - Processing file /home/airflow/.local/lib/python3.12/site-packages/airflow/example_dags/example_task_group_decorator.py for tasks to queue
[2024-10-24T04:15:00.601+0000] {logging_mixin.py:190} INFO - [2024-10-24T04:15:00.601+0000] {dagbag.py:588} INFO - Filling up the DagBag from /home/airflow/.local/lib/python3.12/site-packages/airflow/example_dags/example_task_group_decorator.py
[2024-10-24T04:15:00.622+0000] {processor.py:925} INFO - DAG(s) 'example_task_group_decorator' retrieved from /home/airflow/.local/lib/python3.12/site-packages/airflow/example_dags/example_task_group_decorator.py
[2024-10-24T04:15:00.653+0000] {logging_mixin.py:190} INFO - [2024-10-24T04:15:00.652+0000] {dag.py:3239} INFO - Sync 1 DAGs
[2024-10-24T04:15:00.670+0000] {logging_mixin.py:190} INFO - [2024-10-24T04:15:00.670+0000] {dag.py:4180} INFO - Setting next_dagrun for example_task_group_decorator to None, run_after=None
[2024-10-24T04:15:00.691+0000] {processor.py:208} INFO - Processing /home/airflow/.local/lib/python3.12/site-packages/airflow/example_dags/example_task_group_decorator.py took 0.102 seconds
[2024-10-24T04:15:31.269+0000] {processor.py:186} INFO - Started process (PID=99718) to work on /home/airflow/.local/lib/python3.12/site-packages/airflow/example_dags/example_task_group_decorator.py
[2024-10-24T04:15:31.270+0000] {processor.py:914} INFO - Processing file /home/airflow/.local/lib/python3.12/site-packages/airflow/example_dags/example_task_group_decorator.py for tasks to queue
[2024-10-24T04:15:31.272+0000] {logging_mixin.py:190} INFO - [2024-10-24T04:15:31.271+0000] {dagbag.py:588} INFO - Filling up the DagBag from /home/airflow/.local/lib/python3.12/site-packages/airflow/example_dags/example_task_group_decorator.py
[2024-10-24T04:15:31.289+0000] {processor.py:925} INFO - DAG(s) 'example_task_group_decorator' retrieved from /home/airflow/.local/lib/python3.12/site-packages/airflow/example_dags/example_task_group_decorator.py
[2024-10-24T04:15:31.322+0000] {logging_mixin.py:190} INFO - [2024-10-24T04:15:31.322+0000] {dag.py:3239} INFO - Sync 1 DAGs
[2024-10-24T04:15:31.345+0000] {logging_mixin.py:190} INFO - [2024-10-24T04:15:31.345+0000] {dag.py:4180} INFO - Setting next_dagrun for example_task_group_decorator to None, run_after=None
[2024-10-24T04:15:31.366+0000] {processor.py:208} INFO - Processing /home/airflow/.local/lib/python3.12/site-packages/airflow/example_dags/example_task_group_decorator.py took 0.105 seconds
[2024-10-24T06:56:04.177+0000] {processor.py:186} INFO - Started process (PID=99786) to work on /home/airflow/.local/lib/python3.12/site-packages/airflow/example_dags/example_task_group_decorator.py
[2024-10-24T06:56:04.178+0000] {processor.py:914} INFO - Processing file /home/airflow/.local/lib/python3.12/site-packages/airflow/example_dags/example_task_group_decorator.py for tasks to queue
[2024-10-24T06:56:04.180+0000] {logging_mixin.py:190} INFO - [2024-10-24T06:56:04.180+0000] {dagbag.py:588} INFO - Filling up the DagBag from /home/airflow/.local/lib/python3.12/site-packages/airflow/example_dags/example_task_group_decorator.py
[2024-10-24T06:56:04.198+0000] {processor.py:925} INFO - DAG(s) 'example_task_group_decorator' retrieved from /home/airflow/.local/lib/python3.12/site-packages/airflow/example_dags/example_task_group_decorator.py
[2024-10-24T06:56:04.231+0000] {logging_mixin.py:190} INFO - [2024-10-24T06:56:04.230+0000] {dag.py:3239} INFO - Sync 1 DAGs
[2024-10-24T06:56:04.249+0000] {logging_mixin.py:190} INFO - [2024-10-24T06:56:04.249+0000] {dag.py:4180} INFO - Setting next_dagrun for example_task_group_decorator to None, run_after=None
[2024-10-24T06:56:04.271+0000] {processor.py:208} INFO - Processing /home/airflow/.local/lib/python3.12/site-packages/airflow/example_dags/example_task_group_decorator.py took 0.103 seconds
[2024-10-24T06:56:35.292+0000] {processor.py:186} INFO - Started process (PID=99853) to work on /home/airflow/.local/lib/python3.12/site-packages/airflow/example_dags/example_task_group_decorator.py
[2024-10-24T06:56:35.293+0000] {processor.py:914} INFO - Processing file /home/airflow/.local/lib/python3.12/site-packages/airflow/example_dags/example_task_group_decorator.py for tasks to queue
[2024-10-24T06:56:35.296+0000] {logging_mixin.py:190} INFO - [2024-10-24T06:56:35.295+0000] {dagbag.py:588} INFO - Filling up the DagBag from /home/airflow/.local/lib/python3.12/site-packages/airflow/example_dags/example_task_group_decorator.py
[2024-10-24T06:56:35.314+0000] {processor.py:925} INFO - DAG(s) 'example_task_group_decorator' retrieved from /home/airflow/.local/lib/python3.12/site-packages/airflow/example_dags/example_task_group_decorator.py
[2024-10-24T06:56:35.349+0000] {logging_mixin.py:190} INFO - [2024-10-24T06:56:35.348+0000] {dag.py:3239} INFO - Sync 1 DAGs
[2024-10-24T06:56:35.365+0000] {logging_mixin.py:190} INFO - [2024-10-24T06:56:35.365+0000] {dag.py:4180} INFO - Setting next_dagrun for example_task_group_decorator to None, run_after=None
[2024-10-24T06:56:35.385+0000] {processor.py:208} INFO - Processing /home/airflow/.local/lib/python3.12/site-packages/airflow/example_dags/example_task_group_decorator.py took 0.104 seconds
[2024-10-24T06:57:06.161+0000] {processor.py:186} INFO - Started process (PID=99920) to work on /home/airflow/.local/lib/python3.12/site-packages/airflow/example_dags/example_task_group_decorator.py
[2024-10-24T06:57:06.163+0000] {processor.py:914} INFO - Processing file /home/airflow/.local/lib/python3.12/site-packages/airflow/example_dags/example_task_group_decorator.py for tasks to queue
[2024-10-24T06:57:06.165+0000] {logging_mixin.py:190} INFO - [2024-10-24T06:57:06.165+0000] {dagbag.py:588} INFO - Filling up the DagBag from /home/airflow/.local/lib/python3.12/site-packages/airflow/example_dags/example_task_group_decorator.py
[2024-10-24T06:57:06.186+0000] {processor.py:925} INFO - DAG(s) 'example_task_group_decorator' retrieved from /home/airflow/.local/lib/python3.12/site-packages/airflow/example_dags/example_task_group_decorator.py
[2024-10-24T06:57:06.226+0000] {logging_mixin.py:190} INFO - [2024-10-24T06:57:06.226+0000] {dag.py:3239} INFO - Sync 1 DAGs
[2024-10-24T06:57:06.247+0000] {logging_mixin.py:190} INFO - [2024-10-24T06:57:06.247+0000] {dag.py:4180} INFO - Setting next_dagrun for example_task_group_decorator to None, run_after=None
[2024-10-24T06:57:06.272+0000] {processor.py:208} INFO - Processing /home/airflow/.local/lib/python3.12/site-packages/airflow/example_dags/example_task_group_decorator.py took 0.121 seconds
[2024-10-24T06:57:36.576+0000] {processor.py:186} INFO - Started process (PID=99987) to work on /home/airflow/.local/lib/python3.12/site-packages/airflow/example_dags/example_task_group_decorator.py
[2024-10-24T06:57:36.577+0000] {processor.py:914} INFO - Processing file /home/airflow/.local/lib/python3.12/site-packages/airflow/example_dags/example_task_group_decorator.py for tasks to queue
[2024-10-24T06:57:36.579+0000] {logging_mixin.py:190} INFO - [2024-10-24T06:57:36.578+0000] {dagbag.py:588} INFO - Filling up the DagBag from /home/airflow/.local/lib/python3.12/site-packages/airflow/example_dags/example_task_group_decorator.py
[2024-10-24T06:57:36.596+0000] {processor.py:925} INFO - DAG(s) 'example_task_group_decorator' retrieved from /home/airflow/.local/lib/python3.12/site-packages/airflow/example_dags/example_task_group_decorator.py
[2024-10-24T06:57:36.628+0000] {logging_mixin.py:190} INFO - [2024-10-24T06:57:36.628+0000] {dag.py:3239} INFO - Sync 1 DAGs
[2024-10-24T06:57:36.646+0000] {logging_mixin.py:190} INFO - [2024-10-24T06:57:36.646+0000] {dag.py:4180} INFO - Setting next_dagrun for example_task_group_decorator to None, run_after=None
[2024-10-24T06:57:36.664+0000] {processor.py:208} INFO - Processing /home/airflow/.local/lib/python3.12/site-packages/airflow/example_dags/example_task_group_decorator.py took 0.096 seconds
[2024-10-24T06:58:07.222+0000] {processor.py:186} INFO - Started process (PID=100054) to work on /home/airflow/.local/lib/python3.12/site-packages/airflow/example_dags/example_task_group_decorator.py
[2024-10-24T06:58:07.224+0000] {processor.py:914} INFO - Processing file /home/airflow/.local/lib/python3.12/site-packages/airflow/example_dags/example_task_group_decorator.py for tasks to queue
[2024-10-24T06:58:07.226+0000] {logging_mixin.py:190} INFO - [2024-10-24T06:58:07.226+0000] {dagbag.py:588} INFO - Filling up the DagBag from /home/airflow/.local/lib/python3.12/site-packages/airflow/example_dags/example_task_group_decorator.py
[2024-10-24T06:58:07.243+0000] {processor.py:925} INFO - DAG(s) 'example_task_group_decorator' retrieved from /home/airflow/.local/lib/python3.12/site-packages/airflow/example_dags/example_task_group_decorator.py
[2024-10-24T06:58:07.274+0000] {logging_mixin.py:190} INFO - [2024-10-24T06:58:07.274+0000] {dag.py:3239} INFO - Sync 1 DAGs
[2024-10-24T06:58:07.290+0000] {logging_mixin.py:190} INFO - [2024-10-24T06:58:07.290+0000] {dag.py:4180} INFO - Setting next_dagrun for example_task_group_decorator to None, run_after=None
[2024-10-24T06:58:07.307+0000] {processor.py:208} INFO - Processing /home/airflow/.local/lib/python3.12/site-packages/airflow/example_dags/example_task_group_decorator.py took 0.095 seconds
[2024-10-24T06:58:37.853+0000] {processor.py:186} INFO - Started process (PID=100120) to work on /home/airflow/.local/lib/python3.12/site-packages/airflow/example_dags/example_task_group_decorator.py
[2024-10-24T06:58:37.855+0000] {processor.py:914} INFO - Processing file /home/airflow/.local/lib/python3.12/site-packages/airflow/example_dags/example_task_group_decorator.py for tasks to queue
[2024-10-24T06:58:37.857+0000] {logging_mixin.py:190} INFO - [2024-10-24T06:58:37.856+0000] {dagbag.py:588} INFO - Filling up the DagBag from /home/airflow/.local/lib/python3.12/site-packages/airflow/example_dags/example_task_group_decorator.py
[2024-10-24T06:58:37.875+0000] {processor.py:925} INFO - DAG(s) 'example_task_group_decorator' retrieved from /home/airflow/.local/lib/python3.12/site-packages/airflow/example_dags/example_task_group_decorator.py
[2024-10-24T06:58:37.910+0000] {logging_mixin.py:190} INFO - [2024-10-24T06:58:37.910+0000] {dag.py:3239} INFO - Sync 1 DAGs
[2024-10-24T06:58:37.927+0000] {logging_mixin.py:190} INFO - [2024-10-24T06:58:37.926+0000] {dag.py:4180} INFO - Setting next_dagrun for example_task_group_decorator to None, run_after=None
[2024-10-24T06:58:37.944+0000] {processor.py:208} INFO - Processing /home/airflow/.local/lib/python3.12/site-packages/airflow/example_dags/example_task_group_decorator.py took 0.100 seconds
