[2024-10-24T04:09:18.158+0000] {processor.py:186} INFO - Started process (PID=98889) to work on /home/airflow/.local/lib/python3.12/site-packages/airflow/example_dags/example_subdag_operator.py
[2024-10-24T04:09:18.160+0000] {processor.py:914} INFO - Processing file /home/airflow/.local/lib/python3.12/site-packages/airflow/example_dags/example_subdag_operator.py for tasks to queue
[2024-10-24T04:09:18.164+0000] {logging_mixin.py:190} INFO - [2024-10-24T04:09:18.164+0000] {dagbag.py:588} INFO - Filling up the DagBag from /home/airflow/.local/lib/python3.12/site-packages/airflow/example_dags/example_subdag_operator.py
[2024-10-24T04:09:18.226+0000] {processor.py:925} INFO - DAG(s) 'example_subdag_operator.section-1', 'example_subdag_operator.section-2', 'example_subdag_operator' retrieved from /home/airflow/.local/lib/python3.12/site-packages/airflow/example_dags/example_subdag_operator.py
[2024-10-24T04:09:18.259+0000] {logging_mixin.py:190} INFO - [2024-10-24T04:09:18.258+0000] {dag.py:3239} INFO - Sync 3 DAGs
[2024-10-24T04:09:18.310+0000] {logging_mixin.py:190} INFO - [2024-10-24T04:09:18.309+0000] {dag.py:4180} INFO - Setting next_dagrun for example_subdag_operator to 2022-01-01 00:00:00+00:00, run_after=2022-01-01 00:00:00+00:00
[2024-10-24T04:09:18.316+0000] {logging_mixin.py:190} INFO - [2024-10-24T04:09:18.316+0000] {dag.py:4180} INFO - Setting next_dagrun for example_subdag_operator.section-1 to None, run_after=None
[2024-10-24T04:09:18.319+0000] {logging_mixin.py:190} INFO - [2024-10-24T04:09:18.319+0000] {dag.py:4180} INFO - Setting next_dagrun for example_subdag_operator.section-2 to None, run_after=None
[2024-10-24T04:09:18.333+0000] {logging_mixin.py:190} INFO - [2024-10-24T04:09:18.333+0000] {dag.py:3239} INFO - Sync 2 DAGs
[2024-10-24T04:09:18.346+0000] {logging_mixin.py:190} INFO - [2024-10-24T04:09:18.345+0000] {dag.py:4180} INFO - Setting next_dagrun for example_subdag_operator.section-1 to None, run_after=None
[2024-10-24T04:09:18.346+0000] {logging_mixin.py:190} INFO - [2024-10-24T04:09:18.346+0000] {dag.py:4180} INFO - Setting next_dagrun for example_subdag_operator.section-2 to None, run_after=None
[2024-10-24T04:09:18.364+0000] {processor.py:208} INFO - Processing /home/airflow/.local/lib/python3.12/site-packages/airflow/example_dags/example_subdag_operator.py took 0.226 seconds
[2024-10-24T04:09:48.500+0000] {processor.py:186} INFO - Started process (PID=98954) to work on /home/airflow/.local/lib/python3.12/site-packages/airflow/example_dags/example_subdag_operator.py
[2024-10-24T04:09:48.501+0000] {processor.py:914} INFO - Processing file /home/airflow/.local/lib/python3.12/site-packages/airflow/example_dags/example_subdag_operator.py for tasks to queue
[2024-10-24T04:09:48.503+0000] {logging_mixin.py:190} INFO - [2024-10-24T04:09:48.502+0000] {dagbag.py:588} INFO - Filling up the DagBag from /home/airflow/.local/lib/python3.12/site-packages/airflow/example_dags/example_subdag_operator.py
[2024-10-24T04:09:48.533+0000] {processor.py:925} INFO - DAG(s) 'example_subdag_operator.section-1', 'example_subdag_operator.section-2', 'example_subdag_operator' retrieved from /home/airflow/.local/lib/python3.12/site-packages/airflow/example_dags/example_subdag_operator.py
[2024-10-24T04:09:48.552+0000] {logging_mixin.py:190} INFO - [2024-10-24T04:09:48.552+0000] {dag.py:3239} INFO - Sync 3 DAGs
[2024-10-24T04:09:48.577+0000] {logging_mixin.py:190} INFO - [2024-10-24T04:09:48.577+0000] {dag.py:4180} INFO - Setting next_dagrun for example_subdag_operator to 2022-01-01 00:00:00+00:00, run_after=2022-01-01 00:00:00+00:00
[2024-10-24T04:09:48.581+0000] {logging_mixin.py:190} INFO - [2024-10-24T04:09:48.581+0000] {dag.py:4180} INFO - Setting next_dagrun for example_subdag_operator.section-1 to None, run_after=None
[2024-10-24T04:09:48.582+0000] {logging_mixin.py:190} INFO - [2024-10-24T04:09:48.582+0000] {dag.py:4180} INFO - Setting next_dagrun for example_subdag_operator.section-2 to None, run_after=None
[2024-10-24T04:09:48.589+0000] {logging_mixin.py:190} INFO - [2024-10-24T04:09:48.589+0000] {dag.py:3239} INFO - Sync 2 DAGs
[2024-10-24T04:09:48.595+0000] {logging_mixin.py:190} INFO - [2024-10-24T04:09:48.594+0000] {dag.py:4180} INFO - Setting next_dagrun for example_subdag_operator.section-1 to None, run_after=None
[2024-10-24T04:09:48.595+0000] {logging_mixin.py:190} INFO - [2024-10-24T04:09:48.595+0000] {dag.py:4180} INFO - Setting next_dagrun for example_subdag_operator.section-2 to None, run_after=None
[2024-10-24T04:09:48.605+0000] {processor.py:208} INFO - Processing /home/airflow/.local/lib/python3.12/site-packages/airflow/example_dags/example_subdag_operator.py took 0.113 seconds
[2024-10-24T04:10:19.191+0000] {processor.py:186} INFO - Started process (PID=99021) to work on /home/airflow/.local/lib/python3.12/site-packages/airflow/example_dags/example_subdag_operator.py
[2024-10-24T04:10:19.193+0000] {processor.py:914} INFO - Processing file /home/airflow/.local/lib/python3.12/site-packages/airflow/example_dags/example_subdag_operator.py for tasks to queue
[2024-10-24T04:10:19.194+0000] {logging_mixin.py:190} INFO - [2024-10-24T04:10:19.194+0000] {dagbag.py:588} INFO - Filling up the DagBag from /home/airflow/.local/lib/python3.12/site-packages/airflow/example_dags/example_subdag_operator.py
[2024-10-24T04:10:19.224+0000] {processor.py:925} INFO - DAG(s) 'example_subdag_operator.section-1', 'example_subdag_operator.section-2', 'example_subdag_operator' retrieved from /home/airflow/.local/lib/python3.12/site-packages/airflow/example_dags/example_subdag_operator.py
[2024-10-24T04:10:19.244+0000] {logging_mixin.py:190} INFO - [2024-10-24T04:10:19.243+0000] {dag.py:3239} INFO - Sync 3 DAGs
[2024-10-24T04:10:19.274+0000] {logging_mixin.py:190} INFO - [2024-10-24T04:10:19.274+0000] {dag.py:4180} INFO - Setting next_dagrun for example_subdag_operator to 2022-01-01 00:00:00+00:00, run_after=2022-01-01 00:00:00+00:00
[2024-10-24T04:10:19.278+0000] {logging_mixin.py:190} INFO - [2024-10-24T04:10:19.277+0000] {dag.py:4180} INFO - Setting next_dagrun for example_subdag_operator.section-1 to None, run_after=None
[2024-10-24T04:10:19.279+0000] {logging_mixin.py:190} INFO - [2024-10-24T04:10:19.279+0000] {dag.py:4180} INFO - Setting next_dagrun for example_subdag_operator.section-2 to None, run_after=None
[2024-10-24T04:10:19.286+0000] {logging_mixin.py:190} INFO - [2024-10-24T04:10:19.286+0000] {dag.py:3239} INFO - Sync 2 DAGs
[2024-10-24T04:10:19.292+0000] {logging_mixin.py:190} INFO - [2024-10-24T04:10:19.292+0000] {dag.py:4180} INFO - Setting next_dagrun for example_subdag_operator.section-1 to None, run_after=None
[2024-10-24T04:10:19.292+0000] {logging_mixin.py:190} INFO - [2024-10-24T04:10:19.292+0000] {dag.py:4180} INFO - Setting next_dagrun for example_subdag_operator.section-2 to None, run_after=None
[2024-10-24T04:10:19.302+0000] {processor.py:208} INFO - Processing /home/airflow/.local/lib/python3.12/site-packages/airflow/example_dags/example_subdag_operator.py took 0.118 seconds
[2024-10-24T04:10:49.907+0000] {processor.py:186} INFO - Started process (PID=99087) to work on /home/airflow/.local/lib/python3.12/site-packages/airflow/example_dags/example_subdag_operator.py
[2024-10-24T04:10:49.909+0000] {processor.py:914} INFO - Processing file /home/airflow/.local/lib/python3.12/site-packages/airflow/example_dags/example_subdag_operator.py for tasks to queue
[2024-10-24T04:10:49.910+0000] {logging_mixin.py:190} INFO - [2024-10-24T04:10:49.910+0000] {dagbag.py:588} INFO - Filling up the DagBag from /home/airflow/.local/lib/python3.12/site-packages/airflow/example_dags/example_subdag_operator.py
[2024-10-24T04:10:49.942+0000] {processor.py:925} INFO - DAG(s) 'example_subdag_operator.section-1', 'example_subdag_operator.section-2', 'example_subdag_operator' retrieved from /home/airflow/.local/lib/python3.12/site-packages/airflow/example_dags/example_subdag_operator.py
[2024-10-24T04:10:49.962+0000] {logging_mixin.py:190} INFO - [2024-10-24T04:10:49.961+0000] {dag.py:3239} INFO - Sync 3 DAGs
[2024-10-24T04:10:49.998+0000] {logging_mixin.py:190} INFO - [2024-10-24T04:10:49.998+0000] {dag.py:4180} INFO - Setting next_dagrun for example_subdag_operator to 2022-01-01 00:00:00+00:00, run_after=2022-01-01 00:00:00+00:00
[2024-10-24T04:10:50.002+0000] {logging_mixin.py:190} INFO - [2024-10-24T04:10:50.001+0000] {dag.py:4180} INFO - Setting next_dagrun for example_subdag_operator.section-1 to None, run_after=None
[2024-10-24T04:10:50.003+0000] {logging_mixin.py:190} INFO - [2024-10-24T04:10:50.003+0000] {dag.py:4180} INFO - Setting next_dagrun for example_subdag_operator.section-2 to None, run_after=None
[2024-10-24T04:10:50.011+0000] {logging_mixin.py:190} INFO - [2024-10-24T04:10:50.010+0000] {dag.py:3239} INFO - Sync 2 DAGs
[2024-10-24T04:10:50.018+0000] {logging_mixin.py:190} INFO - [2024-10-24T04:10:50.018+0000] {dag.py:4180} INFO - Setting next_dagrun for example_subdag_operator.section-1 to None, run_after=None
[2024-10-24T04:10:50.019+0000] {logging_mixin.py:190} INFO - [2024-10-24T04:10:50.019+0000] {dag.py:4180} INFO - Setting next_dagrun for example_subdag_operator.section-2 to None, run_after=None
[2024-10-24T04:10:50.031+0000] {processor.py:208} INFO - Processing /home/airflow/.local/lib/python3.12/site-packages/airflow/example_dags/example_subdag_operator.py took 0.131 seconds
[2024-10-24T04:11:20.772+0000] {processor.py:186} INFO - Started process (PID=99159) to work on /home/airflow/.local/lib/python3.12/site-packages/airflow/example_dags/example_subdag_operator.py
[2024-10-24T04:11:20.774+0000] {processor.py:914} INFO - Processing file /home/airflow/.local/lib/python3.12/site-packages/airflow/example_dags/example_subdag_operator.py for tasks to queue
[2024-10-24T04:11:20.775+0000] {logging_mixin.py:190} INFO - [2024-10-24T04:11:20.775+0000] {dagbag.py:588} INFO - Filling up the DagBag from /home/airflow/.local/lib/python3.12/site-packages/airflow/example_dags/example_subdag_operator.py
[2024-10-24T04:11:20.807+0000] {processor.py:925} INFO - DAG(s) 'example_subdag_operator.section-1', 'example_subdag_operator.section-2', 'example_subdag_operator' retrieved from /home/airflow/.local/lib/python3.12/site-packages/airflow/example_dags/example_subdag_operator.py
[2024-10-24T04:11:20.827+0000] {logging_mixin.py:190} INFO - [2024-10-24T04:11:20.827+0000] {dag.py:3239} INFO - Sync 3 DAGs
[2024-10-24T04:11:20.856+0000] {logging_mixin.py:190} INFO - [2024-10-24T04:11:20.855+0000] {dag.py:4180} INFO - Setting next_dagrun for example_subdag_operator to 2022-01-01 00:00:00+00:00, run_after=2022-01-01 00:00:00+00:00
[2024-10-24T04:11:20.859+0000] {logging_mixin.py:190} INFO - [2024-10-24T04:11:20.859+0000] {dag.py:4180} INFO - Setting next_dagrun for example_subdag_operator.section-1 to None, run_after=None
[2024-10-24T04:11:20.860+0000] {logging_mixin.py:190} INFO - [2024-10-24T04:11:20.860+0000] {dag.py:4180} INFO - Setting next_dagrun for example_subdag_operator.section-2 to None, run_after=None
[2024-10-24T04:11:20.868+0000] {logging_mixin.py:190} INFO - [2024-10-24T04:11:20.868+0000] {dag.py:3239} INFO - Sync 2 DAGs
[2024-10-24T04:11:20.874+0000] {logging_mixin.py:190} INFO - [2024-10-24T04:11:20.874+0000] {dag.py:4180} INFO - Setting next_dagrun for example_subdag_operator.section-1 to None, run_after=None
[2024-10-24T04:11:20.875+0000] {logging_mixin.py:190} INFO - [2024-10-24T04:11:20.875+0000] {dag.py:4180} INFO - Setting next_dagrun for example_subdag_operator.section-2 to None, run_after=None
[2024-10-24T04:11:20.885+0000] {processor.py:208} INFO - Processing /home/airflow/.local/lib/python3.12/site-packages/airflow/example_dags/example_subdag_operator.py took 0.121 seconds
[2024-10-24T04:11:51.472+0000] {processor.py:186} INFO - Started process (PID=99226) to work on /home/airflow/.local/lib/python3.12/site-packages/airflow/example_dags/example_subdag_operator.py
[2024-10-24T04:11:51.473+0000] {processor.py:914} INFO - Processing file /home/airflow/.local/lib/python3.12/site-packages/airflow/example_dags/example_subdag_operator.py for tasks to queue
[2024-10-24T04:11:51.475+0000] {logging_mixin.py:190} INFO - [2024-10-24T04:11:51.474+0000] {dagbag.py:588} INFO - Filling up the DagBag from /home/airflow/.local/lib/python3.12/site-packages/airflow/example_dags/example_subdag_operator.py
[2024-10-24T04:11:51.503+0000] {processor.py:925} INFO - DAG(s) 'example_subdag_operator.section-1', 'example_subdag_operator.section-2', 'example_subdag_operator' retrieved from /home/airflow/.local/lib/python3.12/site-packages/airflow/example_dags/example_subdag_operator.py
[2024-10-24T04:11:51.522+0000] {logging_mixin.py:190} INFO - [2024-10-24T04:11:51.521+0000] {dag.py:3239} INFO - Sync 3 DAGs
[2024-10-24T04:11:51.547+0000] {logging_mixin.py:190} INFO - [2024-10-24T04:11:51.547+0000] {dag.py:4180} INFO - Setting next_dagrun for example_subdag_operator to 2022-01-01 00:00:00+00:00, run_after=2022-01-01 00:00:00+00:00
[2024-10-24T04:11:51.551+0000] {logging_mixin.py:190} INFO - [2024-10-24T04:11:51.550+0000] {dag.py:4180} INFO - Setting next_dagrun for example_subdag_operator.section-1 to None, run_after=None
[2024-10-24T04:11:51.552+0000] {logging_mixin.py:190} INFO - [2024-10-24T04:11:51.552+0000] {dag.py:4180} INFO - Setting next_dagrun for example_subdag_operator.section-2 to None, run_after=None
[2024-10-24T04:11:51.559+0000] {logging_mixin.py:190} INFO - [2024-10-24T04:11:51.559+0000] {dag.py:3239} INFO - Sync 2 DAGs
[2024-10-24T04:11:51.565+0000] {logging_mixin.py:190} INFO - [2024-10-24T04:11:51.565+0000] {dag.py:4180} INFO - Setting next_dagrun for example_subdag_operator.section-1 to None, run_after=None
[2024-10-24T04:11:51.565+0000] {logging_mixin.py:190} INFO - [2024-10-24T04:11:51.565+0000] {dag.py:4180} INFO - Setting next_dagrun for example_subdag_operator.section-2 to None, run_after=None
[2024-10-24T04:11:51.576+0000] {processor.py:208} INFO - Processing /home/airflow/.local/lib/python3.12/site-packages/airflow/example_dags/example_subdag_operator.py took 0.111 seconds
[2024-10-24T04:12:22.015+0000] {processor.py:186} INFO - Started process (PID=99293) to work on /home/airflow/.local/lib/python3.12/site-packages/airflow/example_dags/example_subdag_operator.py
[2024-10-24T04:12:22.017+0000] {processor.py:914} INFO - Processing file /home/airflow/.local/lib/python3.12/site-packages/airflow/example_dags/example_subdag_operator.py for tasks to queue
[2024-10-24T04:12:22.018+0000] {logging_mixin.py:190} INFO - [2024-10-24T04:12:22.018+0000] {dagbag.py:588} INFO - Filling up the DagBag from /home/airflow/.local/lib/python3.12/site-packages/airflow/example_dags/example_subdag_operator.py
[2024-10-24T04:12:22.052+0000] {processor.py:925} INFO - DAG(s) 'example_subdag_operator.section-1', 'example_subdag_operator.section-2', 'example_subdag_operator' retrieved from /home/airflow/.local/lib/python3.12/site-packages/airflow/example_dags/example_subdag_operator.py
[2024-10-24T04:12:22.072+0000] {logging_mixin.py:190} INFO - [2024-10-24T04:12:22.072+0000] {dag.py:3239} INFO - Sync 3 DAGs
[2024-10-24T04:12:22.103+0000] {logging_mixin.py:190} INFO - [2024-10-24T04:12:22.103+0000] {dag.py:4180} INFO - Setting next_dagrun for example_subdag_operator to 2022-01-01 00:00:00+00:00, run_after=2022-01-01 00:00:00+00:00
[2024-10-24T04:12:22.106+0000] {logging_mixin.py:190} INFO - [2024-10-24T04:12:22.106+0000] {dag.py:4180} INFO - Setting next_dagrun for example_subdag_operator.section-1 to None, run_after=None
[2024-10-24T04:12:22.109+0000] {logging_mixin.py:190} INFO - [2024-10-24T04:12:22.108+0000] {dag.py:4180} INFO - Setting next_dagrun for example_subdag_operator.section-2 to None, run_after=None
[2024-10-24T04:12:22.117+0000] {logging_mixin.py:190} INFO - [2024-10-24T04:12:22.117+0000] {dag.py:3239} INFO - Sync 2 DAGs
[2024-10-24T04:12:22.122+0000] {logging_mixin.py:190} INFO - [2024-10-24T04:12:22.122+0000] {dag.py:4180} INFO - Setting next_dagrun for example_subdag_operator.section-1 to None, run_after=None
[2024-10-24T04:12:22.123+0000] {logging_mixin.py:190} INFO - [2024-10-24T04:12:22.123+0000] {dag.py:4180} INFO - Setting next_dagrun for example_subdag_operator.section-2 to None, run_after=None
[2024-10-24T04:12:22.134+0000] {processor.py:208} INFO - Processing /home/airflow/.local/lib/python3.12/site-packages/airflow/example_dags/example_subdag_operator.py took 0.129 seconds
[2024-10-24T04:12:53.063+0000] {processor.py:186} INFO - Started process (PID=99359) to work on /home/airflow/.local/lib/python3.12/site-packages/airflow/example_dags/example_subdag_operator.py
[2024-10-24T04:12:53.064+0000] {processor.py:914} INFO - Processing file /home/airflow/.local/lib/python3.12/site-packages/airflow/example_dags/example_subdag_operator.py for tasks to queue
[2024-10-24T04:12:53.067+0000] {logging_mixin.py:190} INFO - [2024-10-24T04:12:53.066+0000] {dagbag.py:588} INFO - Filling up the DagBag from /home/airflow/.local/lib/python3.12/site-packages/airflow/example_dags/example_subdag_operator.py
[2024-10-24T04:12:53.095+0000] {processor.py:925} INFO - DAG(s) 'example_subdag_operator.section-1', 'example_subdag_operator.section-2', 'example_subdag_operator' retrieved from /home/airflow/.local/lib/python3.12/site-packages/airflow/example_dags/example_subdag_operator.py
[2024-10-24T04:12:53.116+0000] {logging_mixin.py:190} INFO - [2024-10-24T04:12:53.115+0000] {dag.py:3239} INFO - Sync 3 DAGs
[2024-10-24T04:12:53.143+0000] {logging_mixin.py:190} INFO - [2024-10-24T04:12:53.142+0000] {dag.py:4180} INFO - Setting next_dagrun for example_subdag_operator to 2022-01-01 00:00:00+00:00, run_after=2022-01-01 00:00:00+00:00
[2024-10-24T04:12:53.146+0000] {logging_mixin.py:190} INFO - [2024-10-24T04:12:53.146+0000] {dag.py:4180} INFO - Setting next_dagrun for example_subdag_operator.section-1 to None, run_after=None
[2024-10-24T04:12:53.148+0000] {logging_mixin.py:190} INFO - [2024-10-24T04:12:53.148+0000] {dag.py:4180} INFO - Setting next_dagrun for example_subdag_operator.section-2 to None, run_after=None
[2024-10-24T04:12:53.158+0000] {logging_mixin.py:190} INFO - [2024-10-24T04:12:53.157+0000] {dag.py:3239} INFO - Sync 2 DAGs
[2024-10-24T04:12:53.164+0000] {logging_mixin.py:190} INFO - [2024-10-24T04:12:53.164+0000] {dag.py:4180} INFO - Setting next_dagrun for example_subdag_operator.section-1 to None, run_after=None
[2024-10-24T04:12:53.164+0000] {logging_mixin.py:190} INFO - [2024-10-24T04:12:53.164+0000] {dag.py:4180} INFO - Setting next_dagrun for example_subdag_operator.section-2 to None, run_after=None
[2024-10-24T04:12:53.177+0000] {processor.py:208} INFO - Processing /home/airflow/.local/lib/python3.12/site-packages/airflow/example_dags/example_subdag_operator.py took 0.123 seconds
[2024-10-24T04:13:23.591+0000] {processor.py:186} INFO - Started process (PID=99426) to work on /home/airflow/.local/lib/python3.12/site-packages/airflow/example_dags/example_subdag_operator.py
[2024-10-24T04:13:23.593+0000] {processor.py:914} INFO - Processing file /home/airflow/.local/lib/python3.12/site-packages/airflow/example_dags/example_subdag_operator.py for tasks to queue
[2024-10-24T04:13:23.595+0000] {logging_mixin.py:190} INFO - [2024-10-24T04:13:23.594+0000] {dagbag.py:588} INFO - Filling up the DagBag from /home/airflow/.local/lib/python3.12/site-packages/airflow/example_dags/example_subdag_operator.py
[2024-10-24T04:13:23.623+0000] {processor.py:925} INFO - DAG(s) 'example_subdag_operator.section-1', 'example_subdag_operator.section-2', 'example_subdag_operator' retrieved from /home/airflow/.local/lib/python3.12/site-packages/airflow/example_dags/example_subdag_operator.py
[2024-10-24T04:13:23.642+0000] {logging_mixin.py:190} INFO - [2024-10-24T04:13:23.641+0000] {dag.py:3239} INFO - Sync 3 DAGs
[2024-10-24T04:13:23.667+0000] {logging_mixin.py:190} INFO - [2024-10-24T04:13:23.666+0000] {dag.py:4180} INFO - Setting next_dagrun for example_subdag_operator to 2022-01-01 00:00:00+00:00, run_after=2022-01-01 00:00:00+00:00
[2024-10-24T04:13:23.670+0000] {logging_mixin.py:190} INFO - [2024-10-24T04:13:23.670+0000] {dag.py:4180} INFO - Setting next_dagrun for example_subdag_operator.section-1 to None, run_after=None
[2024-10-24T04:13:23.671+0000] {logging_mixin.py:190} INFO - [2024-10-24T04:13:23.671+0000] {dag.py:4180} INFO - Setting next_dagrun for example_subdag_operator.section-2 to None, run_after=None
[2024-10-24T04:13:23.678+0000] {logging_mixin.py:190} INFO - [2024-10-24T04:13:23.678+0000] {dag.py:3239} INFO - Sync 2 DAGs
[2024-10-24T04:13:23.684+0000] {logging_mixin.py:190} INFO - [2024-10-24T04:13:23.684+0000] {dag.py:4180} INFO - Setting next_dagrun for example_subdag_operator.section-1 to None, run_after=None
[2024-10-24T04:13:23.685+0000] {logging_mixin.py:190} INFO - [2024-10-24T04:13:23.685+0000] {dag.py:4180} INFO - Setting next_dagrun for example_subdag_operator.section-2 to None, run_after=None
[2024-10-24T04:13:23.695+0000] {processor.py:208} INFO - Processing /home/airflow/.local/lib/python3.12/site-packages/airflow/example_dags/example_subdag_operator.py took 0.111 seconds
[2024-10-24T04:13:54.464+0000] {processor.py:186} INFO - Started process (PID=99493) to work on /home/airflow/.local/lib/python3.12/site-packages/airflow/example_dags/example_subdag_operator.py
[2024-10-24T04:13:54.465+0000] {processor.py:914} INFO - Processing file /home/airflow/.local/lib/python3.12/site-packages/airflow/example_dags/example_subdag_operator.py for tasks to queue
[2024-10-24T04:13:54.467+0000] {logging_mixin.py:190} INFO - [2024-10-24T04:13:54.466+0000] {dagbag.py:588} INFO - Filling up the DagBag from /home/airflow/.local/lib/python3.12/site-packages/airflow/example_dags/example_subdag_operator.py
[2024-10-24T04:13:54.497+0000] {processor.py:925} INFO - DAG(s) 'example_subdag_operator.section-1', 'example_subdag_operator.section-2', 'example_subdag_operator' retrieved from /home/airflow/.local/lib/python3.12/site-packages/airflow/example_dags/example_subdag_operator.py
[2024-10-24T04:13:54.517+0000] {logging_mixin.py:190} INFO - [2024-10-24T04:13:54.517+0000] {dag.py:3239} INFO - Sync 3 DAGs
[2024-10-24T04:13:54.547+0000] {logging_mixin.py:190} INFO - [2024-10-24T04:13:54.547+0000] {dag.py:4180} INFO - Setting next_dagrun for example_subdag_operator to 2022-01-01 00:00:00+00:00, run_after=2022-01-01 00:00:00+00:00
[2024-10-24T04:13:54.551+0000] {logging_mixin.py:190} INFO - [2024-10-24T04:13:54.550+0000] {dag.py:4180} INFO - Setting next_dagrun for example_subdag_operator.section-1 to None, run_after=None
[2024-10-24T04:13:54.552+0000] {logging_mixin.py:190} INFO - [2024-10-24T04:13:54.552+0000] {dag.py:4180} INFO - Setting next_dagrun for example_subdag_operator.section-2 to None, run_after=None
[2024-10-24T04:13:54.561+0000] {logging_mixin.py:190} INFO - [2024-10-24T04:13:54.560+0000] {dag.py:3239} INFO - Sync 2 DAGs
[2024-10-24T04:13:54.566+0000] {logging_mixin.py:190} INFO - [2024-10-24T04:13:54.566+0000] {dag.py:4180} INFO - Setting next_dagrun for example_subdag_operator.section-1 to None, run_after=None
[2024-10-24T04:13:54.567+0000] {logging_mixin.py:190} INFO - [2024-10-24T04:13:54.567+0000] {dag.py:4180} INFO - Setting next_dagrun for example_subdag_operator.section-2 to None, run_after=None
[2024-10-24T04:13:54.582+0000] {processor.py:208} INFO - Processing /home/airflow/.local/lib/python3.12/site-packages/airflow/example_dags/example_subdag_operator.py took 0.126 seconds
[2024-10-24T04:14:25.170+0000] {processor.py:186} INFO - Started process (PID=99560) to work on /home/airflow/.local/lib/python3.12/site-packages/airflow/example_dags/example_subdag_operator.py
[2024-10-24T04:14:25.171+0000] {processor.py:914} INFO - Processing file /home/airflow/.local/lib/python3.12/site-packages/airflow/example_dags/example_subdag_operator.py for tasks to queue
[2024-10-24T04:14:25.173+0000] {logging_mixin.py:190} INFO - [2024-10-24T04:14:25.172+0000] {dagbag.py:588} INFO - Filling up the DagBag from /home/airflow/.local/lib/python3.12/site-packages/airflow/example_dags/example_subdag_operator.py
[2024-10-24T04:14:25.202+0000] {processor.py:925} INFO - DAG(s) 'example_subdag_operator.section-1', 'example_subdag_operator.section-2', 'example_subdag_operator' retrieved from /home/airflow/.local/lib/python3.12/site-packages/airflow/example_dags/example_subdag_operator.py
[2024-10-24T04:14:25.222+0000] {logging_mixin.py:190} INFO - [2024-10-24T04:14:25.222+0000] {dag.py:3239} INFO - Sync 3 DAGs
[2024-10-24T04:14:25.252+0000] {logging_mixin.py:190} INFO - [2024-10-24T04:14:25.251+0000] {dag.py:4180} INFO - Setting next_dagrun for example_subdag_operator to 2022-01-01 00:00:00+00:00, run_after=2022-01-01 00:00:00+00:00
[2024-10-24T04:14:25.256+0000] {logging_mixin.py:190} INFO - [2024-10-24T04:14:25.256+0000] {dag.py:4180} INFO - Setting next_dagrun for example_subdag_operator.section-1 to None, run_after=None
[2024-10-24T04:14:25.258+0000] {logging_mixin.py:190} INFO - [2024-10-24T04:14:25.258+0000] {dag.py:4180} INFO - Setting next_dagrun for example_subdag_operator.section-2 to None, run_after=None
[2024-10-24T04:14:25.269+0000] {logging_mixin.py:190} INFO - [2024-10-24T04:14:25.268+0000] {dag.py:3239} INFO - Sync 2 DAGs
[2024-10-24T04:14:25.276+0000] {logging_mixin.py:190} INFO - [2024-10-24T04:14:25.276+0000] {dag.py:4180} INFO - Setting next_dagrun for example_subdag_operator.section-1 to None, run_after=None
[2024-10-24T04:14:25.277+0000] {logging_mixin.py:190} INFO - [2024-10-24T04:14:25.276+0000] {dag.py:4180} INFO - Setting next_dagrun for example_subdag_operator.section-2 to None, run_after=None
[2024-10-24T04:14:25.291+0000] {processor.py:208} INFO - Processing /home/airflow/.local/lib/python3.12/site-packages/airflow/example_dags/example_subdag_operator.py took 0.131 seconds
[2024-10-24T04:14:55.702+0000] {processor.py:186} INFO - Started process (PID=99626) to work on /home/airflow/.local/lib/python3.12/site-packages/airflow/example_dags/example_subdag_operator.py
[2024-10-24T04:14:55.704+0000] {processor.py:914} INFO - Processing file /home/airflow/.local/lib/python3.12/site-packages/airflow/example_dags/example_subdag_operator.py for tasks to queue
[2024-10-24T04:14:55.705+0000] {logging_mixin.py:190} INFO - [2024-10-24T04:14:55.705+0000] {dagbag.py:588} INFO - Filling up the DagBag from /home/airflow/.local/lib/python3.12/site-packages/airflow/example_dags/example_subdag_operator.py
[2024-10-24T04:14:55.735+0000] {processor.py:925} INFO - DAG(s) 'example_subdag_operator.section-1', 'example_subdag_operator.section-2', 'example_subdag_operator' retrieved from /home/airflow/.local/lib/python3.12/site-packages/airflow/example_dags/example_subdag_operator.py
[2024-10-24T04:14:55.755+0000] {logging_mixin.py:190} INFO - [2024-10-24T04:14:55.754+0000] {dag.py:3239} INFO - Sync 3 DAGs
[2024-10-24T04:14:55.782+0000] {logging_mixin.py:190} INFO - [2024-10-24T04:14:55.782+0000] {dag.py:4180} INFO - Setting next_dagrun for example_subdag_operator to 2022-01-01 00:00:00+00:00, run_after=2022-01-01 00:00:00+00:00
[2024-10-24T04:14:55.787+0000] {logging_mixin.py:190} INFO - [2024-10-24T04:14:55.786+0000] {dag.py:4180} INFO - Setting next_dagrun for example_subdag_operator.section-1 to None, run_after=None
[2024-10-24T04:14:55.790+0000] {logging_mixin.py:190} INFO - [2024-10-24T04:14:55.789+0000] {dag.py:4180} INFO - Setting next_dagrun for example_subdag_operator.section-2 to None, run_after=None
[2024-10-24T04:14:55.799+0000] {logging_mixin.py:190} INFO - [2024-10-24T04:14:55.798+0000] {dag.py:3239} INFO - Sync 2 DAGs
[2024-10-24T04:14:55.807+0000] {logging_mixin.py:190} INFO - [2024-10-24T04:14:55.806+0000] {dag.py:4180} INFO - Setting next_dagrun for example_subdag_operator.section-1 to None, run_after=None
[2024-10-24T04:14:55.807+0000] {logging_mixin.py:190} INFO - [2024-10-24T04:14:55.807+0000] {dag.py:4180} INFO - Setting next_dagrun for example_subdag_operator.section-2 to None, run_after=None
[2024-10-24T04:14:55.822+0000] {processor.py:208} INFO - Processing /home/airflow/.local/lib/python3.12/site-packages/airflow/example_dags/example_subdag_operator.py took 0.127 seconds
[2024-10-24T04:15:25.915+0000] {processor.py:186} INFO - Started process (PID=99692) to work on /home/airflow/.local/lib/python3.12/site-packages/airflow/example_dags/example_subdag_operator.py
[2024-10-24T04:15:25.917+0000] {processor.py:914} INFO - Processing file /home/airflow/.local/lib/python3.12/site-packages/airflow/example_dags/example_subdag_operator.py for tasks to queue
[2024-10-24T04:15:25.918+0000] {logging_mixin.py:190} INFO - [2024-10-24T04:15:25.918+0000] {dagbag.py:588} INFO - Filling up the DagBag from /home/airflow/.local/lib/python3.12/site-packages/airflow/example_dags/example_subdag_operator.py
[2024-10-24T04:15:25.948+0000] {processor.py:925} INFO - DAG(s) 'example_subdag_operator.section-1', 'example_subdag_operator.section-2', 'example_subdag_operator' retrieved from /home/airflow/.local/lib/python3.12/site-packages/airflow/example_dags/example_subdag_operator.py
[2024-10-24T04:15:25.968+0000] {logging_mixin.py:190} INFO - [2024-10-24T04:15:25.967+0000] {dag.py:3239} INFO - Sync 3 DAGs
[2024-10-24T04:15:25.994+0000] {logging_mixin.py:190} INFO - [2024-10-24T04:15:25.994+0000] {dag.py:4180} INFO - Setting next_dagrun for example_subdag_operator to 2022-01-01 00:00:00+00:00, run_after=2022-01-01 00:00:00+00:00
[2024-10-24T04:15:25.999+0000] {logging_mixin.py:190} INFO - [2024-10-24T04:15:25.998+0000] {dag.py:4180} INFO - Setting next_dagrun for example_subdag_operator.section-1 to None, run_after=None
[2024-10-24T04:15:26.000+0000] {logging_mixin.py:190} INFO - [2024-10-24T04:15:26.000+0000] {dag.py:4180} INFO - Setting next_dagrun for example_subdag_operator.section-2 to None, run_after=None
[2024-10-24T04:15:26.007+0000] {logging_mixin.py:190} INFO - [2024-10-24T04:15:26.007+0000] {dag.py:3239} INFO - Sync 2 DAGs
[2024-10-24T04:15:26.014+0000] {logging_mixin.py:190} INFO - [2024-10-24T04:15:26.014+0000] {dag.py:4180} INFO - Setting next_dagrun for example_subdag_operator.section-1 to None, run_after=None
[2024-10-24T04:15:26.015+0000] {logging_mixin.py:190} INFO - [2024-10-24T04:15:26.015+0000] {dag.py:4180} INFO - Setting next_dagrun for example_subdag_operator.section-2 to None, run_after=None
[2024-10-24T04:15:26.026+0000] {processor.py:208} INFO - Processing /home/airflow/.local/lib/python3.12/site-packages/airflow/example_dags/example_subdag_operator.py took 0.119 seconds
[2024-10-24T06:56:02.035+0000] {processor.py:186} INFO - Started process (PID=99761) to work on /home/airflow/.local/lib/python3.12/site-packages/airflow/example_dags/example_subdag_operator.py
[2024-10-24T06:56:02.037+0000] {processor.py:914} INFO - Processing file /home/airflow/.local/lib/python3.12/site-packages/airflow/example_dags/example_subdag_operator.py for tasks to queue
[2024-10-24T06:56:02.041+0000] {logging_mixin.py:190} INFO - [2024-10-24T06:56:02.040+0000] {dagbag.py:588} INFO - Filling up the DagBag from /home/airflow/.local/lib/python3.12/site-packages/airflow/example_dags/example_subdag_operator.py
[2024-10-24T06:56:02.082+0000] {processor.py:925} INFO - DAG(s) 'example_subdag_operator.section-1', 'example_subdag_operator.section-2', 'example_subdag_operator' retrieved from /home/airflow/.local/lib/python3.12/site-packages/airflow/example_dags/example_subdag_operator.py
[2024-10-24T06:56:02.107+0000] {logging_mixin.py:190} INFO - [2024-10-24T06:56:02.107+0000] {dag.py:3239} INFO - Sync 3 DAGs
[2024-10-24T06:56:02.132+0000] {logging_mixin.py:190} INFO - [2024-10-24T06:56:02.132+0000] {dag.py:4180} INFO - Setting next_dagrun for example_subdag_operator to 2022-01-01 00:00:00+00:00, run_after=2022-01-01 00:00:00+00:00
[2024-10-24T06:56:02.137+0000] {logging_mixin.py:190} INFO - [2024-10-24T06:56:02.137+0000] {dag.py:4180} INFO - Setting next_dagrun for example_subdag_operator.section-1 to None, run_after=None
[2024-10-24T06:56:02.139+0000] {logging_mixin.py:190} INFO - [2024-10-24T06:56:02.139+0000] {dag.py:4180} INFO - Setting next_dagrun for example_subdag_operator.section-2 to None, run_after=None
[2024-10-24T06:56:02.148+0000] {logging_mixin.py:190} INFO - [2024-10-24T06:56:02.147+0000] {dag.py:3239} INFO - Sync 2 DAGs
[2024-10-24T06:56:02.156+0000] {logging_mixin.py:190} INFO - [2024-10-24T06:56:02.156+0000] {dag.py:4180} INFO - Setting next_dagrun for example_subdag_operator.section-1 to None, run_after=None
[2024-10-24T06:56:02.157+0000] {logging_mixin.py:190} INFO - [2024-10-24T06:56:02.156+0000] {dag.py:4180} INFO - Setting next_dagrun for example_subdag_operator.section-2 to None, run_after=None
[2024-10-24T06:56:02.174+0000] {processor.py:208} INFO - Processing /home/airflow/.local/lib/python3.12/site-packages/airflow/example_dags/example_subdag_operator.py took 0.150 seconds
[2024-10-24T06:56:33.180+0000] {processor.py:186} INFO - Started process (PID=99828) to work on /home/airflow/.local/lib/python3.12/site-packages/airflow/example_dags/example_subdag_operator.py
[2024-10-24T06:56:33.181+0000] {processor.py:914} INFO - Processing file /home/airflow/.local/lib/python3.12/site-packages/airflow/example_dags/example_subdag_operator.py for tasks to queue
[2024-10-24T06:56:33.183+0000] {logging_mixin.py:190} INFO - [2024-10-24T06:56:33.182+0000] {dagbag.py:588} INFO - Filling up the DagBag from /home/airflow/.local/lib/python3.12/site-packages/airflow/example_dags/example_subdag_operator.py
[2024-10-24T06:56:33.208+0000] {processor.py:925} INFO - DAG(s) 'example_subdag_operator.section-1', 'example_subdag_operator.section-2', 'example_subdag_operator' retrieved from /home/airflow/.local/lib/python3.12/site-packages/airflow/example_dags/example_subdag_operator.py
[2024-10-24T06:56:33.227+0000] {logging_mixin.py:190} INFO - [2024-10-24T06:56:33.227+0000] {dag.py:3239} INFO - Sync 3 DAGs
[2024-10-24T06:56:33.254+0000] {logging_mixin.py:190} INFO - [2024-10-24T06:56:33.253+0000] {dag.py:4180} INFO - Setting next_dagrun for example_subdag_operator to 2022-01-01 00:00:00+00:00, run_after=2022-01-01 00:00:00+00:00
[2024-10-24T06:56:33.257+0000] {logging_mixin.py:190} INFO - [2024-10-24T06:56:33.257+0000] {dag.py:4180} INFO - Setting next_dagrun for example_subdag_operator.section-1 to None, run_after=None
[2024-10-24T06:56:33.258+0000] {logging_mixin.py:190} INFO - [2024-10-24T06:56:33.258+0000] {dag.py:4180} INFO - Setting next_dagrun for example_subdag_operator.section-2 to None, run_after=None
[2024-10-24T06:56:33.266+0000] {logging_mixin.py:190} INFO - [2024-10-24T06:56:33.266+0000] {dag.py:3239} INFO - Sync 2 DAGs
[2024-10-24T06:56:33.272+0000] {logging_mixin.py:190} INFO - [2024-10-24T06:56:33.271+0000] {dag.py:4180} INFO - Setting next_dagrun for example_subdag_operator.section-1 to None, run_after=None
[2024-10-24T06:56:33.272+0000] {logging_mixin.py:190} INFO - [2024-10-24T06:56:33.272+0000] {dag.py:4180} INFO - Setting next_dagrun for example_subdag_operator.section-2 to None, run_after=None
[2024-10-24T06:56:33.281+0000] {processor.py:208} INFO - Processing /home/airflow/.local/lib/python3.12/site-packages/airflow/example_dags/example_subdag_operator.py took 0.110 seconds
[2024-10-24T06:57:03.882+0000] {processor.py:186} INFO - Started process (PID=99895) to work on /home/airflow/.local/lib/python3.12/site-packages/airflow/example_dags/example_subdag_operator.py
[2024-10-24T06:57:03.884+0000] {processor.py:914} INFO - Processing file /home/airflow/.local/lib/python3.12/site-packages/airflow/example_dags/example_subdag_operator.py for tasks to queue
[2024-10-24T06:57:03.886+0000] {logging_mixin.py:190} INFO - [2024-10-24T06:57:03.885+0000] {dagbag.py:588} INFO - Filling up the DagBag from /home/airflow/.local/lib/python3.12/site-packages/airflow/example_dags/example_subdag_operator.py
[2024-10-24T06:57:03.917+0000] {processor.py:925} INFO - DAG(s) 'example_subdag_operator.section-1', 'example_subdag_operator.section-2', 'example_subdag_operator' retrieved from /home/airflow/.local/lib/python3.12/site-packages/airflow/example_dags/example_subdag_operator.py
[2024-10-24T06:57:03.936+0000] {logging_mixin.py:190} INFO - [2024-10-24T06:57:03.936+0000] {dag.py:3239} INFO - Sync 3 DAGs
[2024-10-24T06:57:03.964+0000] {logging_mixin.py:190} INFO - [2024-10-24T06:57:03.964+0000] {dag.py:4180} INFO - Setting next_dagrun for example_subdag_operator to 2022-01-01 00:00:00+00:00, run_after=2022-01-01 00:00:00+00:00
[2024-10-24T06:57:03.970+0000] {logging_mixin.py:190} INFO - [2024-10-24T06:57:03.970+0000] {dag.py:4180} INFO - Setting next_dagrun for example_subdag_operator.section-1 to None, run_after=None
[2024-10-24T06:57:03.972+0000] {logging_mixin.py:190} INFO - [2024-10-24T06:57:03.972+0000] {dag.py:4180} INFO - Setting next_dagrun for example_subdag_operator.section-2 to None, run_after=None
[2024-10-24T06:57:03.984+0000] {logging_mixin.py:190} INFO - [2024-10-24T06:57:03.983+0000] {dag.py:3239} INFO - Sync 2 DAGs
[2024-10-24T06:57:03.992+0000] {logging_mixin.py:190} INFO - [2024-10-24T06:57:03.992+0000] {dag.py:4180} INFO - Setting next_dagrun for example_subdag_operator.section-1 to None, run_after=None
[2024-10-24T06:57:03.992+0000] {logging_mixin.py:190} INFO - [2024-10-24T06:57:03.992+0000] {dag.py:4180} INFO - Setting next_dagrun for example_subdag_operator.section-2 to None, run_after=None
[2024-10-24T06:57:04.006+0000] {processor.py:208} INFO - Processing /home/airflow/.local/lib/python3.12/site-packages/airflow/example_dags/example_subdag_operator.py took 0.134 seconds
[2024-10-24T06:57:34.436+0000] {processor.py:186} INFO - Started process (PID=99962) to work on /home/airflow/.local/lib/python3.12/site-packages/airflow/example_dags/example_subdag_operator.py
[2024-10-24T06:57:34.438+0000] {processor.py:914} INFO - Processing file /home/airflow/.local/lib/python3.12/site-packages/airflow/example_dags/example_subdag_operator.py for tasks to queue
[2024-10-24T06:57:34.440+0000] {logging_mixin.py:190} INFO - [2024-10-24T06:57:34.439+0000] {dagbag.py:588} INFO - Filling up the DagBag from /home/airflow/.local/lib/python3.12/site-packages/airflow/example_dags/example_subdag_operator.py
[2024-10-24T06:57:34.492+0000] {processor.py:925} INFO - DAG(s) 'example_subdag_operator.section-1', 'example_subdag_operator.section-2', 'example_subdag_operator' retrieved from /home/airflow/.local/lib/python3.12/site-packages/airflow/example_dags/example_subdag_operator.py
[2024-10-24T06:57:34.527+0000] {logging_mixin.py:190} INFO - [2024-10-24T06:57:34.526+0000] {dag.py:3239} INFO - Sync 3 DAGs
[2024-10-24T06:57:34.557+0000] {logging_mixin.py:190} INFO - [2024-10-24T06:57:34.557+0000] {dag.py:4180} INFO - Setting next_dagrun for example_subdag_operator to 2022-01-01 00:00:00+00:00, run_after=2022-01-01 00:00:00+00:00
[2024-10-24T06:57:34.563+0000] {logging_mixin.py:190} INFO - [2024-10-24T06:57:34.563+0000] {dag.py:4180} INFO - Setting next_dagrun for example_subdag_operator.section-1 to None, run_after=None
[2024-10-24T06:57:34.565+0000] {logging_mixin.py:190} INFO - [2024-10-24T06:57:34.565+0000] {dag.py:4180} INFO - Setting next_dagrun for example_subdag_operator.section-2 to None, run_after=None
[2024-10-24T06:57:34.579+0000] {logging_mixin.py:190} INFO - [2024-10-24T06:57:34.579+0000] {dag.py:3239} INFO - Sync 2 DAGs
[2024-10-24T06:57:34.587+0000] {logging_mixin.py:190} INFO - [2024-10-24T06:57:34.587+0000] {dag.py:4180} INFO - Setting next_dagrun for example_subdag_operator.section-1 to None, run_after=None
[2024-10-24T06:57:34.588+0000] {logging_mixin.py:190} INFO - [2024-10-24T06:57:34.588+0000] {dag.py:4180} INFO - Setting next_dagrun for example_subdag_operator.section-2 to None, run_after=None
[2024-10-24T06:57:34.609+0000] {processor.py:208} INFO - Processing /home/airflow/.local/lib/python3.12/site-packages/airflow/example_dags/example_subdag_operator.py took 0.183 seconds
[2024-10-24T06:58:04.682+0000] {processor.py:186} INFO - Started process (PID=100028) to work on /home/airflow/.local/lib/python3.12/site-packages/airflow/example_dags/example_subdag_operator.py
[2024-10-24T06:58:04.683+0000] {processor.py:914} INFO - Processing file /home/airflow/.local/lib/python3.12/site-packages/airflow/example_dags/example_subdag_operator.py for tasks to queue
[2024-10-24T06:58:04.685+0000] {logging_mixin.py:190} INFO - [2024-10-24T06:58:04.685+0000] {dagbag.py:588} INFO - Filling up the DagBag from /home/airflow/.local/lib/python3.12/site-packages/airflow/example_dags/example_subdag_operator.py
[2024-10-24T06:58:04.713+0000] {processor.py:925} INFO - DAG(s) 'example_subdag_operator.section-1', 'example_subdag_operator.section-2', 'example_subdag_operator' retrieved from /home/airflow/.local/lib/python3.12/site-packages/airflow/example_dags/example_subdag_operator.py
[2024-10-24T06:58:04.732+0000] {logging_mixin.py:190} INFO - [2024-10-24T06:58:04.732+0000] {dag.py:3239} INFO - Sync 3 DAGs
[2024-10-24T06:58:04.762+0000] {logging_mixin.py:190} INFO - [2024-10-24T06:58:04.761+0000] {dag.py:4180} INFO - Setting next_dagrun for example_subdag_operator to 2022-01-01 00:00:00+00:00, run_after=2022-01-01 00:00:00+00:00
[2024-10-24T06:58:04.766+0000] {logging_mixin.py:190} INFO - [2024-10-24T06:58:04.766+0000] {dag.py:4180} INFO - Setting next_dagrun for example_subdag_operator.section-1 to None, run_after=None
[2024-10-24T06:58:04.768+0000] {logging_mixin.py:190} INFO - [2024-10-24T06:58:04.767+0000] {dag.py:4180} INFO - Setting next_dagrun for example_subdag_operator.section-2 to None, run_after=None
[2024-10-24T06:58:04.776+0000] {logging_mixin.py:190} INFO - [2024-10-24T06:58:04.776+0000] {dag.py:3239} INFO - Sync 2 DAGs
[2024-10-24T06:58:04.783+0000] {logging_mixin.py:190} INFO - [2024-10-24T06:58:04.783+0000] {dag.py:4180} INFO - Setting next_dagrun for example_subdag_operator.section-1 to None, run_after=None
[2024-10-24T06:58:04.783+0000] {logging_mixin.py:190} INFO - [2024-10-24T06:58:04.783+0000] {dag.py:4180} INFO - Setting next_dagrun for example_subdag_operator.section-2 to None, run_after=None
[2024-10-24T06:58:04.797+0000] {processor.py:208} INFO - Processing /home/airflow/.local/lib/python3.12/site-packages/airflow/example_dags/example_subdag_operator.py took 0.122 seconds
[2024-10-24T06:58:35.176+0000] {processor.py:186} INFO - Started process (PID=100094) to work on /home/airflow/.local/lib/python3.12/site-packages/airflow/example_dags/example_subdag_operator.py
[2024-10-24T06:58:35.178+0000] {processor.py:914} INFO - Processing file /home/airflow/.local/lib/python3.12/site-packages/airflow/example_dags/example_subdag_operator.py for tasks to queue
[2024-10-24T06:58:35.179+0000] {logging_mixin.py:190} INFO - [2024-10-24T06:58:35.179+0000] {dagbag.py:588} INFO - Filling up the DagBag from /home/airflow/.local/lib/python3.12/site-packages/airflow/example_dags/example_subdag_operator.py
[2024-10-24T06:58:35.213+0000] {processor.py:925} INFO - DAG(s) 'example_subdag_operator.section-1', 'example_subdag_operator.section-2', 'example_subdag_operator' retrieved from /home/airflow/.local/lib/python3.12/site-packages/airflow/example_dags/example_subdag_operator.py
[2024-10-24T06:58:35.233+0000] {logging_mixin.py:190} INFO - [2024-10-24T06:58:35.232+0000] {dag.py:3239} INFO - Sync 3 DAGs
[2024-10-24T06:58:35.260+0000] {logging_mixin.py:190} INFO - [2024-10-24T06:58:35.260+0000] {dag.py:4180} INFO - Setting next_dagrun for example_subdag_operator to 2022-01-01 00:00:00+00:00, run_after=2022-01-01 00:00:00+00:00
[2024-10-24T06:58:35.478+0000] {logging_mixin.py:190} INFO - [2024-10-24T06:58:35.478+0000] {dag.py:4180} INFO - Setting next_dagrun for example_subdag_operator.section-1 to None, run_after=None
[2024-10-24T06:58:35.480+0000] {logging_mixin.py:190} INFO - [2024-10-24T06:58:35.479+0000] {dag.py:4180} INFO - Setting next_dagrun for example_subdag_operator.section-2 to None, run_after=None
[2024-10-24T06:58:35.489+0000] {logging_mixin.py:190} INFO - [2024-10-24T06:58:35.489+0000] {dag.py:3239} INFO - Sync 2 DAGs
[2024-10-24T06:58:35.498+0000] {logging_mixin.py:190} INFO - [2024-10-24T06:58:35.498+0000] {dag.py:4180} INFO - Setting next_dagrun for example_subdag_operator.section-1 to None, run_after=None
[2024-10-24T06:58:35.499+0000] {logging_mixin.py:190} INFO - [2024-10-24T06:58:35.499+0000] {dag.py:4180} INFO - Setting next_dagrun for example_subdag_operator.section-2 to None, run_after=None
[2024-10-24T06:58:35.512+0000] {processor.py:208} INFO - Processing /home/airflow/.local/lib/python3.12/site-packages/airflow/example_dags/example_subdag_operator.py took 0.345 seconds
[2024-10-24T06:59:05.560+0000] {processor.py:186} INFO - Started process (PID=100160) to work on /home/airflow/.local/lib/python3.12/site-packages/airflow/example_dags/example_subdag_operator.py
[2024-10-24T06:59:05.562+0000] {processor.py:914} INFO - Processing file /home/airflow/.local/lib/python3.12/site-packages/airflow/example_dags/example_subdag_operator.py for tasks to queue
[2024-10-24T06:59:05.564+0000] {logging_mixin.py:190} INFO - [2024-10-24T06:59:05.564+0000] {dagbag.py:588} INFO - Filling up the DagBag from /home/airflow/.local/lib/python3.12/site-packages/airflow/example_dags/example_subdag_operator.py
[2024-10-24T06:59:05.593+0000] {processor.py:925} INFO - DAG(s) 'example_subdag_operator.section-1', 'example_subdag_operator.section-2', 'example_subdag_operator' retrieved from /home/airflow/.local/lib/python3.12/site-packages/airflow/example_dags/example_subdag_operator.py
[2024-10-24T06:59:05.614+0000] {logging_mixin.py:190} INFO - [2024-10-24T06:59:05.614+0000] {dag.py:3239} INFO - Sync 3 DAGs
[2024-10-24T06:59:05.641+0000] {logging_mixin.py:190} INFO - [2024-10-24T06:59:05.640+0000] {dag.py:4180} INFO - Setting next_dagrun for example_subdag_operator to 2022-01-01 00:00:00+00:00, run_after=2022-01-01 00:00:00+00:00
[2024-10-24T06:59:05.646+0000] {logging_mixin.py:190} INFO - [2024-10-24T06:59:05.646+0000] {dag.py:4180} INFO - Setting next_dagrun for example_subdag_operator.section-1 to None, run_after=None
[2024-10-24T06:59:05.648+0000] {logging_mixin.py:190} INFO - [2024-10-24T06:59:05.648+0000] {dag.py:4180} INFO - Setting next_dagrun for example_subdag_operator.section-2 to None, run_after=None
[2024-10-24T06:59:05.855+0000] {logging_mixin.py:190} INFO - [2024-10-24T06:59:05.855+0000] {dag.py:3239} INFO - Sync 2 DAGs
[2024-10-24T06:59:05.862+0000] {logging_mixin.py:190} INFO - [2024-10-24T06:59:05.862+0000] {dag.py:4180} INFO - Setting next_dagrun for example_subdag_operator.section-1 to None, run_after=None
[2024-10-24T06:59:05.863+0000] {logging_mixin.py:190} INFO - [2024-10-24T06:59:05.863+0000] {dag.py:4180} INFO - Setting next_dagrun for example_subdag_operator.section-2 to None, run_after=None
[2024-10-24T06:59:05.874+0000] {processor.py:208} INFO - Processing /home/airflow/.local/lib/python3.12/site-packages/airflow/example_dags/example_subdag_operator.py took 0.324 seconds
