[2024-10-24T04:09:17.134+0000] {processor.py:186} INFO - Started process (PID=98884) to work on /home/airflow/.local/lib/python3.12/site-packages/airflow/example_dags/example_sensor_decorator.py
[2024-10-24T04:09:17.137+0000] {processor.py:914} INFO - Processing file /home/airflow/.local/lib/python3.12/site-packages/airflow/example_dags/example_sensor_decorator.py for tasks to queue
[2024-10-24T04:09:17.140+0000] {logging_mixin.py:190} INFO - [2024-10-24T04:09:17.139+0000] {dagbag.py:588} INFO - Filling up the DagBag from /home/airflow/.local/lib/python3.12/site-packages/airflow/example_dags/example_sensor_decorator.py
[2024-10-24T04:09:17.158+0000] {processor.py:925} INFO - DAG(s) 'example_sensor_decorator' retrieved from /home/airflow/.local/lib/python3.12/site-packages/airflow/example_dags/example_sensor_decorator.py
[2024-10-24T04:09:17.220+0000] {logging_mixin.py:190} INFO - [2024-10-24T04:09:17.220+0000] {dag.py:3239} INFO - Sync 1 DAGs
[2024-10-24T04:09:17.245+0000] {logging_mixin.py:190} INFO - [2024-10-24T04:09:17.244+0000] {dag.py:4180} INFO - Setting next_dagrun for example_sensor_decorator to None, run_after=None
[2024-10-24T04:09:17.268+0000] {processor.py:208} INFO - Processing /home/airflow/.local/lib/python3.12/site-packages/airflow/example_dags/example_sensor_decorator.py took 0.155 seconds
[2024-10-24T04:09:48.129+0000] {processor.py:186} INFO - Started process (PID=98950) to work on /home/airflow/.local/lib/python3.12/site-packages/airflow/example_dags/example_sensor_decorator.py
[2024-10-24T04:09:48.130+0000] {processor.py:914} INFO - Processing file /home/airflow/.local/lib/python3.12/site-packages/airflow/example_dags/example_sensor_decorator.py for tasks to queue
[2024-10-24T04:09:48.132+0000] {logging_mixin.py:190} INFO - [2024-10-24T04:09:48.131+0000] {dagbag.py:588} INFO - Filling up the DagBag from /home/airflow/.local/lib/python3.12/site-packages/airflow/example_dags/example_sensor_decorator.py
[2024-10-24T04:09:48.138+0000] {processor.py:925} INFO - DAG(s) 'example_sensor_decorator' retrieved from /home/airflow/.local/lib/python3.12/site-packages/airflow/example_dags/example_sensor_decorator.py
[2024-10-24T04:09:48.164+0000] {logging_mixin.py:190} INFO - [2024-10-24T04:09:48.163+0000] {dag.py:3239} INFO - Sync 1 DAGs
[2024-10-24T04:09:48.182+0000] {logging_mixin.py:190} INFO - [2024-10-24T04:09:48.182+0000] {dag.py:4180} INFO - Setting next_dagrun for example_sensor_decorator to None, run_after=None
[2024-10-24T04:09:48.204+0000] {processor.py:208} INFO - Processing /home/airflow/.local/lib/python3.12/site-packages/airflow/example_dags/example_sensor_decorator.py took 0.084 seconds
[2024-10-24T04:10:18.827+0000] {processor.py:186} INFO - Started process (PID=99017) to work on /home/airflow/.local/lib/python3.12/site-packages/airflow/example_dags/example_sensor_decorator.py
[2024-10-24T04:10:18.828+0000] {processor.py:914} INFO - Processing file /home/airflow/.local/lib/python3.12/site-packages/airflow/example_dags/example_sensor_decorator.py for tasks to queue
[2024-10-24T04:10:18.829+0000] {logging_mixin.py:190} INFO - [2024-10-24T04:10:18.829+0000] {dagbag.py:588} INFO - Filling up the DagBag from /home/airflow/.local/lib/python3.12/site-packages/airflow/example_dags/example_sensor_decorator.py
[2024-10-24T04:10:18.836+0000] {processor.py:925} INFO - DAG(s) 'example_sensor_decorator' retrieved from /home/airflow/.local/lib/python3.12/site-packages/airflow/example_dags/example_sensor_decorator.py
[2024-10-24T04:10:18.861+0000] {logging_mixin.py:190} INFO - [2024-10-24T04:10:18.861+0000] {dag.py:3239} INFO - Sync 1 DAGs
[2024-10-24T04:10:18.878+0000] {logging_mixin.py:190} INFO - [2024-10-24T04:10:18.878+0000] {dag.py:4180} INFO - Setting next_dagrun for example_sensor_decorator to None, run_after=None
[2024-10-24T04:10:18.898+0000] {processor.py:208} INFO - Processing /home/airflow/.local/lib/python3.12/site-packages/airflow/example_dags/example_sensor_decorator.py took 0.079 seconds
[2024-10-24T04:10:49.548+0000] {processor.py:186} INFO - Started process (PID=99083) to work on /home/airflow/.local/lib/python3.12/site-packages/airflow/example_dags/example_sensor_decorator.py
[2024-10-24T04:10:49.549+0000] {processor.py:914} INFO - Processing file /home/airflow/.local/lib/python3.12/site-packages/airflow/example_dags/example_sensor_decorator.py for tasks to queue
[2024-10-24T04:10:49.551+0000] {logging_mixin.py:190} INFO - [2024-10-24T04:10:49.551+0000] {dagbag.py:588} INFO - Filling up the DagBag from /home/airflow/.local/lib/python3.12/site-packages/airflow/example_dags/example_sensor_decorator.py
[2024-10-24T04:10:49.558+0000] {processor.py:925} INFO - DAG(s) 'example_sensor_decorator' retrieved from /home/airflow/.local/lib/python3.12/site-packages/airflow/example_dags/example_sensor_decorator.py
[2024-10-24T04:10:49.583+0000] {logging_mixin.py:190} INFO - [2024-10-24T04:10:49.583+0000] {dag.py:3239} INFO - Sync 1 DAGs
[2024-10-24T04:10:49.605+0000] {logging_mixin.py:190} INFO - [2024-10-24T04:10:49.604+0000] {dag.py:4180} INFO - Setting next_dagrun for example_sensor_decorator to None, run_after=None
[2024-10-24T04:10:49.624+0000] {processor.py:208} INFO - Processing /home/airflow/.local/lib/python3.12/site-packages/airflow/example_dags/example_sensor_decorator.py took 0.085 seconds
[2024-10-24T04:11:20.340+0000] {processor.py:186} INFO - Started process (PID=99149) to work on /home/airflow/.local/lib/python3.12/site-packages/airflow/example_dags/example_sensor_decorator.py
[2024-10-24T04:11:20.342+0000] {processor.py:914} INFO - Processing file /home/airflow/.local/lib/python3.12/site-packages/airflow/example_dags/example_sensor_decorator.py for tasks to queue
[2024-10-24T04:11:20.343+0000] {logging_mixin.py:190} INFO - [2024-10-24T04:11:20.343+0000] {dagbag.py:588} INFO - Filling up the DagBag from /home/airflow/.local/lib/python3.12/site-packages/airflow/example_dags/example_sensor_decorator.py
[2024-10-24T04:11:20.350+0000] {processor.py:925} INFO - DAG(s) 'example_sensor_decorator' retrieved from /home/airflow/.local/lib/python3.12/site-packages/airflow/example_dags/example_sensor_decorator.py
[2024-10-24T04:11:20.378+0000] {logging_mixin.py:190} INFO - [2024-10-24T04:11:20.378+0000] {dag.py:3239} INFO - Sync 1 DAGs
[2024-10-24T04:11:20.395+0000] {logging_mixin.py:190} INFO - [2024-10-24T04:11:20.395+0000] {dag.py:4180} INFO - Setting next_dagrun for example_sensor_decorator to None, run_after=None
[2024-10-24T04:11:20.417+0000] {processor.py:208} INFO - Processing /home/airflow/.local/lib/python3.12/site-packages/airflow/example_dags/example_sensor_decorator.py took 0.087 seconds
[2024-10-24T04:11:51.109+0000] {processor.py:186} INFO - Started process (PID=99222) to work on /home/airflow/.local/lib/python3.12/site-packages/airflow/example_dags/example_sensor_decorator.py
[2024-10-24T04:11:51.111+0000] {processor.py:914} INFO - Processing file /home/airflow/.local/lib/python3.12/site-packages/airflow/example_dags/example_sensor_decorator.py for tasks to queue
[2024-10-24T04:11:51.112+0000] {logging_mixin.py:190} INFO - [2024-10-24T04:11:51.112+0000] {dagbag.py:588} INFO - Filling up the DagBag from /home/airflow/.local/lib/python3.12/site-packages/airflow/example_dags/example_sensor_decorator.py
[2024-10-24T04:11:51.120+0000] {processor.py:925} INFO - DAG(s) 'example_sensor_decorator' retrieved from /home/airflow/.local/lib/python3.12/site-packages/airflow/example_dags/example_sensor_decorator.py
[2024-10-24T04:11:51.145+0000] {logging_mixin.py:190} INFO - [2024-10-24T04:11:51.144+0000] {dag.py:3239} INFO - Sync 1 DAGs
[2024-10-24T04:11:51.164+0000] {logging_mixin.py:190} INFO - [2024-10-24T04:11:51.163+0000] {dag.py:4180} INFO - Setting next_dagrun for example_sensor_decorator to None, run_after=None
[2024-10-24T04:11:51.184+0000] {processor.py:208} INFO - Processing /home/airflow/.local/lib/python3.12/site-packages/airflow/example_dags/example_sensor_decorator.py took 0.082 seconds
[2024-10-24T04:12:21.530+0000] {processor.py:186} INFO - Started process (PID=99289) to work on /home/airflow/.local/lib/python3.12/site-packages/airflow/example_dags/example_sensor_decorator.py
[2024-10-24T04:12:21.531+0000] {processor.py:914} INFO - Processing file /home/airflow/.local/lib/python3.12/site-packages/airflow/example_dags/example_sensor_decorator.py for tasks to queue
[2024-10-24T04:12:21.532+0000] {logging_mixin.py:190} INFO - [2024-10-24T04:12:21.532+0000] {dagbag.py:588} INFO - Filling up the DagBag from /home/airflow/.local/lib/python3.12/site-packages/airflow/example_dags/example_sensor_decorator.py
[2024-10-24T04:12:21.540+0000] {processor.py:925} INFO - DAG(s) 'example_sensor_decorator' retrieved from /home/airflow/.local/lib/python3.12/site-packages/airflow/example_dags/example_sensor_decorator.py
[2024-10-24T04:12:21.566+0000] {logging_mixin.py:190} INFO - [2024-10-24T04:12:21.566+0000] {dag.py:3239} INFO - Sync 1 DAGs
[2024-10-24T04:12:21.587+0000] {logging_mixin.py:190} INFO - [2024-10-24T04:12:21.587+0000] {dag.py:4180} INFO - Setting next_dagrun for example_sensor_decorator to None, run_after=None
[2024-10-24T04:12:21.608+0000] {processor.py:208} INFO - Processing /home/airflow/.local/lib/python3.12/site-packages/airflow/example_dags/example_sensor_decorator.py took 0.088 seconds
[2024-10-24T04:12:52.545+0000] {processor.py:186} INFO - Started process (PID=99355) to work on /home/airflow/.local/lib/python3.12/site-packages/airflow/example_dags/example_sensor_decorator.py
[2024-10-24T04:12:52.547+0000] {processor.py:914} INFO - Processing file /home/airflow/.local/lib/python3.12/site-packages/airflow/example_dags/example_sensor_decorator.py for tasks to queue
[2024-10-24T04:12:52.548+0000] {logging_mixin.py:190} INFO - [2024-10-24T04:12:52.548+0000] {dagbag.py:588} INFO - Filling up the DagBag from /home/airflow/.local/lib/python3.12/site-packages/airflow/example_dags/example_sensor_decorator.py
[2024-10-24T04:12:52.555+0000] {processor.py:925} INFO - DAG(s) 'example_sensor_decorator' retrieved from /home/airflow/.local/lib/python3.12/site-packages/airflow/example_dags/example_sensor_decorator.py
[2024-10-24T04:12:52.585+0000] {logging_mixin.py:190} INFO - [2024-10-24T04:12:52.584+0000] {dag.py:3239} INFO - Sync 1 DAGs
[2024-10-24T04:12:52.602+0000] {logging_mixin.py:190} INFO - [2024-10-24T04:12:52.602+0000] {dag.py:4180} INFO - Setting next_dagrun for example_sensor_decorator to None, run_after=None
[2024-10-24T04:12:52.625+0000] {processor.py:208} INFO - Processing /home/airflow/.local/lib/python3.12/site-packages/airflow/example_dags/example_sensor_decorator.py took 0.089 seconds
[2024-10-24T04:13:22.871+0000] {processor.py:186} INFO - Started process (PID=99421) to work on /home/airflow/.local/lib/python3.12/site-packages/airflow/example_dags/example_sensor_decorator.py
[2024-10-24T04:13:22.872+0000] {processor.py:914} INFO - Processing file /home/airflow/.local/lib/python3.12/site-packages/airflow/example_dags/example_sensor_decorator.py for tasks to queue
[2024-10-24T04:13:22.874+0000] {logging_mixin.py:190} INFO - [2024-10-24T04:13:22.873+0000] {dagbag.py:588} INFO - Filling up the DagBag from /home/airflow/.local/lib/python3.12/site-packages/airflow/example_dags/example_sensor_decorator.py
[2024-10-24T04:13:22.883+0000] {processor.py:925} INFO - DAG(s) 'example_sensor_decorator' retrieved from /home/airflow/.local/lib/python3.12/site-packages/airflow/example_dags/example_sensor_decorator.py
[2024-10-24T04:13:22.909+0000] {logging_mixin.py:190} INFO - [2024-10-24T04:13:22.908+0000] {dag.py:3239} INFO - Sync 1 DAGs
[2024-10-24T04:13:22.929+0000] {logging_mixin.py:190} INFO - [2024-10-24T04:13:22.929+0000] {dag.py:4180} INFO - Setting next_dagrun for example_sensor_decorator to None, run_after=None
[2024-10-24T04:13:22.951+0000] {processor.py:208} INFO - Processing /home/airflow/.local/lib/python3.12/site-packages/airflow/example_dags/example_sensor_decorator.py took 0.087 seconds
[2024-10-24T04:13:53.150+0000] {processor.py:186} INFO - Started process (PID=99488) to work on /home/airflow/.local/lib/python3.12/site-packages/airflow/example_dags/example_sensor_decorator.py
[2024-10-24T04:13:53.151+0000] {processor.py:914} INFO - Processing file /home/airflow/.local/lib/python3.12/site-packages/airflow/example_dags/example_sensor_decorator.py for tasks to queue
[2024-10-24T04:13:53.153+0000] {logging_mixin.py:190} INFO - [2024-10-24T04:13:53.152+0000] {dagbag.py:588} INFO - Filling up the DagBag from /home/airflow/.local/lib/python3.12/site-packages/airflow/example_dags/example_sensor_decorator.py
[2024-10-24T04:13:53.159+0000] {processor.py:925} INFO - DAG(s) 'example_sensor_decorator' retrieved from /home/airflow/.local/lib/python3.12/site-packages/airflow/example_dags/example_sensor_decorator.py
[2024-10-24T04:13:53.183+0000] {logging_mixin.py:190} INFO - [2024-10-24T04:13:53.183+0000] {dag.py:3239} INFO - Sync 1 DAGs
[2024-10-24T04:13:53.201+0000] {logging_mixin.py:190} INFO - [2024-10-24T04:13:53.200+0000] {dag.py:4180} INFO - Setting next_dagrun for example_sensor_decorator to None, run_after=None
[2024-10-24T04:13:53.219+0000] {processor.py:208} INFO - Processing /home/airflow/.local/lib/python3.12/site-packages/airflow/example_dags/example_sensor_decorator.py took 0.076 seconds
[2024-10-24T04:14:23.861+0000] {processor.py:186} INFO - Started process (PID=99555) to work on /home/airflow/.local/lib/python3.12/site-packages/airflow/example_dags/example_sensor_decorator.py
[2024-10-24T04:14:23.863+0000] {processor.py:914} INFO - Processing file /home/airflow/.local/lib/python3.12/site-packages/airflow/example_dags/example_sensor_decorator.py for tasks to queue
[2024-10-24T04:14:23.864+0000] {logging_mixin.py:190} INFO - [2024-10-24T04:14:23.864+0000] {dagbag.py:588} INFO - Filling up the DagBag from /home/airflow/.local/lib/python3.12/site-packages/airflow/example_dags/example_sensor_decorator.py
[2024-10-24T04:14:23.871+0000] {processor.py:925} INFO - DAG(s) 'example_sensor_decorator' retrieved from /home/airflow/.local/lib/python3.12/site-packages/airflow/example_dags/example_sensor_decorator.py
[2024-10-24T04:14:23.893+0000] {logging_mixin.py:190} INFO - [2024-10-24T04:14:23.892+0000] {dag.py:3239} INFO - Sync 1 DAGs
[2024-10-24T04:14:23.911+0000] {logging_mixin.py:190} INFO - [2024-10-24T04:14:23.910+0000] {dag.py:4180} INFO - Setting next_dagrun for example_sensor_decorator to None, run_after=None
[2024-10-24T04:14:23.932+0000] {processor.py:208} INFO - Processing /home/airflow/.local/lib/python3.12/site-packages/airflow/example_dags/example_sensor_decorator.py took 0.079 seconds
[2024-10-24T04:14:54.398+0000] {processor.py:186} INFO - Started process (PID=99621) to work on /home/airflow/.local/lib/python3.12/site-packages/airflow/example_dags/example_sensor_decorator.py
[2024-10-24T04:14:54.399+0000] {processor.py:914} INFO - Processing file /home/airflow/.local/lib/python3.12/site-packages/airflow/example_dags/example_sensor_decorator.py for tasks to queue
[2024-10-24T04:14:54.401+0000] {logging_mixin.py:190} INFO - [2024-10-24T04:14:54.400+0000] {dagbag.py:588} INFO - Filling up the DagBag from /home/airflow/.local/lib/python3.12/site-packages/airflow/example_dags/example_sensor_decorator.py
[2024-10-24T04:14:54.408+0000] {processor.py:925} INFO - DAG(s) 'example_sensor_decorator' retrieved from /home/airflow/.local/lib/python3.12/site-packages/airflow/example_dags/example_sensor_decorator.py
[2024-10-24T04:14:54.433+0000] {logging_mixin.py:190} INFO - [2024-10-24T04:14:54.433+0000] {dag.py:3239} INFO - Sync 1 DAGs
[2024-10-24T04:14:54.449+0000] {logging_mixin.py:190} INFO - [2024-10-24T04:14:54.449+0000] {dag.py:4180} INFO - Setting next_dagrun for example_sensor_decorator to None, run_after=None
[2024-10-24T04:14:54.473+0000] {processor.py:208} INFO - Processing /home/airflow/.local/lib/python3.12/site-packages/airflow/example_dags/example_sensor_decorator.py took 0.082 seconds
[2024-10-24T04:15:24.525+0000] {processor.py:186} INFO - Started process (PID=99688) to work on /home/airflow/.local/lib/python3.12/site-packages/airflow/example_dags/example_sensor_decorator.py
[2024-10-24T04:15:24.528+0000] {processor.py:914} INFO - Processing file /home/airflow/.local/lib/python3.12/site-packages/airflow/example_dags/example_sensor_decorator.py for tasks to queue
[2024-10-24T04:15:24.530+0000] {logging_mixin.py:190} INFO - [2024-10-24T04:15:24.530+0000] {dagbag.py:588} INFO - Filling up the DagBag from /home/airflow/.local/lib/python3.12/site-packages/airflow/example_dags/example_sensor_decorator.py
[2024-10-24T04:15:24.537+0000] {processor.py:925} INFO - DAG(s) 'example_sensor_decorator' retrieved from /home/airflow/.local/lib/python3.12/site-packages/airflow/example_dags/example_sensor_decorator.py
[2024-10-24T04:15:24.564+0000] {logging_mixin.py:190} INFO - [2024-10-24T04:15:24.564+0000] {dag.py:3239} INFO - Sync 1 DAGs
[2024-10-24T04:15:24.582+0000] {logging_mixin.py:190} INFO - [2024-10-24T04:15:24.582+0000] {dag.py:4180} INFO - Setting next_dagrun for example_sensor_decorator to None, run_after=None
[2024-10-24T04:15:24.604+0000] {processor.py:208} INFO - Processing /home/airflow/.local/lib/python3.12/site-packages/airflow/example_dags/example_sensor_decorator.py took 0.087 seconds
[2024-10-24T06:56:00.937+0000] {processor.py:186} INFO - Started process (PID=99756) to work on /home/airflow/.local/lib/python3.12/site-packages/airflow/example_dags/example_sensor_decorator.py
[2024-10-24T06:56:00.940+0000] {processor.py:914} INFO - Processing file /home/airflow/.local/lib/python3.12/site-packages/airflow/example_dags/example_sensor_decorator.py for tasks to queue
[2024-10-24T06:56:00.946+0000] {logging_mixin.py:190} INFO - [2024-10-24T06:56:00.945+0000] {dagbag.py:588} INFO - Filling up the DagBag from /home/airflow/.local/lib/python3.12/site-packages/airflow/example_dags/example_sensor_decorator.py
[2024-10-24T06:56:00.960+0000] {processor.py:925} INFO - DAG(s) 'example_sensor_decorator' retrieved from /home/airflow/.local/lib/python3.12/site-packages/airflow/example_dags/example_sensor_decorator.py
[2024-10-24T06:56:01.018+0000] {logging_mixin.py:190} INFO - [2024-10-24T06:56:01.017+0000] {dag.py:3239} INFO - Sync 1 DAGs
[2024-10-24T06:56:01.041+0000] {logging_mixin.py:190} INFO - [2024-10-24T06:56:01.040+0000] {dag.py:4180} INFO - Setting next_dagrun for example_sensor_decorator to None, run_after=None
[2024-10-24T06:56:01.070+0000] {processor.py:208} INFO - Processing /home/airflow/.local/lib/python3.12/site-packages/airflow/example_dags/example_sensor_decorator.py took 0.147 seconds
[2024-10-24T06:56:31.391+0000] {processor.py:186} INFO - Started process (PID=99822) to work on /home/airflow/.local/lib/python3.12/site-packages/airflow/example_dags/example_sensor_decorator.py
[2024-10-24T06:56:31.393+0000] {processor.py:914} INFO - Processing file /home/airflow/.local/lib/python3.12/site-packages/airflow/example_dags/example_sensor_decorator.py for tasks to queue
[2024-10-24T06:56:31.394+0000] {logging_mixin.py:190} INFO - [2024-10-24T06:56:31.394+0000] {dagbag.py:588} INFO - Filling up the DagBag from /home/airflow/.local/lib/python3.12/site-packages/airflow/example_dags/example_sensor_decorator.py
[2024-10-24T06:56:31.401+0000] {processor.py:925} INFO - DAG(s) 'example_sensor_decorator' retrieved from /home/airflow/.local/lib/python3.12/site-packages/airflow/example_dags/example_sensor_decorator.py
[2024-10-24T06:56:31.428+0000] {logging_mixin.py:190} INFO - [2024-10-24T06:56:31.428+0000] {dag.py:3239} INFO - Sync 1 DAGs
[2024-10-24T06:56:31.449+0000] {logging_mixin.py:190} INFO - [2024-10-24T06:56:31.449+0000] {dag.py:4180} INFO - Setting next_dagrun for example_sensor_decorator to None, run_after=None
[2024-10-24T06:56:31.466+0000] {processor.py:208} INFO - Processing /home/airflow/.local/lib/python3.12/site-packages/airflow/example_dags/example_sensor_decorator.py took 0.082 seconds
[2024-10-24T06:57:01.926+0000] {processor.py:186} INFO - Started process (PID=99889) to work on /home/airflow/.local/lib/python3.12/site-packages/airflow/example_dags/example_sensor_decorator.py
[2024-10-24T06:57:01.927+0000] {processor.py:914} INFO - Processing file /home/airflow/.local/lib/python3.12/site-packages/airflow/example_dags/example_sensor_decorator.py for tasks to queue
[2024-10-24T06:57:01.928+0000] {logging_mixin.py:190} INFO - [2024-10-24T06:57:01.928+0000] {dagbag.py:588} INFO - Filling up the DagBag from /home/airflow/.local/lib/python3.12/site-packages/airflow/example_dags/example_sensor_decorator.py
[2024-10-24T06:57:01.936+0000] {processor.py:925} INFO - DAG(s) 'example_sensor_decorator' retrieved from /home/airflow/.local/lib/python3.12/site-packages/airflow/example_dags/example_sensor_decorator.py
[2024-10-24T06:57:01.960+0000] {logging_mixin.py:190} INFO - [2024-10-24T06:57:01.959+0000] {dag.py:3239} INFO - Sync 1 DAGs
[2024-10-24T06:57:01.977+0000] {logging_mixin.py:190} INFO - [2024-10-24T06:57:01.977+0000] {dag.py:4180} INFO - Setting next_dagrun for example_sensor_decorator to None, run_after=None
[2024-10-24T06:57:01.996+0000] {processor.py:208} INFO - Processing /home/airflow/.local/lib/python3.12/site-packages/airflow/example_dags/example_sensor_decorator.py took 0.078 seconds
[2024-10-24T06:57:32.785+0000] {processor.py:186} INFO - Started process (PID=99956) to work on /home/airflow/.local/lib/python3.12/site-packages/airflow/example_dags/example_sensor_decorator.py
[2024-10-24T06:57:32.786+0000] {processor.py:914} INFO - Processing file /home/airflow/.local/lib/python3.12/site-packages/airflow/example_dags/example_sensor_decorator.py for tasks to queue
[2024-10-24T06:57:32.787+0000] {logging_mixin.py:190} INFO - [2024-10-24T06:57:32.787+0000] {dagbag.py:588} INFO - Filling up the DagBag from /home/airflow/.local/lib/python3.12/site-packages/airflow/example_dags/example_sensor_decorator.py
[2024-10-24T06:57:32.794+0000] {processor.py:925} INFO - DAG(s) 'example_sensor_decorator' retrieved from /home/airflow/.local/lib/python3.12/site-packages/airflow/example_dags/example_sensor_decorator.py
[2024-10-24T06:57:32.820+0000] {logging_mixin.py:190} INFO - [2024-10-24T06:57:32.819+0000] {dag.py:3239} INFO - Sync 1 DAGs
[2024-10-24T06:57:32.839+0000] {logging_mixin.py:190} INFO - [2024-10-24T06:57:32.838+0000] {dag.py:4180} INFO - Setting next_dagrun for example_sensor_decorator to None, run_after=None
[2024-10-24T06:57:32.860+0000] {processor.py:208} INFO - Processing /home/airflow/.local/lib/python3.12/site-packages/airflow/example_dags/example_sensor_decorator.py took 0.083 seconds
[2024-10-24T06:58:03.203+0000] {processor.py:186} INFO - Started process (PID=100023) to work on /home/airflow/.local/lib/python3.12/site-packages/airflow/example_dags/example_sensor_decorator.py
[2024-10-24T06:58:03.204+0000] {processor.py:914} INFO - Processing file /home/airflow/.local/lib/python3.12/site-packages/airflow/example_dags/example_sensor_decorator.py for tasks to queue
[2024-10-24T06:58:03.206+0000] {logging_mixin.py:190} INFO - [2024-10-24T06:58:03.206+0000] {dagbag.py:588} INFO - Filling up the DagBag from /home/airflow/.local/lib/python3.12/site-packages/airflow/example_dags/example_sensor_decorator.py
[2024-10-24T06:58:03.216+0000] {processor.py:925} INFO - DAG(s) 'example_sensor_decorator' retrieved from /home/airflow/.local/lib/python3.12/site-packages/airflow/example_dags/example_sensor_decorator.py
[2024-10-24T06:58:03.259+0000] {logging_mixin.py:190} INFO - [2024-10-24T06:58:03.258+0000] {dag.py:3239} INFO - Sync 1 DAGs
[2024-10-24T06:58:03.282+0000] {logging_mixin.py:190} INFO - [2024-10-24T06:58:03.281+0000] {dag.py:4180} INFO - Setting next_dagrun for example_sensor_decorator to None, run_after=None
[2024-10-24T06:58:03.311+0000] {processor.py:208} INFO - Processing /home/airflow/.local/lib/python3.12/site-packages/airflow/example_dags/example_sensor_decorator.py took 0.118 seconds
[2024-10-24T06:58:34.354+0000] {processor.py:186} INFO - Started process (PID=100089) to work on /home/airflow/.local/lib/python3.12/site-packages/airflow/example_dags/example_sensor_decorator.py
[2024-10-24T06:58:34.355+0000] {processor.py:914} INFO - Processing file /home/airflow/.local/lib/python3.12/site-packages/airflow/example_dags/example_sensor_decorator.py for tasks to queue
[2024-10-24T06:58:34.357+0000] {logging_mixin.py:190} INFO - [2024-10-24T06:58:34.356+0000] {dagbag.py:588} INFO - Filling up the DagBag from /home/airflow/.local/lib/python3.12/site-packages/airflow/example_dags/example_sensor_decorator.py
[2024-10-24T06:58:34.364+0000] {processor.py:925} INFO - DAG(s) 'example_sensor_decorator' retrieved from /home/airflow/.local/lib/python3.12/site-packages/airflow/example_dags/example_sensor_decorator.py
[2024-10-24T06:58:34.396+0000] {logging_mixin.py:190} INFO - [2024-10-24T06:58:34.396+0000] {dag.py:3239} INFO - Sync 1 DAGs
[2024-10-24T06:58:34.419+0000] {logging_mixin.py:190} INFO - [2024-10-24T06:58:34.418+0000] {dag.py:4180} INFO - Setting next_dagrun for example_sensor_decorator to None, run_after=None
[2024-10-24T06:58:34.440+0000] {processor.py:208} INFO - Processing /home/airflow/.local/lib/python3.12/site-packages/airflow/example_dags/example_sensor_decorator.py took 0.097 seconds
[2024-10-24T06:59:04.997+0000] {processor.py:186} INFO - Started process (PID=100156) to work on /home/airflow/.local/lib/python3.12/site-packages/airflow/example_dags/example_sensor_decorator.py
[2024-10-24T06:59:04.998+0000] {processor.py:914} INFO - Processing file /home/airflow/.local/lib/python3.12/site-packages/airflow/example_dags/example_sensor_decorator.py for tasks to queue
[2024-10-24T06:59:04.999+0000] {logging_mixin.py:190} INFO - [2024-10-24T06:59:04.999+0000] {dagbag.py:588} INFO - Filling up the DagBag from /home/airflow/.local/lib/python3.12/site-packages/airflow/example_dags/example_sensor_decorator.py
[2024-10-24T06:59:05.007+0000] {processor.py:925} INFO - DAG(s) 'example_sensor_decorator' retrieved from /home/airflow/.local/lib/python3.12/site-packages/airflow/example_dags/example_sensor_decorator.py
[2024-10-24T06:59:05.031+0000] {logging_mixin.py:190} INFO - [2024-10-24T06:59:05.031+0000] {dag.py:3239} INFO - Sync 1 DAGs
[2024-10-24T06:59:05.048+0000] {logging_mixin.py:190} INFO - [2024-10-24T06:59:05.048+0000] {dag.py:4180} INFO - Setting next_dagrun for example_sensor_decorator to None, run_after=None
[2024-10-24T06:59:05.068+0000] {processor.py:208} INFO - Processing /home/airflow/.local/lib/python3.12/site-packages/airflow/example_dags/example_sensor_decorator.py took 0.081 seconds
