[2024-10-24T04:09:44.555+0000] {processor.py:186} INFO - Started process (PID=98939) to work on /home/airflow/.local/lib/python3.12/site-packages/airflow/example_dags/example_skip_dag.py
[2024-10-24T04:09:44.556+0000] {processor.py:914} INFO - Processing file /home/airflow/.local/lib/python3.12/site-packages/airflow/example_dags/example_skip_dag.py for tasks to queue
[2024-10-24T04:09:44.558+0000] {logging_mixin.py:190} INFO - [2024-10-24T04:09:44.557+0000] {dagbag.py:588} INFO - Filling up the DagBag from /home/airflow/.local/lib/python3.12/site-packages/airflow/example_dags/example_skip_dag.py
[2024-10-24T04:09:44.567+0000] {processor.py:925} INFO - DAG(s) 'example_skip_dag' retrieved from /home/airflow/.local/lib/python3.12/site-packages/airflow/example_dags/example_skip_dag.py
[2024-10-24T04:09:44.593+0000] {logging_mixin.py:190} INFO - [2024-10-24T04:09:44.593+0000] {dag.py:3239} INFO - Sync 1 DAGs
[2024-10-24T04:09:44.619+0000] {logging_mixin.py:190} INFO - [2024-10-24T04:09:44.618+0000] {dag.py:4180} INFO - Setting next_dagrun for example_skip_dag to 2024-10-23 00:00:00+00:00, run_after=2024-10-24 00:00:00+00:00
[2024-10-24T04:09:44.637+0000] {processor.py:208} INFO - Processing /home/airflow/.local/lib/python3.12/site-packages/airflow/example_dags/example_skip_dag.py took 0.090 seconds
[2024-10-24T04:10:15.288+0000] {processor.py:186} INFO - Started process (PID=99006) to work on /home/airflow/.local/lib/python3.12/site-packages/airflow/example_dags/example_skip_dag.py
[2024-10-24T04:10:15.290+0000] {processor.py:914} INFO - Processing file /home/airflow/.local/lib/python3.12/site-packages/airflow/example_dags/example_skip_dag.py for tasks to queue
[2024-10-24T04:10:15.291+0000] {logging_mixin.py:190} INFO - [2024-10-24T04:10:15.291+0000] {dagbag.py:588} INFO - Filling up the DagBag from /home/airflow/.local/lib/python3.12/site-packages/airflow/example_dags/example_skip_dag.py
[2024-10-24T04:10:15.301+0000] {processor.py:925} INFO - DAG(s) 'example_skip_dag' retrieved from /home/airflow/.local/lib/python3.12/site-packages/airflow/example_dags/example_skip_dag.py
[2024-10-24T04:10:15.329+0000] {logging_mixin.py:190} INFO - [2024-10-24T04:10:15.328+0000] {dag.py:3239} INFO - Sync 1 DAGs
[2024-10-24T04:10:15.354+0000] {logging_mixin.py:190} INFO - [2024-10-24T04:10:15.354+0000] {dag.py:4180} INFO - Setting next_dagrun for example_skip_dag to 2024-10-23 00:00:00+00:00, run_after=2024-10-24 00:00:00+00:00
[2024-10-24T04:10:15.374+0000] {processor.py:208} INFO - Processing /home/airflow/.local/lib/python3.12/site-packages/airflow/example_dags/example_skip_dag.py took 0.093 seconds
[2024-10-24T04:10:46.053+0000] {processor.py:186} INFO - Started process (PID=99072) to work on /home/airflow/.local/lib/python3.12/site-packages/airflow/example_dags/example_skip_dag.py
[2024-10-24T04:10:46.054+0000] {processor.py:914} INFO - Processing file /home/airflow/.local/lib/python3.12/site-packages/airflow/example_dags/example_skip_dag.py for tasks to queue
[2024-10-24T04:10:46.057+0000] {logging_mixin.py:190} INFO - [2024-10-24T04:10:46.056+0000] {dagbag.py:588} INFO - Filling up the DagBag from /home/airflow/.local/lib/python3.12/site-packages/airflow/example_dags/example_skip_dag.py
[2024-10-24T04:10:46.066+0000] {processor.py:925} INFO - DAG(s) 'example_skip_dag' retrieved from /home/airflow/.local/lib/python3.12/site-packages/airflow/example_dags/example_skip_dag.py
[2024-10-24T04:10:46.094+0000] {logging_mixin.py:190} INFO - [2024-10-24T04:10:46.093+0000] {dag.py:3239} INFO - Sync 1 DAGs
[2024-10-24T04:10:46.119+0000] {logging_mixin.py:190} INFO - [2024-10-24T04:10:46.118+0000] {dag.py:4180} INFO - Setting next_dagrun for example_skip_dag to 2024-10-23 00:00:00+00:00, run_after=2024-10-24 00:00:00+00:00
[2024-10-24T04:10:46.139+0000] {processor.py:208} INFO - Processing /home/airflow/.local/lib/python3.12/site-packages/airflow/example_dags/example_skip_dag.py took 0.093 seconds
[2024-10-24T04:11:16.742+0000] {processor.py:186} INFO - Started process (PID=99138) to work on /home/airflow/.local/lib/python3.12/site-packages/airflow/example_dags/example_skip_dag.py
[2024-10-24T04:11:16.743+0000] {processor.py:914} INFO - Processing file /home/airflow/.local/lib/python3.12/site-packages/airflow/example_dags/example_skip_dag.py for tasks to queue
[2024-10-24T04:11:16.745+0000] {logging_mixin.py:190} INFO - [2024-10-24T04:11:16.745+0000] {dagbag.py:588} INFO - Filling up the DagBag from /home/airflow/.local/lib/python3.12/site-packages/airflow/example_dags/example_skip_dag.py
[2024-10-24T04:11:16.758+0000] {processor.py:925} INFO - DAG(s) 'example_skip_dag' retrieved from /home/airflow/.local/lib/python3.12/site-packages/airflow/example_dags/example_skip_dag.py
[2024-10-24T04:11:16.794+0000] {logging_mixin.py:190} INFO - [2024-10-24T04:11:16.793+0000] {dag.py:3239} INFO - Sync 1 DAGs
[2024-10-24T04:11:16.833+0000] {logging_mixin.py:190} INFO - [2024-10-24T04:11:16.833+0000] {dag.py:4180} INFO - Setting next_dagrun for example_skip_dag to 2024-10-23 00:00:00+00:00, run_after=2024-10-24 00:00:00+00:00
[2024-10-24T04:11:16.858+0000] {processor.py:208} INFO - Processing /home/airflow/.local/lib/python3.12/site-packages/airflow/example_dags/example_skip_dag.py took 0.127 seconds
[2024-10-24T04:11:47.477+0000] {processor.py:186} INFO - Started process (PID=99205) to work on /home/airflow/.local/lib/python3.12/site-packages/airflow/example_dags/example_skip_dag.py
[2024-10-24T04:11:47.478+0000] {processor.py:914} INFO - Processing file /home/airflow/.local/lib/python3.12/site-packages/airflow/example_dags/example_skip_dag.py for tasks to queue
[2024-10-24T04:11:47.480+0000] {logging_mixin.py:190} INFO - [2024-10-24T04:11:47.479+0000] {dagbag.py:588} INFO - Filling up the DagBag from /home/airflow/.local/lib/python3.12/site-packages/airflow/example_dags/example_skip_dag.py
[2024-10-24T04:11:47.489+0000] {processor.py:925} INFO - DAG(s) 'example_skip_dag' retrieved from /home/airflow/.local/lib/python3.12/site-packages/airflow/example_dags/example_skip_dag.py
[2024-10-24T04:11:47.517+0000] {logging_mixin.py:190} INFO - [2024-10-24T04:11:47.517+0000] {dag.py:3239} INFO - Sync 1 DAGs
[2024-10-24T04:11:47.543+0000] {logging_mixin.py:190} INFO - [2024-10-24T04:11:47.543+0000] {dag.py:4180} INFO - Setting next_dagrun for example_skip_dag to 2024-10-23 00:00:00+00:00, run_after=2024-10-24 00:00:00+00:00
[2024-10-24T04:11:47.573+0000] {processor.py:208} INFO - Processing /home/airflow/.local/lib/python3.12/site-packages/airflow/example_dags/example_skip_dag.py took 0.105 seconds
[2024-10-24T04:12:17.999+0000] {processor.py:186} INFO - Started process (PID=99272) to work on /home/airflow/.local/lib/python3.12/site-packages/airflow/example_dags/example_skip_dag.py
[2024-10-24T04:12:18.000+0000] {processor.py:914} INFO - Processing file /home/airflow/.local/lib/python3.12/site-packages/airflow/example_dags/example_skip_dag.py for tasks to queue
[2024-10-24T04:12:18.002+0000] {logging_mixin.py:190} INFO - [2024-10-24T04:12:18.002+0000] {dagbag.py:588} INFO - Filling up the DagBag from /home/airflow/.local/lib/python3.12/site-packages/airflow/example_dags/example_skip_dag.py
[2024-10-24T04:12:18.011+0000] {processor.py:925} INFO - DAG(s) 'example_skip_dag' retrieved from /home/airflow/.local/lib/python3.12/site-packages/airflow/example_dags/example_skip_dag.py
[2024-10-24T04:12:18.042+0000] {logging_mixin.py:190} INFO - [2024-10-24T04:12:18.041+0000] {dag.py:3239} INFO - Sync 1 DAGs
[2024-10-24T04:12:18.070+0000] {logging_mixin.py:190} INFO - [2024-10-24T04:12:18.070+0000] {dag.py:4180} INFO - Setting next_dagrun for example_skip_dag to 2024-10-23 00:00:00+00:00, run_after=2024-10-24 00:00:00+00:00
[2024-10-24T04:12:18.090+0000] {processor.py:208} INFO - Processing /home/airflow/.local/lib/python3.12/site-packages/airflow/example_dags/example_skip_dag.py took 0.100 seconds
[2024-10-24T04:12:48.947+0000] {processor.py:186} INFO - Started process (PID=99339) to work on /home/airflow/.local/lib/python3.12/site-packages/airflow/example_dags/example_skip_dag.py
[2024-10-24T04:12:48.948+0000] {processor.py:914} INFO - Processing file /home/airflow/.local/lib/python3.12/site-packages/airflow/example_dags/example_skip_dag.py for tasks to queue
[2024-10-24T04:12:48.950+0000] {logging_mixin.py:190} INFO - [2024-10-24T04:12:48.950+0000] {dagbag.py:588} INFO - Filling up the DagBag from /home/airflow/.local/lib/python3.12/site-packages/airflow/example_dags/example_skip_dag.py
[2024-10-24T04:12:48.961+0000] {processor.py:925} INFO - DAG(s) 'example_skip_dag' retrieved from /home/airflow/.local/lib/python3.12/site-packages/airflow/example_dags/example_skip_dag.py
[2024-10-24T04:12:48.987+0000] {logging_mixin.py:190} INFO - [2024-10-24T04:12:48.986+0000] {dag.py:3239} INFO - Sync 1 DAGs
[2024-10-24T04:12:49.018+0000] {logging_mixin.py:190} INFO - [2024-10-24T04:12:49.018+0000] {dag.py:4180} INFO - Setting next_dagrun for example_skip_dag to 2024-10-23 00:00:00+00:00, run_after=2024-10-24 00:00:00+00:00
[2024-10-24T04:12:49.036+0000] {processor.py:208} INFO - Processing /home/airflow/.local/lib/python3.12/site-packages/airflow/example_dags/example_skip_dag.py took 0.098 seconds
[2024-10-24T04:13:19.344+0000] {processor.py:186} INFO - Started process (PID=99405) to work on /home/airflow/.local/lib/python3.12/site-packages/airflow/example_dags/example_skip_dag.py
[2024-10-24T04:13:19.345+0000] {processor.py:914} INFO - Processing file /home/airflow/.local/lib/python3.12/site-packages/airflow/example_dags/example_skip_dag.py for tasks to queue
[2024-10-24T04:13:19.346+0000] {logging_mixin.py:190} INFO - [2024-10-24T04:13:19.346+0000] {dagbag.py:588} INFO - Filling up the DagBag from /home/airflow/.local/lib/python3.12/site-packages/airflow/example_dags/example_skip_dag.py
[2024-10-24T04:13:19.356+0000] {processor.py:925} INFO - DAG(s) 'example_skip_dag' retrieved from /home/airflow/.local/lib/python3.12/site-packages/airflow/example_dags/example_skip_dag.py
[2024-10-24T04:13:19.385+0000] {logging_mixin.py:190} INFO - [2024-10-24T04:13:19.385+0000] {dag.py:3239} INFO - Sync 1 DAGs
[2024-10-24T04:13:19.410+0000] {logging_mixin.py:190} INFO - [2024-10-24T04:13:19.410+0000] {dag.py:4180} INFO - Setting next_dagrun for example_skip_dag to 2024-10-23 00:00:00+00:00, run_after=2024-10-24 00:00:00+00:00
[2024-10-24T04:13:19.433+0000] {processor.py:208} INFO - Processing /home/airflow/.local/lib/python3.12/site-packages/airflow/example_dags/example_skip_dag.py took 0.097 seconds
[2024-10-24T04:13:49.686+0000] {processor.py:186} INFO - Started process (PID=99472) to work on /home/airflow/.local/lib/python3.12/site-packages/airflow/example_dags/example_skip_dag.py
[2024-10-24T04:13:49.687+0000] {processor.py:914} INFO - Processing file /home/airflow/.local/lib/python3.12/site-packages/airflow/example_dags/example_skip_dag.py for tasks to queue
[2024-10-24T04:13:49.689+0000] {logging_mixin.py:190} INFO - [2024-10-24T04:13:49.688+0000] {dagbag.py:588} INFO - Filling up the DagBag from /home/airflow/.local/lib/python3.12/site-packages/airflow/example_dags/example_skip_dag.py
[2024-10-24T04:13:49.698+0000] {processor.py:925} INFO - DAG(s) 'example_skip_dag' retrieved from /home/airflow/.local/lib/python3.12/site-packages/airflow/example_dags/example_skip_dag.py
[2024-10-24T04:13:49.723+0000] {logging_mixin.py:190} INFO - [2024-10-24T04:13:49.723+0000] {dag.py:3239} INFO - Sync 1 DAGs
[2024-10-24T04:13:49.748+0000] {logging_mixin.py:190} INFO - [2024-10-24T04:13:49.748+0000] {dag.py:4180} INFO - Setting next_dagrun for example_skip_dag to 2024-10-23 00:00:00+00:00, run_after=2024-10-24 00:00:00+00:00
[2024-10-24T04:13:49.766+0000] {processor.py:208} INFO - Processing /home/airflow/.local/lib/python3.12/site-packages/airflow/example_dags/example_skip_dag.py took 0.088 seconds
[2024-10-24T04:14:20.302+0000] {processor.py:186} INFO - Started process (PID=99539) to work on /home/airflow/.local/lib/python3.12/site-packages/airflow/example_dags/example_skip_dag.py
[2024-10-24T04:14:20.303+0000] {processor.py:914} INFO - Processing file /home/airflow/.local/lib/python3.12/site-packages/airflow/example_dags/example_skip_dag.py for tasks to queue
[2024-10-24T04:14:20.306+0000] {logging_mixin.py:190} INFO - [2024-10-24T04:14:20.305+0000] {dagbag.py:588} INFO - Filling up the DagBag from /home/airflow/.local/lib/python3.12/site-packages/airflow/example_dags/example_skip_dag.py
[2024-10-24T04:14:20.314+0000] {processor.py:925} INFO - DAG(s) 'example_skip_dag' retrieved from /home/airflow/.local/lib/python3.12/site-packages/airflow/example_dags/example_skip_dag.py
[2024-10-24T04:14:20.344+0000] {logging_mixin.py:190} INFO - [2024-10-24T04:14:20.344+0000] {dag.py:3239} INFO - Sync 1 DAGs
[2024-10-24T04:14:20.369+0000] {logging_mixin.py:190} INFO - [2024-10-24T04:14:20.369+0000] {dag.py:4180} INFO - Setting next_dagrun for example_skip_dag to 2024-10-23 00:00:00+00:00, run_after=2024-10-24 00:00:00+00:00
[2024-10-24T04:14:20.389+0000] {processor.py:208} INFO - Processing /home/airflow/.local/lib/python3.12/site-packages/airflow/example_dags/example_skip_dag.py took 0.094 seconds
[2024-10-24T04:14:50.843+0000] {processor.py:186} INFO - Started process (PID=99606) to work on /home/airflow/.local/lib/python3.12/site-packages/airflow/example_dags/example_skip_dag.py
[2024-10-24T04:14:50.844+0000] {processor.py:914} INFO - Processing file /home/airflow/.local/lib/python3.12/site-packages/airflow/example_dags/example_skip_dag.py for tasks to queue
[2024-10-24T04:14:50.847+0000] {logging_mixin.py:190} INFO - [2024-10-24T04:14:50.846+0000] {dagbag.py:588} INFO - Filling up the DagBag from /home/airflow/.local/lib/python3.12/site-packages/airflow/example_dags/example_skip_dag.py
[2024-10-24T04:14:50.856+0000] {processor.py:925} INFO - DAG(s) 'example_skip_dag' retrieved from /home/airflow/.local/lib/python3.12/site-packages/airflow/example_dags/example_skip_dag.py
[2024-10-24T04:14:50.884+0000] {logging_mixin.py:190} INFO - [2024-10-24T04:14:50.884+0000] {dag.py:3239} INFO - Sync 1 DAGs
[2024-10-24T04:14:50.909+0000] {logging_mixin.py:190} INFO - [2024-10-24T04:14:50.909+0000] {dag.py:4180} INFO - Setting next_dagrun for example_skip_dag to 2024-10-23 00:00:00+00:00, run_after=2024-10-24 00:00:00+00:00
[2024-10-24T04:14:50.929+0000] {processor.py:208} INFO - Processing /home/airflow/.local/lib/python3.12/site-packages/airflow/example_dags/example_skip_dag.py took 0.094 seconds
[2024-10-24T04:15:20.981+0000] {processor.py:186} INFO - Started process (PID=99672) to work on /home/airflow/.local/lib/python3.12/site-packages/airflow/example_dags/example_skip_dag.py
[2024-10-24T04:15:20.983+0000] {processor.py:914} INFO - Processing file /home/airflow/.local/lib/python3.12/site-packages/airflow/example_dags/example_skip_dag.py for tasks to queue
[2024-10-24T04:15:20.984+0000] {logging_mixin.py:190} INFO - [2024-10-24T04:15:20.984+0000] {dagbag.py:588} INFO - Filling up the DagBag from /home/airflow/.local/lib/python3.12/site-packages/airflow/example_dags/example_skip_dag.py
[2024-10-24T04:15:20.993+0000] {processor.py:925} INFO - DAG(s) 'example_skip_dag' retrieved from /home/airflow/.local/lib/python3.12/site-packages/airflow/example_dags/example_skip_dag.py
[2024-10-24T04:15:21.021+0000] {logging_mixin.py:190} INFO - [2024-10-24T04:15:21.020+0000] {dag.py:3239} INFO - Sync 1 DAGs
[2024-10-24T04:15:21.046+0000] {logging_mixin.py:190} INFO - [2024-10-24T04:15:21.046+0000] {dag.py:4180} INFO - Setting next_dagrun for example_skip_dag to 2024-10-23 00:00:00+00:00, run_after=2024-10-24 00:00:00+00:00
[2024-10-24T04:15:21.064+0000] {processor.py:208} INFO - Processing /home/airflow/.local/lib/python3.12/site-packages/airflow/example_dags/example_skip_dag.py took 0.089 seconds
[2024-10-24T04:15:51.138+0000] {processor.py:186} INFO - Started process (PID=99739) to work on /home/airflow/.local/lib/python3.12/site-packages/airflow/example_dags/example_skip_dag.py
[2024-10-24T04:15:51.139+0000] {processor.py:914} INFO - Processing file /home/airflow/.local/lib/python3.12/site-packages/airflow/example_dags/example_skip_dag.py for tasks to queue
[2024-10-24T04:15:51.141+0000] {logging_mixin.py:190} INFO - [2024-10-24T04:15:51.140+0000] {dagbag.py:588} INFO - Filling up the DagBag from /home/airflow/.local/lib/python3.12/site-packages/airflow/example_dags/example_skip_dag.py
[2024-10-24T04:15:51.150+0000] {processor.py:925} INFO - DAG(s) 'example_skip_dag' retrieved from /home/airflow/.local/lib/python3.12/site-packages/airflow/example_dags/example_skip_dag.py
[2024-10-24T04:15:51.176+0000] {logging_mixin.py:190} INFO - [2024-10-24T04:15:51.176+0000] {dag.py:3239} INFO - Sync 1 DAGs
[2024-10-24T04:15:51.201+0000] {logging_mixin.py:190} INFO - [2024-10-24T04:15:51.201+0000] {dag.py:4180} INFO - Setting next_dagrun for example_skip_dag to 2024-10-23 00:00:00+00:00, run_after=2024-10-24 00:00:00+00:00
[2024-10-24T04:15:51.226+0000] {processor.py:208} INFO - Processing /home/airflow/.local/lib/python3.12/site-packages/airflow/example_dags/example_skip_dag.py took 0.096 seconds
[2024-10-24T06:56:05.903+0000] {processor.py:186} INFO - Started process (PID=99802) to work on /home/airflow/.local/lib/python3.12/site-packages/airflow/example_dags/example_skip_dag.py
[2024-10-24T06:56:05.905+0000] {processor.py:914} INFO - Processing file /home/airflow/.local/lib/python3.12/site-packages/airflow/example_dags/example_skip_dag.py for tasks to queue
[2024-10-24T06:56:05.907+0000] {logging_mixin.py:190} INFO - [2024-10-24T06:56:05.906+0000] {dagbag.py:588} INFO - Filling up the DagBag from /home/airflow/.local/lib/python3.12/site-packages/airflow/example_dags/example_skip_dag.py
[2024-10-24T06:56:05.921+0000] {processor.py:925} INFO - DAG(s) 'example_skip_dag' retrieved from /home/airflow/.local/lib/python3.12/site-packages/airflow/example_dags/example_skip_dag.py
[2024-10-24T06:56:05.975+0000] {logging_mixin.py:190} INFO - [2024-10-24T06:56:05.974+0000] {dag.py:3239} INFO - Sync 1 DAGs
[2024-10-24T06:56:06.021+0000] {logging_mixin.py:190} INFO - [2024-10-24T06:56:06.021+0000] {dag.py:4180} INFO - Setting next_dagrun for example_skip_dag to 2024-10-23 00:00:00+00:00, run_after=2024-10-24 00:00:00+00:00
[2024-10-24T06:56:06.054+0000] {processor.py:208} INFO - Processing /home/airflow/.local/lib/python3.12/site-packages/airflow/example_dags/example_skip_dag.py took 0.162 seconds
[2024-10-24T06:56:36.763+0000] {processor.py:186} INFO - Started process (PID=99869) to work on /home/airflow/.local/lib/python3.12/site-packages/airflow/example_dags/example_skip_dag.py
[2024-10-24T06:56:36.764+0000] {processor.py:914} INFO - Processing file /home/airflow/.local/lib/python3.12/site-packages/airflow/example_dags/example_skip_dag.py for tasks to queue
[2024-10-24T06:56:36.766+0000] {logging_mixin.py:190} INFO - [2024-10-24T06:56:36.765+0000] {dagbag.py:588} INFO - Filling up the DagBag from /home/airflow/.local/lib/python3.12/site-packages/airflow/example_dags/example_skip_dag.py
[2024-10-24T06:56:36.776+0000] {processor.py:925} INFO - DAG(s) 'example_skip_dag' retrieved from /home/airflow/.local/lib/python3.12/site-packages/airflow/example_dags/example_skip_dag.py
[2024-10-24T06:56:36.803+0000] {logging_mixin.py:190} INFO - [2024-10-24T06:56:36.802+0000] {dag.py:3239} INFO - Sync 1 DAGs
[2024-10-24T06:56:36.837+0000] {logging_mixin.py:190} INFO - [2024-10-24T06:56:36.835+0000] {dag.py:4180} INFO - Setting next_dagrun for example_skip_dag to 2024-10-23 00:00:00+00:00, run_after=2024-10-24 00:00:00+00:00
[2024-10-24T06:56:36.858+0000] {processor.py:208} INFO - Processing /home/airflow/.local/lib/python3.12/site-packages/airflow/example_dags/example_skip_dag.py took 0.106 seconds
[2024-10-24T06:57:07.534+0000] {processor.py:186} INFO - Started process (PID=99936) to work on /home/airflow/.local/lib/python3.12/site-packages/airflow/example_dags/example_skip_dag.py
[2024-10-24T06:57:07.535+0000] {processor.py:914} INFO - Processing file /home/airflow/.local/lib/python3.12/site-packages/airflow/example_dags/example_skip_dag.py for tasks to queue
[2024-10-24T06:57:07.536+0000] {logging_mixin.py:190} INFO - [2024-10-24T06:57:07.536+0000] {dagbag.py:588} INFO - Filling up the DagBag from /home/airflow/.local/lib/python3.12/site-packages/airflow/example_dags/example_skip_dag.py
[2024-10-24T06:57:07.546+0000] {processor.py:925} INFO - DAG(s) 'example_skip_dag' retrieved from /home/airflow/.local/lib/python3.12/site-packages/airflow/example_dags/example_skip_dag.py
[2024-10-24T06:57:07.587+0000] {logging_mixin.py:190} INFO - [2024-10-24T06:57:07.586+0000] {dag.py:3239} INFO - Sync 1 DAGs
[2024-10-24T06:57:07.621+0000] {logging_mixin.py:190} INFO - [2024-10-24T06:57:07.621+0000] {dag.py:4180} INFO - Setting next_dagrun for example_skip_dag to 2024-10-23 00:00:00+00:00, run_after=2024-10-24 00:00:00+00:00
[2024-10-24T06:57:07.651+0000] {processor.py:208} INFO - Processing /home/airflow/.local/lib/python3.12/site-packages/airflow/example_dags/example_skip_dag.py took 0.126 seconds
[2024-10-24T06:57:37.800+0000] {processor.py:186} INFO - Started process (PID=100002) to work on /home/airflow/.local/lib/python3.12/site-packages/airflow/example_dags/example_skip_dag.py
[2024-10-24T06:57:37.802+0000] {processor.py:914} INFO - Processing file /home/airflow/.local/lib/python3.12/site-packages/airflow/example_dags/example_skip_dag.py for tasks to queue
[2024-10-24T06:57:37.804+0000] {logging_mixin.py:190} INFO - [2024-10-24T06:57:37.804+0000] {dagbag.py:588} INFO - Filling up the DagBag from /home/airflow/.local/lib/python3.12/site-packages/airflow/example_dags/example_skip_dag.py
[2024-10-24T06:57:37.816+0000] {processor.py:925} INFO - DAG(s) 'example_skip_dag' retrieved from /home/airflow/.local/lib/python3.12/site-packages/airflow/example_dags/example_skip_dag.py
[2024-10-24T06:57:37.846+0000] {logging_mixin.py:190} INFO - [2024-10-24T06:57:37.846+0000] {dag.py:3239} INFO - Sync 1 DAGs
[2024-10-24T06:57:37.877+0000] {logging_mixin.py:190} INFO - [2024-10-24T06:57:37.877+0000] {dag.py:4180} INFO - Setting next_dagrun for example_skip_dag to 2024-10-23 00:00:00+00:00, run_after=2024-10-24 00:00:00+00:00
[2024-10-24T06:57:37.904+0000] {processor.py:208} INFO - Processing /home/airflow/.local/lib/python3.12/site-packages/airflow/example_dags/example_skip_dag.py took 0.115 seconds
[2024-10-24T06:58:08.352+0000] {processor.py:186} INFO - Started process (PID=100069) to work on /home/airflow/.local/lib/python3.12/site-packages/airflow/example_dags/example_skip_dag.py
[2024-10-24T06:58:08.353+0000] {processor.py:914} INFO - Processing file /home/airflow/.local/lib/python3.12/site-packages/airflow/example_dags/example_skip_dag.py for tasks to queue
[2024-10-24T06:58:08.355+0000] {logging_mixin.py:190} INFO - [2024-10-24T06:58:08.354+0000] {dagbag.py:588} INFO - Filling up the DagBag from /home/airflow/.local/lib/python3.12/site-packages/airflow/example_dags/example_skip_dag.py
[2024-10-24T06:58:08.364+0000] {processor.py:925} INFO - DAG(s) 'example_skip_dag' retrieved from /home/airflow/.local/lib/python3.12/site-packages/airflow/example_dags/example_skip_dag.py
[2024-10-24T06:58:08.393+0000] {logging_mixin.py:190} INFO - [2024-10-24T06:58:08.393+0000] {dag.py:3239} INFO - Sync 1 DAGs
[2024-10-24T06:58:08.420+0000] {logging_mixin.py:190} INFO - [2024-10-24T06:58:08.419+0000] {dag.py:4180} INFO - Setting next_dagrun for example_skip_dag to 2024-10-23 00:00:00+00:00, run_after=2024-10-24 00:00:00+00:00
[2024-10-24T06:58:08.438+0000] {processor.py:208} INFO - Processing /home/airflow/.local/lib/python3.12/site-packages/airflow/example_dags/example_skip_dag.py took 0.094 seconds
[2024-10-24T06:58:38.784+0000] {processor.py:186} INFO - Started process (PID=100134) to work on /home/airflow/.local/lib/python3.12/site-packages/airflow/example_dags/example_skip_dag.py
[2024-10-24T06:58:38.785+0000] {processor.py:914} INFO - Processing file /home/airflow/.local/lib/python3.12/site-packages/airflow/example_dags/example_skip_dag.py for tasks to queue
[2024-10-24T06:58:38.786+0000] {logging_mixin.py:190} INFO - [2024-10-24T06:58:38.786+0000] {dagbag.py:588} INFO - Filling up the DagBag from /home/airflow/.local/lib/python3.12/site-packages/airflow/example_dags/example_skip_dag.py
[2024-10-24T06:58:38.796+0000] {processor.py:925} INFO - DAG(s) 'example_skip_dag' retrieved from /home/airflow/.local/lib/python3.12/site-packages/airflow/example_dags/example_skip_dag.py
[2024-10-24T06:58:38.822+0000] {logging_mixin.py:190} INFO - [2024-10-24T06:58:38.822+0000] {dag.py:3239} INFO - Sync 1 DAGs
[2024-10-24T06:58:38.847+0000] {logging_mixin.py:190} INFO - [2024-10-24T06:58:38.847+0000] {dag.py:4180} INFO - Setting next_dagrun for example_skip_dag to 2024-10-23 00:00:00+00:00, run_after=2024-10-24 00:00:00+00:00
[2024-10-24T06:58:38.866+0000] {processor.py:208} INFO - Processing /home/airflow/.local/lib/python3.12/site-packages/airflow/example_dags/example_skip_dag.py took 0.091 seconds
