[2024-10-24T04:09:18.961+0000] {processor.py:186} INFO - Started process (PID=98893) to work on /home/airflow/.local/lib/python3.12/site-packages/airflow/example_dags/example_task_group.py
[2024-10-24T04:09:18.962+0000] {processor.py:914} INFO - Processing file /home/airflow/.local/lib/python3.12/site-packages/airflow/example_dags/example_task_group.py for tasks to queue
[2024-10-24T04:09:18.973+0000] {logging_mixin.py:190} INFO - [2024-10-24T04:09:18.969+0000] {dagbag.py:588} INFO - Filling up the DagBag from /home/airflow/.local/lib/python3.12/site-packages/airflow/example_dags/example_task_group.py
[2024-10-24T04:09:18.991+0000] {processor.py:925} INFO - DAG(s) 'example_task_group' retrieved from /home/airflow/.local/lib/python3.12/site-packages/airflow/example_dags/example_task_group.py
[2024-10-24T04:09:19.042+0000] {logging_mixin.py:190} INFO - [2024-10-24T04:09:19.042+0000] {dag.py:3239} INFO - Sync 1 DAGs
[2024-10-24T04:09:19.071+0000] {logging_mixin.py:190} INFO - [2024-10-24T04:09:19.071+0000] {dag.py:4180} INFO - Setting next_dagrun for example_task_group to None, run_after=None
[2024-10-24T04:09:19.106+0000] {processor.py:208} INFO - Processing /home/airflow/.local/lib/python3.12/site-packages/airflow/example_dags/example_task_group.py took 0.181 seconds
[2024-10-24T04:09:49.973+0000] {processor.py:186} INFO - Started process (PID=98959) to work on /home/airflow/.local/lib/python3.12/site-packages/airflow/example_dags/example_task_group.py
[2024-10-24T04:09:49.975+0000] {processor.py:914} INFO - Processing file /home/airflow/.local/lib/python3.12/site-packages/airflow/example_dags/example_task_group.py for tasks to queue
[2024-10-24T04:09:49.977+0000] {logging_mixin.py:190} INFO - [2024-10-24T04:09:49.976+0000] {dagbag.py:588} INFO - Filling up the DagBag from /home/airflow/.local/lib/python3.12/site-packages/airflow/example_dags/example_task_group.py
[2024-10-24T04:09:49.987+0000] {processor.py:925} INFO - DAG(s) 'example_task_group' retrieved from /home/airflow/.local/lib/python3.12/site-packages/airflow/example_dags/example_task_group.py
[2024-10-24T04:09:50.023+0000] {logging_mixin.py:190} INFO - [2024-10-24T04:09:50.022+0000] {dag.py:3239} INFO - Sync 1 DAGs
[2024-10-24T04:09:50.047+0000] {logging_mixin.py:190} INFO - [2024-10-24T04:09:50.047+0000] {dag.py:4180} INFO - Setting next_dagrun for example_task_group to None, run_after=None
[2024-10-24T04:09:50.069+0000] {processor.py:208} INFO - Processing /home/airflow/.local/lib/python3.12/site-packages/airflow/example_dags/example_task_group.py took 0.107 seconds
[2024-10-24T04:10:20.679+0000] {processor.py:186} INFO - Started process (PID=99031) to work on /home/airflow/.local/lib/python3.12/site-packages/airflow/example_dags/example_task_group.py
[2024-10-24T04:10:20.680+0000] {processor.py:914} INFO - Processing file /home/airflow/.local/lib/python3.12/site-packages/airflow/example_dags/example_task_group.py for tasks to queue
[2024-10-24T04:10:20.682+0000] {logging_mixin.py:190} INFO - [2024-10-24T04:10:20.681+0000] {dagbag.py:588} INFO - Filling up the DagBag from /home/airflow/.local/lib/python3.12/site-packages/airflow/example_dags/example_task_group.py
[2024-10-24T04:10:20.690+0000] {processor.py:925} INFO - DAG(s) 'example_task_group' retrieved from /home/airflow/.local/lib/python3.12/site-packages/airflow/example_dags/example_task_group.py
[2024-10-24T04:10:20.717+0000] {logging_mixin.py:190} INFO - [2024-10-24T04:10:20.717+0000] {dag.py:3239} INFO - Sync 1 DAGs
[2024-10-24T04:10:20.736+0000] {logging_mixin.py:190} INFO - [2024-10-24T04:10:20.735+0000] {dag.py:4180} INFO - Setting next_dagrun for example_task_group to None, run_after=None
[2024-10-24T04:10:20.759+0000] {processor.py:208} INFO - Processing /home/airflow/.local/lib/python3.12/site-packages/airflow/example_dags/example_task_group.py took 0.089 seconds
[2024-10-24T04:10:51.396+0000] {processor.py:186} INFO - Started process (PID=99097) to work on /home/airflow/.local/lib/python3.12/site-packages/airflow/example_dags/example_task_group.py
[2024-10-24T04:10:51.397+0000] {processor.py:914} INFO - Processing file /home/airflow/.local/lib/python3.12/site-packages/airflow/example_dags/example_task_group.py for tasks to queue
[2024-10-24T04:10:51.400+0000] {logging_mixin.py:190} INFO - [2024-10-24T04:10:51.399+0000] {dagbag.py:588} INFO - Filling up the DagBag from /home/airflow/.local/lib/python3.12/site-packages/airflow/example_dags/example_task_group.py
[2024-10-24T04:10:51.409+0000] {processor.py:925} INFO - DAG(s) 'example_task_group' retrieved from /home/airflow/.local/lib/python3.12/site-packages/airflow/example_dags/example_task_group.py
[2024-10-24T04:10:51.435+0000] {logging_mixin.py:190} INFO - [2024-10-24T04:10:51.435+0000] {dag.py:3239} INFO - Sync 1 DAGs
[2024-10-24T04:10:51.454+0000] {logging_mixin.py:190} INFO - [2024-10-24T04:10:51.454+0000] {dag.py:4180} INFO - Setting next_dagrun for example_task_group to None, run_after=None
[2024-10-24T04:10:51.482+0000] {processor.py:208} INFO - Processing /home/airflow/.local/lib/python3.12/site-packages/airflow/example_dags/example_task_group.py took 0.093 seconds
[2024-10-24T04:11:22.257+0000] {processor.py:186} INFO - Started process (PID=99164) to work on /home/airflow/.local/lib/python3.12/site-packages/airflow/example_dags/example_task_group.py
[2024-10-24T04:11:22.259+0000] {processor.py:914} INFO - Processing file /home/airflow/.local/lib/python3.12/site-packages/airflow/example_dags/example_task_group.py for tasks to queue
[2024-10-24T04:11:22.261+0000] {logging_mixin.py:190} INFO - [2024-10-24T04:11:22.260+0000] {dagbag.py:588} INFO - Filling up the DagBag from /home/airflow/.local/lib/python3.12/site-packages/airflow/example_dags/example_task_group.py
[2024-10-24T04:11:22.274+0000] {processor.py:925} INFO - DAG(s) 'example_task_group' retrieved from /home/airflow/.local/lib/python3.12/site-packages/airflow/example_dags/example_task_group.py
[2024-10-24T04:11:22.313+0000] {logging_mixin.py:190} INFO - [2024-10-24T04:11:22.312+0000] {dag.py:3239} INFO - Sync 1 DAGs
[2024-10-24T04:11:22.336+0000] {logging_mixin.py:190} INFO - [2024-10-24T04:11:22.336+0000] {dag.py:4180} INFO - Setting next_dagrun for example_task_group to None, run_after=None
[2024-10-24T04:11:22.369+0000] {processor.py:208} INFO - Processing /home/airflow/.local/lib/python3.12/site-packages/airflow/example_dags/example_task_group.py took 0.123 seconds
[2024-10-24T04:11:52.952+0000] {processor.py:186} INFO - Started process (PID=99231) to work on /home/airflow/.local/lib/python3.12/site-packages/airflow/example_dags/example_task_group.py
[2024-10-24T04:11:52.954+0000] {processor.py:914} INFO - Processing file /home/airflow/.local/lib/python3.12/site-packages/airflow/example_dags/example_task_group.py for tasks to queue
[2024-10-24T04:11:52.955+0000] {logging_mixin.py:190} INFO - [2024-10-24T04:11:52.955+0000] {dagbag.py:588} INFO - Filling up the DagBag from /home/airflow/.local/lib/python3.12/site-packages/airflow/example_dags/example_task_group.py
[2024-10-24T04:11:52.967+0000] {processor.py:925} INFO - DAG(s) 'example_task_group' retrieved from /home/airflow/.local/lib/python3.12/site-packages/airflow/example_dags/example_task_group.py
[2024-10-24T04:11:53.002+0000] {logging_mixin.py:190} INFO - [2024-10-24T04:11:53.001+0000] {dag.py:3239} INFO - Sync 1 DAGs
[2024-10-24T04:11:53.029+0000] {logging_mixin.py:190} INFO - [2024-10-24T04:11:53.028+0000] {dag.py:4180} INFO - Setting next_dagrun for example_task_group to None, run_after=None
[2024-10-24T04:11:53.056+0000] {processor.py:208} INFO - Processing /home/airflow/.local/lib/python3.12/site-packages/airflow/example_dags/example_task_group.py took 0.113 seconds
[2024-10-24T04:12:23.352+0000] {processor.py:186} INFO - Started process (PID=99297) to work on /home/airflow/.local/lib/python3.12/site-packages/airflow/example_dags/example_task_group.py
[2024-10-24T04:12:23.354+0000] {processor.py:914} INFO - Processing file /home/airflow/.local/lib/python3.12/site-packages/airflow/example_dags/example_task_group.py for tasks to queue
[2024-10-24T04:12:23.356+0000] {logging_mixin.py:190} INFO - [2024-10-24T04:12:23.355+0000] {dagbag.py:588} INFO - Filling up the DagBag from /home/airflow/.local/lib/python3.12/site-packages/airflow/example_dags/example_task_group.py
[2024-10-24T04:12:23.366+0000] {processor.py:925} INFO - DAG(s) 'example_task_group' retrieved from /home/airflow/.local/lib/python3.12/site-packages/airflow/example_dags/example_task_group.py
[2024-10-24T04:12:23.402+0000] {logging_mixin.py:190} INFO - [2024-10-24T04:12:23.402+0000] {dag.py:3239} INFO - Sync 1 DAGs
[2024-10-24T04:12:23.424+0000] {logging_mixin.py:190} INFO - [2024-10-24T04:12:23.424+0000] {dag.py:4180} INFO - Setting next_dagrun for example_task_group to None, run_after=None
[2024-10-24T04:12:23.456+0000] {processor.py:208} INFO - Processing /home/airflow/.local/lib/python3.12/site-packages/airflow/example_dags/example_task_group.py took 0.113 seconds
[2024-10-24T04:12:54.662+0000] {processor.py:186} INFO - Started process (PID=99364) to work on /home/airflow/.local/lib/python3.12/site-packages/airflow/example_dags/example_task_group.py
[2024-10-24T04:12:54.665+0000] {processor.py:914} INFO - Processing file /home/airflow/.local/lib/python3.12/site-packages/airflow/example_dags/example_task_group.py for tasks to queue
[2024-10-24T04:12:54.667+0000] {logging_mixin.py:190} INFO - [2024-10-24T04:12:54.666+0000] {dagbag.py:588} INFO - Filling up the DagBag from /home/airflow/.local/lib/python3.12/site-packages/airflow/example_dags/example_task_group.py
[2024-10-24T04:12:54.679+0000] {processor.py:925} INFO - DAG(s) 'example_task_group' retrieved from /home/airflow/.local/lib/python3.12/site-packages/airflow/example_dags/example_task_group.py
[2024-10-24T04:12:54.706+0000] {logging_mixin.py:190} INFO - [2024-10-24T04:12:54.706+0000] {dag.py:3239} INFO - Sync 1 DAGs
[2024-10-24T04:12:54.725+0000] {logging_mixin.py:190} INFO - [2024-10-24T04:12:54.725+0000] {dag.py:4180} INFO - Setting next_dagrun for example_task_group to None, run_after=None
[2024-10-24T04:12:54.745+0000] {processor.py:208} INFO - Processing /home/airflow/.local/lib/python3.12/site-packages/airflow/example_dags/example_task_group.py took 0.096 seconds
[2024-10-24T04:13:24.970+0000] {processor.py:186} INFO - Started process (PID=99431) to work on /home/airflow/.local/lib/python3.12/site-packages/airflow/example_dags/example_task_group.py
[2024-10-24T04:13:24.971+0000] {processor.py:914} INFO - Processing file /home/airflow/.local/lib/python3.12/site-packages/airflow/example_dags/example_task_group.py for tasks to queue
[2024-10-24T04:13:24.972+0000] {logging_mixin.py:190} INFO - [2024-10-24T04:13:24.972+0000] {dagbag.py:588} INFO - Filling up the DagBag from /home/airflow/.local/lib/python3.12/site-packages/airflow/example_dags/example_task_group.py
[2024-10-24T04:13:24.982+0000] {processor.py:925} INFO - DAG(s) 'example_task_group' retrieved from /home/airflow/.local/lib/python3.12/site-packages/airflow/example_dags/example_task_group.py
[2024-10-24T04:13:25.007+0000] {logging_mixin.py:190} INFO - [2024-10-24T04:13:25.007+0000] {dag.py:3239} INFO - Sync 1 DAGs
[2024-10-24T04:13:25.024+0000] {logging_mixin.py:190} INFO - [2024-10-24T04:13:25.024+0000] {dag.py:4180} INFO - Setting next_dagrun for example_task_group to None, run_after=None
[2024-10-24T04:13:25.044+0000] {processor.py:208} INFO - Processing /home/airflow/.local/lib/python3.12/site-packages/airflow/example_dags/example_task_group.py took 0.084 seconds
[2024-10-24T04:13:56.015+0000] {processor.py:186} INFO - Started process (PID=99498) to work on /home/airflow/.local/lib/python3.12/site-packages/airflow/example_dags/example_task_group.py
[2024-10-24T04:13:56.016+0000] {processor.py:914} INFO - Processing file /home/airflow/.local/lib/python3.12/site-packages/airflow/example_dags/example_task_group.py for tasks to queue
[2024-10-24T04:13:56.019+0000] {logging_mixin.py:190} INFO - [2024-10-24T04:13:56.019+0000] {dagbag.py:588} INFO - Filling up the DagBag from /home/airflow/.local/lib/python3.12/site-packages/airflow/example_dags/example_task_group.py
[2024-10-24T04:13:56.030+0000] {processor.py:925} INFO - DAG(s) 'example_task_group' retrieved from /home/airflow/.local/lib/python3.12/site-packages/airflow/example_dags/example_task_group.py
[2024-10-24T04:13:56.058+0000] {logging_mixin.py:190} INFO - [2024-10-24T04:13:56.058+0000] {dag.py:3239} INFO - Sync 1 DAGs
[2024-10-24T04:13:56.076+0000] {logging_mixin.py:190} INFO - [2024-10-24T04:13:56.076+0000] {dag.py:4180} INFO - Setting next_dagrun for example_task_group to None, run_after=None
[2024-10-24T04:13:56.093+0000] {processor.py:208} INFO - Processing /home/airflow/.local/lib/python3.12/site-packages/airflow/example_dags/example_task_group.py took 0.091 seconds
[2024-10-24T04:14:26.726+0000] {processor.py:186} INFO - Started process (PID=99565) to work on /home/airflow/.local/lib/python3.12/site-packages/airflow/example_dags/example_task_group.py
[2024-10-24T04:14:26.727+0000] {processor.py:914} INFO - Processing file /home/airflow/.local/lib/python3.12/site-packages/airflow/example_dags/example_task_group.py for tasks to queue
[2024-10-24T04:14:26.729+0000] {logging_mixin.py:190} INFO - [2024-10-24T04:14:26.729+0000] {dagbag.py:588} INFO - Filling up the DagBag from /home/airflow/.local/lib/python3.12/site-packages/airflow/example_dags/example_task_group.py
[2024-10-24T04:14:26.739+0000] {processor.py:925} INFO - DAG(s) 'example_task_group' retrieved from /home/airflow/.local/lib/python3.12/site-packages/airflow/example_dags/example_task_group.py
[2024-10-24T04:14:26.771+0000] {logging_mixin.py:190} INFO - [2024-10-24T04:14:26.771+0000] {dag.py:3239} INFO - Sync 1 DAGs
[2024-10-24T04:14:26.788+0000] {logging_mixin.py:190} INFO - [2024-10-24T04:14:26.788+0000] {dag.py:4180} INFO - Setting next_dagrun for example_task_group to None, run_after=None
[2024-10-24T04:14:26.808+0000] {processor.py:208} INFO - Processing /home/airflow/.local/lib/python3.12/site-packages/airflow/example_dags/example_task_group.py took 0.091 seconds
[2024-10-24T04:14:57.264+0000] {processor.py:186} INFO - Started process (PID=99631) to work on /home/airflow/.local/lib/python3.12/site-packages/airflow/example_dags/example_task_group.py
[2024-10-24T04:14:57.265+0000] {processor.py:914} INFO - Processing file /home/airflow/.local/lib/python3.12/site-packages/airflow/example_dags/example_task_group.py for tasks to queue
[2024-10-24T04:14:57.267+0000] {logging_mixin.py:190} INFO - [2024-10-24T04:14:57.266+0000] {dagbag.py:588} INFO - Filling up the DagBag from /home/airflow/.local/lib/python3.12/site-packages/airflow/example_dags/example_task_group.py
[2024-10-24T04:14:57.276+0000] {processor.py:925} INFO - DAG(s) 'example_task_group' retrieved from /home/airflow/.local/lib/python3.12/site-packages/airflow/example_dags/example_task_group.py
[2024-10-24T04:14:57.303+0000] {logging_mixin.py:190} INFO - [2024-10-24T04:14:57.303+0000] {dag.py:3239} INFO - Sync 1 DAGs
[2024-10-24T04:14:57.319+0000] {logging_mixin.py:190} INFO - [2024-10-24T04:14:57.319+0000] {dag.py:4180} INFO - Setting next_dagrun for example_task_group to None, run_after=None
[2024-10-24T04:14:57.337+0000] {processor.py:208} INFO - Processing /home/airflow/.local/lib/python3.12/site-packages/airflow/example_dags/example_task_group.py took 0.081 seconds
[2024-10-24T04:15:27.510+0000] {processor.py:186} INFO - Started process (PID=99698) to work on /home/airflow/.local/lib/python3.12/site-packages/airflow/example_dags/example_task_group.py
[2024-10-24T04:15:27.512+0000] {processor.py:914} INFO - Processing file /home/airflow/.local/lib/python3.12/site-packages/airflow/example_dags/example_task_group.py for tasks to queue
[2024-10-24T04:15:27.514+0000] {logging_mixin.py:190} INFO - [2024-10-24T04:15:27.513+0000] {dagbag.py:588} INFO - Filling up the DagBag from /home/airflow/.local/lib/python3.12/site-packages/airflow/example_dags/example_task_group.py
[2024-10-24T04:15:27.528+0000] {processor.py:925} INFO - DAG(s) 'example_task_group' retrieved from /home/airflow/.local/lib/python3.12/site-packages/airflow/example_dags/example_task_group.py
[2024-10-24T04:15:27.558+0000] {logging_mixin.py:190} INFO - [2024-10-24T04:15:27.558+0000] {dag.py:3239} INFO - Sync 1 DAGs
[2024-10-24T04:15:27.579+0000] {logging_mixin.py:190} INFO - [2024-10-24T04:15:27.579+0000] {dag.py:4180} INFO - Setting next_dagrun for example_task_group to None, run_after=None
[2024-10-24T04:15:27.599+0000] {processor.py:208} INFO - Processing /home/airflow/.local/lib/python3.12/site-packages/airflow/example_dags/example_task_group.py took 0.099 seconds
[2024-10-24T06:56:02.408+0000] {processor.py:186} INFO - Started process (PID=99765) to work on /home/airflow/.local/lib/python3.12/site-packages/airflow/example_dags/example_task_group.py
[2024-10-24T06:56:02.411+0000] {processor.py:914} INFO - Processing file /home/airflow/.local/lib/python3.12/site-packages/airflow/example_dags/example_task_group.py for tasks to queue
[2024-10-24T06:56:02.412+0000] {logging_mixin.py:190} INFO - [2024-10-24T06:56:02.412+0000] {dagbag.py:588} INFO - Filling up the DagBag from /home/airflow/.local/lib/python3.12/site-packages/airflow/example_dags/example_task_group.py
[2024-10-24T06:56:02.423+0000] {processor.py:925} INFO - DAG(s) 'example_task_group' retrieved from /home/airflow/.local/lib/python3.12/site-packages/airflow/example_dags/example_task_group.py
[2024-10-24T06:56:02.458+0000] {logging_mixin.py:190} INFO - [2024-10-24T06:56:02.457+0000] {dag.py:3239} INFO - Sync 1 DAGs
[2024-10-24T06:56:02.484+0000] {logging_mixin.py:190} INFO - [2024-10-24T06:56:02.484+0000] {dag.py:4180} INFO - Setting next_dagrun for example_task_group to None, run_after=None
[2024-10-24T06:56:02.511+0000] {processor.py:208} INFO - Processing /home/airflow/.local/lib/python3.12/site-packages/airflow/example_dags/example_task_group.py took 0.115 seconds
[2024-10-24T06:56:33.463+0000] {processor.py:186} INFO - Started process (PID=99832) to work on /home/airflow/.local/lib/python3.12/site-packages/airflow/example_dags/example_task_group.py
[2024-10-24T06:56:33.464+0000] {processor.py:914} INFO - Processing file /home/airflow/.local/lib/python3.12/site-packages/airflow/example_dags/example_task_group.py for tasks to queue
[2024-10-24T06:56:33.465+0000] {logging_mixin.py:190} INFO - [2024-10-24T06:56:33.465+0000] {dagbag.py:588} INFO - Filling up the DagBag from /home/airflow/.local/lib/python3.12/site-packages/airflow/example_dags/example_task_group.py
[2024-10-24T06:56:33.473+0000] {processor.py:925} INFO - DAG(s) 'example_task_group' retrieved from /home/airflow/.local/lib/python3.12/site-packages/airflow/example_dags/example_task_group.py
[2024-10-24T06:56:33.499+0000] {logging_mixin.py:190} INFO - [2024-10-24T06:56:33.499+0000] {dag.py:3239} INFO - Sync 1 DAGs
[2024-10-24T06:56:33.516+0000] {logging_mixin.py:190} INFO - [2024-10-24T06:56:33.516+0000] {dag.py:4180} INFO - Setting next_dagrun for example_task_group to None, run_after=None
[2024-10-24T06:56:33.536+0000] {processor.py:208} INFO - Processing /home/airflow/.local/lib/python3.12/site-packages/airflow/example_dags/example_task_group.py took 0.082 seconds
[2024-10-24T06:57:04.370+0000] {processor.py:186} INFO - Started process (PID=99899) to work on /home/airflow/.local/lib/python3.12/site-packages/airflow/example_dags/example_task_group.py
[2024-10-24T06:57:04.371+0000] {processor.py:914} INFO - Processing file /home/airflow/.local/lib/python3.12/site-packages/airflow/example_dags/example_task_group.py for tasks to queue
[2024-10-24T06:57:04.372+0000] {logging_mixin.py:190} INFO - [2024-10-24T06:57:04.372+0000] {dagbag.py:588} INFO - Filling up the DagBag from /home/airflow/.local/lib/python3.12/site-packages/airflow/example_dags/example_task_group.py
[2024-10-24T06:57:04.382+0000] {processor.py:925} INFO - DAG(s) 'example_task_group' retrieved from /home/airflow/.local/lib/python3.12/site-packages/airflow/example_dags/example_task_group.py
[2024-10-24T06:57:04.424+0000] {logging_mixin.py:190} INFO - [2024-10-24T06:57:04.424+0000] {dag.py:3239} INFO - Sync 1 DAGs
[2024-10-24T06:57:04.449+0000] {logging_mixin.py:190} INFO - [2024-10-24T06:57:04.449+0000] {dag.py:4180} INFO - Setting next_dagrun for example_task_group to None, run_after=None
[2024-10-24T06:57:04.486+0000] {processor.py:208} INFO - Processing /home/airflow/.local/lib/python3.12/site-packages/airflow/example_dags/example_task_group.py took 0.124 seconds
[2024-10-24T06:57:34.868+0000] {processor.py:186} INFO - Started process (PID=99966) to work on /home/airflow/.local/lib/python3.12/site-packages/airflow/example_dags/example_task_group.py
[2024-10-24T06:57:34.870+0000] {processor.py:914} INFO - Processing file /home/airflow/.local/lib/python3.12/site-packages/airflow/example_dags/example_task_group.py for tasks to queue
[2024-10-24T06:57:34.872+0000] {logging_mixin.py:190} INFO - [2024-10-24T06:57:34.871+0000] {dagbag.py:588} INFO - Filling up the DagBag from /home/airflow/.local/lib/python3.12/site-packages/airflow/example_dags/example_task_group.py
[2024-10-24T06:57:34.880+0000] {processor.py:925} INFO - DAG(s) 'example_task_group' retrieved from /home/airflow/.local/lib/python3.12/site-packages/airflow/example_dags/example_task_group.py
[2024-10-24T06:57:34.912+0000] {logging_mixin.py:190} INFO - [2024-10-24T06:57:34.912+0000] {dag.py:3239} INFO - Sync 1 DAGs
[2024-10-24T06:57:34.929+0000] {logging_mixin.py:190} INFO - [2024-10-24T06:57:34.929+0000] {dag.py:4180} INFO - Setting next_dagrun for example_task_group to None, run_after=None
[2024-10-24T06:57:34.950+0000] {processor.py:208} INFO - Processing /home/airflow/.local/lib/python3.12/site-packages/airflow/example_dags/example_task_group.py took 0.091 seconds
[2024-10-24T06:58:05.398+0000] {processor.py:186} INFO - Started process (PID=100033) to work on /home/airflow/.local/lib/python3.12/site-packages/airflow/example_dags/example_task_group.py
[2024-10-24T06:58:05.399+0000] {processor.py:914} INFO - Processing file /home/airflow/.local/lib/python3.12/site-packages/airflow/example_dags/example_task_group.py for tasks to queue
[2024-10-24T06:58:05.400+0000] {logging_mixin.py:190} INFO - [2024-10-24T06:58:05.400+0000] {dagbag.py:588} INFO - Filling up the DagBag from /home/airflow/.local/lib/python3.12/site-packages/airflow/example_dags/example_task_group.py
[2024-10-24T06:58:05.411+0000] {processor.py:925} INFO - DAG(s) 'example_task_group' retrieved from /home/airflow/.local/lib/python3.12/site-packages/airflow/example_dags/example_task_group.py
[2024-10-24T06:58:05.439+0000] {logging_mixin.py:190} INFO - [2024-10-24T06:58:05.439+0000] {dag.py:3239} INFO - Sync 1 DAGs
[2024-10-24T06:58:05.466+0000] {logging_mixin.py:190} INFO - [2024-10-24T06:58:05.465+0000] {dag.py:4180} INFO - Setting next_dagrun for example_task_group to None, run_after=None
[2024-10-24T06:58:05.486+0000] {processor.py:208} INFO - Processing /home/airflow/.local/lib/python3.12/site-packages/airflow/example_dags/example_task_group.py took 0.098 seconds
[2024-10-24T06:58:36.292+0000] {processor.py:186} INFO - Started process (PID=100099) to work on /home/airflow/.local/lib/python3.12/site-packages/airflow/example_dags/example_task_group.py
[2024-10-24T06:58:36.294+0000] {processor.py:914} INFO - Processing file /home/airflow/.local/lib/python3.12/site-packages/airflow/example_dags/example_task_group.py for tasks to queue
[2024-10-24T06:58:36.295+0000] {logging_mixin.py:190} INFO - [2024-10-24T06:58:36.295+0000] {dagbag.py:588} INFO - Filling up the DagBag from /home/airflow/.local/lib/python3.12/site-packages/airflow/example_dags/example_task_group.py
[2024-10-24T06:58:36.305+0000] {processor.py:925} INFO - DAG(s) 'example_task_group' retrieved from /home/airflow/.local/lib/python3.12/site-packages/airflow/example_dags/example_task_group.py
[2024-10-24T06:58:36.336+0000] {logging_mixin.py:190} INFO - [2024-10-24T06:58:36.335+0000] {dag.py:3239} INFO - Sync 1 DAGs
[2024-10-24T06:58:36.353+0000] {logging_mixin.py:190} INFO - [2024-10-24T06:58:36.353+0000] {dag.py:4180} INFO - Setting next_dagrun for example_task_group to None, run_after=None
[2024-10-24T06:58:36.371+0000] {processor.py:208} INFO - Processing /home/airflow/.local/lib/python3.12/site-packages/airflow/example_dags/example_task_group.py took 0.092 seconds
[2024-10-24T06:59:07.133+0000] {processor.py:186} INFO - Started process (PID=100166) to work on /home/airflow/.local/lib/python3.12/site-packages/airflow/example_dags/example_task_group.py
[2024-10-24T06:59:07.135+0000] {processor.py:914} INFO - Processing file /home/airflow/.local/lib/python3.12/site-packages/airflow/example_dags/example_task_group.py for tasks to queue
[2024-10-24T06:59:07.136+0000] {logging_mixin.py:190} INFO - [2024-10-24T06:59:07.136+0000] {dagbag.py:588} INFO - Filling up the DagBag from /home/airflow/.local/lib/python3.12/site-packages/airflow/example_dags/example_task_group.py
[2024-10-24T06:59:07.151+0000] {processor.py:925} INFO - DAG(s) 'example_task_group' retrieved from /home/airflow/.local/lib/python3.12/site-packages/airflow/example_dags/example_task_group.py
[2024-10-24T06:59:07.200+0000] {logging_mixin.py:190} INFO - [2024-10-24T06:59:07.200+0000] {dag.py:3239} INFO - Sync 1 DAGs
[2024-10-24T06:59:07.223+0000] {logging_mixin.py:190} INFO - [2024-10-24T06:59:07.223+0000] {dag.py:4180} INFO - Setting next_dagrun for example_task_group to None, run_after=None
[2024-10-24T06:59:07.572+0000] {processor.py:208} INFO - Processing /home/airflow/.local/lib/python3.12/site-packages/airflow/example_dags/example_task_group.py took 0.452 seconds
