[2024-10-24T04:09:22.451+0000] {processor.py:186} INFO - Started process (PID=98926) to work on /home/airflow/.local/lib/python3.12/site-packages/airflow/example_dags/example_dataset_alias.py
[2024-10-24T04:09:22.452+0000] {processor.py:914} INFO - Processing file /home/airflow/.local/lib/python3.12/site-packages/airflow/example_dags/example_dataset_alias.py for tasks to queue
[2024-10-24T04:09:22.453+0000] {logging_mixin.py:190} INFO - [2024-10-24T04:09:22.453+0000] {dagbag.py:588} INFO - Filling up the DagBag from /home/airflow/.local/lib/python3.12/site-packages/airflow/example_dags/example_dataset_alias.py
[2024-10-24T04:09:22.705+0000] {processor.py:925} INFO - DAG(s) 'dataset_s3_bucket_consumer', 'dataset_s3_bucket_producer', 'dataset_alias_example_alias_producer', 'dataset_alias_example_alias_consumer' retrieved from /home/airflow/.local/lib/python3.12/site-packages/airflow/example_dags/example_dataset_alias.py
[2024-10-24T04:09:22.749+0000] {logging_mixin.py:190} INFO - [2024-10-24T04:09:22.749+0000] {dag.py:3239} INFO - Sync 4 DAGs
[2024-10-24T04:09:22.779+0000] {logging_mixin.py:190} INFO - [2024-10-24T04:09:22.778+0000] {dag.py:4180} INFO - Setting next_dagrun for dataset_alias_example_alias_consumer to None, run_after=None
[2024-10-24T04:09:22.784+0000] {logging_mixin.py:190} INFO - [2024-10-24T04:09:22.784+0000] {dag.py:4180} INFO - Setting next_dagrun for dataset_alias_example_alias_producer to None, run_after=None
[2024-10-24T04:09:22.786+0000] {logging_mixin.py:190} INFO - [2024-10-24T04:09:22.786+0000] {dag.py:4180} INFO - Setting next_dagrun for dataset_s3_bucket_consumer to None, run_after=None
[2024-10-24T04:09:22.788+0000] {logging_mixin.py:190} INFO - [2024-10-24T04:09:22.787+0000] {dag.py:4180} INFO - Setting next_dagrun for dataset_s3_bucket_producer to None, run_after=None
[2024-10-24T04:09:22.823+0000] {processor.py:208} INFO - Processing /home/airflow/.local/lib/python3.12/site-packages/airflow/example_dags/example_dataset_alias.py took 0.380 seconds
[2024-10-24T04:09:53.033+0000] {processor.py:186} INFO - Started process (PID=98993) to work on /home/airflow/.local/lib/python3.12/site-packages/airflow/example_dags/example_dataset_alias.py
[2024-10-24T04:09:53.036+0000] {processor.py:914} INFO - Processing file /home/airflow/.local/lib/python3.12/site-packages/airflow/example_dags/example_dataset_alias.py for tasks to queue
[2024-10-24T04:09:53.038+0000] {logging_mixin.py:190} INFO - [2024-10-24T04:09:53.037+0000] {dagbag.py:588} INFO - Filling up the DagBag from /home/airflow/.local/lib/python3.12/site-packages/airflow/example_dags/example_dataset_alias.py
[2024-10-24T04:09:53.260+0000] {processor.py:925} INFO - DAG(s) 'dataset_s3_bucket_producer', 'dataset_alias_example_alias_producer', 'dataset_s3_bucket_consumer', 'dataset_alias_example_alias_consumer' retrieved from /home/airflow/.local/lib/python3.12/site-packages/airflow/example_dags/example_dataset_alias.py
[2024-10-24T04:09:53.285+0000] {logging_mixin.py:190} INFO - [2024-10-24T04:09:53.285+0000] {dag.py:3239} INFO - Sync 4 DAGs
[2024-10-24T04:09:53.313+0000] {logging_mixin.py:190} INFO - [2024-10-24T04:09:53.312+0000] {dag.py:4180} INFO - Setting next_dagrun for dataset_alias_example_alias_consumer to None, run_after=None
[2024-10-24T04:09:53.316+0000] {logging_mixin.py:190} INFO - [2024-10-24T04:09:53.315+0000] {dag.py:4180} INFO - Setting next_dagrun for dataset_alias_example_alias_producer to None, run_after=None
[2024-10-24T04:09:53.317+0000] {logging_mixin.py:190} INFO - [2024-10-24T04:09:53.317+0000] {dag.py:4180} INFO - Setting next_dagrun for dataset_s3_bucket_consumer to None, run_after=None
[2024-10-24T04:09:53.318+0000] {logging_mixin.py:190} INFO - [2024-10-24T04:09:53.318+0000] {dag.py:4180} INFO - Setting next_dagrun for dataset_s3_bucket_producer to None, run_after=None
[2024-10-24T04:09:53.341+0000] {processor.py:208} INFO - Processing /home/airflow/.local/lib/python3.12/site-packages/airflow/example_dags/example_dataset_alias.py took 0.316 seconds
[2024-10-24T04:10:23.762+0000] {processor.py:186} INFO - Started process (PID=99059) to work on /home/airflow/.local/lib/python3.12/site-packages/airflow/example_dags/example_dataset_alias.py
[2024-10-24T04:10:23.763+0000] {processor.py:914} INFO - Processing file /home/airflow/.local/lib/python3.12/site-packages/airflow/example_dags/example_dataset_alias.py for tasks to queue
[2024-10-24T04:10:23.765+0000] {logging_mixin.py:190} INFO - [2024-10-24T04:10:23.764+0000] {dagbag.py:588} INFO - Filling up the DagBag from /home/airflow/.local/lib/python3.12/site-packages/airflow/example_dags/example_dataset_alias.py
[2024-10-24T04:10:23.958+0000] {processor.py:925} INFO - DAG(s) 'dataset_s3_bucket_consumer', 'dataset_alias_example_alias_consumer', 'dataset_alias_example_alias_producer', 'dataset_s3_bucket_producer' retrieved from /home/airflow/.local/lib/python3.12/site-packages/airflow/example_dags/example_dataset_alias.py
[2024-10-24T04:10:23.984+0000] {logging_mixin.py:190} INFO - [2024-10-24T04:10:23.984+0000] {dag.py:3239} INFO - Sync 4 DAGs
[2024-10-24T04:10:24.201+0000] {logging_mixin.py:190} INFO - [2024-10-24T04:10:24.201+0000] {dag.py:4180} INFO - Setting next_dagrun for dataset_alias_example_alias_consumer to None, run_after=None
[2024-10-24T04:10:24.205+0000] {logging_mixin.py:190} INFO - [2024-10-24T04:10:24.204+0000] {dag.py:4180} INFO - Setting next_dagrun for dataset_alias_example_alias_producer to None, run_after=None
[2024-10-24T04:10:24.206+0000] {logging_mixin.py:190} INFO - [2024-10-24T04:10:24.206+0000] {dag.py:4180} INFO - Setting next_dagrun for dataset_s3_bucket_consumer to None, run_after=None
[2024-10-24T04:10:24.208+0000] {logging_mixin.py:190} INFO - [2024-10-24T04:10:24.208+0000] {dag.py:4180} INFO - Setting next_dagrun for dataset_s3_bucket_producer to None, run_after=None
[2024-10-24T04:10:24.231+0000] {processor.py:208} INFO - Processing /home/airflow/.local/lib/python3.12/site-packages/airflow/example_dags/example_dataset_alias.py took 0.477 seconds
[2024-10-24T04:10:54.664+0000] {processor.py:186} INFO - Started process (PID=99127) to work on /home/airflow/.local/lib/python3.12/site-packages/airflow/example_dags/example_dataset_alias.py
[2024-10-24T04:10:54.665+0000] {processor.py:914} INFO - Processing file /home/airflow/.local/lib/python3.12/site-packages/airflow/example_dags/example_dataset_alias.py for tasks to queue
[2024-10-24T04:10:54.667+0000] {logging_mixin.py:190} INFO - [2024-10-24T04:10:54.666+0000] {dagbag.py:588} INFO - Filling up the DagBag from /home/airflow/.local/lib/python3.12/site-packages/airflow/example_dags/example_dataset_alias.py
[2024-10-24T04:10:54.863+0000] {processor.py:925} INFO - DAG(s) 'dataset_s3_bucket_consumer', 'dataset_s3_bucket_producer', 'dataset_alias_example_alias_consumer', 'dataset_alias_example_alias_producer' retrieved from /home/airflow/.local/lib/python3.12/site-packages/airflow/example_dags/example_dataset_alias.py
[2024-10-24T04:10:54.889+0000] {logging_mixin.py:190} INFO - [2024-10-24T04:10:54.889+0000] {dag.py:3239} INFO - Sync 4 DAGs
[2024-10-24T04:10:55.104+0000] {logging_mixin.py:190} INFO - [2024-10-24T04:10:55.104+0000] {dag.py:4180} INFO - Setting next_dagrun for dataset_alias_example_alias_consumer to None, run_after=None
[2024-10-24T04:10:55.108+0000] {logging_mixin.py:190} INFO - [2024-10-24T04:10:55.107+0000] {dag.py:4180} INFO - Setting next_dagrun for dataset_alias_example_alias_producer to None, run_after=None
[2024-10-24T04:10:55.109+0000] {logging_mixin.py:190} INFO - [2024-10-24T04:10:55.109+0000] {dag.py:4180} INFO - Setting next_dagrun for dataset_s3_bucket_consumer to None, run_after=None
[2024-10-24T04:10:55.111+0000] {logging_mixin.py:190} INFO - [2024-10-24T04:10:55.110+0000] {dag.py:4180} INFO - Setting next_dagrun for dataset_s3_bucket_producer to None, run_after=None
[2024-10-24T04:10:55.131+0000] {processor.py:208} INFO - Processing /home/airflow/.local/lib/python3.12/site-packages/airflow/example_dags/example_dataset_alias.py took 0.475 seconds
[2024-10-24T04:11:25.583+0000] {processor.py:186} INFO - Started process (PID=99192) to work on /home/airflow/.local/lib/python3.12/site-packages/airflow/example_dags/example_dataset_alias.py
[2024-10-24T04:11:25.584+0000] {processor.py:914} INFO - Processing file /home/airflow/.local/lib/python3.12/site-packages/airflow/example_dags/example_dataset_alias.py for tasks to queue
[2024-10-24T04:11:25.586+0000] {logging_mixin.py:190} INFO - [2024-10-24T04:11:25.585+0000] {dagbag.py:588} INFO - Filling up the DagBag from /home/airflow/.local/lib/python3.12/site-packages/airflow/example_dags/example_dataset_alias.py
[2024-10-24T04:11:25.805+0000] {processor.py:925} INFO - DAG(s) 'dataset_alias_example_alias_producer', 'dataset_s3_bucket_producer', 'dataset_s3_bucket_consumer', 'dataset_alias_example_alias_consumer' retrieved from /home/airflow/.local/lib/python3.12/site-packages/airflow/example_dags/example_dataset_alias.py
[2024-10-24T04:11:25.834+0000] {logging_mixin.py:190} INFO - [2024-10-24T04:11:25.834+0000] {dag.py:3239} INFO - Sync 4 DAGs
[2024-10-24T04:11:26.059+0000] {logging_mixin.py:190} INFO - [2024-10-24T04:11:26.058+0000] {dag.py:4180} INFO - Setting next_dagrun for dataset_alias_example_alias_consumer to None, run_after=None
[2024-10-24T04:11:26.065+0000] {logging_mixin.py:190} INFO - [2024-10-24T04:11:26.064+0000] {dag.py:4180} INFO - Setting next_dagrun for dataset_alias_example_alias_producer to None, run_after=None
[2024-10-24T04:11:26.068+0000] {logging_mixin.py:190} INFO - [2024-10-24T04:11:26.068+0000] {dag.py:4180} INFO - Setting next_dagrun for dataset_s3_bucket_consumer to None, run_after=None
[2024-10-24T04:11:26.069+0000] {logging_mixin.py:190} INFO - [2024-10-24T04:11:26.069+0000] {dag.py:4180} INFO - Setting next_dagrun for dataset_s3_bucket_producer to None, run_after=None
[2024-10-24T04:11:26.121+0000] {processor.py:208} INFO - Processing /home/airflow/.local/lib/python3.12/site-packages/airflow/example_dags/example_dataset_alias.py took 0.547 seconds
[2024-10-24T04:11:58.303+0000] {processor.py:186} INFO - Started process (PID=99259) to work on /home/airflow/.local/lib/python3.12/site-packages/airflow/example_dags/example_dataset_alias.py
[2024-10-24T04:11:58.304+0000] {processor.py:914} INFO - Processing file /home/airflow/.local/lib/python3.12/site-packages/airflow/example_dags/example_dataset_alias.py for tasks to queue
[2024-10-24T04:11:58.306+0000] {logging_mixin.py:190} INFO - [2024-10-24T04:11:58.305+0000] {dagbag.py:588} INFO - Filling up the DagBag from /home/airflow/.local/lib/python3.12/site-packages/airflow/example_dags/example_dataset_alias.py
[2024-10-24T04:11:58.511+0000] {processor.py:925} INFO - DAG(s) 'dataset_s3_bucket_consumer', 'dataset_alias_example_alias_producer', 'dataset_alias_example_alias_consumer', 'dataset_s3_bucket_producer' retrieved from /home/airflow/.local/lib/python3.12/site-packages/airflow/example_dags/example_dataset_alias.py
[2024-10-24T04:11:58.538+0000] {logging_mixin.py:190} INFO - [2024-10-24T04:11:58.538+0000] {dag.py:3239} INFO - Sync 4 DAGs
[2024-10-24T04:11:58.830+0000] {logging_mixin.py:190} INFO - [2024-10-24T04:11:58.829+0000] {dag.py:4180} INFO - Setting next_dagrun for dataset_alias_example_alias_consumer to None, run_after=None
[2024-10-24T04:11:58.836+0000] {logging_mixin.py:190} INFO - [2024-10-24T04:11:58.836+0000] {dag.py:4180} INFO - Setting next_dagrun for dataset_alias_example_alias_producer to None, run_after=None
[2024-10-24T04:11:58.839+0000] {logging_mixin.py:190} INFO - [2024-10-24T04:11:58.839+0000] {dag.py:4180} INFO - Setting next_dagrun for dataset_s3_bucket_consumer to None, run_after=None
[2024-10-24T04:11:58.841+0000] {logging_mixin.py:190} INFO - [2024-10-24T04:11:58.840+0000] {dag.py:4180} INFO - Setting next_dagrun for dataset_s3_bucket_producer to None, run_after=None
[2024-10-24T04:11:58.875+0000] {processor.py:208} INFO - Processing /home/airflow/.local/lib/python3.12/site-packages/airflow/example_dags/example_dataset_alias.py took 0.580 seconds
[2024-10-24T04:12:29.775+0000] {processor.py:186} INFO - Started process (PID=99327) to work on /home/airflow/.local/lib/python3.12/site-packages/airflow/example_dags/example_dataset_alias.py
[2024-10-24T04:12:29.777+0000] {processor.py:914} INFO - Processing file /home/airflow/.local/lib/python3.12/site-packages/airflow/example_dags/example_dataset_alias.py for tasks to queue
[2024-10-24T04:12:29.778+0000] {logging_mixin.py:190} INFO - [2024-10-24T04:12:29.778+0000] {dagbag.py:588} INFO - Filling up the DagBag from /home/airflow/.local/lib/python3.12/site-packages/airflow/example_dags/example_dataset_alias.py
[2024-10-24T04:12:29.968+0000] {processor.py:925} INFO - DAG(s) 'dataset_s3_bucket_producer', 'dataset_alias_example_alias_consumer', 'dataset_alias_example_alias_producer', 'dataset_s3_bucket_consumer' retrieved from /home/airflow/.local/lib/python3.12/site-packages/airflow/example_dags/example_dataset_alias.py
[2024-10-24T04:12:29.992+0000] {logging_mixin.py:190} INFO - [2024-10-24T04:12:29.992+0000] {dag.py:3239} INFO - Sync 4 DAGs
[2024-10-24T04:12:30.213+0000] {logging_mixin.py:190} INFO - [2024-10-24T04:12:30.212+0000] {dag.py:4180} INFO - Setting next_dagrun for dataset_alias_example_alias_consumer to None, run_after=None
[2024-10-24T04:12:30.216+0000] {logging_mixin.py:190} INFO - [2024-10-24T04:12:30.216+0000] {dag.py:4180} INFO - Setting next_dagrun for dataset_alias_example_alias_producer to None, run_after=None
[2024-10-24T04:12:30.218+0000] {logging_mixin.py:190} INFO - [2024-10-24T04:12:30.217+0000] {dag.py:4180} INFO - Setting next_dagrun for dataset_s3_bucket_consumer to None, run_after=None
[2024-10-24T04:12:30.219+0000] {logging_mixin.py:190} INFO - [2024-10-24T04:12:30.219+0000] {dag.py:4180} INFO - Setting next_dagrun for dataset_s3_bucket_producer to None, run_after=None
[2024-10-24T04:12:30.246+0000] {processor.py:208} INFO - Processing /home/airflow/.local/lib/python3.12/site-packages/airflow/example_dags/example_dataset_alias.py took 0.478 seconds
[2024-10-24T04:13:00.310+0000] {processor.py:186} INFO - Started process (PID=99396) to work on /home/airflow/.local/lib/python3.12/site-packages/airflow/example_dags/example_dataset_alias.py
[2024-10-24T04:13:00.311+0000] {processor.py:914} INFO - Processing file /home/airflow/.local/lib/python3.12/site-packages/airflow/example_dags/example_dataset_alias.py for tasks to queue
[2024-10-24T04:13:00.312+0000] {logging_mixin.py:190} INFO - [2024-10-24T04:13:00.312+0000] {dagbag.py:588} INFO - Filling up the DagBag from /home/airflow/.local/lib/python3.12/site-packages/airflow/example_dags/example_dataset_alias.py
[2024-10-24T04:13:00.696+0000] {processor.py:925} INFO - DAG(s) 'dataset_s3_bucket_producer', 'dataset_alias_example_alias_producer', 'dataset_s3_bucket_consumer', 'dataset_alias_example_alias_consumer' retrieved from /home/airflow/.local/lib/python3.12/site-packages/airflow/example_dags/example_dataset_alias.py
[2024-10-24T04:13:00.721+0000] {logging_mixin.py:190} INFO - [2024-10-24T04:13:00.721+0000] {dag.py:3239} INFO - Sync 4 DAGs
[2024-10-24T04:13:00.741+0000] {logging_mixin.py:190} INFO - [2024-10-24T04:13:00.741+0000] {dag.py:4180} INFO - Setting next_dagrun for dataset_alias_example_alias_consumer to None, run_after=None
[2024-10-24T04:13:00.746+0000] {logging_mixin.py:190} INFO - [2024-10-24T04:13:00.746+0000] {dag.py:4180} INFO - Setting next_dagrun for dataset_alias_example_alias_producer to None, run_after=None
[2024-10-24T04:13:00.747+0000] {logging_mixin.py:190} INFO - [2024-10-24T04:13:00.747+0000] {dag.py:4180} INFO - Setting next_dagrun for dataset_s3_bucket_consumer to None, run_after=None
[2024-10-24T04:13:00.748+0000] {logging_mixin.py:190} INFO - [2024-10-24T04:13:00.748+0000] {dag.py:4180} INFO - Setting next_dagrun for dataset_s3_bucket_producer to None, run_after=None
[2024-10-24T04:13:00.767+0000] {processor.py:208} INFO - Processing /home/airflow/.local/lib/python3.12/site-packages/airflow/example_dags/example_dataset_alias.py took 0.465 seconds
[2024-10-24T04:13:30.932+0000] {processor.py:186} INFO - Started process (PID=99464) to work on /home/airflow/.local/lib/python3.12/site-packages/airflow/example_dags/example_dataset_alias.py
[2024-10-24T04:13:30.933+0000] {processor.py:914} INFO - Processing file /home/airflow/.local/lib/python3.12/site-packages/airflow/example_dags/example_dataset_alias.py for tasks to queue
[2024-10-24T04:13:30.934+0000] {logging_mixin.py:190} INFO - [2024-10-24T04:13:30.934+0000] {dagbag.py:588} INFO - Filling up the DagBag from /home/airflow/.local/lib/python3.12/site-packages/airflow/example_dags/example_dataset_alias.py
[2024-10-24T04:13:31.307+0000] {processor.py:925} INFO - DAG(s) 'dataset_alias_example_alias_consumer', 'dataset_alias_example_alias_producer', 'dataset_s3_bucket_producer', 'dataset_s3_bucket_consumer' retrieved from /home/airflow/.local/lib/python3.12/site-packages/airflow/example_dags/example_dataset_alias.py
[2024-10-24T04:13:31.333+0000] {logging_mixin.py:190} INFO - [2024-10-24T04:13:31.333+0000] {dag.py:3239} INFO - Sync 4 DAGs
[2024-10-24T04:13:31.353+0000] {logging_mixin.py:190} INFO - [2024-10-24T04:13:31.353+0000] {dag.py:4180} INFO - Setting next_dagrun for dataset_alias_example_alias_consumer to None, run_after=None
[2024-10-24T04:13:31.357+0000] {logging_mixin.py:190} INFO - [2024-10-24T04:13:31.357+0000] {dag.py:4180} INFO - Setting next_dagrun for dataset_alias_example_alias_producer to None, run_after=None
[2024-10-24T04:13:31.359+0000] {logging_mixin.py:190} INFO - [2024-10-24T04:13:31.358+0000] {dag.py:4180} INFO - Setting next_dagrun for dataset_s3_bucket_consumer to None, run_after=None
[2024-10-24T04:13:31.360+0000] {logging_mixin.py:190} INFO - [2024-10-24T04:13:31.360+0000] {dag.py:4180} INFO - Setting next_dagrun for dataset_s3_bucket_producer to None, run_after=None
[2024-10-24T04:13:31.382+0000] {processor.py:208} INFO - Processing /home/airflow/.local/lib/python3.12/site-packages/airflow/example_dags/example_dataset_alias.py took 0.458 seconds
[2024-10-24T04:14:01.529+0000] {processor.py:186} INFO - Started process (PID=99532) to work on /home/airflow/.local/lib/python3.12/site-packages/airflow/example_dags/example_dataset_alias.py
[2024-10-24T04:14:01.530+0000] {processor.py:914} INFO - Processing file /home/airflow/.local/lib/python3.12/site-packages/airflow/example_dags/example_dataset_alias.py for tasks to queue
[2024-10-24T04:14:01.532+0000] {logging_mixin.py:190} INFO - [2024-10-24T04:14:01.532+0000] {dagbag.py:588} INFO - Filling up the DagBag from /home/airflow/.local/lib/python3.12/site-packages/airflow/example_dags/example_dataset_alias.py
[2024-10-24T04:14:01.905+0000] {processor.py:925} INFO - DAG(s) 'dataset_alias_example_alias_consumer', 'dataset_alias_example_alias_producer', 'dataset_s3_bucket_producer', 'dataset_s3_bucket_consumer' retrieved from /home/airflow/.local/lib/python3.12/site-packages/airflow/example_dags/example_dataset_alias.py
[2024-10-24T04:14:01.930+0000] {logging_mixin.py:190} INFO - [2024-10-24T04:14:01.930+0000] {dag.py:3239} INFO - Sync 4 DAGs
[2024-10-24T04:14:01.952+0000] {logging_mixin.py:190} INFO - [2024-10-24T04:14:01.952+0000] {dag.py:4180} INFO - Setting next_dagrun for dataset_alias_example_alias_consumer to None, run_after=None
[2024-10-24T04:14:01.958+0000] {logging_mixin.py:190} INFO - [2024-10-24T04:14:01.957+0000] {dag.py:4180} INFO - Setting next_dagrun for dataset_alias_example_alias_producer to None, run_after=None
[2024-10-24T04:14:01.960+0000] {logging_mixin.py:190} INFO - [2024-10-24T04:14:01.960+0000] {dag.py:4180} INFO - Setting next_dagrun for dataset_s3_bucket_consumer to None, run_after=None
[2024-10-24T04:14:01.962+0000] {logging_mixin.py:190} INFO - [2024-10-24T04:14:01.961+0000] {dag.py:4180} INFO - Setting next_dagrun for dataset_s3_bucket_producer to None, run_after=None
[2024-10-24T04:14:01.987+0000] {processor.py:208} INFO - Processing /home/airflow/.local/lib/python3.12/site-packages/airflow/example_dags/example_dataset_alias.py took 0.466 seconds
[2024-10-24T04:14:32.223+0000] {processor.py:186} INFO - Started process (PID=99600) to work on /home/airflow/.local/lib/python3.12/site-packages/airflow/example_dags/example_dataset_alias.py
[2024-10-24T04:14:32.224+0000] {processor.py:914} INFO - Processing file /home/airflow/.local/lib/python3.12/site-packages/airflow/example_dags/example_dataset_alias.py for tasks to queue
[2024-10-24T04:14:32.225+0000] {logging_mixin.py:190} INFO - [2024-10-24T04:14:32.225+0000] {dagbag.py:588} INFO - Filling up the DagBag from /home/airflow/.local/lib/python3.12/site-packages/airflow/example_dags/example_dataset_alias.py
[2024-10-24T04:14:32.604+0000] {processor.py:925} INFO - DAG(s) 'dataset_s3_bucket_producer', 'dataset_alias_example_alias_consumer', 'dataset_alias_example_alias_producer', 'dataset_s3_bucket_consumer' retrieved from /home/airflow/.local/lib/python3.12/site-packages/airflow/example_dags/example_dataset_alias.py
[2024-10-24T04:14:32.634+0000] {logging_mixin.py:190} INFO - [2024-10-24T04:14:32.634+0000] {dag.py:3239} INFO - Sync 4 DAGs
[2024-10-24T04:14:32.660+0000] {logging_mixin.py:190} INFO - [2024-10-24T04:14:32.660+0000] {dag.py:4180} INFO - Setting next_dagrun for dataset_alias_example_alias_consumer to None, run_after=None
[2024-10-24T04:14:32.664+0000] {logging_mixin.py:190} INFO - [2024-10-24T04:14:32.664+0000] {dag.py:4180} INFO - Setting next_dagrun for dataset_alias_example_alias_producer to None, run_after=None
[2024-10-24T04:14:32.665+0000] {logging_mixin.py:190} INFO - [2024-10-24T04:14:32.665+0000] {dag.py:4180} INFO - Setting next_dagrun for dataset_s3_bucket_consumer to None, run_after=None
[2024-10-24T04:14:32.667+0000] {logging_mixin.py:190} INFO - [2024-10-24T04:14:32.666+0000] {dag.py:4180} INFO - Setting next_dagrun for dataset_s3_bucket_producer to None, run_after=None
[2024-10-24T04:14:32.689+0000] {processor.py:208} INFO - Processing /home/airflow/.local/lib/python3.12/site-packages/airflow/example_dags/example_dataset_alias.py took 0.474 seconds
[2024-10-24T04:15:02.883+0000] {processor.py:186} INFO - Started process (PID=99666) to work on /home/airflow/.local/lib/python3.12/site-packages/airflow/example_dags/example_dataset_alias.py
[2024-10-24T04:15:02.885+0000] {processor.py:914} INFO - Processing file /home/airflow/.local/lib/python3.12/site-packages/airflow/example_dags/example_dataset_alias.py for tasks to queue
[2024-10-24T04:15:02.886+0000] {logging_mixin.py:190} INFO - [2024-10-24T04:15:02.886+0000] {dagbag.py:588} INFO - Filling up the DagBag from /home/airflow/.local/lib/python3.12/site-packages/airflow/example_dags/example_dataset_alias.py
[2024-10-24T04:15:03.278+0000] {processor.py:925} INFO - DAG(s) 'dataset_s3_bucket_consumer', 'dataset_s3_bucket_producer', 'dataset_alias_example_alias_consumer', 'dataset_alias_example_alias_producer' retrieved from /home/airflow/.local/lib/python3.12/site-packages/airflow/example_dags/example_dataset_alias.py
[2024-10-24T04:15:03.305+0000] {logging_mixin.py:190} INFO - [2024-10-24T04:15:03.304+0000] {dag.py:3239} INFO - Sync 4 DAGs
[2024-10-24T04:15:03.326+0000] {logging_mixin.py:190} INFO - [2024-10-24T04:15:03.326+0000] {dag.py:4180} INFO - Setting next_dagrun for dataset_alias_example_alias_consumer to None, run_after=None
[2024-10-24T04:15:03.329+0000] {logging_mixin.py:190} INFO - [2024-10-24T04:15:03.329+0000] {dag.py:4180} INFO - Setting next_dagrun for dataset_alias_example_alias_producer to None, run_after=None
[2024-10-24T04:15:03.330+0000] {logging_mixin.py:190} INFO - [2024-10-24T04:15:03.330+0000] {dag.py:4180} INFO - Setting next_dagrun for dataset_s3_bucket_consumer to None, run_after=None
[2024-10-24T04:15:03.331+0000] {logging_mixin.py:190} INFO - [2024-10-24T04:15:03.331+0000] {dag.py:4180} INFO - Setting next_dagrun for dataset_s3_bucket_producer to None, run_after=None
[2024-10-24T04:15:03.357+0000] {processor.py:208} INFO - Processing /home/airflow/.local/lib/python3.12/site-packages/airflow/example_dags/example_dataset_alias.py took 0.482 seconds
[2024-10-24T04:15:33.536+0000] {processor.py:186} INFO - Started process (PID=99735) to work on /home/airflow/.local/lib/python3.12/site-packages/airflow/example_dags/example_dataset_alias.py
[2024-10-24T04:15:33.538+0000] {processor.py:914} INFO - Processing file /home/airflow/.local/lib/python3.12/site-packages/airflow/example_dags/example_dataset_alias.py for tasks to queue
[2024-10-24T04:15:33.539+0000] {logging_mixin.py:190} INFO - [2024-10-24T04:15:33.539+0000] {dagbag.py:588} INFO - Filling up the DagBag from /home/airflow/.local/lib/python3.12/site-packages/airflow/example_dags/example_dataset_alias.py
[2024-10-24T04:15:33.928+0000] {processor.py:925} INFO - DAG(s) 'dataset_s3_bucket_producer', 'dataset_alias_example_alias_consumer', 'dataset_s3_bucket_consumer', 'dataset_alias_example_alias_producer' retrieved from /home/airflow/.local/lib/python3.12/site-packages/airflow/example_dags/example_dataset_alias.py
[2024-10-24T04:15:33.949+0000] {logging_mixin.py:190} INFO - [2024-10-24T04:15:33.949+0000] {dag.py:3239} INFO - Sync 4 DAGs
[2024-10-24T04:15:33.969+0000] {logging_mixin.py:190} INFO - [2024-10-24T04:15:33.969+0000] {dag.py:4180} INFO - Setting next_dagrun for dataset_alias_example_alias_consumer to None, run_after=None
[2024-10-24T04:15:33.972+0000] {logging_mixin.py:190} INFO - [2024-10-24T04:15:33.972+0000] {dag.py:4180} INFO - Setting next_dagrun for dataset_alias_example_alias_producer to None, run_after=None
[2024-10-24T04:15:33.973+0000] {logging_mixin.py:190} INFO - [2024-10-24T04:15:33.973+0000] {dag.py:4180} INFO - Setting next_dagrun for dataset_s3_bucket_consumer to None, run_after=None
[2024-10-24T04:15:33.975+0000] {logging_mixin.py:190} INFO - [2024-10-24T04:15:33.975+0000] {dag.py:4180} INFO - Setting next_dagrun for dataset_s3_bucket_producer to None, run_after=None
[2024-10-24T04:15:33.994+0000] {processor.py:208} INFO - Processing /home/airflow/.local/lib/python3.12/site-packages/airflow/example_dags/example_dataset_alias.py took 0.466 seconds
[2024-10-24T06:56:04.720+0000] {processor.py:186} INFO - Started process (PID=99793) to work on /home/airflow/.local/lib/python3.12/site-packages/airflow/example_dags/example_dataset_alias.py
[2024-10-24T06:56:04.722+0000] {processor.py:914} INFO - Processing file /home/airflow/.local/lib/python3.12/site-packages/airflow/example_dags/example_dataset_alias.py for tasks to queue
[2024-10-24T06:56:04.723+0000] {logging_mixin.py:190} INFO - [2024-10-24T06:56:04.723+0000] {dagbag.py:588} INFO - Filling up the DagBag from /home/airflow/.local/lib/python3.12/site-packages/airflow/example_dags/example_dataset_alias.py
[2024-10-24T06:56:05.341+0000] {processor.py:925} INFO - DAG(s) 'dataset_alias_example_alias_consumer', 'dataset_s3_bucket_producer', 'dataset_s3_bucket_consumer', 'dataset_alias_example_alias_producer' retrieved from /home/airflow/.local/lib/python3.12/site-packages/airflow/example_dags/example_dataset_alias.py
[2024-10-24T06:56:05.363+0000] {logging_mixin.py:190} INFO - [2024-10-24T06:56:05.363+0000] {dag.py:3239} INFO - Sync 4 DAGs
[2024-10-24T06:56:05.385+0000] {logging_mixin.py:190} INFO - [2024-10-24T06:56:05.385+0000] {dag.py:4180} INFO - Setting next_dagrun for dataset_alias_example_alias_consumer to None, run_after=None
[2024-10-24T06:56:05.388+0000] {logging_mixin.py:190} INFO - [2024-10-24T06:56:05.388+0000] {dag.py:4180} INFO - Setting next_dagrun for dataset_alias_example_alias_producer to None, run_after=None
[2024-10-24T06:56:05.389+0000] {logging_mixin.py:190} INFO - [2024-10-24T06:56:05.389+0000] {dag.py:4180} INFO - Setting next_dagrun for dataset_s3_bucket_consumer to None, run_after=None
[2024-10-24T06:56:05.390+0000] {logging_mixin.py:190} INFO - [2024-10-24T06:56:05.390+0000] {dag.py:4180} INFO - Setting next_dagrun for dataset_s3_bucket_producer to None, run_after=None
[2024-10-24T06:56:05.413+0000] {processor.py:208} INFO - Processing /home/airflow/.local/lib/python3.12/site-packages/airflow/example_dags/example_dataset_alias.py took 0.700 seconds
[2024-10-24T06:56:35.812+0000] {processor.py:186} INFO - Started process (PID=99860) to work on /home/airflow/.local/lib/python3.12/site-packages/airflow/example_dags/example_dataset_alias.py
[2024-10-24T06:56:35.813+0000] {processor.py:914} INFO - Processing file /home/airflow/.local/lib/python3.12/site-packages/airflow/example_dags/example_dataset_alias.py for tasks to queue
[2024-10-24T06:56:35.815+0000] {logging_mixin.py:190} INFO - [2024-10-24T06:56:35.815+0000] {dagbag.py:588} INFO - Filling up the DagBag from /home/airflow/.local/lib/python3.12/site-packages/airflow/example_dags/example_dataset_alias.py
[2024-10-24T06:56:36.245+0000] {processor.py:925} INFO - DAG(s) 'dataset_alias_example_alias_producer', 'dataset_s3_bucket_consumer', 'dataset_alias_example_alias_consumer', 'dataset_s3_bucket_producer' retrieved from /home/airflow/.local/lib/python3.12/site-packages/airflow/example_dags/example_dataset_alias.py
[2024-10-24T06:56:36.272+0000] {logging_mixin.py:190} INFO - [2024-10-24T06:56:36.271+0000] {dag.py:3239} INFO - Sync 4 DAGs
[2024-10-24T06:56:36.297+0000] {logging_mixin.py:190} INFO - [2024-10-24T06:56:36.296+0000] {dag.py:4180} INFO - Setting next_dagrun for dataset_alias_example_alias_consumer to None, run_after=None
[2024-10-24T06:56:36.300+0000] {logging_mixin.py:190} INFO - [2024-10-24T06:56:36.300+0000] {dag.py:4180} INFO - Setting next_dagrun for dataset_alias_example_alias_producer to None, run_after=None
[2024-10-24T06:56:36.302+0000] {logging_mixin.py:190} INFO - [2024-10-24T06:56:36.302+0000] {dag.py:4180} INFO - Setting next_dagrun for dataset_s3_bucket_consumer to None, run_after=None
[2024-10-24T06:56:36.304+0000] {logging_mixin.py:190} INFO - [2024-10-24T06:56:36.304+0000] {dag.py:4180} INFO - Setting next_dagrun for dataset_s3_bucket_producer to None, run_after=None
[2024-10-24T06:56:36.334+0000] {processor.py:208} INFO - Processing /home/airflow/.local/lib/python3.12/site-packages/airflow/example_dags/example_dataset_alias.py took 0.534 seconds
[2024-10-24T06:57:06.739+0000] {processor.py:186} INFO - Started process (PID=99928) to work on /home/airflow/.local/lib/python3.12/site-packages/airflow/example_dags/example_dataset_alias.py
[2024-10-24T06:57:06.741+0000] {processor.py:914} INFO - Processing file /home/airflow/.local/lib/python3.12/site-packages/airflow/example_dags/example_dataset_alias.py for tasks to queue
[2024-10-24T06:57:06.746+0000] {logging_mixin.py:190} INFO - [2024-10-24T06:57:06.742+0000] {dagbag.py:588} INFO - Filling up the DagBag from /home/airflow/.local/lib/python3.12/site-packages/airflow/example_dags/example_dataset_alias.py
[2024-10-24T06:57:07.152+0000] {processor.py:925} INFO - DAG(s) 'dataset_alias_example_alias_producer', 'dataset_s3_bucket_consumer', 'dataset_alias_example_alias_consumer', 'dataset_s3_bucket_producer' retrieved from /home/airflow/.local/lib/python3.12/site-packages/airflow/example_dags/example_dataset_alias.py
[2024-10-24T06:57:07.175+0000] {logging_mixin.py:190} INFO - [2024-10-24T06:57:07.175+0000] {dag.py:3239} INFO - Sync 4 DAGs
[2024-10-24T06:57:07.201+0000] {logging_mixin.py:190} INFO - [2024-10-24T06:57:07.201+0000] {dag.py:4180} INFO - Setting next_dagrun for dataset_alias_example_alias_consumer to None, run_after=None
[2024-10-24T06:57:07.205+0000] {logging_mixin.py:190} INFO - [2024-10-24T06:57:07.205+0000] {dag.py:4180} INFO - Setting next_dagrun for dataset_alias_example_alias_producer to None, run_after=None
[2024-10-24T06:57:07.206+0000] {logging_mixin.py:190} INFO - [2024-10-24T06:57:07.206+0000] {dag.py:4180} INFO - Setting next_dagrun for dataset_s3_bucket_consumer to None, run_after=None
[2024-10-24T06:57:07.207+0000] {logging_mixin.py:190} INFO - [2024-10-24T06:57:07.207+0000] {dag.py:4180} INFO - Setting next_dagrun for dataset_s3_bucket_producer to None, run_after=None
[2024-10-24T06:57:07.227+0000] {processor.py:208} INFO - Processing /home/airflow/.local/lib/python3.12/site-packages/airflow/example_dags/example_dataset_alias.py took 0.496 seconds
[2024-10-24T06:57:37.335+0000] {processor.py:186} INFO - Started process (PID=99998) to work on /home/airflow/.local/lib/python3.12/site-packages/airflow/example_dags/example_dataset_alias.py
[2024-10-24T06:57:37.336+0000] {processor.py:914} INFO - Processing file /home/airflow/.local/lib/python3.12/site-packages/airflow/example_dags/example_dataset_alias.py for tasks to queue
[2024-10-24T06:57:37.338+0000] {logging_mixin.py:190} INFO - [2024-10-24T06:57:37.337+0000] {dagbag.py:588} INFO - Filling up the DagBag from /home/airflow/.local/lib/python3.12/site-packages/airflow/example_dags/example_dataset_alias.py
[2024-10-24T06:57:37.735+0000] {processor.py:925} INFO - DAG(s) 'dataset_alias_example_alias_consumer', 'dataset_s3_bucket_producer', 'dataset_alias_example_alias_producer', 'dataset_s3_bucket_consumer' retrieved from /home/airflow/.local/lib/python3.12/site-packages/airflow/example_dags/example_dataset_alias.py
[2024-10-24T06:57:37.762+0000] {logging_mixin.py:190} INFO - [2024-10-24T06:57:37.762+0000] {dag.py:3239} INFO - Sync 4 DAGs
[2024-10-24T06:57:37.786+0000] {logging_mixin.py:190} INFO - [2024-10-24T06:57:37.786+0000] {dag.py:4180} INFO - Setting next_dagrun for dataset_alias_example_alias_consumer to None, run_after=None
[2024-10-24T06:57:37.790+0000] {logging_mixin.py:190} INFO - [2024-10-24T06:57:37.789+0000] {dag.py:4180} INFO - Setting next_dagrun for dataset_alias_example_alias_producer to None, run_after=None
[2024-10-24T06:57:37.792+0000] {logging_mixin.py:190} INFO - [2024-10-24T06:57:37.791+0000] {dag.py:4180} INFO - Setting next_dagrun for dataset_s3_bucket_consumer to None, run_after=None
[2024-10-24T06:57:37.793+0000] {logging_mixin.py:190} INFO - [2024-10-24T06:57:37.793+0000] {dag.py:4180} INFO - Setting next_dagrun for dataset_s3_bucket_producer to None, run_after=None
[2024-10-24T06:57:37.818+0000] {processor.py:208} INFO - Processing /home/airflow/.local/lib/python3.12/site-packages/airflow/example_dags/example_dataset_alias.py took 0.492 seconds
[2024-10-24T06:58:08.343+0000] {processor.py:186} INFO - Started process (PID=100068) to work on /home/airflow/.local/lib/python3.12/site-packages/airflow/example_dags/example_dataset_alias.py
[2024-10-24T06:58:08.344+0000] {processor.py:914} INFO - Processing file /home/airflow/.local/lib/python3.12/site-packages/airflow/example_dags/example_dataset_alias.py for tasks to queue
[2024-10-24T06:58:08.346+0000] {logging_mixin.py:190} INFO - [2024-10-24T06:58:08.345+0000] {dagbag.py:588} INFO - Filling up the DagBag from /home/airflow/.local/lib/python3.12/site-packages/airflow/example_dags/example_dataset_alias.py
[2024-10-24T06:58:08.746+0000] {processor.py:925} INFO - DAG(s) 'dataset_alias_example_alias_consumer', 'dataset_s3_bucket_consumer', 'dataset_alias_example_alias_producer', 'dataset_s3_bucket_producer' retrieved from /home/airflow/.local/lib/python3.12/site-packages/airflow/example_dags/example_dataset_alias.py
[2024-10-24T06:58:08.771+0000] {logging_mixin.py:190} INFO - [2024-10-24T06:58:08.771+0000] {dag.py:3239} INFO - Sync 4 DAGs
[2024-10-24T06:58:08.795+0000] {logging_mixin.py:190} INFO - [2024-10-24T06:58:08.794+0000] {dag.py:4180} INFO - Setting next_dagrun for dataset_alias_example_alias_consumer to None, run_after=None
[2024-10-24T06:58:08.798+0000] {logging_mixin.py:190} INFO - [2024-10-24T06:58:08.798+0000] {dag.py:4180} INFO - Setting next_dagrun for dataset_alias_example_alias_producer to None, run_after=None
[2024-10-24T06:58:08.800+0000] {logging_mixin.py:190} INFO - [2024-10-24T06:58:08.799+0000] {dag.py:4180} INFO - Setting next_dagrun for dataset_s3_bucket_consumer to None, run_after=None
[2024-10-24T06:58:08.801+0000] {logging_mixin.py:190} INFO - [2024-10-24T06:58:08.801+0000] {dag.py:4180} INFO - Setting next_dagrun for dataset_s3_bucket_producer to None, run_after=None
[2024-10-24T06:58:08.829+0000] {processor.py:208} INFO - Processing /home/airflow/.local/lib/python3.12/site-packages/airflow/example_dags/example_dataset_alias.py took 0.493 seconds
[2024-10-24T06:58:38.893+0000] {processor.py:186} INFO - Started process (PID=100135) to work on /home/airflow/.local/lib/python3.12/site-packages/airflow/example_dags/example_dataset_alias.py
[2024-10-24T06:58:38.894+0000] {processor.py:914} INFO - Processing file /home/airflow/.local/lib/python3.12/site-packages/airflow/example_dags/example_dataset_alias.py for tasks to queue
[2024-10-24T06:58:38.895+0000] {logging_mixin.py:190} INFO - [2024-10-24T06:58:38.895+0000] {dagbag.py:588} INFO - Filling up the DagBag from /home/airflow/.local/lib/python3.12/site-packages/airflow/example_dags/example_dataset_alias.py
[2024-10-24T06:58:39.257+0000] {processor.py:925} INFO - DAG(s) 'dataset_alias_example_alias_consumer', 'dataset_s3_bucket_producer', 'dataset_s3_bucket_consumer', 'dataset_alias_example_alias_producer' retrieved from /home/airflow/.local/lib/python3.12/site-packages/airflow/example_dags/example_dataset_alias.py
[2024-10-24T06:58:39.277+0000] {logging_mixin.py:190} INFO - [2024-10-24T06:58:39.277+0000] {dag.py:3239} INFO - Sync 4 DAGs
[2024-10-24T06:58:39.299+0000] {logging_mixin.py:190} INFO - [2024-10-24T06:58:39.298+0000] {dag.py:4180} INFO - Setting next_dagrun for dataset_alias_example_alias_consumer to None, run_after=None
[2024-10-24T06:58:39.301+0000] {logging_mixin.py:190} INFO - [2024-10-24T06:58:39.301+0000] {dag.py:4180} INFO - Setting next_dagrun for dataset_alias_example_alias_producer to None, run_after=None
[2024-10-24T06:58:39.302+0000] {logging_mixin.py:190} INFO - [2024-10-24T06:58:39.302+0000] {dag.py:4180} INFO - Setting next_dagrun for dataset_s3_bucket_consumer to None, run_after=None
[2024-10-24T06:58:39.303+0000] {logging_mixin.py:190} INFO - [2024-10-24T06:58:39.303+0000] {dag.py:4180} INFO - Setting next_dagrun for dataset_s3_bucket_producer to None, run_after=None
[2024-10-24T06:58:39.327+0000] {processor.py:208} INFO - Processing /home/airflow/.local/lib/python3.12/site-packages/airflow/example_dags/example_dataset_alias.py took 0.442 seconds
