[2024-10-24T04:09:21.661+0000] {processor.py:186} INFO - Started process (PID=98918) to work on /home/airflow/.local/lib/python3.12/site-packages/airflow/example_dags/example_external_task_marker_dag.py
[2024-10-24T04:09:21.663+0000] {processor.py:914} INFO - Processing file /home/airflow/.local/lib/python3.12/site-packages/airflow/example_dags/example_external_task_marker_dag.py for tasks to queue
[2024-10-24T04:09:21.664+0000] {logging_mixin.py:190} INFO - [2024-10-24T04:09:21.664+0000] {dagbag.py:588} INFO - Filling up the DagBag from /home/airflow/.local/lib/python3.12/site-packages/airflow/example_dags/example_external_task_marker_dag.py
[2024-10-24T04:09:21.671+0000] {processor.py:925} INFO - DAG(s) 'example_external_task_marker_parent', 'example_external_task_marker_child' retrieved from /home/airflow/.local/lib/python3.12/site-packages/airflow/example_dags/example_external_task_marker_dag.py
[2024-10-24T04:09:21.730+0000] {logging_mixin.py:190} INFO - [2024-10-24T04:09:21.730+0000] {dag.py:3239} INFO - Sync 2 DAGs
[2024-10-24T04:09:21.752+0000] {logging_mixin.py:190} INFO - [2024-10-24T04:09:21.752+0000] {dag.py:4180} INFO - Setting next_dagrun for example_external_task_marker_child to None, run_after=None
[2024-10-24T04:09:21.756+0000] {logging_mixin.py:190} INFO - [2024-10-24T04:09:21.756+0000] {dag.py:4180} INFO - Setting next_dagrun for example_external_task_marker_parent to None, run_after=None
[2024-10-24T04:09:21.781+0000] {processor.py:208} INFO - Processing /home/airflow/.local/lib/python3.12/site-packages/airflow/example_dags/example_external_task_marker_dag.py took 0.131 seconds
[2024-10-24T04:09:52.506+0000] {processor.py:186} INFO - Started process (PID=98985) to work on /home/airflow/.local/lib/python3.12/site-packages/airflow/example_dags/example_external_task_marker_dag.py
[2024-10-24T04:09:52.507+0000] {processor.py:914} INFO - Processing file /home/airflow/.local/lib/python3.12/site-packages/airflow/example_dags/example_external_task_marker_dag.py for tasks to queue
[2024-10-24T04:09:52.509+0000] {logging_mixin.py:190} INFO - [2024-10-24T04:09:52.508+0000] {dagbag.py:588} INFO - Filling up the DagBag from /home/airflow/.local/lib/python3.12/site-packages/airflow/example_dags/example_external_task_marker_dag.py
[2024-10-24T04:09:52.515+0000] {processor.py:925} INFO - DAG(s) 'example_external_task_marker_child', 'example_external_task_marker_parent' retrieved from /home/airflow/.local/lib/python3.12/site-packages/airflow/example_dags/example_external_task_marker_dag.py
[2024-10-24T04:09:52.547+0000] {logging_mixin.py:190} INFO - [2024-10-24T04:09:52.547+0000] {dag.py:3239} INFO - Sync 2 DAGs
[2024-10-24T04:09:52.565+0000] {logging_mixin.py:190} INFO - [2024-10-24T04:09:52.565+0000] {dag.py:4180} INFO - Setting next_dagrun for example_external_task_marker_child to None, run_after=None
[2024-10-24T04:09:52.570+0000] {logging_mixin.py:190} INFO - [2024-10-24T04:09:52.570+0000] {dag.py:4180} INFO - Setting next_dagrun for example_external_task_marker_parent to None, run_after=None
[2024-10-24T04:09:52.587+0000] {processor.py:208} INFO - Processing /home/airflow/.local/lib/python3.12/site-packages/airflow/example_dags/example_external_task_marker_dag.py took 0.089 seconds
[2024-10-24T04:10:23.289+0000] {processor.py:186} INFO - Started process (PID=99051) to work on /home/airflow/.local/lib/python3.12/site-packages/airflow/example_dags/example_external_task_marker_dag.py
[2024-10-24T04:10:23.291+0000] {processor.py:914} INFO - Processing file /home/airflow/.local/lib/python3.12/site-packages/airflow/example_dags/example_external_task_marker_dag.py for tasks to queue
[2024-10-24T04:10:23.292+0000] {logging_mixin.py:190} INFO - [2024-10-24T04:10:23.292+0000] {dagbag.py:588} INFO - Filling up the DagBag from /home/airflow/.local/lib/python3.12/site-packages/airflow/example_dags/example_external_task_marker_dag.py
[2024-10-24T04:10:23.299+0000] {processor.py:925} INFO - DAG(s) 'example_external_task_marker_parent', 'example_external_task_marker_child' retrieved from /home/airflow/.local/lib/python3.12/site-packages/airflow/example_dags/example_external_task_marker_dag.py
[2024-10-24T04:10:23.328+0000] {logging_mixin.py:190} INFO - [2024-10-24T04:10:23.328+0000] {dag.py:3239} INFO - Sync 2 DAGs
[2024-10-24T04:10:23.345+0000] {logging_mixin.py:190} INFO - [2024-10-24T04:10:23.345+0000] {dag.py:4180} INFO - Setting next_dagrun for example_external_task_marker_child to None, run_after=None
[2024-10-24T04:10:23.349+0000] {logging_mixin.py:190} INFO - [2024-10-24T04:10:23.348+0000] {dag.py:4180} INFO - Setting next_dagrun for example_external_task_marker_parent to None, run_after=None
[2024-10-24T04:10:23.366+0000] {processor.py:208} INFO - Processing /home/airflow/.local/lib/python3.12/site-packages/airflow/example_dags/example_external_task_marker_dag.py took 0.084 seconds
[2024-10-24T04:10:54.092+0000] {processor.py:186} INFO - Started process (PID=99117) to work on /home/airflow/.local/lib/python3.12/site-packages/airflow/example_dags/example_external_task_marker_dag.py
[2024-10-24T04:10:54.093+0000] {processor.py:914} INFO - Processing file /home/airflow/.local/lib/python3.12/site-packages/airflow/example_dags/example_external_task_marker_dag.py for tasks to queue
[2024-10-24T04:10:54.095+0000] {logging_mixin.py:190} INFO - [2024-10-24T04:10:54.094+0000] {dagbag.py:588} INFO - Filling up the DagBag from /home/airflow/.local/lib/python3.12/site-packages/airflow/example_dags/example_external_task_marker_dag.py
[2024-10-24T04:10:54.102+0000] {processor.py:925} INFO - DAG(s) 'example_external_task_marker_parent', 'example_external_task_marker_child' retrieved from /home/airflow/.local/lib/python3.12/site-packages/airflow/example_dags/example_external_task_marker_dag.py
[2024-10-24T04:10:54.135+0000] {logging_mixin.py:190} INFO - [2024-10-24T04:10:54.135+0000] {dag.py:3239} INFO - Sync 2 DAGs
[2024-10-24T04:10:54.152+0000] {logging_mixin.py:190} INFO - [2024-10-24T04:10:54.152+0000] {dag.py:4180} INFO - Setting next_dagrun for example_external_task_marker_child to None, run_after=None
[2024-10-24T04:10:54.156+0000] {logging_mixin.py:190} INFO - [2024-10-24T04:10:54.155+0000] {dag.py:4180} INFO - Setting next_dagrun for example_external_task_marker_parent to None, run_after=None
[2024-10-24T04:10:54.172+0000] {processor.py:208} INFO - Processing /home/airflow/.local/lib/python3.12/site-packages/airflow/example_dags/example_external_task_marker_dag.py took 0.088 seconds
[2024-10-24T04:11:25.056+0000] {processor.py:186} INFO - Started process (PID=99184) to work on /home/airflow/.local/lib/python3.12/site-packages/airflow/example_dags/example_external_task_marker_dag.py
[2024-10-24T04:11:25.057+0000] {processor.py:914} INFO - Processing file /home/airflow/.local/lib/python3.12/site-packages/airflow/example_dags/example_external_task_marker_dag.py for tasks to queue
[2024-10-24T04:11:25.058+0000] {logging_mixin.py:190} INFO - [2024-10-24T04:11:25.058+0000] {dagbag.py:588} INFO - Filling up the DagBag from /home/airflow/.local/lib/python3.12/site-packages/airflow/example_dags/example_external_task_marker_dag.py
[2024-10-24T04:11:25.070+0000] {processor.py:925} INFO - DAG(s) 'example_external_task_marker_parent', 'example_external_task_marker_child' retrieved from /home/airflow/.local/lib/python3.12/site-packages/airflow/example_dags/example_external_task_marker_dag.py
[2024-10-24T04:11:25.105+0000] {logging_mixin.py:190} INFO - [2024-10-24T04:11:25.105+0000] {dag.py:3239} INFO - Sync 2 DAGs
[2024-10-24T04:11:25.126+0000] {logging_mixin.py:190} INFO - [2024-10-24T04:11:25.125+0000] {dag.py:4180} INFO - Setting next_dagrun for example_external_task_marker_child to None, run_after=None
[2024-10-24T04:11:25.132+0000] {logging_mixin.py:190} INFO - [2024-10-24T04:11:25.131+0000] {dag.py:4180} INFO - Setting next_dagrun for example_external_task_marker_parent to None, run_after=None
[2024-10-24T04:11:25.151+0000] {processor.py:208} INFO - Processing /home/airflow/.local/lib/python3.12/site-packages/airflow/example_dags/example_external_task_marker_dag.py took 0.101 seconds
[2024-10-24T04:11:57.380+0000] {processor.py:186} INFO - Started process (PID=99251) to work on /home/airflow/.local/lib/python3.12/site-packages/airflow/example_dags/example_external_task_marker_dag.py
[2024-10-24T04:11:57.382+0000] {processor.py:914} INFO - Processing file /home/airflow/.local/lib/python3.12/site-packages/airflow/example_dags/example_external_task_marker_dag.py for tasks to queue
[2024-10-24T04:11:57.383+0000] {logging_mixin.py:190} INFO - [2024-10-24T04:11:57.383+0000] {dagbag.py:588} INFO - Filling up the DagBag from /home/airflow/.local/lib/python3.12/site-packages/airflow/example_dags/example_external_task_marker_dag.py
[2024-10-24T04:11:57.392+0000] {processor.py:925} INFO - DAG(s) 'example_external_task_marker_child', 'example_external_task_marker_parent' retrieved from /home/airflow/.local/lib/python3.12/site-packages/airflow/example_dags/example_external_task_marker_dag.py
[2024-10-24T04:11:57.439+0000] {logging_mixin.py:190} INFO - [2024-10-24T04:11:57.438+0000] {dag.py:3239} INFO - Sync 2 DAGs
[2024-10-24T04:11:57.458+0000] {logging_mixin.py:190} INFO - [2024-10-24T04:11:57.457+0000] {dag.py:4180} INFO - Setting next_dagrun for example_external_task_marker_child to None, run_after=None
[2024-10-24T04:11:57.463+0000] {logging_mixin.py:190} INFO - [2024-10-24T04:11:57.462+0000] {dag.py:4180} INFO - Setting next_dagrun for example_external_task_marker_parent to None, run_after=None
[2024-10-24T04:11:57.484+0000] {processor.py:208} INFO - Processing /home/airflow/.local/lib/python3.12/site-packages/airflow/example_dags/example_external_task_marker_dag.py took 0.114 seconds
[2024-10-24T04:12:28.247+0000] {processor.py:186} INFO - Started process (PID=99318) to work on /home/airflow/.local/lib/python3.12/site-packages/airflow/example_dags/example_external_task_marker_dag.py
[2024-10-24T04:12:28.248+0000] {processor.py:914} INFO - Processing file /home/airflow/.local/lib/python3.12/site-packages/airflow/example_dags/example_external_task_marker_dag.py for tasks to queue
[2024-10-24T04:12:28.250+0000] {logging_mixin.py:190} INFO - [2024-10-24T04:12:28.250+0000] {dagbag.py:588} INFO - Filling up the DagBag from /home/airflow/.local/lib/python3.12/site-packages/airflow/example_dags/example_external_task_marker_dag.py
[2024-10-24T04:12:28.258+0000] {processor.py:925} INFO - DAG(s) 'example_external_task_marker_child', 'example_external_task_marker_parent' retrieved from /home/airflow/.local/lib/python3.12/site-packages/airflow/example_dags/example_external_task_marker_dag.py
[2024-10-24T04:12:28.289+0000] {logging_mixin.py:190} INFO - [2024-10-24T04:12:28.288+0000] {dag.py:3239} INFO - Sync 2 DAGs
[2024-10-24T04:12:28.307+0000] {logging_mixin.py:190} INFO - [2024-10-24T04:12:28.307+0000] {dag.py:4180} INFO - Setting next_dagrun for example_external_task_marker_child to None, run_after=None
[2024-10-24T04:12:28.311+0000] {logging_mixin.py:190} INFO - [2024-10-24T04:12:28.311+0000] {dag.py:4180} INFO - Setting next_dagrun for example_external_task_marker_parent to None, run_after=None
[2024-10-24T04:12:28.333+0000] {processor.py:208} INFO - Processing /home/airflow/.local/lib/python3.12/site-packages/airflow/example_dags/example_external_task_marker_dag.py took 0.095 seconds
[2024-10-24T04:12:58.590+0000] {processor.py:186} INFO - Started process (PID=99384) to work on /home/airflow/.local/lib/python3.12/site-packages/airflow/example_dags/example_external_task_marker_dag.py
[2024-10-24T04:12:58.591+0000] {processor.py:914} INFO - Processing file /home/airflow/.local/lib/python3.12/site-packages/airflow/example_dags/example_external_task_marker_dag.py for tasks to queue
[2024-10-24T04:12:58.595+0000] {logging_mixin.py:190} INFO - [2024-10-24T04:12:58.594+0000] {dagbag.py:588} INFO - Filling up the DagBag from /home/airflow/.local/lib/python3.12/site-packages/airflow/example_dags/example_external_task_marker_dag.py
[2024-10-24T04:12:58.602+0000] {processor.py:925} INFO - DAG(s) 'example_external_task_marker_child', 'example_external_task_marker_parent' retrieved from /home/airflow/.local/lib/python3.12/site-packages/airflow/example_dags/example_external_task_marker_dag.py
[2024-10-24T04:12:58.632+0000] {logging_mixin.py:190} INFO - [2024-10-24T04:12:58.632+0000] {dag.py:3239} INFO - Sync 2 DAGs
[2024-10-24T04:12:58.651+0000] {logging_mixin.py:190} INFO - [2024-10-24T04:12:58.651+0000] {dag.py:4180} INFO - Setting next_dagrun for example_external_task_marker_child to None, run_after=None
[2024-10-24T04:12:58.655+0000] {logging_mixin.py:190} INFO - [2024-10-24T04:12:58.655+0000] {dag.py:4180} INFO - Setting next_dagrun for example_external_task_marker_parent to None, run_after=None
[2024-10-24T04:12:58.673+0000] {processor.py:208} INFO - Processing /home/airflow/.local/lib/python3.12/site-packages/airflow/example_dags/example_external_task_marker_dag.py took 0.091 seconds
[2024-10-24T04:13:28.733+0000] {processor.py:186} INFO - Started process (PID=99451) to work on /home/airflow/.local/lib/python3.12/site-packages/airflow/example_dags/example_external_task_marker_dag.py
[2024-10-24T04:13:28.734+0000] {processor.py:914} INFO - Processing file /home/airflow/.local/lib/python3.12/site-packages/airflow/example_dags/example_external_task_marker_dag.py for tasks to queue
[2024-10-24T04:13:28.736+0000] {logging_mixin.py:190} INFO - [2024-10-24T04:13:28.735+0000] {dagbag.py:588} INFO - Filling up the DagBag from /home/airflow/.local/lib/python3.12/site-packages/airflow/example_dags/example_external_task_marker_dag.py
[2024-10-24T04:13:28.743+0000] {processor.py:925} INFO - DAG(s) 'example_external_task_marker_parent', 'example_external_task_marker_child' retrieved from /home/airflow/.local/lib/python3.12/site-packages/airflow/example_dags/example_external_task_marker_dag.py
[2024-10-24T04:13:28.770+0000] {logging_mixin.py:190} INFO - [2024-10-24T04:13:28.770+0000] {dag.py:3239} INFO - Sync 2 DAGs
[2024-10-24T04:13:28.788+0000] {logging_mixin.py:190} INFO - [2024-10-24T04:13:28.788+0000] {dag.py:4180} INFO - Setting next_dagrun for example_external_task_marker_child to None, run_after=None
[2024-10-24T04:13:28.792+0000] {logging_mixin.py:190} INFO - [2024-10-24T04:13:28.792+0000] {dag.py:4180} INFO - Setting next_dagrun for example_external_task_marker_parent to None, run_after=None
[2024-10-24T04:13:28.810+0000] {processor.py:208} INFO - Processing /home/airflow/.local/lib/python3.12/site-packages/airflow/example_dags/example_external_task_marker_dag.py took 0.085 seconds
[2024-10-24T04:13:59.325+0000] {processor.py:186} INFO - Started process (PID=99518) to work on /home/airflow/.local/lib/python3.12/site-packages/airflow/example_dags/example_external_task_marker_dag.py
[2024-10-24T04:13:59.326+0000] {processor.py:914} INFO - Processing file /home/airflow/.local/lib/python3.12/site-packages/airflow/example_dags/example_external_task_marker_dag.py for tasks to queue
[2024-10-24T04:13:59.329+0000] {logging_mixin.py:190} INFO - [2024-10-24T04:13:59.328+0000] {dagbag.py:588} INFO - Filling up the DagBag from /home/airflow/.local/lib/python3.12/site-packages/airflow/example_dags/example_external_task_marker_dag.py
[2024-10-24T04:13:59.336+0000] {processor.py:925} INFO - DAG(s) 'example_external_task_marker_parent', 'example_external_task_marker_child' retrieved from /home/airflow/.local/lib/python3.12/site-packages/airflow/example_dags/example_external_task_marker_dag.py
[2024-10-24T04:13:59.366+0000] {logging_mixin.py:190} INFO - [2024-10-24T04:13:59.366+0000] {dag.py:3239} INFO - Sync 2 DAGs
[2024-10-24T04:13:59.387+0000] {logging_mixin.py:190} INFO - [2024-10-24T04:13:59.387+0000] {dag.py:4180} INFO - Setting next_dagrun for example_external_task_marker_child to None, run_after=None
[2024-10-24T04:13:59.391+0000] {logging_mixin.py:190} INFO - [2024-10-24T04:13:59.391+0000] {dag.py:4180} INFO - Setting next_dagrun for example_external_task_marker_parent to None, run_after=None
[2024-10-24T04:13:59.410+0000] {processor.py:208} INFO - Processing /home/airflow/.local/lib/python3.12/site-packages/airflow/example_dags/example_external_task_marker_dag.py took 0.092 seconds
[2024-10-24T04:14:30.102+0000] {processor.py:186} INFO - Started process (PID=99584) to work on /home/airflow/.local/lib/python3.12/site-packages/airflow/example_dags/example_external_task_marker_dag.py
[2024-10-24T04:14:30.104+0000] {processor.py:914} INFO - Processing file /home/airflow/.local/lib/python3.12/site-packages/airflow/example_dags/example_external_task_marker_dag.py for tasks to queue
[2024-10-24T04:14:30.106+0000] {logging_mixin.py:190} INFO - [2024-10-24T04:14:30.105+0000] {dagbag.py:588} INFO - Filling up the DagBag from /home/airflow/.local/lib/python3.12/site-packages/airflow/example_dags/example_external_task_marker_dag.py
[2024-10-24T04:14:30.114+0000] {processor.py:925} INFO - DAG(s) 'example_external_task_marker_parent', 'example_external_task_marker_child' retrieved from /home/airflow/.local/lib/python3.12/site-packages/airflow/example_dags/example_external_task_marker_dag.py
[2024-10-24T04:14:30.145+0000] {logging_mixin.py:190} INFO - [2024-10-24T04:14:30.145+0000] {dag.py:3239} INFO - Sync 2 DAGs
[2024-10-24T04:14:30.163+0000] {logging_mixin.py:190} INFO - [2024-10-24T04:14:30.163+0000] {dag.py:4180} INFO - Setting next_dagrun for example_external_task_marker_child to None, run_after=None
[2024-10-24T04:14:30.167+0000] {logging_mixin.py:190} INFO - [2024-10-24T04:14:30.167+0000] {dag.py:4180} INFO - Setting next_dagrun for example_external_task_marker_parent to None, run_after=None
[2024-10-24T04:14:30.186+0000] {processor.py:208} INFO - Processing /home/airflow/.local/lib/python3.12/site-packages/airflow/example_dags/example_external_task_marker_dag.py took 0.092 seconds
[2024-10-24T04:15:00.506+0000] {processor.py:186} INFO - Started process (PID=99650) to work on /home/airflow/.local/lib/python3.12/site-packages/airflow/example_dags/example_external_task_marker_dag.py
[2024-10-24T04:15:00.508+0000] {processor.py:914} INFO - Processing file /home/airflow/.local/lib/python3.12/site-packages/airflow/example_dags/example_external_task_marker_dag.py for tasks to queue
[2024-10-24T04:15:00.509+0000] {logging_mixin.py:190} INFO - [2024-10-24T04:15:00.509+0000] {dagbag.py:588} INFO - Filling up the DagBag from /home/airflow/.local/lib/python3.12/site-packages/airflow/example_dags/example_external_task_marker_dag.py
[2024-10-24T04:15:00.517+0000] {processor.py:925} INFO - DAG(s) 'example_external_task_marker_parent', 'example_external_task_marker_child' retrieved from /home/airflow/.local/lib/python3.12/site-packages/airflow/example_dags/example_external_task_marker_dag.py
[2024-10-24T04:15:00.551+0000] {logging_mixin.py:190} INFO - [2024-10-24T04:15:00.551+0000] {dag.py:3239} INFO - Sync 2 DAGs
[2024-10-24T04:15:00.569+0000] {logging_mixin.py:190} INFO - [2024-10-24T04:15:00.569+0000] {dag.py:4180} INFO - Setting next_dagrun for example_external_task_marker_child to None, run_after=None
[2024-10-24T04:15:00.573+0000] {logging_mixin.py:190} INFO - [2024-10-24T04:15:00.573+0000] {dag.py:4180} INFO - Setting next_dagrun for example_external_task_marker_parent to None, run_after=None
[2024-10-24T04:15:00.589+0000] {processor.py:208} INFO - Processing /home/airflow/.local/lib/python3.12/site-packages/airflow/example_dags/example_external_task_marker_dag.py took 0.091 seconds
[2024-10-24T04:15:31.161+0000] {processor.py:186} INFO - Started process (PID=99717) to work on /home/airflow/.local/lib/python3.12/site-packages/airflow/example_dags/example_external_task_marker_dag.py
[2024-10-24T04:15:31.162+0000] {processor.py:914} INFO - Processing file /home/airflow/.local/lib/python3.12/site-packages/airflow/example_dags/example_external_task_marker_dag.py for tasks to queue
[2024-10-24T04:15:31.164+0000] {logging_mixin.py:190} INFO - [2024-10-24T04:15:31.164+0000] {dagbag.py:588} INFO - Filling up the DagBag from /home/airflow/.local/lib/python3.12/site-packages/airflow/example_dags/example_external_task_marker_dag.py
[2024-10-24T04:15:31.170+0000] {processor.py:925} INFO - DAG(s) 'example_external_task_marker_parent', 'example_external_task_marker_child' retrieved from /home/airflow/.local/lib/python3.12/site-packages/airflow/example_dags/example_external_task_marker_dag.py
[2024-10-24T04:15:31.198+0000] {logging_mixin.py:190} INFO - [2024-10-24T04:15:31.198+0000] {dag.py:3239} INFO - Sync 2 DAGs
[2024-10-24T04:15:31.214+0000] {logging_mixin.py:190} INFO - [2024-10-24T04:15:31.214+0000] {dag.py:4180} INFO - Setting next_dagrun for example_external_task_marker_child to None, run_after=None
[2024-10-24T04:15:31.217+0000] {logging_mixin.py:190} INFO - [2024-10-24T04:15:31.217+0000] {dag.py:4180} INFO - Setting next_dagrun for example_external_task_marker_parent to None, run_after=None
[2024-10-24T04:15:31.237+0000] {processor.py:208} INFO - Processing /home/airflow/.local/lib/python3.12/site-packages/airflow/example_dags/example_external_task_marker_dag.py took 0.083 seconds
[2024-10-24T06:56:04.149+0000] {processor.py:186} INFO - Started process (PID=99785) to work on /home/airflow/.local/lib/python3.12/site-packages/airflow/example_dags/example_external_task_marker_dag.py
[2024-10-24T06:56:04.150+0000] {processor.py:914} INFO - Processing file /home/airflow/.local/lib/python3.12/site-packages/airflow/example_dags/example_external_task_marker_dag.py for tasks to queue
[2024-10-24T06:56:04.152+0000] {logging_mixin.py:190} INFO - [2024-10-24T06:56:04.151+0000] {dagbag.py:588} INFO - Filling up the DagBag from /home/airflow/.local/lib/python3.12/site-packages/airflow/example_dags/example_external_task_marker_dag.py
[2024-10-24T06:56:04.159+0000] {processor.py:925} INFO - DAG(s) 'example_external_task_marker_child', 'example_external_task_marker_parent' retrieved from /home/airflow/.local/lib/python3.12/site-packages/airflow/example_dags/example_external_task_marker_dag.py
[2024-10-24T06:56:04.196+0000] {logging_mixin.py:190} INFO - [2024-10-24T06:56:04.196+0000] {dag.py:3239} INFO - Sync 2 DAGs
[2024-10-24T06:56:04.217+0000] {logging_mixin.py:190} INFO - [2024-10-24T06:56:04.217+0000] {dag.py:4180} INFO - Setting next_dagrun for example_external_task_marker_child to None, run_after=None
[2024-10-24T06:56:04.221+0000] {logging_mixin.py:190} INFO - [2024-10-24T06:56:04.220+0000] {dag.py:4180} INFO - Setting next_dagrun for example_external_task_marker_parent to None, run_after=None
[2024-10-24T06:56:04.241+0000] {processor.py:208} INFO - Processing /home/airflow/.local/lib/python3.12/site-packages/airflow/example_dags/example_external_task_marker_dag.py took 0.100 seconds
[2024-10-24T06:56:35.179+0000] {processor.py:186} INFO - Started process (PID=99852) to work on /home/airflow/.local/lib/python3.12/site-packages/airflow/example_dags/example_external_task_marker_dag.py
[2024-10-24T06:56:35.181+0000] {processor.py:914} INFO - Processing file /home/airflow/.local/lib/python3.12/site-packages/airflow/example_dags/example_external_task_marker_dag.py for tasks to queue
[2024-10-24T06:56:35.183+0000] {logging_mixin.py:190} INFO - [2024-10-24T06:56:35.182+0000] {dagbag.py:588} INFO - Filling up the DagBag from /home/airflow/.local/lib/python3.12/site-packages/airflow/example_dags/example_external_task_marker_dag.py
[2024-10-24T06:56:35.190+0000] {processor.py:925} INFO - DAG(s) 'example_external_task_marker_parent', 'example_external_task_marker_child' retrieved from /home/airflow/.local/lib/python3.12/site-packages/airflow/example_dags/example_external_task_marker_dag.py
[2024-10-24T06:56:35.218+0000] {logging_mixin.py:190} INFO - [2024-10-24T06:56:35.218+0000] {dag.py:3239} INFO - Sync 2 DAGs
[2024-10-24T06:56:35.237+0000] {logging_mixin.py:190} INFO - [2024-10-24T06:56:35.237+0000] {dag.py:4180} INFO - Setting next_dagrun for example_external_task_marker_child to None, run_after=None
[2024-10-24T06:56:35.240+0000] {logging_mixin.py:190} INFO - [2024-10-24T06:56:35.240+0000] {dag.py:4180} INFO - Setting next_dagrun for example_external_task_marker_parent to None, run_after=None
[2024-10-24T06:56:35.258+0000] {processor.py:208} INFO - Processing /home/airflow/.local/lib/python3.12/site-packages/airflow/example_dags/example_external_task_marker_dag.py took 0.088 seconds
[2024-10-24T06:57:06.131+0000] {processor.py:186} INFO - Started process (PID=99919) to work on /home/airflow/.local/lib/python3.12/site-packages/airflow/example_dags/example_external_task_marker_dag.py
[2024-10-24T06:57:06.132+0000] {processor.py:914} INFO - Processing file /home/airflow/.local/lib/python3.12/site-packages/airflow/example_dags/example_external_task_marker_dag.py for tasks to queue
[2024-10-24T06:57:06.133+0000] {logging_mixin.py:190} INFO - [2024-10-24T06:57:06.133+0000] {dagbag.py:588} INFO - Filling up the DagBag from /home/airflow/.local/lib/python3.12/site-packages/airflow/example_dags/example_external_task_marker_dag.py
[2024-10-24T06:57:06.139+0000] {processor.py:925} INFO - DAG(s) 'example_external_task_marker_child', 'example_external_task_marker_parent' retrieved from /home/airflow/.local/lib/python3.12/site-packages/airflow/example_dags/example_external_task_marker_dag.py
[2024-10-24T06:57:06.181+0000] {logging_mixin.py:190} INFO - [2024-10-24T06:57:06.181+0000] {dag.py:3239} INFO - Sync 2 DAGs
[2024-10-24T06:57:06.202+0000] {logging_mixin.py:190} INFO - [2024-10-24T06:57:06.202+0000] {dag.py:4180} INFO - Setting next_dagrun for example_external_task_marker_child to None, run_after=None
[2024-10-24T06:57:06.206+0000] {logging_mixin.py:190} INFO - [2024-10-24T06:57:06.206+0000] {dag.py:4180} INFO - Setting next_dagrun for example_external_task_marker_parent to None, run_after=None
[2024-10-24T06:57:06.228+0000] {processor.py:208} INFO - Processing /home/airflow/.local/lib/python3.12/site-packages/airflow/example_dags/example_external_task_marker_dag.py took 0.107 seconds
[2024-10-24T06:57:36.465+0000] {processor.py:186} INFO - Started process (PID=99986) to work on /home/airflow/.local/lib/python3.12/site-packages/airflow/example_dags/example_external_task_marker_dag.py
[2024-10-24T06:57:36.466+0000] {processor.py:914} INFO - Processing file /home/airflow/.local/lib/python3.12/site-packages/airflow/example_dags/example_external_task_marker_dag.py for tasks to queue
[2024-10-24T06:57:36.468+0000] {logging_mixin.py:190} INFO - [2024-10-24T06:57:36.467+0000] {dagbag.py:588} INFO - Filling up the DagBag from /home/airflow/.local/lib/python3.12/site-packages/airflow/example_dags/example_external_task_marker_dag.py
[2024-10-24T06:57:36.474+0000] {processor.py:925} INFO - DAG(s) 'example_external_task_marker_child', 'example_external_task_marker_parent' retrieved from /home/airflow/.local/lib/python3.12/site-packages/airflow/example_dags/example_external_task_marker_dag.py
[2024-10-24T06:57:36.501+0000] {logging_mixin.py:190} INFO - [2024-10-24T06:57:36.501+0000] {dag.py:3239} INFO - Sync 2 DAGs
[2024-10-24T06:57:36.522+0000] {logging_mixin.py:190} INFO - [2024-10-24T06:57:36.522+0000] {dag.py:4180} INFO - Setting next_dagrun for example_external_task_marker_child to None, run_after=None
[2024-10-24T06:57:36.527+0000] {logging_mixin.py:190} INFO - [2024-10-24T06:57:36.527+0000] {dag.py:4180} INFO - Setting next_dagrun for example_external_task_marker_parent to None, run_after=None
[2024-10-24T06:57:36.545+0000] {processor.py:208} INFO - Processing /home/airflow/.local/lib/python3.12/site-packages/airflow/example_dags/example_external_task_marker_dag.py took 0.087 seconds
[2024-10-24T06:58:07.112+0000] {processor.py:186} INFO - Started process (PID=100053) to work on /home/airflow/.local/lib/python3.12/site-packages/airflow/example_dags/example_external_task_marker_dag.py
[2024-10-24T06:58:07.113+0000] {processor.py:914} INFO - Processing file /home/airflow/.local/lib/python3.12/site-packages/airflow/example_dags/example_external_task_marker_dag.py for tasks to queue
[2024-10-24T06:58:07.115+0000] {logging_mixin.py:190} INFO - [2024-10-24T06:58:07.114+0000] {dagbag.py:588} INFO - Filling up the DagBag from /home/airflow/.local/lib/python3.12/site-packages/airflow/example_dags/example_external_task_marker_dag.py
[2024-10-24T06:58:07.121+0000] {processor.py:925} INFO - DAG(s) 'example_external_task_marker_parent', 'example_external_task_marker_child' retrieved from /home/airflow/.local/lib/python3.12/site-packages/airflow/example_dags/example_external_task_marker_dag.py
[2024-10-24T06:58:07.154+0000] {logging_mixin.py:190} INFO - [2024-10-24T06:58:07.154+0000] {dag.py:3239} INFO - Sync 2 DAGs
[2024-10-24T06:58:07.174+0000] {logging_mixin.py:190} INFO - [2024-10-24T06:58:07.174+0000] {dag.py:4180} INFO - Setting next_dagrun for example_external_task_marker_child to None, run_after=None
[2024-10-24T06:58:07.178+0000] {logging_mixin.py:190} INFO - [2024-10-24T06:58:07.177+0000] {dag.py:4180} INFO - Setting next_dagrun for example_external_task_marker_parent to None, run_after=None
[2024-10-24T06:58:07.194+0000] {processor.py:208} INFO - Processing /home/airflow/.local/lib/python3.12/site-packages/airflow/example_dags/example_external_task_marker_dag.py took 0.090 seconds
[2024-10-24T06:58:37.707+0000] {processor.py:186} INFO - Started process (PID=100119) to work on /home/airflow/.local/lib/python3.12/site-packages/airflow/example_dags/example_external_task_marker_dag.py
[2024-10-24T06:58:37.708+0000] {processor.py:914} INFO - Processing file /home/airflow/.local/lib/python3.12/site-packages/airflow/example_dags/example_external_task_marker_dag.py for tasks to queue
[2024-10-24T06:58:37.710+0000] {logging_mixin.py:190} INFO - [2024-10-24T06:58:37.710+0000] {dagbag.py:588} INFO - Filling up the DagBag from /home/airflow/.local/lib/python3.12/site-packages/airflow/example_dags/example_external_task_marker_dag.py
[2024-10-24T06:58:37.719+0000] {processor.py:925} INFO - DAG(s) 'example_external_task_marker_child', 'example_external_task_marker_parent' retrieved from /home/airflow/.local/lib/python3.12/site-packages/airflow/example_dags/example_external_task_marker_dag.py
[2024-10-24T06:58:37.760+0000] {logging_mixin.py:190} INFO - [2024-10-24T06:58:37.760+0000] {dag.py:3239} INFO - Sync 2 DAGs
[2024-10-24T06:58:37.788+0000] {logging_mixin.py:190} INFO - [2024-10-24T06:58:37.787+0000] {dag.py:4180} INFO - Setting next_dagrun for example_external_task_marker_child to None, run_after=None
[2024-10-24T06:58:37.793+0000] {logging_mixin.py:190} INFO - [2024-10-24T06:58:37.793+0000] {dag.py:4180} INFO - Setting next_dagrun for example_external_task_marker_parent to None, run_after=None
[2024-10-24T06:58:37.817+0000] {processor.py:208} INFO - Processing /home/airflow/.local/lib/python3.12/site-packages/airflow/example_dags/example_external_task_marker_dag.py took 0.120 seconds
