[2024-10-24T04:09:22.069+0000] {processor.py:186} INFO - Started process (PID=98923) to work on /home/airflow/.local/lib/python3.12/site-packages/airflow/example_dags/example_python_operator.py
[2024-10-24T04:09:22.069+0000] {processor.py:914} INFO - Processing file /home/airflow/.local/lib/python3.12/site-packages/airflow/example_dags/example_python_operator.py for tasks to queue
[2024-10-24T04:09:22.071+0000] {logging_mixin.py:190} INFO - [2024-10-24T04:09:22.070+0000] {dagbag.py:588} INFO - Filling up the DagBag from /home/airflow/.local/lib/python3.12/site-packages/airflow/example_dags/example_python_operator.py
[2024-10-24T04:09:22.087+0000] {processor.py:925} INFO - DAG(s) 'example_python_operator' retrieved from /home/airflow/.local/lib/python3.12/site-packages/airflow/example_dags/example_python_operator.py
[2024-10-24T04:09:22.123+0000] {logging_mixin.py:190} INFO - [2024-10-24T04:09:22.123+0000] {dag.py:3239} INFO - Sync 1 DAGs
[2024-10-24T04:09:22.146+0000] {logging_mixin.py:190} INFO - [2024-10-24T04:09:22.146+0000] {dag.py:4180} INFO - Setting next_dagrun for example_python_operator to None, run_after=None
[2024-10-24T04:09:22.167+0000] {processor.py:208} INFO - Processing /home/airflow/.local/lib/python3.12/site-packages/airflow/example_dags/example_python_operator.py took 0.108 seconds
[2024-10-24T04:09:52.782+0000] {processor.py:186} INFO - Started process (PID=98990) to work on /home/airflow/.local/lib/python3.12/site-packages/airflow/example_dags/example_python_operator.py
[2024-10-24T04:09:52.783+0000] {processor.py:914} INFO - Processing file /home/airflow/.local/lib/python3.12/site-packages/airflow/example_dags/example_python_operator.py for tasks to queue
[2024-10-24T04:09:52.784+0000] {logging_mixin.py:190} INFO - [2024-10-24T04:09:52.784+0000] {dagbag.py:588} INFO - Filling up the DagBag from /home/airflow/.local/lib/python3.12/site-packages/airflow/example_dags/example_python_operator.py
[2024-10-24T04:09:52.798+0000] {processor.py:925} INFO - DAG(s) 'example_python_operator' retrieved from /home/airflow/.local/lib/python3.12/site-packages/airflow/example_dags/example_python_operator.py
[2024-10-24T04:09:52.826+0000] {logging_mixin.py:190} INFO - [2024-10-24T04:09:52.825+0000] {dag.py:3239} INFO - Sync 1 DAGs
[2024-10-24T04:09:52.848+0000] {logging_mixin.py:190} INFO - [2024-10-24T04:09:52.848+0000] {dag.py:4180} INFO - Setting next_dagrun for example_python_operator to None, run_after=None
[2024-10-24T04:09:52.886+0000] {processor.py:208} INFO - Processing /home/airflow/.local/lib/python3.12/site-packages/airflow/example_dags/example_python_operator.py took 0.112 seconds
[2024-10-24T04:10:23.577+0000] {processor.py:186} INFO - Started process (PID=99056) to work on /home/airflow/.local/lib/python3.12/site-packages/airflow/example_dags/example_python_operator.py
[2024-10-24T04:10:23.578+0000] {processor.py:914} INFO - Processing file /home/airflow/.local/lib/python3.12/site-packages/airflow/example_dags/example_python_operator.py for tasks to queue
[2024-10-24T04:10:23.579+0000] {logging_mixin.py:190} INFO - [2024-10-24T04:10:23.579+0000] {dagbag.py:588} INFO - Filling up the DagBag from /home/airflow/.local/lib/python3.12/site-packages/airflow/example_dags/example_python_operator.py
[2024-10-24T04:10:23.596+0000] {processor.py:925} INFO - DAG(s) 'example_python_operator' retrieved from /home/airflow/.local/lib/python3.12/site-packages/airflow/example_dags/example_python_operator.py
[2024-10-24T04:10:23.624+0000] {logging_mixin.py:190} INFO - [2024-10-24T04:10:23.624+0000] {dag.py:3239} INFO - Sync 1 DAGs
[2024-10-24T04:10:23.642+0000] {logging_mixin.py:190} INFO - [2024-10-24T04:10:23.641+0000] {dag.py:4180} INFO - Setting next_dagrun for example_python_operator to None, run_after=None
[2024-10-24T04:10:23.662+0000] {processor.py:208} INFO - Processing /home/airflow/.local/lib/python3.12/site-packages/airflow/example_dags/example_python_operator.py took 0.093 seconds
[2024-10-24T04:10:54.350+0000] {processor.py:186} INFO - Started process (PID=99122) to work on /home/airflow/.local/lib/python3.12/site-packages/airflow/example_dags/example_python_operator.py
[2024-10-24T04:10:54.352+0000] {processor.py:914} INFO - Processing file /home/airflow/.local/lib/python3.12/site-packages/airflow/example_dags/example_python_operator.py for tasks to queue
[2024-10-24T04:10:54.353+0000] {logging_mixin.py:190} INFO - [2024-10-24T04:10:54.353+0000] {dagbag.py:588} INFO - Filling up the DagBag from /home/airflow/.local/lib/python3.12/site-packages/airflow/example_dags/example_python_operator.py
[2024-10-24T04:10:54.368+0000] {processor.py:925} INFO - DAG(s) 'example_python_operator' retrieved from /home/airflow/.local/lib/python3.12/site-packages/airflow/example_dags/example_python_operator.py
[2024-10-24T04:10:54.394+0000] {logging_mixin.py:190} INFO - [2024-10-24T04:10:54.393+0000] {dag.py:3239} INFO - Sync 1 DAGs
[2024-10-24T04:10:54.411+0000] {logging_mixin.py:190} INFO - [2024-10-24T04:10:54.411+0000] {dag.py:4180} INFO - Setting next_dagrun for example_python_operator to None, run_after=None
[2024-10-24T04:10:54.429+0000] {processor.py:208} INFO - Processing /home/airflow/.local/lib/python3.12/site-packages/airflow/example_dags/example_python_operator.py took 0.088 seconds
[2024-10-24T04:11:25.372+0000] {processor.py:186} INFO - Started process (PID=99189) to work on /home/airflow/.local/lib/python3.12/site-packages/airflow/example_dags/example_python_operator.py
[2024-10-24T04:11:25.373+0000] {processor.py:914} INFO - Processing file /home/airflow/.local/lib/python3.12/site-packages/airflow/example_dags/example_python_operator.py for tasks to queue
[2024-10-24T04:11:25.374+0000] {logging_mixin.py:190} INFO - [2024-10-24T04:11:25.374+0000] {dagbag.py:588} INFO - Filling up the DagBag from /home/airflow/.local/lib/python3.12/site-packages/airflow/example_dags/example_python_operator.py
[2024-10-24T04:11:25.386+0000] {processor.py:925} INFO - DAG(s) 'example_python_operator' retrieved from /home/airflow/.local/lib/python3.12/site-packages/airflow/example_dags/example_python_operator.py
[2024-10-24T04:11:25.417+0000] {logging_mixin.py:190} INFO - [2024-10-24T04:11:25.417+0000] {dag.py:3239} INFO - Sync 1 DAGs
[2024-10-24T04:11:25.435+0000] {logging_mixin.py:190} INFO - [2024-10-24T04:11:25.435+0000] {dag.py:4180} INFO - Setting next_dagrun for example_python_operator to None, run_after=None
[2024-10-24T04:11:25.454+0000] {processor.py:208} INFO - Processing /home/airflow/.local/lib/python3.12/site-packages/airflow/example_dags/example_python_operator.py took 0.088 seconds
[2024-10-24T04:11:58.143+0000] {processor.py:186} INFO - Started process (PID=99256) to work on /home/airflow/.local/lib/python3.12/site-packages/airflow/example_dags/example_python_operator.py
[2024-10-24T04:11:58.145+0000] {processor.py:914} INFO - Processing file /home/airflow/.local/lib/python3.12/site-packages/airflow/example_dags/example_python_operator.py for tasks to queue
[2024-10-24T04:11:58.147+0000] {logging_mixin.py:190} INFO - [2024-10-24T04:11:58.146+0000] {dagbag.py:588} INFO - Filling up the DagBag from /home/airflow/.local/lib/python3.12/site-packages/airflow/example_dags/example_python_operator.py
[2024-10-24T04:11:58.160+0000] {processor.py:925} INFO - DAG(s) 'example_python_operator' retrieved from /home/airflow/.local/lib/python3.12/site-packages/airflow/example_dags/example_python_operator.py
[2024-10-24T04:11:58.186+0000] {logging_mixin.py:190} INFO - [2024-10-24T04:11:58.185+0000] {dag.py:3239} INFO - Sync 1 DAGs
[2024-10-24T04:11:58.203+0000] {logging_mixin.py:190} INFO - [2024-10-24T04:11:58.202+0000] {dag.py:4180} INFO - Setting next_dagrun for example_python_operator to None, run_after=None
[2024-10-24T04:11:58.227+0000] {processor.py:208} INFO - Processing /home/airflow/.local/lib/python3.12/site-packages/airflow/example_dags/example_python_operator.py took 0.092 seconds
[2024-10-24T04:12:28.516+0000] {processor.py:186} INFO - Started process (PID=99323) to work on /home/airflow/.local/lib/python3.12/site-packages/airflow/example_dags/example_python_operator.py
[2024-10-24T04:12:28.517+0000] {processor.py:914} INFO - Processing file /home/airflow/.local/lib/python3.12/site-packages/airflow/example_dags/example_python_operator.py for tasks to queue
[2024-10-24T04:12:28.519+0000] {logging_mixin.py:190} INFO - [2024-10-24T04:12:28.518+0000] {dagbag.py:588} INFO - Filling up the DagBag from /home/airflow/.local/lib/python3.12/site-packages/airflow/example_dags/example_python_operator.py
[2024-10-24T04:12:28.534+0000] {processor.py:925} INFO - DAG(s) 'example_python_operator' retrieved from /home/airflow/.local/lib/python3.12/site-packages/airflow/example_dags/example_python_operator.py
[2024-10-24T04:12:28.562+0000] {logging_mixin.py:190} INFO - [2024-10-24T04:12:28.562+0000] {dag.py:3239} INFO - Sync 1 DAGs
[2024-10-24T04:12:28.579+0000] {logging_mixin.py:190} INFO - [2024-10-24T04:12:28.579+0000] {dag.py:4180} INFO - Setting next_dagrun for example_python_operator to None, run_after=None
[2024-10-24T04:12:28.597+0000] {processor.py:208} INFO - Processing /home/airflow/.local/lib/python3.12/site-packages/airflow/example_dags/example_python_operator.py took 0.089 seconds
[2024-10-24T04:12:58.920+0000] {processor.py:186} INFO - Started process (PID=99389) to work on /home/airflow/.local/lib/python3.12/site-packages/airflow/example_dags/example_python_operator.py
[2024-10-24T04:12:58.922+0000] {processor.py:914} INFO - Processing file /home/airflow/.local/lib/python3.12/site-packages/airflow/example_dags/example_python_operator.py for tasks to queue
[2024-10-24T04:12:58.923+0000] {logging_mixin.py:190} INFO - [2024-10-24T04:12:58.923+0000] {dagbag.py:588} INFO - Filling up the DagBag from /home/airflow/.local/lib/python3.12/site-packages/airflow/example_dags/example_python_operator.py
[2024-10-24T04:12:58.937+0000] {processor.py:925} INFO - DAG(s) 'example_python_operator' retrieved from /home/airflow/.local/lib/python3.12/site-packages/airflow/example_dags/example_python_operator.py
[2024-10-24T04:12:58.963+0000] {logging_mixin.py:190} INFO - [2024-10-24T04:12:58.963+0000] {dag.py:3239} INFO - Sync 1 DAGs
[2024-10-24T04:12:58.979+0000] {logging_mixin.py:190} INFO - [2024-10-24T04:12:58.979+0000] {dag.py:4180} INFO - Setting next_dagrun for example_python_operator to None, run_after=None
[2024-10-24T04:12:58.999+0000] {processor.py:208} INFO - Processing /home/airflow/.local/lib/python3.12/site-packages/airflow/example_dags/example_python_operator.py took 0.085 seconds
[2024-10-24T04:13:29.257+0000] {processor.py:186} INFO - Started process (PID=99456) to work on /home/airflow/.local/lib/python3.12/site-packages/airflow/example_dags/example_python_operator.py
[2024-10-24T04:13:29.258+0000] {processor.py:914} INFO - Processing file /home/airflow/.local/lib/python3.12/site-packages/airflow/example_dags/example_python_operator.py for tasks to queue
[2024-10-24T04:13:29.260+0000] {logging_mixin.py:190} INFO - [2024-10-24T04:13:29.259+0000] {dagbag.py:588} INFO - Filling up the DagBag from /home/airflow/.local/lib/python3.12/site-packages/airflow/example_dags/example_python_operator.py
[2024-10-24T04:13:29.273+0000] {processor.py:925} INFO - DAG(s) 'example_python_operator' retrieved from /home/airflow/.local/lib/python3.12/site-packages/airflow/example_dags/example_python_operator.py
[2024-10-24T04:13:29.299+0000] {logging_mixin.py:190} INFO - [2024-10-24T04:13:29.298+0000] {dag.py:3239} INFO - Sync 1 DAGs
[2024-10-24T04:13:29.316+0000] {logging_mixin.py:190} INFO - [2024-10-24T04:13:29.315+0000] {dag.py:4180} INFO - Setting next_dagrun for example_python_operator to None, run_after=None
[2024-10-24T04:13:29.336+0000] {processor.py:208} INFO - Processing /home/airflow/.local/lib/python3.12/site-packages/airflow/example_dags/example_python_operator.py took 0.086 seconds
[2024-10-24T04:13:59.937+0000] {processor.py:186} INFO - Started process (PID=99523) to work on /home/airflow/.local/lib/python3.12/site-packages/airflow/example_dags/example_python_operator.py
[2024-10-24T04:13:59.938+0000] {processor.py:914} INFO - Processing file /home/airflow/.local/lib/python3.12/site-packages/airflow/example_dags/example_python_operator.py for tasks to queue
[2024-10-24T04:13:59.940+0000] {logging_mixin.py:190} INFO - [2024-10-24T04:13:59.940+0000] {dagbag.py:588} INFO - Filling up the DagBag from /home/airflow/.local/lib/python3.12/site-packages/airflow/example_dags/example_python_operator.py
[2024-10-24T04:13:59.954+0000] {processor.py:925} INFO - DAG(s) 'example_python_operator' retrieved from /home/airflow/.local/lib/python3.12/site-packages/airflow/example_dags/example_python_operator.py
[2024-10-24T04:13:59.981+0000] {logging_mixin.py:190} INFO - [2024-10-24T04:13:59.981+0000] {dag.py:3239} INFO - Sync 1 DAGs
[2024-10-24T04:13:59.999+0000] {logging_mixin.py:190} INFO - [2024-10-24T04:13:59.999+0000] {dag.py:4180} INFO - Setting next_dagrun for example_python_operator to None, run_after=None
[2024-10-24T04:14:00.021+0000] {processor.py:208} INFO - Processing /home/airflow/.local/lib/python3.12/site-packages/airflow/example_dags/example_python_operator.py took 0.090 seconds
[2024-10-24T04:14:30.620+0000] {processor.py:186} INFO - Started process (PID=99590) to work on /home/airflow/.local/lib/python3.12/site-packages/airflow/example_dags/example_python_operator.py
[2024-10-24T04:14:30.622+0000] {processor.py:914} INFO - Processing file /home/airflow/.local/lib/python3.12/site-packages/airflow/example_dags/example_python_operator.py for tasks to queue
[2024-10-24T04:14:30.623+0000] {logging_mixin.py:190} INFO - [2024-10-24T04:14:30.623+0000] {dagbag.py:588} INFO - Filling up the DagBag from /home/airflow/.local/lib/python3.12/site-packages/airflow/example_dags/example_python_operator.py
[2024-10-24T04:14:30.637+0000] {processor.py:925} INFO - DAG(s) 'example_python_operator' retrieved from /home/airflow/.local/lib/python3.12/site-packages/airflow/example_dags/example_python_operator.py
[2024-10-24T04:14:30.665+0000] {logging_mixin.py:190} INFO - [2024-10-24T04:14:30.665+0000] {dag.py:3239} INFO - Sync 1 DAGs
[2024-10-24T04:14:30.685+0000] {logging_mixin.py:190} INFO - [2024-10-24T04:14:30.684+0000] {dag.py:4180} INFO - Setting next_dagrun for example_python_operator to None, run_after=None
[2024-10-24T04:14:30.702+0000] {processor.py:208} INFO - Processing /home/airflow/.local/lib/python3.12/site-packages/airflow/example_dags/example_python_operator.py took 0.090 seconds
[2024-10-24T04:15:01.000+0000] {processor.py:186} INFO - Started process (PID=99656) to work on /home/airflow/.local/lib/python3.12/site-packages/airflow/example_dags/example_python_operator.py
[2024-10-24T04:15:01.002+0000] {processor.py:914} INFO - Processing file /home/airflow/.local/lib/python3.12/site-packages/airflow/example_dags/example_python_operator.py for tasks to queue
[2024-10-24T04:15:01.003+0000] {logging_mixin.py:190} INFO - [2024-10-24T04:15:01.003+0000] {dagbag.py:588} INFO - Filling up the DagBag from /home/airflow/.local/lib/python3.12/site-packages/airflow/example_dags/example_python_operator.py
[2024-10-24T04:15:01.019+0000] {processor.py:925} INFO - DAG(s) 'example_python_operator' retrieved from /home/airflow/.local/lib/python3.12/site-packages/airflow/example_dags/example_python_operator.py
[2024-10-24T04:15:01.051+0000] {logging_mixin.py:190} INFO - [2024-10-24T04:15:01.050+0000] {dag.py:3239} INFO - Sync 1 DAGs
[2024-10-24T04:15:01.070+0000] {logging_mixin.py:190} INFO - [2024-10-24T04:15:01.070+0000] {dag.py:4180} INFO - Setting next_dagrun for example_python_operator to None, run_after=None
[2024-10-24T04:15:01.091+0000] {processor.py:208} INFO - Processing /home/airflow/.local/lib/python3.12/site-packages/airflow/example_dags/example_python_operator.py took 0.101 seconds
[2024-10-24T04:15:31.516+0000] {processor.py:186} INFO - Started process (PID=99722) to work on /home/airflow/.local/lib/python3.12/site-packages/airflow/example_dags/example_python_operator.py
[2024-10-24T04:15:31.517+0000] {processor.py:914} INFO - Processing file /home/airflow/.local/lib/python3.12/site-packages/airflow/example_dags/example_python_operator.py for tasks to queue
[2024-10-24T04:15:31.519+0000] {logging_mixin.py:190} INFO - [2024-10-24T04:15:31.518+0000] {dagbag.py:588} INFO - Filling up the DagBag from /home/airflow/.local/lib/python3.12/site-packages/airflow/example_dags/example_python_operator.py
[2024-10-24T04:15:31.532+0000] {processor.py:925} INFO - DAG(s) 'example_python_operator' retrieved from /home/airflow/.local/lib/python3.12/site-packages/airflow/example_dags/example_python_operator.py
[2024-10-24T04:15:31.564+0000] {logging_mixin.py:190} INFO - [2024-10-24T04:15:31.564+0000] {dag.py:3239} INFO - Sync 1 DAGs
[2024-10-24T04:15:31.582+0000] {logging_mixin.py:190} INFO - [2024-10-24T04:15:31.581+0000] {dag.py:4180} INFO - Setting next_dagrun for example_python_operator to None, run_after=None
[2024-10-24T04:15:31.601+0000] {processor.py:208} INFO - Processing /home/airflow/.local/lib/python3.12/site-packages/airflow/example_dags/example_python_operator.py took 0.095 seconds
[2024-10-24T06:56:04.461+0000] {processor.py:186} INFO - Started process (PID=99790) to work on /home/airflow/.local/lib/python3.12/site-packages/airflow/example_dags/example_python_operator.py
[2024-10-24T06:56:04.462+0000] {processor.py:914} INFO - Processing file /home/airflow/.local/lib/python3.12/site-packages/airflow/example_dags/example_python_operator.py for tasks to queue
[2024-10-24T06:56:04.464+0000] {logging_mixin.py:190} INFO - [2024-10-24T06:56:04.464+0000] {dagbag.py:588} INFO - Filling up the DagBag from /home/airflow/.local/lib/python3.12/site-packages/airflow/example_dags/example_python_operator.py
[2024-10-24T06:56:04.479+0000] {processor.py:925} INFO - DAG(s) 'example_python_operator' retrieved from /home/airflow/.local/lib/python3.12/site-packages/airflow/example_dags/example_python_operator.py
[2024-10-24T06:56:04.512+0000] {logging_mixin.py:190} INFO - [2024-10-24T06:56:04.512+0000] {dag.py:3239} INFO - Sync 1 DAGs
[2024-10-24T06:56:04.532+0000] {logging_mixin.py:190} INFO - [2024-10-24T06:56:04.532+0000] {dag.py:4180} INFO - Setting next_dagrun for example_python_operator to None, run_after=None
[2024-10-24T06:56:04.558+0000] {processor.py:208} INFO - Processing /home/airflow/.local/lib/python3.12/site-packages/airflow/example_dags/example_python_operator.py took 0.105 seconds
[2024-10-24T06:56:35.544+0000] {processor.py:186} INFO - Started process (PID=99857) to work on /home/airflow/.local/lib/python3.12/site-packages/airflow/example_dags/example_python_operator.py
[2024-10-24T06:56:35.546+0000] {processor.py:914} INFO - Processing file /home/airflow/.local/lib/python3.12/site-packages/airflow/example_dags/example_python_operator.py for tasks to queue
[2024-10-24T06:56:35.548+0000] {logging_mixin.py:190} INFO - [2024-10-24T06:56:35.547+0000] {dagbag.py:588} INFO - Filling up the DagBag from /home/airflow/.local/lib/python3.12/site-packages/airflow/example_dags/example_python_operator.py
[2024-10-24T06:56:35.562+0000] {processor.py:925} INFO - DAG(s) 'example_python_operator' retrieved from /home/airflow/.local/lib/python3.12/site-packages/airflow/example_dags/example_python_operator.py
[2024-10-24T06:56:35.595+0000] {logging_mixin.py:190} INFO - [2024-10-24T06:56:35.595+0000] {dag.py:3239} INFO - Sync 1 DAGs
[2024-10-24T06:56:35.622+0000] {logging_mixin.py:190} INFO - [2024-10-24T06:56:35.619+0000] {dag.py:4180} INFO - Setting next_dagrun for example_python_operator to None, run_after=None
[2024-10-24T06:56:35.647+0000] {processor.py:208} INFO - Processing /home/airflow/.local/lib/python3.12/site-packages/airflow/example_dags/example_python_operator.py took 0.113 seconds
[2024-10-24T06:57:06.454+0000] {processor.py:186} INFO - Started process (PID=99924) to work on /home/airflow/.local/lib/python3.12/site-packages/airflow/example_dags/example_python_operator.py
[2024-10-24T06:57:06.456+0000] {processor.py:914} INFO - Processing file /home/airflow/.local/lib/python3.12/site-packages/airflow/example_dags/example_python_operator.py for tasks to queue
[2024-10-24T06:57:06.457+0000] {logging_mixin.py:190} INFO - [2024-10-24T06:57:06.457+0000] {dagbag.py:588} INFO - Filling up the DagBag from /home/airflow/.local/lib/python3.12/site-packages/airflow/example_dags/example_python_operator.py
[2024-10-24T06:57:06.473+0000] {processor.py:925} INFO - DAG(s) 'example_python_operator' retrieved from /home/airflow/.local/lib/python3.12/site-packages/airflow/example_dags/example_python_operator.py
[2024-10-24T06:57:06.503+0000] {logging_mixin.py:190} INFO - [2024-10-24T06:57:06.503+0000] {dag.py:3239} INFO - Sync 1 DAGs
[2024-10-24T06:57:06.521+0000] {logging_mixin.py:190} INFO - [2024-10-24T06:57:06.521+0000] {dag.py:4180} INFO - Setting next_dagrun for example_python_operator to None, run_after=None
[2024-10-24T06:57:06.551+0000] {processor.py:208} INFO - Processing /home/airflow/.local/lib/python3.12/site-packages/airflow/example_dags/example_python_operator.py took 0.105 seconds
[2024-10-24T06:57:36.902+0000] {processor.py:186} INFO - Started process (PID=99991) to work on /home/airflow/.local/lib/python3.12/site-packages/airflow/example_dags/example_python_operator.py
[2024-10-24T06:57:36.903+0000] {processor.py:914} INFO - Processing file /home/airflow/.local/lib/python3.12/site-packages/airflow/example_dags/example_python_operator.py for tasks to queue
[2024-10-24T06:57:36.905+0000] {logging_mixin.py:190} INFO - [2024-10-24T06:57:36.904+0000] {dagbag.py:588} INFO - Filling up the DagBag from /home/airflow/.local/lib/python3.12/site-packages/airflow/example_dags/example_python_operator.py
[2024-10-24T06:57:36.918+0000] {processor.py:925} INFO - DAG(s) 'example_python_operator' retrieved from /home/airflow/.local/lib/python3.12/site-packages/airflow/example_dags/example_python_operator.py
[2024-10-24T06:57:36.946+0000] {logging_mixin.py:190} INFO - [2024-10-24T06:57:36.946+0000] {dag.py:3239} INFO - Sync 1 DAGs
[2024-10-24T06:57:36.963+0000] {logging_mixin.py:190} INFO - [2024-10-24T06:57:36.962+0000] {dag.py:4180} INFO - Setting next_dagrun for example_python_operator to None, run_after=None
[2024-10-24T06:57:36.979+0000] {processor.py:208} INFO - Processing /home/airflow/.local/lib/python3.12/site-packages/airflow/example_dags/example_python_operator.py took 0.086 seconds
[2024-10-24T06:58:07.495+0000] {processor.py:186} INFO - Started process (PID=100058) to work on /home/airflow/.local/lib/python3.12/site-packages/airflow/example_dags/example_python_operator.py
[2024-10-24T06:58:07.496+0000] {processor.py:914} INFO - Processing file /home/airflow/.local/lib/python3.12/site-packages/airflow/example_dags/example_python_operator.py for tasks to queue
[2024-10-24T06:58:07.498+0000] {logging_mixin.py:190} INFO - [2024-10-24T06:58:07.497+0000] {dagbag.py:588} INFO - Filling up the DagBag from /home/airflow/.local/lib/python3.12/site-packages/airflow/example_dags/example_python_operator.py
[2024-10-24T06:58:07.517+0000] {processor.py:925} INFO - DAG(s) 'example_python_operator' retrieved from /home/airflow/.local/lib/python3.12/site-packages/airflow/example_dags/example_python_operator.py
[2024-10-24T06:58:07.547+0000] {logging_mixin.py:190} INFO - [2024-10-24T06:58:07.546+0000] {dag.py:3239} INFO - Sync 1 DAGs
[2024-10-24T06:58:07.563+0000] {logging_mixin.py:190} INFO - [2024-10-24T06:58:07.563+0000] {dag.py:4180} INFO - Setting next_dagrun for example_python_operator to None, run_after=None
[2024-10-24T06:58:07.581+0000] {processor.py:208} INFO - Processing /home/airflow/.local/lib/python3.12/site-packages/airflow/example_dags/example_python_operator.py took 0.094 seconds
[2024-10-24T06:58:38.167+0000] {processor.py:186} INFO - Started process (PID=100124) to work on /home/airflow/.local/lib/python3.12/site-packages/airflow/example_dags/example_python_operator.py
[2024-10-24T06:58:38.168+0000] {processor.py:914} INFO - Processing file /home/airflow/.local/lib/python3.12/site-packages/airflow/example_dags/example_python_operator.py for tasks to queue
[2024-10-24T06:58:38.171+0000] {logging_mixin.py:190} INFO - [2024-10-24T06:58:38.170+0000] {dagbag.py:588} INFO - Filling up the DagBag from /home/airflow/.local/lib/python3.12/site-packages/airflow/example_dags/example_python_operator.py
[2024-10-24T06:58:38.185+0000] {processor.py:925} INFO - DAG(s) 'example_python_operator' retrieved from /home/airflow/.local/lib/python3.12/site-packages/airflow/example_dags/example_python_operator.py
[2024-10-24T06:58:38.215+0000] {logging_mixin.py:190} INFO - [2024-10-24T06:58:38.215+0000] {dag.py:3239} INFO - Sync 1 DAGs
[2024-10-24T06:58:38.232+0000] {logging_mixin.py:190} INFO - [2024-10-24T06:58:38.232+0000] {dag.py:4180} INFO - Setting next_dagrun for example_python_operator to None, run_after=None
[2024-10-24T06:58:38.256+0000] {processor.py:208} INFO - Processing /home/airflow/.local/lib/python3.12/site-packages/airflow/example_dags/example_python_operator.py took 0.095 seconds
