[2024-10-24T04:09:20.144+0000] {processor.py:186} INFO - Started process (PID=98901) to work on /home/airflow/.local/lib/python3.12/site-packages/airflow/example_dags/tutorial_taskflow_api_virtualenv.py
[2024-10-24T04:09:20.146+0000] {processor.py:914} INFO - Processing file /home/airflow/.local/lib/python3.12/site-packages/airflow/example_dags/tutorial_taskflow_api_virtualenv.py for tasks to queue
[2024-10-24T04:09:20.147+0000] {logging_mixin.py:190} INFO - [2024-10-24T04:09:20.147+0000] {dagbag.py:588} INFO - Filling up the DagBag from /home/airflow/.local/lib/python3.12/site-packages/airflow/example_dags/tutorial_taskflow_api_virtualenv.py
[2024-10-24T04:09:20.163+0000] {processor.py:925} INFO - DAG(s) 'tutorial_taskflow_api_virtualenv' retrieved from /home/airflow/.local/lib/python3.12/site-packages/airflow/example_dags/tutorial_taskflow_api_virtualenv.py
[2024-10-24T04:09:20.195+0000] {logging_mixin.py:190} INFO - [2024-10-24T04:09:20.194+0000] {dag.py:3239} INFO - Sync 1 DAGs
[2024-10-24T04:09:20.215+0000] {logging_mixin.py:190} INFO - [2024-10-24T04:09:20.215+0000] {dag.py:4180} INFO - Setting next_dagrun for tutorial_taskflow_api_virtualenv to None, run_after=None
[2024-10-24T04:09:20.245+0000] {processor.py:208} INFO - Processing /home/airflow/.local/lib/python3.12/site-packages/airflow/example_dags/tutorial_taskflow_api_virtualenv.py took 0.111 seconds
[2024-10-24T04:09:50.529+0000] {processor.py:186} INFO - Started process (PID=98973) to work on /home/airflow/.local/lib/python3.12/site-packages/airflow/example_dags/tutorial_taskflow_api_virtualenv.py
[2024-10-24T04:09:50.531+0000] {processor.py:914} INFO - Processing file /home/airflow/.local/lib/python3.12/site-packages/airflow/example_dags/tutorial_taskflow_api_virtualenv.py for tasks to queue
[2024-10-24T04:09:50.532+0000] {logging_mixin.py:190} INFO - [2024-10-24T04:09:50.532+0000] {dagbag.py:588} INFO - Filling up the DagBag from /home/airflow/.local/lib/python3.12/site-packages/airflow/example_dags/tutorial_taskflow_api_virtualenv.py
[2024-10-24T04:09:50.545+0000] {processor.py:925} INFO - DAG(s) 'tutorial_taskflow_api_virtualenv' retrieved from /home/airflow/.local/lib/python3.12/site-packages/airflow/example_dags/tutorial_taskflow_api_virtualenv.py
[2024-10-24T04:09:50.570+0000] {logging_mixin.py:190} INFO - [2024-10-24T04:09:50.570+0000] {dag.py:3239} INFO - Sync 1 DAGs
[2024-10-24T04:09:50.587+0000] {logging_mixin.py:190} INFO - [2024-10-24T04:09:50.586+0000] {dag.py:4180} INFO - Setting next_dagrun for tutorial_taskflow_api_virtualenv to None, run_after=None
[2024-10-24T04:09:50.606+0000] {processor.py:208} INFO - Processing /home/airflow/.local/lib/python3.12/site-packages/airflow/example_dags/tutorial_taskflow_api_virtualenv.py took 0.085 seconds
[2024-10-24T04:10:21.320+0000] {processor.py:186} INFO - Started process (PID=99039) to work on /home/airflow/.local/lib/python3.12/site-packages/airflow/example_dags/tutorial_taskflow_api_virtualenv.py
[2024-10-24T04:10:21.321+0000] {processor.py:914} INFO - Processing file /home/airflow/.local/lib/python3.12/site-packages/airflow/example_dags/tutorial_taskflow_api_virtualenv.py for tasks to queue
[2024-10-24T04:10:21.323+0000] {logging_mixin.py:190} INFO - [2024-10-24T04:10:21.323+0000] {dagbag.py:588} INFO - Filling up the DagBag from /home/airflow/.local/lib/python3.12/site-packages/airflow/example_dags/tutorial_taskflow_api_virtualenv.py
[2024-10-24T04:10:21.337+0000] {processor.py:925} INFO - DAG(s) 'tutorial_taskflow_api_virtualenv' retrieved from /home/airflow/.local/lib/python3.12/site-packages/airflow/example_dags/tutorial_taskflow_api_virtualenv.py
[2024-10-24T04:10:21.362+0000] {logging_mixin.py:190} INFO - [2024-10-24T04:10:21.362+0000] {dag.py:3239} INFO - Sync 1 DAGs
[2024-10-24T04:10:21.379+0000] {logging_mixin.py:190} INFO - [2024-10-24T04:10:21.379+0000] {dag.py:4180} INFO - Setting next_dagrun for tutorial_taskflow_api_virtualenv to None, run_after=None
[2024-10-24T04:10:21.400+0000] {processor.py:208} INFO - Processing /home/airflow/.local/lib/python3.12/site-packages/airflow/example_dags/tutorial_taskflow_api_virtualenv.py took 0.088 seconds
[2024-10-24T04:10:52.035+0000] {processor.py:186} INFO - Started process (PID=99105) to work on /home/airflow/.local/lib/python3.12/site-packages/airflow/example_dags/tutorial_taskflow_api_virtualenv.py
[2024-10-24T04:10:52.036+0000] {processor.py:914} INFO - Processing file /home/airflow/.local/lib/python3.12/site-packages/airflow/example_dags/tutorial_taskflow_api_virtualenv.py for tasks to queue
[2024-10-24T04:10:52.037+0000] {logging_mixin.py:190} INFO - [2024-10-24T04:10:52.037+0000] {dagbag.py:588} INFO - Filling up the DagBag from /home/airflow/.local/lib/python3.12/site-packages/airflow/example_dags/tutorial_taskflow_api_virtualenv.py
[2024-10-24T04:10:52.051+0000] {processor.py:925} INFO - DAG(s) 'tutorial_taskflow_api_virtualenv' retrieved from /home/airflow/.local/lib/python3.12/site-packages/airflow/example_dags/tutorial_taskflow_api_virtualenv.py
[2024-10-24T04:10:52.081+0000] {logging_mixin.py:190} INFO - [2024-10-24T04:10:52.081+0000] {dag.py:3239} INFO - Sync 1 DAGs
[2024-10-24T04:10:52.101+0000] {logging_mixin.py:190} INFO - [2024-10-24T04:10:52.101+0000] {dag.py:4180} INFO - Setting next_dagrun for tutorial_taskflow_api_virtualenv to None, run_after=None
[2024-10-24T04:10:52.121+0000] {processor.py:208} INFO - Processing /home/airflow/.local/lib/python3.12/site-packages/airflow/example_dags/tutorial_taskflow_api_virtualenv.py took 0.094 seconds
[2024-10-24T04:11:22.993+0000] {processor.py:186} INFO - Started process (PID=99172) to work on /home/airflow/.local/lib/python3.12/site-packages/airflow/example_dags/tutorial_taskflow_api_virtualenv.py
[2024-10-24T04:11:22.995+0000] {processor.py:914} INFO - Processing file /home/airflow/.local/lib/python3.12/site-packages/airflow/example_dags/tutorial_taskflow_api_virtualenv.py for tasks to queue
[2024-10-24T04:11:22.997+0000] {logging_mixin.py:190} INFO - [2024-10-24T04:11:22.996+0000] {dagbag.py:588} INFO - Filling up the DagBag from /home/airflow/.local/lib/python3.12/site-packages/airflow/example_dags/tutorial_taskflow_api_virtualenv.py
[2024-10-24T04:11:23.009+0000] {processor.py:925} INFO - DAG(s) 'tutorial_taskflow_api_virtualenv' retrieved from /home/airflow/.local/lib/python3.12/site-packages/airflow/example_dags/tutorial_taskflow_api_virtualenv.py
[2024-10-24T04:11:23.035+0000] {logging_mixin.py:190} INFO - [2024-10-24T04:11:23.034+0000] {dag.py:3239} INFO - Sync 1 DAGs
[2024-10-24T04:11:23.053+0000] {logging_mixin.py:190} INFO - [2024-10-24T04:11:23.053+0000] {dag.py:4180} INFO - Setting next_dagrun for tutorial_taskflow_api_virtualenv to None, run_after=None
[2024-10-24T04:11:23.076+0000] {processor.py:208} INFO - Processing /home/airflow/.local/lib/python3.12/site-packages/airflow/example_dags/tutorial_taskflow_api_virtualenv.py took 0.093 seconds
[2024-10-24T04:11:53.616+0000] {processor.py:186} INFO - Started process (PID=99239) to work on /home/airflow/.local/lib/python3.12/site-packages/airflow/example_dags/tutorial_taskflow_api_virtualenv.py
[2024-10-24T04:11:53.618+0000] {processor.py:914} INFO - Processing file /home/airflow/.local/lib/python3.12/site-packages/airflow/example_dags/tutorial_taskflow_api_virtualenv.py for tasks to queue
[2024-10-24T04:11:53.619+0000] {logging_mixin.py:190} INFO - [2024-10-24T04:11:53.619+0000] {dagbag.py:588} INFO - Filling up the DagBag from /home/airflow/.local/lib/python3.12/site-packages/airflow/example_dags/tutorial_taskflow_api_virtualenv.py
[2024-10-24T04:11:53.634+0000] {processor.py:925} INFO - DAG(s) 'tutorial_taskflow_api_virtualenv' retrieved from /home/airflow/.local/lib/python3.12/site-packages/airflow/example_dags/tutorial_taskflow_api_virtualenv.py
[2024-10-24T04:11:53.657+0000] {logging_mixin.py:190} INFO - [2024-10-24T04:11:53.656+0000] {dag.py:3239} INFO - Sync 1 DAGs
[2024-10-24T04:11:53.675+0000] {logging_mixin.py:190} INFO - [2024-10-24T04:11:53.674+0000] {dag.py:4180} INFO - Setting next_dagrun for tutorial_taskflow_api_virtualenv to None, run_after=None
[2024-10-24T04:11:53.692+0000] {processor.py:208} INFO - Processing /home/airflow/.local/lib/python3.12/site-packages/airflow/example_dags/tutorial_taskflow_api_virtualenv.py took 0.084 seconds
[2024-10-24T04:12:24.293+0000] {processor.py:186} INFO - Started process (PID=99306) to work on /home/airflow/.local/lib/python3.12/site-packages/airflow/example_dags/tutorial_taskflow_api_virtualenv.py
[2024-10-24T04:12:24.295+0000] {processor.py:914} INFO - Processing file /home/airflow/.local/lib/python3.12/site-packages/airflow/example_dags/tutorial_taskflow_api_virtualenv.py for tasks to queue
[2024-10-24T04:12:24.297+0000] {logging_mixin.py:190} INFO - [2024-10-24T04:12:24.297+0000] {dagbag.py:588} INFO - Filling up the DagBag from /home/airflow/.local/lib/python3.12/site-packages/airflow/example_dags/tutorial_taskflow_api_virtualenv.py
[2024-10-24T04:12:24.315+0000] {processor.py:925} INFO - DAG(s) 'tutorial_taskflow_api_virtualenv' retrieved from /home/airflow/.local/lib/python3.12/site-packages/airflow/example_dags/tutorial_taskflow_api_virtualenv.py
[2024-10-24T04:12:24.341+0000] {logging_mixin.py:190} INFO - [2024-10-24T04:12:24.341+0000] {dag.py:3239} INFO - Sync 1 DAGs
[2024-10-24T04:12:24.359+0000] {logging_mixin.py:190} INFO - [2024-10-24T04:12:24.358+0000] {dag.py:4180} INFO - Setting next_dagrun for tutorial_taskflow_api_virtualenv to None, run_after=None
[2024-10-24T04:12:24.388+0000] {processor.py:208} INFO - Processing /home/airflow/.local/lib/python3.12/site-packages/airflow/example_dags/tutorial_taskflow_api_virtualenv.py took 0.102 seconds
[2024-10-24T04:12:55.396+0000] {processor.py:186} INFO - Started process (PID=99372) to work on /home/airflow/.local/lib/python3.12/site-packages/airflow/example_dags/tutorial_taskflow_api_virtualenv.py
[2024-10-24T04:12:55.400+0000] {processor.py:914} INFO - Processing file /home/airflow/.local/lib/python3.12/site-packages/airflow/example_dags/tutorial_taskflow_api_virtualenv.py for tasks to queue
[2024-10-24T04:12:55.402+0000] {logging_mixin.py:190} INFO - [2024-10-24T04:12:55.401+0000] {dagbag.py:588} INFO - Filling up the DagBag from /home/airflow/.local/lib/python3.12/site-packages/airflow/example_dags/tutorial_taskflow_api_virtualenv.py
[2024-10-24T04:12:55.417+0000] {processor.py:925} INFO - DAG(s) 'tutorial_taskflow_api_virtualenv' retrieved from /home/airflow/.local/lib/python3.12/site-packages/airflow/example_dags/tutorial_taskflow_api_virtualenv.py
[2024-10-24T04:12:55.442+0000] {logging_mixin.py:190} INFO - [2024-10-24T04:12:55.441+0000] {dag.py:3239} INFO - Sync 1 DAGs
[2024-10-24T04:12:55.461+0000] {logging_mixin.py:190} INFO - [2024-10-24T04:12:55.461+0000] {dag.py:4180} INFO - Setting next_dagrun for tutorial_taskflow_api_virtualenv to None, run_after=None
[2024-10-24T04:12:55.482+0000] {processor.py:208} INFO - Processing /home/airflow/.local/lib/python3.12/site-packages/airflow/example_dags/tutorial_taskflow_api_virtualenv.py took 0.096 seconds
[2024-10-24T04:13:25.757+0000] {processor.py:186} INFO - Started process (PID=99439) to work on /home/airflow/.local/lib/python3.12/site-packages/airflow/example_dags/tutorial_taskflow_api_virtualenv.py
[2024-10-24T04:13:25.757+0000] {processor.py:914} INFO - Processing file /home/airflow/.local/lib/python3.12/site-packages/airflow/example_dags/tutorial_taskflow_api_virtualenv.py for tasks to queue
[2024-10-24T04:13:25.759+0000] {logging_mixin.py:190} INFO - [2024-10-24T04:13:25.758+0000] {dagbag.py:588} INFO - Filling up the DagBag from /home/airflow/.local/lib/python3.12/site-packages/airflow/example_dags/tutorial_taskflow_api_virtualenv.py
[2024-10-24T04:13:25.771+0000] {processor.py:925} INFO - DAG(s) 'tutorial_taskflow_api_virtualenv' retrieved from /home/airflow/.local/lib/python3.12/site-packages/airflow/example_dags/tutorial_taskflow_api_virtualenv.py
[2024-10-24T04:13:25.798+0000] {logging_mixin.py:190} INFO - [2024-10-24T04:13:25.797+0000] {dag.py:3239} INFO - Sync 1 DAGs
[2024-10-24T04:13:25.816+0000] {logging_mixin.py:190} INFO - [2024-10-24T04:13:25.815+0000] {dag.py:4180} INFO - Setting next_dagrun for tutorial_taskflow_api_virtualenv to None, run_after=None
[2024-10-24T04:13:25.835+0000] {processor.py:208} INFO - Processing /home/airflow/.local/lib/python3.12/site-packages/airflow/example_dags/tutorial_taskflow_api_virtualenv.py took 0.085 seconds
[2024-10-24T04:13:56.593+0000] {processor.py:186} INFO - Started process (PID=99506) to work on /home/airflow/.local/lib/python3.12/site-packages/airflow/example_dags/tutorial_taskflow_api_virtualenv.py
[2024-10-24T04:13:56.594+0000] {processor.py:914} INFO - Processing file /home/airflow/.local/lib/python3.12/site-packages/airflow/example_dags/tutorial_taskflow_api_virtualenv.py for tasks to queue
[2024-10-24T04:13:56.595+0000] {logging_mixin.py:190} INFO - [2024-10-24T04:13:56.595+0000] {dagbag.py:588} INFO - Filling up the DagBag from /home/airflow/.local/lib/python3.12/site-packages/airflow/example_dags/tutorial_taskflow_api_virtualenv.py
[2024-10-24T04:13:56.608+0000] {processor.py:925} INFO - DAG(s) 'tutorial_taskflow_api_virtualenv' retrieved from /home/airflow/.local/lib/python3.12/site-packages/airflow/example_dags/tutorial_taskflow_api_virtualenv.py
[2024-10-24T04:13:56.634+0000] {logging_mixin.py:190} INFO - [2024-10-24T04:13:56.634+0000] {dag.py:3239} INFO - Sync 1 DAGs
[2024-10-24T04:13:56.653+0000] {logging_mixin.py:190} INFO - [2024-10-24T04:13:56.653+0000] {dag.py:4180} INFO - Setting next_dagrun for tutorial_taskflow_api_virtualenv to None, run_after=None
[2024-10-24T04:13:56.672+0000] {processor.py:208} INFO - Processing /home/airflow/.local/lib/python3.12/site-packages/airflow/example_dags/tutorial_taskflow_api_virtualenv.py took 0.087 seconds
[2024-10-24T04:14:27.302+0000] {processor.py:186} INFO - Started process (PID=99573) to work on /home/airflow/.local/lib/python3.12/site-packages/airflow/example_dags/tutorial_taskflow_api_virtualenv.py
[2024-10-24T04:14:27.303+0000] {processor.py:914} INFO - Processing file /home/airflow/.local/lib/python3.12/site-packages/airflow/example_dags/tutorial_taskflow_api_virtualenv.py for tasks to queue
[2024-10-24T04:14:27.304+0000] {logging_mixin.py:190} INFO - [2024-10-24T04:14:27.304+0000] {dagbag.py:588} INFO - Filling up the DagBag from /home/airflow/.local/lib/python3.12/site-packages/airflow/example_dags/tutorial_taskflow_api_virtualenv.py
[2024-10-24T04:14:27.316+0000] {processor.py:925} INFO - DAG(s) 'tutorial_taskflow_api_virtualenv' retrieved from /home/airflow/.local/lib/python3.12/site-packages/airflow/example_dags/tutorial_taskflow_api_virtualenv.py
[2024-10-24T04:14:27.339+0000] {logging_mixin.py:190} INFO - [2024-10-24T04:14:27.338+0000] {dag.py:3239} INFO - Sync 1 DAGs
[2024-10-24T04:14:27.355+0000] {logging_mixin.py:190} INFO - [2024-10-24T04:14:27.355+0000] {dag.py:4180} INFO - Setting next_dagrun for tutorial_taskflow_api_virtualenv to None, run_after=None
[2024-10-24T04:14:27.375+0000] {processor.py:208} INFO - Processing /home/airflow/.local/lib/python3.12/site-packages/airflow/example_dags/tutorial_taskflow_api_virtualenv.py took 0.080 seconds
[2024-10-24T04:14:57.851+0000] {processor.py:186} INFO - Started process (PID=99639) to work on /home/airflow/.local/lib/python3.12/site-packages/airflow/example_dags/tutorial_taskflow_api_virtualenv.py
[2024-10-24T04:14:57.856+0000] {processor.py:914} INFO - Processing file /home/airflow/.local/lib/python3.12/site-packages/airflow/example_dags/tutorial_taskflow_api_virtualenv.py for tasks to queue
[2024-10-24T04:14:57.860+0000] {logging_mixin.py:190} INFO - [2024-10-24T04:14:57.859+0000] {dagbag.py:588} INFO - Filling up the DagBag from /home/airflow/.local/lib/python3.12/site-packages/airflow/example_dags/tutorial_taskflow_api_virtualenv.py
[2024-10-24T04:14:57.873+0000] {processor.py:925} INFO - DAG(s) 'tutorial_taskflow_api_virtualenv' retrieved from /home/airflow/.local/lib/python3.12/site-packages/airflow/example_dags/tutorial_taskflow_api_virtualenv.py
[2024-10-24T04:14:57.898+0000] {logging_mixin.py:190} INFO - [2024-10-24T04:14:57.898+0000] {dag.py:3239} INFO - Sync 1 DAGs
[2024-10-24T04:14:57.915+0000] {logging_mixin.py:190} INFO - [2024-10-24T04:14:57.915+0000] {dag.py:4180} INFO - Setting next_dagrun for tutorial_taskflow_api_virtualenv to None, run_after=None
[2024-10-24T04:14:57.936+0000] {processor.py:208} INFO - Processing /home/airflow/.local/lib/python3.12/site-packages/airflow/example_dags/tutorial_taskflow_api_virtualenv.py took 0.096 seconds
[2024-10-24T04:15:28.360+0000] {processor.py:186} INFO - Started process (PID=99706) to work on /home/airflow/.local/lib/python3.12/site-packages/airflow/example_dags/tutorial_taskflow_api_virtualenv.py
[2024-10-24T04:15:28.362+0000] {processor.py:914} INFO - Processing file /home/airflow/.local/lib/python3.12/site-packages/airflow/example_dags/tutorial_taskflow_api_virtualenv.py for tasks to queue
[2024-10-24T04:15:28.363+0000] {logging_mixin.py:190} INFO - [2024-10-24T04:15:28.363+0000] {dagbag.py:588} INFO - Filling up the DagBag from /home/airflow/.local/lib/python3.12/site-packages/airflow/example_dags/tutorial_taskflow_api_virtualenv.py
[2024-10-24T04:15:28.376+0000] {processor.py:925} INFO - DAG(s) 'tutorial_taskflow_api_virtualenv' retrieved from /home/airflow/.local/lib/python3.12/site-packages/airflow/example_dags/tutorial_taskflow_api_virtualenv.py
[2024-10-24T04:15:28.399+0000] {logging_mixin.py:190} INFO - [2024-10-24T04:15:28.399+0000] {dag.py:3239} INFO - Sync 1 DAGs
[2024-10-24T04:15:28.417+0000] {logging_mixin.py:190} INFO - [2024-10-24T04:15:28.417+0000] {dag.py:4180} INFO - Setting next_dagrun for tutorial_taskflow_api_virtualenv to None, run_after=None
[2024-10-24T04:15:28.438+0000] {processor.py:208} INFO - Processing /home/airflow/.local/lib/python3.12/site-packages/airflow/example_dags/tutorial_taskflow_api_virtualenv.py took 0.086 seconds
[2024-10-24T06:56:03.048+0000] {processor.py:186} INFO - Started process (PID=99773) to work on /home/airflow/.local/lib/python3.12/site-packages/airflow/example_dags/tutorial_taskflow_api_virtualenv.py
[2024-10-24T06:56:03.050+0000] {processor.py:914} INFO - Processing file /home/airflow/.local/lib/python3.12/site-packages/airflow/example_dags/tutorial_taskflow_api_virtualenv.py for tasks to queue
[2024-10-24T06:56:03.052+0000] {logging_mixin.py:190} INFO - [2024-10-24T06:56:03.052+0000] {dagbag.py:588} INFO - Filling up the DagBag from /home/airflow/.local/lib/python3.12/site-packages/airflow/example_dags/tutorial_taskflow_api_virtualenv.py
[2024-10-24T06:56:03.066+0000] {processor.py:925} INFO - DAG(s) 'tutorial_taskflow_api_virtualenv' retrieved from /home/airflow/.local/lib/python3.12/site-packages/airflow/example_dags/tutorial_taskflow_api_virtualenv.py
[2024-10-24T06:56:03.098+0000] {logging_mixin.py:190} INFO - [2024-10-24T06:56:03.098+0000] {dag.py:3239} INFO - Sync 1 DAGs
[2024-10-24T06:56:03.117+0000] {logging_mixin.py:190} INFO - [2024-10-24T06:56:03.117+0000] {dag.py:4180} INFO - Setting next_dagrun for tutorial_taskflow_api_virtualenv to None, run_after=None
[2024-10-24T06:56:03.137+0000] {processor.py:208} INFO - Processing /home/airflow/.local/lib/python3.12/site-packages/airflow/example_dags/tutorial_taskflow_api_virtualenv.py took 0.102 seconds
[2024-10-24T06:56:34.019+0000] {processor.py:186} INFO - Started process (PID=99840) to work on /home/airflow/.local/lib/python3.12/site-packages/airflow/example_dags/tutorial_taskflow_api_virtualenv.py
[2024-10-24T06:56:34.020+0000] {processor.py:914} INFO - Processing file /home/airflow/.local/lib/python3.12/site-packages/airflow/example_dags/tutorial_taskflow_api_virtualenv.py for tasks to queue
[2024-10-24T06:56:34.022+0000] {logging_mixin.py:190} INFO - [2024-10-24T06:56:34.022+0000] {dagbag.py:588} INFO - Filling up the DagBag from /home/airflow/.local/lib/python3.12/site-packages/airflow/example_dags/tutorial_taskflow_api_virtualenv.py
[2024-10-24T06:56:34.036+0000] {processor.py:925} INFO - DAG(s) 'tutorial_taskflow_api_virtualenv' retrieved from /home/airflow/.local/lib/python3.12/site-packages/airflow/example_dags/tutorial_taskflow_api_virtualenv.py
[2024-10-24T06:56:34.068+0000] {logging_mixin.py:190} INFO - [2024-10-24T06:56:34.068+0000] {dag.py:3239} INFO - Sync 1 DAGs
[2024-10-24T06:56:34.089+0000] {logging_mixin.py:190} INFO - [2024-10-24T06:56:34.089+0000] {dag.py:4180} INFO - Setting next_dagrun for tutorial_taskflow_api_virtualenv to None, run_after=None
[2024-10-24T06:56:34.121+0000] {processor.py:208} INFO - Processing /home/airflow/.local/lib/python3.12/site-packages/airflow/example_dags/tutorial_taskflow_api_virtualenv.py took 0.111 seconds
[2024-10-24T06:57:04.998+0000] {processor.py:186} INFO - Started process (PID=99907) to work on /home/airflow/.local/lib/python3.12/site-packages/airflow/example_dags/tutorial_taskflow_api_virtualenv.py
[2024-10-24T06:57:04.999+0000] {processor.py:914} INFO - Processing file /home/airflow/.local/lib/python3.12/site-packages/airflow/example_dags/tutorial_taskflow_api_virtualenv.py for tasks to queue
[2024-10-24T06:57:05.001+0000] {logging_mixin.py:190} INFO - [2024-10-24T06:57:05.000+0000] {dagbag.py:588} INFO - Filling up the DagBag from /home/airflow/.local/lib/python3.12/site-packages/airflow/example_dags/tutorial_taskflow_api_virtualenv.py
[2024-10-24T06:57:05.013+0000] {processor.py:925} INFO - DAG(s) 'tutorial_taskflow_api_virtualenv' retrieved from /home/airflow/.local/lib/python3.12/site-packages/airflow/example_dags/tutorial_taskflow_api_virtualenv.py
[2024-10-24T06:57:05.037+0000] {logging_mixin.py:190} INFO - [2024-10-24T06:57:05.037+0000] {dag.py:3239} INFO - Sync 1 DAGs
[2024-10-24T06:57:05.058+0000] {logging_mixin.py:190} INFO - [2024-10-24T06:57:05.057+0000] {dag.py:4180} INFO - Setting next_dagrun for tutorial_taskflow_api_virtualenv to None, run_after=None
[2024-10-24T06:57:05.076+0000] {processor.py:208} INFO - Processing /home/airflow/.local/lib/python3.12/site-packages/airflow/example_dags/tutorial_taskflow_api_virtualenv.py took 0.086 seconds
[2024-10-24T06:57:35.449+0000] {processor.py:186} INFO - Started process (PID=99974) to work on /home/airflow/.local/lib/python3.12/site-packages/airflow/example_dags/tutorial_taskflow_api_virtualenv.py
[2024-10-24T06:57:35.451+0000] {processor.py:914} INFO - Processing file /home/airflow/.local/lib/python3.12/site-packages/airflow/example_dags/tutorial_taskflow_api_virtualenv.py for tasks to queue
[2024-10-24T06:57:35.452+0000] {logging_mixin.py:190} INFO - [2024-10-24T06:57:35.452+0000] {dagbag.py:588} INFO - Filling up the DagBag from /home/airflow/.local/lib/python3.12/site-packages/airflow/example_dags/tutorial_taskflow_api_virtualenv.py
[2024-10-24T06:57:35.466+0000] {processor.py:925} INFO - DAG(s) 'tutorial_taskflow_api_virtualenv' retrieved from /home/airflow/.local/lib/python3.12/site-packages/airflow/example_dags/tutorial_taskflow_api_virtualenv.py
[2024-10-24T06:57:35.491+0000] {logging_mixin.py:190} INFO - [2024-10-24T06:57:35.491+0000] {dag.py:3239} INFO - Sync 1 DAGs
[2024-10-24T06:57:35.511+0000] {logging_mixin.py:190} INFO - [2024-10-24T06:57:35.511+0000] {dag.py:4180} INFO - Setting next_dagrun for tutorial_taskflow_api_virtualenv to None, run_after=None
[2024-10-24T06:57:35.530+0000] {processor.py:208} INFO - Processing /home/airflow/.local/lib/python3.12/site-packages/airflow/example_dags/tutorial_taskflow_api_virtualenv.py took 0.091 seconds
[2024-10-24T06:58:06.017+0000] {processor.py:186} INFO - Started process (PID=100041) to work on /home/airflow/.local/lib/python3.12/site-packages/airflow/example_dags/tutorial_taskflow_api_virtualenv.py
[2024-10-24T06:58:06.018+0000] {processor.py:914} INFO - Processing file /home/airflow/.local/lib/python3.12/site-packages/airflow/example_dags/tutorial_taskflow_api_virtualenv.py for tasks to queue
[2024-10-24T06:58:06.019+0000] {logging_mixin.py:190} INFO - [2024-10-24T06:58:06.019+0000] {dagbag.py:588} INFO - Filling up the DagBag from /home/airflow/.local/lib/python3.12/site-packages/airflow/example_dags/tutorial_taskflow_api_virtualenv.py
[2024-10-24T06:58:06.032+0000] {processor.py:925} INFO - DAG(s) 'tutorial_taskflow_api_virtualenv' retrieved from /home/airflow/.local/lib/python3.12/site-packages/airflow/example_dags/tutorial_taskflow_api_virtualenv.py
[2024-10-24T06:58:06.055+0000] {logging_mixin.py:190} INFO - [2024-10-24T06:58:06.055+0000] {dag.py:3239} INFO - Sync 1 DAGs
[2024-10-24T06:58:06.072+0000] {logging_mixin.py:190} INFO - [2024-10-24T06:58:06.072+0000] {dag.py:4180} INFO - Setting next_dagrun for tutorial_taskflow_api_virtualenv to None, run_after=None
[2024-10-24T06:58:06.092+0000] {processor.py:208} INFO - Processing /home/airflow/.local/lib/python3.12/site-packages/airflow/example_dags/tutorial_taskflow_api_virtualenv.py took 0.082 seconds
[2024-10-24T06:58:36.876+0000] {processor.py:186} INFO - Started process (PID=100107) to work on /home/airflow/.local/lib/python3.12/site-packages/airflow/example_dags/tutorial_taskflow_api_virtualenv.py
[2024-10-24T06:58:36.878+0000] {processor.py:914} INFO - Processing file /home/airflow/.local/lib/python3.12/site-packages/airflow/example_dags/tutorial_taskflow_api_virtualenv.py for tasks to queue
[2024-10-24T06:58:36.879+0000] {logging_mixin.py:190} INFO - [2024-10-24T06:58:36.879+0000] {dagbag.py:588} INFO - Filling up the DagBag from /home/airflow/.local/lib/python3.12/site-packages/airflow/example_dags/tutorial_taskflow_api_virtualenv.py
[2024-10-24T06:58:36.900+0000] {processor.py:925} INFO - DAG(s) 'tutorial_taskflow_api_virtualenv' retrieved from /home/airflow/.local/lib/python3.12/site-packages/airflow/example_dags/tutorial_taskflow_api_virtualenv.py
[2024-10-24T06:58:36.933+0000] {logging_mixin.py:190} INFO - [2024-10-24T06:58:36.932+0000] {dag.py:3239} INFO - Sync 1 DAGs
[2024-10-24T06:58:36.949+0000] {logging_mixin.py:190} INFO - [2024-10-24T06:58:36.949+0000] {dag.py:4180} INFO - Setting next_dagrun for tutorial_taskflow_api_virtualenv to None, run_after=None
[2024-10-24T06:58:36.972+0000] {processor.py:208} INFO - Processing /home/airflow/.local/lib/python3.12/site-packages/airflow/example_dags/tutorial_taskflow_api_virtualenv.py took 0.106 seconds
[2024-10-24T06:59:08.837+0000] {processor.py:186} INFO - Started process (PID=100174) to work on /home/airflow/.local/lib/python3.12/site-packages/airflow/example_dags/tutorial_taskflow_api_virtualenv.py
[2024-10-24T06:59:08.838+0000] {processor.py:914} INFO - Processing file /home/airflow/.local/lib/python3.12/site-packages/airflow/example_dags/tutorial_taskflow_api_virtualenv.py for tasks to queue
[2024-10-24T06:59:08.840+0000] {logging_mixin.py:190} INFO - [2024-10-24T06:59:08.839+0000] {dagbag.py:588} INFO - Filling up the DagBag from /home/airflow/.local/lib/python3.12/site-packages/airflow/example_dags/tutorial_taskflow_api_virtualenv.py
[2024-10-24T06:59:08.854+0000] {processor.py:925} INFO - DAG(s) 'tutorial_taskflow_api_virtualenv' retrieved from /home/airflow/.local/lib/python3.12/site-packages/airflow/example_dags/tutorial_taskflow_api_virtualenv.py
[2024-10-24T06:59:08.885+0000] {logging_mixin.py:190} INFO - [2024-10-24T06:59:08.885+0000] {dag.py:3239} INFO - Sync 1 DAGs
[2024-10-24T06:59:09.225+0000] {logging_mixin.py:190} INFO - [2024-10-24T06:59:09.225+0000] {dag.py:4180} INFO - Setting next_dagrun for tutorial_taskflow_api_virtualenv to None, run_after=None
[2024-10-24T06:59:09.247+0000] {processor.py:208} INFO - Processing /home/airflow/.local/lib/python3.12/site-packages/airflow/example_dags/tutorial_taskflow_api_virtualenv.py took 0.419 seconds
