[2024-10-24T04:09:18.918+0000] {processor.py:186} INFO - Started process (PID=98892) to work on /home/airflow/.local/lib/python3.12/site-packages/airflow/example_dags/tutorial.py
[2024-10-24T04:09:18.920+0000] {processor.py:914} INFO - Processing file /home/airflow/.local/lib/python3.12/site-packages/airflow/example_dags/tutorial.py for tasks to queue
[2024-10-24T04:09:18.922+0000] {logging_mixin.py:190} INFO - [2024-10-24T04:09:18.922+0000] {dagbag.py:588} INFO - Filling up the DagBag from /home/airflow/.local/lib/python3.12/site-packages/airflow/example_dags/tutorial.py
[2024-10-24T04:09:18.930+0000] {processor.py:925} INFO - DAG(s) 'tutorial' retrieved from /home/airflow/.local/lib/python3.12/site-packages/airflow/example_dags/tutorial.py
[2024-10-24T04:09:18.968+0000] {logging_mixin.py:190} INFO - [2024-10-24T04:09:18.968+0000] {dag.py:3239} INFO - Sync 1 DAGs
[2024-10-24T04:09:19.021+0000] {logging_mixin.py:190} INFO - [2024-10-24T04:09:19.018+0000] {dag.py:4180} INFO - Setting next_dagrun for tutorial to 2024-10-23 00:00:00+00:00, run_after=2024-10-24 00:00:00+00:00
[2024-10-24T04:09:19.065+0000] {processor.py:208} INFO - Processing /home/airflow/.local/lib/python3.12/site-packages/airflow/example_dags/tutorial.py took 0.164 seconds
[2024-10-24T04:09:49.845+0000] {processor.py:186} INFO - Started process (PID=98958) to work on /home/airflow/.local/lib/python3.12/site-packages/airflow/example_dags/tutorial.py
[2024-10-24T04:09:49.848+0000] {processor.py:914} INFO - Processing file /home/airflow/.local/lib/python3.12/site-packages/airflow/example_dags/tutorial.py for tasks to queue
[2024-10-24T04:09:49.850+0000] {logging_mixin.py:190} INFO - [2024-10-24T04:09:49.849+0000] {dagbag.py:588} INFO - Filling up the DagBag from /home/airflow/.local/lib/python3.12/site-packages/airflow/example_dags/tutorial.py
[2024-10-24T04:09:49.858+0000] {processor.py:925} INFO - DAG(s) 'tutorial' retrieved from /home/airflow/.local/lib/python3.12/site-packages/airflow/example_dags/tutorial.py
[2024-10-24T04:09:49.883+0000] {logging_mixin.py:190} INFO - [2024-10-24T04:09:49.883+0000] {dag.py:3239} INFO - Sync 1 DAGs
[2024-10-24T04:09:49.909+0000] {logging_mixin.py:190} INFO - [2024-10-24T04:09:49.909+0000] {dag.py:4180} INFO - Setting next_dagrun for tutorial to 2024-10-23 00:00:00+00:00, run_after=2024-10-24 00:00:00+00:00
[2024-10-24T04:09:49.932+0000] {processor.py:208} INFO - Processing /home/airflow/.local/lib/python3.12/site-packages/airflow/example_dags/tutorial.py took 0.096 seconds
[2024-10-24T04:10:20.549+0000] {processor.py:186} INFO - Started process (PID=99026) to work on /home/airflow/.local/lib/python3.12/site-packages/airflow/example_dags/tutorial.py
[2024-10-24T04:10:20.550+0000] {processor.py:914} INFO - Processing file /home/airflow/.local/lib/python3.12/site-packages/airflow/example_dags/tutorial.py for tasks to queue
[2024-10-24T04:10:20.552+0000] {logging_mixin.py:190} INFO - [2024-10-24T04:10:20.552+0000] {dagbag.py:588} INFO - Filling up the DagBag from /home/airflow/.local/lib/python3.12/site-packages/airflow/example_dags/tutorial.py
[2024-10-24T04:10:20.564+0000] {processor.py:925} INFO - DAG(s) 'tutorial' retrieved from /home/airflow/.local/lib/python3.12/site-packages/airflow/example_dags/tutorial.py
[2024-10-24T04:10:20.601+0000] {logging_mixin.py:190} INFO - [2024-10-24T04:10:20.600+0000] {dag.py:3239} INFO - Sync 1 DAGs
[2024-10-24T04:10:20.627+0000] {logging_mixin.py:190} INFO - [2024-10-24T04:10:20.626+0000] {dag.py:4180} INFO - Setting next_dagrun for tutorial to 2024-10-23 00:00:00+00:00, run_after=2024-10-24 00:00:00+00:00
[2024-10-24T04:10:20.645+0000] {processor.py:208} INFO - Processing /home/airflow/.local/lib/python3.12/site-packages/airflow/example_dags/tutorial.py took 0.108 seconds
[2024-10-24T04:10:51.257+0000] {processor.py:186} INFO - Started process (PID=99096) to work on /home/airflow/.local/lib/python3.12/site-packages/airflow/example_dags/tutorial.py
[2024-10-24T04:10:51.260+0000] {processor.py:914} INFO - Processing file /home/airflow/.local/lib/python3.12/site-packages/airflow/example_dags/tutorial.py for tasks to queue
[2024-10-24T04:10:51.262+0000] {logging_mixin.py:190} INFO - [2024-10-24T04:10:51.261+0000] {dagbag.py:588} INFO - Filling up the DagBag from /home/airflow/.local/lib/python3.12/site-packages/airflow/example_dags/tutorial.py
[2024-10-24T04:10:51.271+0000] {processor.py:925} INFO - DAG(s) 'tutorial' retrieved from /home/airflow/.local/lib/python3.12/site-packages/airflow/example_dags/tutorial.py
[2024-10-24T04:10:51.315+0000] {logging_mixin.py:190} INFO - [2024-10-24T04:10:51.315+0000] {dag.py:3239} INFO - Sync 1 DAGs
[2024-10-24T04:10:51.347+0000] {logging_mixin.py:190} INFO - [2024-10-24T04:10:51.347+0000] {dag.py:4180} INFO - Setting next_dagrun for tutorial to 2024-10-23 00:00:00+00:00, run_after=2024-10-24 00:00:00+00:00
[2024-10-24T04:10:51.366+0000] {processor.py:208} INFO - Processing /home/airflow/.local/lib/python3.12/site-packages/airflow/example_dags/tutorial.py took 0.116 seconds
[2024-10-24T04:11:22.119+0000] {processor.py:186} INFO - Started process (PID=99163) to work on /home/airflow/.local/lib/python3.12/site-packages/airflow/example_dags/tutorial.py
[2024-10-24T04:11:22.121+0000] {processor.py:914} INFO - Processing file /home/airflow/.local/lib/python3.12/site-packages/airflow/example_dags/tutorial.py for tasks to queue
[2024-10-24T04:11:22.123+0000] {logging_mixin.py:190} INFO - [2024-10-24T04:11:22.122+0000] {dagbag.py:588} INFO - Filling up the DagBag from /home/airflow/.local/lib/python3.12/site-packages/airflow/example_dags/tutorial.py
[2024-10-24T04:11:22.135+0000] {processor.py:925} INFO - DAG(s) 'tutorial' retrieved from /home/airflow/.local/lib/python3.12/site-packages/airflow/example_dags/tutorial.py
[2024-10-24T04:11:22.163+0000] {logging_mixin.py:190} INFO - [2024-10-24T04:11:22.163+0000] {dag.py:3239} INFO - Sync 1 DAGs
[2024-10-24T04:11:22.195+0000] {logging_mixin.py:190} INFO - [2024-10-24T04:11:22.195+0000] {dag.py:4180} INFO - Setting next_dagrun for tutorial to 2024-10-23 00:00:00+00:00, run_after=2024-10-24 00:00:00+00:00
[2024-10-24T04:11:22.217+0000] {processor.py:208} INFO - Processing /home/airflow/.local/lib/python3.12/site-packages/airflow/example_dags/tutorial.py took 0.107 seconds
[2024-10-24T04:11:52.826+0000] {processor.py:186} INFO - Started process (PID=99230) to work on /home/airflow/.local/lib/python3.12/site-packages/airflow/example_dags/tutorial.py
[2024-10-24T04:11:52.828+0000] {processor.py:914} INFO - Processing file /home/airflow/.local/lib/python3.12/site-packages/airflow/example_dags/tutorial.py for tasks to queue
[2024-10-24T04:11:52.830+0000] {logging_mixin.py:190} INFO - [2024-10-24T04:11:52.829+0000] {dagbag.py:588} INFO - Filling up the DagBag from /home/airflow/.local/lib/python3.12/site-packages/airflow/example_dags/tutorial.py
[2024-10-24T04:11:52.839+0000] {processor.py:925} INFO - DAG(s) 'tutorial' retrieved from /home/airflow/.local/lib/python3.12/site-packages/airflow/example_dags/tutorial.py
[2024-10-24T04:11:52.865+0000] {logging_mixin.py:190} INFO - [2024-10-24T04:11:52.865+0000] {dag.py:3239} INFO - Sync 1 DAGs
[2024-10-24T04:11:52.894+0000] {logging_mixin.py:190} INFO - [2024-10-24T04:11:52.894+0000] {dag.py:4180} INFO - Setting next_dagrun for tutorial to 2024-10-23 00:00:00+00:00, run_after=2024-10-24 00:00:00+00:00
[2024-10-24T04:11:52.920+0000] {processor.py:208} INFO - Processing /home/airflow/.local/lib/python3.12/site-packages/airflow/example_dags/tutorial.py took 0.102 seconds
[2024-10-24T04:12:23.220+0000] {processor.py:186} INFO - Started process (PID=99296) to work on /home/airflow/.local/lib/python3.12/site-packages/airflow/example_dags/tutorial.py
[2024-10-24T04:12:23.221+0000] {processor.py:914} INFO - Processing file /home/airflow/.local/lib/python3.12/site-packages/airflow/example_dags/tutorial.py for tasks to queue
[2024-10-24T04:12:23.223+0000] {logging_mixin.py:190} INFO - [2024-10-24T04:12:23.223+0000] {dagbag.py:588} INFO - Filling up the DagBag from /home/airflow/.local/lib/python3.12/site-packages/airflow/example_dags/tutorial.py
[2024-10-24T04:12:23.232+0000] {processor.py:925} INFO - DAG(s) 'tutorial' retrieved from /home/airflow/.local/lib/python3.12/site-packages/airflow/example_dags/tutorial.py
[2024-10-24T04:12:23.263+0000] {logging_mixin.py:190} INFO - [2024-10-24T04:12:23.262+0000] {dag.py:3239} INFO - Sync 1 DAGs
[2024-10-24T04:12:23.292+0000] {logging_mixin.py:190} INFO - [2024-10-24T04:12:23.292+0000] {dag.py:4180} INFO - Setting next_dagrun for tutorial to 2024-10-23 00:00:00+00:00, run_after=2024-10-24 00:00:00+00:00
[2024-10-24T04:12:23.316+0000] {processor.py:208} INFO - Processing /home/airflow/.local/lib/python3.12/site-packages/airflow/example_dags/tutorial.py took 0.103 seconds
[2024-10-24T04:12:54.476+0000] {processor.py:186} INFO - Started process (PID=99363) to work on /home/airflow/.local/lib/python3.12/site-packages/airflow/example_dags/tutorial.py
[2024-10-24T04:12:54.478+0000] {processor.py:914} INFO - Processing file /home/airflow/.local/lib/python3.12/site-packages/airflow/example_dags/tutorial.py for tasks to queue
[2024-10-24T04:12:54.479+0000] {logging_mixin.py:190} INFO - [2024-10-24T04:12:54.479+0000] {dagbag.py:588} INFO - Filling up the DagBag from /home/airflow/.local/lib/python3.12/site-packages/airflow/example_dags/tutorial.py
[2024-10-24T04:12:54.489+0000] {processor.py:925} INFO - DAG(s) 'tutorial' retrieved from /home/airflow/.local/lib/python3.12/site-packages/airflow/example_dags/tutorial.py
[2024-10-24T04:12:54.520+0000] {logging_mixin.py:190} INFO - [2024-10-24T04:12:54.520+0000] {dag.py:3239} INFO - Sync 1 DAGs
[2024-10-24T04:12:54.563+0000] {logging_mixin.py:190} INFO - [2024-10-24T04:12:54.562+0000] {dag.py:4180} INFO - Setting next_dagrun for tutorial to 2024-10-23 00:00:00+00:00, run_after=2024-10-24 00:00:00+00:00
[2024-10-24T04:12:54.609+0000] {processor.py:208} INFO - Processing /home/airflow/.local/lib/python3.12/site-packages/airflow/example_dags/tutorial.py took 0.142 seconds
[2024-10-24T04:13:24.848+0000] {processor.py:186} INFO - Started process (PID=99429) to work on /home/airflow/.local/lib/python3.12/site-packages/airflow/example_dags/tutorial.py
[2024-10-24T04:13:24.849+0000] {processor.py:914} INFO - Processing file /home/airflow/.local/lib/python3.12/site-packages/airflow/example_dags/tutorial.py for tasks to queue
[2024-10-24T04:13:24.850+0000] {logging_mixin.py:190} INFO - [2024-10-24T04:13:24.850+0000] {dagbag.py:588} INFO - Filling up the DagBag from /home/airflow/.local/lib/python3.12/site-packages/airflow/example_dags/tutorial.py
[2024-10-24T04:13:24.857+0000] {processor.py:925} INFO - DAG(s) 'tutorial' retrieved from /home/airflow/.local/lib/python3.12/site-packages/airflow/example_dags/tutorial.py
[2024-10-24T04:13:24.884+0000] {logging_mixin.py:190} INFO - [2024-10-24T04:13:24.884+0000] {dag.py:3239} INFO - Sync 1 DAGs
[2024-10-24T04:13:24.909+0000] {logging_mixin.py:190} INFO - [2024-10-24T04:13:24.908+0000] {dag.py:4180} INFO - Setting next_dagrun for tutorial to 2024-10-23 00:00:00+00:00, run_after=2024-10-24 00:00:00+00:00
[2024-10-24T04:13:24.928+0000] {processor.py:208} INFO - Processing /home/airflow/.local/lib/python3.12/site-packages/airflow/example_dags/tutorial.py took 0.088 seconds
[2024-10-24T04:13:55.871+0000] {processor.py:186} INFO - Started process (PID=99497) to work on /home/airflow/.local/lib/python3.12/site-packages/airflow/example_dags/tutorial.py
[2024-10-24T04:13:55.873+0000] {processor.py:914} INFO - Processing file /home/airflow/.local/lib/python3.12/site-packages/airflow/example_dags/tutorial.py for tasks to queue
[2024-10-24T04:13:55.875+0000] {logging_mixin.py:190} INFO - [2024-10-24T04:13:55.874+0000] {dagbag.py:588} INFO - Filling up the DagBag from /home/airflow/.local/lib/python3.12/site-packages/airflow/example_dags/tutorial.py
[2024-10-24T04:13:55.883+0000] {processor.py:925} INFO - DAG(s) 'tutorial' retrieved from /home/airflow/.local/lib/python3.12/site-packages/airflow/example_dags/tutorial.py
[2024-10-24T04:13:55.913+0000] {logging_mixin.py:190} INFO - [2024-10-24T04:13:55.912+0000] {dag.py:3239} INFO - Sync 1 DAGs
[2024-10-24T04:13:55.949+0000] {logging_mixin.py:190} INFO - [2024-10-24T04:13:55.948+0000] {dag.py:4180} INFO - Setting next_dagrun for tutorial to 2024-10-23 00:00:00+00:00, run_after=2024-10-24 00:00:00+00:00
[2024-10-24T04:13:55.975+0000] {processor.py:208} INFO - Processing /home/airflow/.local/lib/python3.12/site-packages/airflow/example_dags/tutorial.py took 0.111 seconds
[2024-10-24T04:14:26.589+0000] {processor.py:186} INFO - Started process (PID=99564) to work on /home/airflow/.local/lib/python3.12/site-packages/airflow/example_dags/tutorial.py
[2024-10-24T04:14:26.590+0000] {processor.py:914} INFO - Processing file /home/airflow/.local/lib/python3.12/site-packages/airflow/example_dags/tutorial.py for tasks to queue
[2024-10-24T04:14:26.592+0000] {logging_mixin.py:190} INFO - [2024-10-24T04:14:26.592+0000] {dagbag.py:588} INFO - Filling up the DagBag from /home/airflow/.local/lib/python3.12/site-packages/airflow/example_dags/tutorial.py
[2024-10-24T04:14:26.601+0000] {processor.py:925} INFO - DAG(s) 'tutorial' retrieved from /home/airflow/.local/lib/python3.12/site-packages/airflow/example_dags/tutorial.py
[2024-10-24T04:14:26.629+0000] {logging_mixin.py:190} INFO - [2024-10-24T04:14:26.628+0000] {dag.py:3239} INFO - Sync 1 DAGs
[2024-10-24T04:14:26.660+0000] {logging_mixin.py:190} INFO - [2024-10-24T04:14:26.660+0000] {dag.py:4180} INFO - Setting next_dagrun for tutorial to 2024-10-23 00:00:00+00:00, run_after=2024-10-24 00:00:00+00:00
[2024-10-24T04:14:26.686+0000] {processor.py:208} INFO - Processing /home/airflow/.local/lib/python3.12/site-packages/airflow/example_dags/tutorial.py took 0.106 seconds
[2024-10-24T04:14:57.136+0000] {processor.py:186} INFO - Started process (PID=99630) to work on /home/airflow/.local/lib/python3.12/site-packages/airflow/example_dags/tutorial.py
[2024-10-24T04:14:57.137+0000] {processor.py:914} INFO - Processing file /home/airflow/.local/lib/python3.12/site-packages/airflow/example_dags/tutorial.py for tasks to queue
[2024-10-24T04:14:57.139+0000] {logging_mixin.py:190} INFO - [2024-10-24T04:14:57.138+0000] {dagbag.py:588} INFO - Filling up the DagBag from /home/airflow/.local/lib/python3.12/site-packages/airflow/example_dags/tutorial.py
[2024-10-24T04:14:57.148+0000] {processor.py:925} INFO - DAG(s) 'tutorial' retrieved from /home/airflow/.local/lib/python3.12/site-packages/airflow/example_dags/tutorial.py
[2024-10-24T04:14:57.182+0000] {logging_mixin.py:190} INFO - [2024-10-24T04:14:57.182+0000] {dag.py:3239} INFO - Sync 1 DAGs
[2024-10-24T04:14:57.212+0000] {logging_mixin.py:190} INFO - [2024-10-24T04:14:57.212+0000] {dag.py:4180} INFO - Setting next_dagrun for tutorial to 2024-10-23 00:00:00+00:00, run_after=2024-10-24 00:00:00+00:00
[2024-10-24T04:14:57.232+0000] {processor.py:208} INFO - Processing /home/airflow/.local/lib/python3.12/site-packages/airflow/example_dags/tutorial.py took 0.105 seconds
[2024-10-24T04:15:27.358+0000] {processor.py:186} INFO - Started process (PID=99696) to work on /home/airflow/.local/lib/python3.12/site-packages/airflow/example_dags/tutorial.py
[2024-10-24T04:15:27.360+0000] {processor.py:914} INFO - Processing file /home/airflow/.local/lib/python3.12/site-packages/airflow/example_dags/tutorial.py for tasks to queue
[2024-10-24T04:15:27.362+0000] {logging_mixin.py:190} INFO - [2024-10-24T04:15:27.361+0000] {dagbag.py:588} INFO - Filling up the DagBag from /home/airflow/.local/lib/python3.12/site-packages/airflow/example_dags/tutorial.py
[2024-10-24T04:15:27.371+0000] {processor.py:925} INFO - DAG(s) 'tutorial' retrieved from /home/airflow/.local/lib/python3.12/site-packages/airflow/example_dags/tutorial.py
[2024-10-24T04:15:27.403+0000] {logging_mixin.py:190} INFO - [2024-10-24T04:15:27.402+0000] {dag.py:3239} INFO - Sync 1 DAGs
[2024-10-24T04:15:27.435+0000] {logging_mixin.py:190} INFO - [2024-10-24T04:15:27.435+0000] {dag.py:4180} INFO - Setting next_dagrun for tutorial to 2024-10-23 00:00:00+00:00, run_after=2024-10-24 00:00:00+00:00
[2024-10-24T04:15:27.458+0000] {processor.py:208} INFO - Processing /home/airflow/.local/lib/python3.12/site-packages/airflow/example_dags/tutorial.py took 0.108 seconds
[2024-10-24T06:56:02.249+0000] {processor.py:186} INFO - Started process (PID=99764) to work on /home/airflow/.local/lib/python3.12/site-packages/airflow/example_dags/tutorial.py
[2024-10-24T06:56:02.251+0000] {processor.py:914} INFO - Processing file /home/airflow/.local/lib/python3.12/site-packages/airflow/example_dags/tutorial.py for tasks to queue
[2024-10-24T06:56:02.253+0000] {logging_mixin.py:190} INFO - [2024-10-24T06:56:02.253+0000] {dagbag.py:588} INFO - Filling up the DagBag from /home/airflow/.local/lib/python3.12/site-packages/airflow/example_dags/tutorial.py
[2024-10-24T06:56:02.264+0000] {processor.py:925} INFO - DAG(s) 'tutorial' retrieved from /home/airflow/.local/lib/python3.12/site-packages/airflow/example_dags/tutorial.py
[2024-10-24T06:56:02.312+0000] {logging_mixin.py:190} INFO - [2024-10-24T06:56:02.312+0000] {dag.py:3239} INFO - Sync 1 DAGs
[2024-10-24T06:56:02.378+0000] {logging_mixin.py:190} INFO - [2024-10-24T06:56:02.378+0000] {dag.py:4180} INFO - Setting next_dagrun for tutorial to 2024-10-23 00:00:00+00:00, run_after=2024-10-24 00:00:00+00:00
[2024-10-24T06:56:02.406+0000] {processor.py:208} INFO - Processing /home/airflow/.local/lib/python3.12/site-packages/airflow/example_dags/tutorial.py took 0.171 seconds
[2024-10-24T06:56:33.390+0000] {processor.py:186} INFO - Started process (PID=99831) to work on /home/airflow/.local/lib/python3.12/site-packages/airflow/example_dags/tutorial.py
[2024-10-24T06:56:33.391+0000] {processor.py:914} INFO - Processing file /home/airflow/.local/lib/python3.12/site-packages/airflow/example_dags/tutorial.py for tasks to queue
[2024-10-24T06:56:33.393+0000] {logging_mixin.py:190} INFO - [2024-10-24T06:56:33.392+0000] {dagbag.py:588} INFO - Filling up the DagBag from /home/airflow/.local/lib/python3.12/site-packages/airflow/example_dags/tutorial.py
[2024-10-24T06:56:33.401+0000] {processor.py:925} INFO - DAG(s) 'tutorial' retrieved from /home/airflow/.local/lib/python3.12/site-packages/airflow/example_dags/tutorial.py
[2024-10-24T06:56:33.430+0000] {logging_mixin.py:190} INFO - [2024-10-24T06:56:33.429+0000] {dag.py:3239} INFO - Sync 1 DAGs
[2024-10-24T06:56:33.457+0000] {logging_mixin.py:190} INFO - [2024-10-24T06:56:33.456+0000] {dag.py:4180} INFO - Setting next_dagrun for tutorial to 2024-10-23 00:00:00+00:00, run_after=2024-10-24 00:00:00+00:00
[2024-10-24T06:56:33.475+0000] {processor.py:208} INFO - Processing /home/airflow/.local/lib/python3.12/site-packages/airflow/example_dags/tutorial.py took 0.092 seconds
[2024-10-24T06:57:04.259+0000] {processor.py:186} INFO - Started process (PID=99898) to work on /home/airflow/.local/lib/python3.12/site-packages/airflow/example_dags/tutorial.py
[2024-10-24T06:57:04.261+0000] {processor.py:914} INFO - Processing file /home/airflow/.local/lib/python3.12/site-packages/airflow/example_dags/tutorial.py for tasks to queue
[2024-10-24T06:57:04.262+0000] {logging_mixin.py:190} INFO - [2024-10-24T06:57:04.262+0000] {dagbag.py:588} INFO - Filling up the DagBag from /home/airflow/.local/lib/python3.12/site-packages/airflow/example_dags/tutorial.py
[2024-10-24T06:57:04.273+0000] {processor.py:925} INFO - DAG(s) 'tutorial' retrieved from /home/airflow/.local/lib/python3.12/site-packages/airflow/example_dags/tutorial.py
[2024-10-24T06:57:04.307+0000] {logging_mixin.py:190} INFO - [2024-10-24T06:57:04.306+0000] {dag.py:3239} INFO - Sync 1 DAGs
[2024-10-24T06:57:04.342+0000] {logging_mixin.py:190} INFO - [2024-10-24T06:57:04.342+0000] {dag.py:4180} INFO - Setting next_dagrun for tutorial to 2024-10-23 00:00:00+00:00, run_after=2024-10-24 00:00:00+00:00
[2024-10-24T06:57:04.378+0000] {processor.py:208} INFO - Processing /home/airflow/.local/lib/python3.12/site-packages/airflow/example_dags/tutorial.py took 0.136 seconds
[2024-10-24T06:57:34.802+0000] {processor.py:186} INFO - Started process (PID=99965) to work on /home/airflow/.local/lib/python3.12/site-packages/airflow/example_dags/tutorial.py
[2024-10-24T06:57:34.804+0000] {processor.py:914} INFO - Processing file /home/airflow/.local/lib/python3.12/site-packages/airflow/example_dags/tutorial.py for tasks to queue
[2024-10-24T06:57:34.806+0000] {logging_mixin.py:190} INFO - [2024-10-24T06:57:34.806+0000] {dagbag.py:588} INFO - Filling up the DagBag from /home/airflow/.local/lib/python3.12/site-packages/airflow/example_dags/tutorial.py
[2024-10-24T06:57:34.819+0000] {processor.py:925} INFO - DAG(s) 'tutorial' retrieved from /home/airflow/.local/lib/python3.12/site-packages/airflow/example_dags/tutorial.py
[2024-10-24T06:57:34.851+0000] {logging_mixin.py:190} INFO - [2024-10-24T06:57:34.851+0000] {dag.py:3239} INFO - Sync 1 DAGs
[2024-10-24T06:57:34.876+0000] {logging_mixin.py:190} INFO - [2024-10-24T06:57:34.876+0000] {dag.py:4180} INFO - Setting next_dagrun for tutorial to 2024-10-23 00:00:00+00:00, run_after=2024-10-24 00:00:00+00:00
[2024-10-24T06:57:34.895+0000] {processor.py:208} INFO - Processing /home/airflow/.local/lib/python3.12/site-packages/airflow/example_dags/tutorial.py took 0.102 seconds
[2024-10-24T06:58:05.349+0000] {processor.py:186} INFO - Started process (PID=100032) to work on /home/airflow/.local/lib/python3.12/site-packages/airflow/example_dags/tutorial.py
[2024-10-24T06:58:05.350+0000] {processor.py:914} INFO - Processing file /home/airflow/.local/lib/python3.12/site-packages/airflow/example_dags/tutorial.py for tasks to queue
[2024-10-24T06:58:05.352+0000] {logging_mixin.py:190} INFO - [2024-10-24T06:58:05.352+0000] {dagbag.py:588} INFO - Filling up the DagBag from /home/airflow/.local/lib/python3.12/site-packages/airflow/example_dags/tutorial.py
[2024-10-24T06:58:05.363+0000] {processor.py:925} INFO - DAG(s) 'tutorial' retrieved from /home/airflow/.local/lib/python3.12/site-packages/airflow/example_dags/tutorial.py
[2024-10-24T06:58:05.387+0000] {logging_mixin.py:190} INFO - [2024-10-24T06:58:05.387+0000] {dag.py:3239} INFO - Sync 1 DAGs
[2024-10-24T06:58:05.412+0000] {logging_mixin.py:190} INFO - [2024-10-24T06:58:05.412+0000] {dag.py:4180} INFO - Setting next_dagrun for tutorial to 2024-10-23 00:00:00+00:00, run_after=2024-10-24 00:00:00+00:00
[2024-10-24T06:58:05.431+0000] {processor.py:208} INFO - Processing /home/airflow/.local/lib/python3.12/site-packages/airflow/example_dags/tutorial.py took 0.093 seconds
[2024-10-24T06:58:36.154+0000] {processor.py:186} INFO - Started process (PID=100098) to work on /home/airflow/.local/lib/python3.12/site-packages/airflow/example_dags/tutorial.py
[2024-10-24T06:58:36.155+0000] {processor.py:914} INFO - Processing file /home/airflow/.local/lib/python3.12/site-packages/airflow/example_dags/tutorial.py for tasks to queue
[2024-10-24T06:58:36.157+0000] {logging_mixin.py:190} INFO - [2024-10-24T06:58:36.157+0000] {dagbag.py:588} INFO - Filling up the DagBag from /home/airflow/.local/lib/python3.12/site-packages/airflow/example_dags/tutorial.py
[2024-10-24T06:58:36.167+0000] {processor.py:925} INFO - DAG(s) 'tutorial' retrieved from /home/airflow/.local/lib/python3.12/site-packages/airflow/example_dags/tutorial.py
[2024-10-24T06:58:36.204+0000] {logging_mixin.py:190} INFO - [2024-10-24T06:58:36.204+0000] {dag.py:3239} INFO - Sync 1 DAGs
[2024-10-24T06:58:36.236+0000] {logging_mixin.py:190} INFO - [2024-10-24T06:58:36.236+0000] {dag.py:4180} INFO - Setting next_dagrun for tutorial to 2024-10-23 00:00:00+00:00, run_after=2024-10-24 00:00:00+00:00
[2024-10-24T06:58:36.255+0000] {processor.py:208} INFO - Processing /home/airflow/.local/lib/python3.12/site-packages/airflow/example_dags/tutorial.py took 0.111 seconds
[2024-10-24T06:59:06.986+0000] {processor.py:186} INFO - Started process (PID=100165) to work on /home/airflow/.local/lib/python3.12/site-packages/airflow/example_dags/tutorial.py
[2024-10-24T06:59:06.987+0000] {processor.py:914} INFO - Processing file /home/airflow/.local/lib/python3.12/site-packages/airflow/example_dags/tutorial.py for tasks to queue
[2024-10-24T06:59:06.988+0000] {logging_mixin.py:190} INFO - [2024-10-24T06:59:06.988+0000] {dagbag.py:588} INFO - Filling up the DagBag from /home/airflow/.local/lib/python3.12/site-packages/airflow/example_dags/tutorial.py
[2024-10-24T06:59:06.997+0000] {processor.py:925} INFO - DAG(s) 'tutorial' retrieved from /home/airflow/.local/lib/python3.12/site-packages/airflow/example_dags/tutorial.py
[2024-10-24T06:59:07.020+0000] {logging_mixin.py:190} INFO - [2024-10-24T06:59:07.020+0000] {dag.py:3239} INFO - Sync 1 DAGs
[2024-10-24T06:59:07.241+0000] {logging_mixin.py:190} INFO - [2024-10-24T06:59:07.241+0000] {dag.py:4180} INFO - Setting next_dagrun for tutorial to 2024-10-23 00:00:00+00:00, run_after=2024-10-24 00:00:00+00:00
[2024-10-24T06:59:07.263+0000] {processor.py:208} INFO - Processing /home/airflow/.local/lib/python3.12/site-packages/airflow/example_dags/tutorial.py took 0.286 seconds
