[2024-10-24T04:09:21.468+0000] {processor.py:186} INFO - Started process (PID=98917) to work on /home/airflow/.local/lib/python3.12/site-packages/airflow/example_dags/tutorial_objectstorage.py
[2024-10-24T04:09:21.469+0000] {processor.py:914} INFO - Processing file /home/airflow/.local/lib/python3.12/site-packages/airflow/example_dags/tutorial_objectstorage.py for tasks to queue
[2024-10-24T04:09:21.470+0000] {logging_mixin.py:190} INFO - [2024-10-24T04:09:21.470+0000] {dagbag.py:588} INFO - Filling up the DagBag from /home/airflow/.local/lib/python3.12/site-packages/airflow/example_dags/tutorial_objectstorage.py
[2024-10-24T04:09:21.483+0000] {processor.py:925} INFO - DAG(s) 'tutorial_objectstorage' retrieved from /home/airflow/.local/lib/python3.12/site-packages/airflow/example_dags/tutorial_objectstorage.py
[2024-10-24T04:09:21.524+0000] {logging_mixin.py:190} INFO - [2024-10-24T04:09:21.524+0000] {dag.py:3239} INFO - Sync 1 DAGs
[2024-10-24T04:09:21.560+0000] {logging_mixin.py:190} INFO - [2024-10-24T04:09:21.559+0000] {dag.py:4180} INFO - Setting next_dagrun for tutorial_objectstorage to None, run_after=None
[2024-10-24T04:09:21.604+0000] {processor.py:208} INFO - Processing /home/airflow/.local/lib/python3.12/site-packages/airflow/example_dags/tutorial_objectstorage.py took 0.144 seconds
[2024-10-24T04:09:52.418+0000] {processor.py:186} INFO - Started process (PID=98984) to work on /home/airflow/.local/lib/python3.12/site-packages/airflow/example_dags/tutorial_objectstorage.py
[2024-10-24T04:09:52.420+0000] {processor.py:914} INFO - Processing file /home/airflow/.local/lib/python3.12/site-packages/airflow/example_dags/tutorial_objectstorage.py for tasks to queue
[2024-10-24T04:09:52.421+0000] {logging_mixin.py:190} INFO - [2024-10-24T04:09:52.421+0000] {dagbag.py:588} INFO - Filling up the DagBag from /home/airflow/.local/lib/python3.12/site-packages/airflow/example_dags/tutorial_objectstorage.py
[2024-10-24T04:09:52.432+0000] {processor.py:925} INFO - DAG(s) 'tutorial_objectstorage' retrieved from /home/airflow/.local/lib/python3.12/site-packages/airflow/example_dags/tutorial_objectstorage.py
[2024-10-24T04:09:52.460+0000] {logging_mixin.py:190} INFO - [2024-10-24T04:09:52.460+0000] {dag.py:3239} INFO - Sync 1 DAGs
[2024-10-24T04:09:52.479+0000] {logging_mixin.py:190} INFO - [2024-10-24T04:09:52.478+0000] {dag.py:4180} INFO - Setting next_dagrun for tutorial_objectstorage to None, run_after=None
[2024-10-24T04:09:52.497+0000] {processor.py:208} INFO - Processing /home/airflow/.local/lib/python3.12/site-packages/airflow/example_dags/tutorial_objectstorage.py took 0.088 seconds
[2024-10-24T04:10:23.223+0000] {processor.py:186} INFO - Started process (PID=99050) to work on /home/airflow/.local/lib/python3.12/site-packages/airflow/example_dags/tutorial_objectstorage.py
[2024-10-24T04:10:23.224+0000] {processor.py:914} INFO - Processing file /home/airflow/.local/lib/python3.12/site-packages/airflow/example_dags/tutorial_objectstorage.py for tasks to queue
[2024-10-24T04:10:23.225+0000] {logging_mixin.py:190} INFO - [2024-10-24T04:10:23.225+0000] {dagbag.py:588} INFO - Filling up the DagBag from /home/airflow/.local/lib/python3.12/site-packages/airflow/example_dags/tutorial_objectstorage.py
[2024-10-24T04:10:23.236+0000] {processor.py:925} INFO - DAG(s) 'tutorial_objectstorage' retrieved from /home/airflow/.local/lib/python3.12/site-packages/airflow/example_dags/tutorial_objectstorage.py
[2024-10-24T04:10:23.261+0000] {logging_mixin.py:190} INFO - [2024-10-24T04:10:23.261+0000] {dag.py:3239} INFO - Sync 1 DAGs
[2024-10-24T04:10:23.281+0000] {logging_mixin.py:190} INFO - [2024-10-24T04:10:23.281+0000] {dag.py:4180} INFO - Setting next_dagrun for tutorial_objectstorage to None, run_after=None
[2024-10-24T04:10:23.304+0000] {processor.py:208} INFO - Processing /home/airflow/.local/lib/python3.12/site-packages/airflow/example_dags/tutorial_objectstorage.py took 0.089 seconds
[2024-10-24T04:10:53.993+0000] {processor.py:186} INFO - Started process (PID=99116) to work on /home/airflow/.local/lib/python3.12/site-packages/airflow/example_dags/tutorial_objectstorage.py
[2024-10-24T04:10:53.995+0000] {processor.py:914} INFO - Processing file /home/airflow/.local/lib/python3.12/site-packages/airflow/example_dags/tutorial_objectstorage.py for tasks to queue
[2024-10-24T04:10:53.996+0000] {logging_mixin.py:190} INFO - [2024-10-24T04:10:53.996+0000] {dagbag.py:588} INFO - Filling up the DagBag from /home/airflow/.local/lib/python3.12/site-packages/airflow/example_dags/tutorial_objectstorage.py
[2024-10-24T04:10:54.005+0000] {processor.py:925} INFO - DAG(s) 'tutorial_objectstorage' retrieved from /home/airflow/.local/lib/python3.12/site-packages/airflow/example_dags/tutorial_objectstorage.py
[2024-10-24T04:10:54.027+0000] {logging_mixin.py:190} INFO - [2024-10-24T04:10:54.027+0000] {dag.py:3239} INFO - Sync 1 DAGs
[2024-10-24T04:10:54.043+0000] {logging_mixin.py:190} INFO - [2024-10-24T04:10:54.043+0000] {dag.py:4180} INFO - Setting next_dagrun for tutorial_objectstorage to None, run_after=None
[2024-10-24T04:10:54.062+0000] {processor.py:208} INFO - Processing /home/airflow/.local/lib/python3.12/site-packages/airflow/example_dags/tutorial_objectstorage.py took 0.076 seconds
[2024-10-24T04:11:24.964+0000] {processor.py:186} INFO - Started process (PID=99183) to work on /home/airflow/.local/lib/python3.12/site-packages/airflow/example_dags/tutorial_objectstorage.py
[2024-10-24T04:11:24.965+0000] {processor.py:914} INFO - Processing file /home/airflow/.local/lib/python3.12/site-packages/airflow/example_dags/tutorial_objectstorage.py for tasks to queue
[2024-10-24T04:11:24.967+0000] {logging_mixin.py:190} INFO - [2024-10-24T04:11:24.967+0000] {dagbag.py:588} INFO - Filling up the DagBag from /home/airflow/.local/lib/python3.12/site-packages/airflow/example_dags/tutorial_objectstorage.py
[2024-10-24T04:11:24.976+0000] {processor.py:925} INFO - DAG(s) 'tutorial_objectstorage' retrieved from /home/airflow/.local/lib/python3.12/site-packages/airflow/example_dags/tutorial_objectstorage.py
[2024-10-24T04:11:25.004+0000] {logging_mixin.py:190} INFO - [2024-10-24T04:11:25.004+0000] {dag.py:3239} INFO - Sync 1 DAGs
[2024-10-24T04:11:25.021+0000] {logging_mixin.py:190} INFO - [2024-10-24T04:11:25.021+0000] {dag.py:4180} INFO - Setting next_dagrun for tutorial_objectstorage to None, run_after=None
[2024-10-24T04:11:25.040+0000] {processor.py:208} INFO - Processing /home/airflow/.local/lib/python3.12/site-packages/airflow/example_dags/tutorial_objectstorage.py took 0.084 seconds
[2024-10-24T04:11:57.240+0000] {processor.py:186} INFO - Started process (PID=99250) to work on /home/airflow/.local/lib/python3.12/site-packages/airflow/example_dags/tutorial_objectstorage.py
[2024-10-24T04:11:57.241+0000] {processor.py:914} INFO - Processing file /home/airflow/.local/lib/python3.12/site-packages/airflow/example_dags/tutorial_objectstorage.py for tasks to queue
[2024-10-24T04:11:57.243+0000] {logging_mixin.py:190} INFO - [2024-10-24T04:11:57.242+0000] {dagbag.py:588} INFO - Filling up the DagBag from /home/airflow/.local/lib/python3.12/site-packages/airflow/example_dags/tutorial_objectstorage.py
[2024-10-24T04:11:57.253+0000] {processor.py:925} INFO - DAG(s) 'tutorial_objectstorage' retrieved from /home/airflow/.local/lib/python3.12/site-packages/airflow/example_dags/tutorial_objectstorage.py
[2024-10-24T04:11:57.284+0000] {logging_mixin.py:190} INFO - [2024-10-24T04:11:57.283+0000] {dag.py:3239} INFO - Sync 1 DAGs
[2024-10-24T04:11:57.301+0000] {logging_mixin.py:190} INFO - [2024-10-24T04:11:57.301+0000] {dag.py:4180} INFO - Setting next_dagrun for tutorial_objectstorage to None, run_after=None
[2024-10-24T04:11:57.338+0000] {processor.py:208} INFO - Processing /home/airflow/.local/lib/python3.12/site-packages/airflow/example_dags/tutorial_objectstorage.py took 0.107 seconds
[2024-10-24T04:12:28.154+0000] {processor.py:186} INFO - Started process (PID=99317) to work on /home/airflow/.local/lib/python3.12/site-packages/airflow/example_dags/tutorial_objectstorage.py
[2024-10-24T04:12:28.155+0000] {processor.py:914} INFO - Processing file /home/airflow/.local/lib/python3.12/site-packages/airflow/example_dags/tutorial_objectstorage.py for tasks to queue
[2024-10-24T04:12:28.158+0000] {logging_mixin.py:190} INFO - [2024-10-24T04:12:28.157+0000] {dagbag.py:588} INFO - Filling up the DagBag from /home/airflow/.local/lib/python3.12/site-packages/airflow/example_dags/tutorial_objectstorage.py
[2024-10-24T04:12:28.171+0000] {processor.py:925} INFO - DAG(s) 'tutorial_objectstorage' retrieved from /home/airflow/.local/lib/python3.12/site-packages/airflow/example_dags/tutorial_objectstorage.py
[2024-10-24T04:12:28.195+0000] {logging_mixin.py:190} INFO - [2024-10-24T04:12:28.195+0000] {dag.py:3239} INFO - Sync 1 DAGs
[2024-10-24T04:12:28.212+0000] {logging_mixin.py:190} INFO - [2024-10-24T04:12:28.212+0000] {dag.py:4180} INFO - Setting next_dagrun for tutorial_objectstorage to None, run_after=None
[2024-10-24T04:12:28.233+0000] {processor.py:208} INFO - Processing /home/airflow/.local/lib/python3.12/site-packages/airflow/example_dags/tutorial_objectstorage.py took 0.089 seconds
[2024-10-24T04:12:58.452+0000] {processor.py:186} INFO - Started process (PID=99383) to work on /home/airflow/.local/lib/python3.12/site-packages/airflow/example_dags/tutorial_objectstorage.py
[2024-10-24T04:12:58.453+0000] {processor.py:914} INFO - Processing file /home/airflow/.local/lib/python3.12/site-packages/airflow/example_dags/tutorial_objectstorage.py for tasks to queue
[2024-10-24T04:12:58.455+0000] {logging_mixin.py:190} INFO - [2024-10-24T04:12:58.455+0000] {dagbag.py:588} INFO - Filling up the DagBag from /home/airflow/.local/lib/python3.12/site-packages/airflow/example_dags/tutorial_objectstorage.py
[2024-10-24T04:12:58.468+0000] {processor.py:925} INFO - DAG(s) 'tutorial_objectstorage' retrieved from /home/airflow/.local/lib/python3.12/site-packages/airflow/example_dags/tutorial_objectstorage.py
[2024-10-24T04:12:58.500+0000] {logging_mixin.py:190} INFO - [2024-10-24T04:12:58.500+0000] {dag.py:3239} INFO - Sync 1 DAGs
[2024-10-24T04:12:58.523+0000] {logging_mixin.py:190} INFO - [2024-10-24T04:12:58.523+0000] {dag.py:4180} INFO - Setting next_dagrun for tutorial_objectstorage to None, run_after=None
[2024-10-24T04:12:58.551+0000] {processor.py:208} INFO - Processing /home/airflow/.local/lib/python3.12/site-packages/airflow/example_dags/tutorial_objectstorage.py took 0.111 seconds
[2024-10-24T04:13:28.613+0000] {processor.py:186} INFO - Started process (PID=99449) to work on /home/airflow/.local/lib/python3.12/site-packages/airflow/example_dags/tutorial_objectstorage.py
[2024-10-24T04:13:28.614+0000] {processor.py:914} INFO - Processing file /home/airflow/.local/lib/python3.12/site-packages/airflow/example_dags/tutorial_objectstorage.py for tasks to queue
[2024-10-24T04:13:28.615+0000] {logging_mixin.py:190} INFO - [2024-10-24T04:13:28.615+0000] {dagbag.py:588} INFO - Filling up the DagBag from /home/airflow/.local/lib/python3.12/site-packages/airflow/example_dags/tutorial_objectstorage.py
[2024-10-24T04:13:28.625+0000] {processor.py:925} INFO - DAG(s) 'tutorial_objectstorage' retrieved from /home/airflow/.local/lib/python3.12/site-packages/airflow/example_dags/tutorial_objectstorage.py
[2024-10-24T04:13:28.653+0000] {logging_mixin.py:190} INFO - [2024-10-24T04:13:28.652+0000] {dag.py:3239} INFO - Sync 1 DAGs
[2024-10-24T04:13:28.671+0000] {logging_mixin.py:190} INFO - [2024-10-24T04:13:28.670+0000] {dag.py:4180} INFO - Setting next_dagrun for tutorial_objectstorage to None, run_after=None
[2024-10-24T04:13:28.690+0000] {processor.py:208} INFO - Processing /home/airflow/.local/lib/python3.12/site-packages/airflow/example_dags/tutorial_objectstorage.py took 0.085 seconds
[2024-10-24T04:13:59.217+0000] {processor.py:186} INFO - Started process (PID=99516) to work on /home/airflow/.local/lib/python3.12/site-packages/airflow/example_dags/tutorial_objectstorage.py
[2024-10-24T04:13:59.218+0000] {processor.py:914} INFO - Processing file /home/airflow/.local/lib/python3.12/site-packages/airflow/example_dags/tutorial_objectstorage.py for tasks to queue
[2024-10-24T04:13:59.219+0000] {logging_mixin.py:190} INFO - [2024-10-24T04:13:59.219+0000] {dagbag.py:588} INFO - Filling up the DagBag from /home/airflow/.local/lib/python3.12/site-packages/airflow/example_dags/tutorial_objectstorage.py
[2024-10-24T04:13:59.228+0000] {processor.py:925} INFO - DAG(s) 'tutorial_objectstorage' retrieved from /home/airflow/.local/lib/python3.12/site-packages/airflow/example_dags/tutorial_objectstorage.py
[2024-10-24T04:13:59.251+0000] {logging_mixin.py:190} INFO - [2024-10-24T04:13:59.251+0000] {dag.py:3239} INFO - Sync 1 DAGs
[2024-10-24T04:13:59.268+0000] {logging_mixin.py:190} INFO - [2024-10-24T04:13:59.267+0000] {dag.py:4180} INFO - Setting next_dagrun for tutorial_objectstorage to None, run_after=None
[2024-10-24T04:13:59.287+0000] {processor.py:208} INFO - Processing /home/airflow/.local/lib/python3.12/site-packages/airflow/example_dags/tutorial_objectstorage.py took 0.078 seconds
[2024-10-24T04:14:30.001+0000] {processor.py:186} INFO - Started process (PID=99583) to work on /home/airflow/.local/lib/python3.12/site-packages/airflow/example_dags/tutorial_objectstorage.py
[2024-10-24T04:14:30.002+0000] {processor.py:914} INFO - Processing file /home/airflow/.local/lib/python3.12/site-packages/airflow/example_dags/tutorial_objectstorage.py for tasks to queue
[2024-10-24T04:14:30.003+0000] {logging_mixin.py:190} INFO - [2024-10-24T04:14:30.003+0000] {dagbag.py:588} INFO - Filling up the DagBag from /home/airflow/.local/lib/python3.12/site-packages/airflow/example_dags/tutorial_objectstorage.py
[2024-10-24T04:14:30.012+0000] {processor.py:925} INFO - DAG(s) 'tutorial_objectstorage' retrieved from /home/airflow/.local/lib/python3.12/site-packages/airflow/example_dags/tutorial_objectstorage.py
[2024-10-24T04:14:30.037+0000] {logging_mixin.py:190} INFO - [2024-10-24T04:14:30.037+0000] {dag.py:3239} INFO - Sync 1 DAGs
[2024-10-24T04:14:30.053+0000] {logging_mixin.py:190} INFO - [2024-10-24T04:14:30.052+0000] {dag.py:4180} INFO - Setting next_dagrun for tutorial_objectstorage to None, run_after=None
[2024-10-24T04:14:30.072+0000] {processor.py:208} INFO - Processing /home/airflow/.local/lib/python3.12/site-packages/airflow/example_dags/tutorial_objectstorage.py took 0.078 seconds
[2024-10-24T04:15:00.487+0000] {processor.py:186} INFO - Started process (PID=99649) to work on /home/airflow/.local/lib/python3.12/site-packages/airflow/example_dags/tutorial_objectstorage.py
[2024-10-24T04:15:00.489+0000] {processor.py:914} INFO - Processing file /home/airflow/.local/lib/python3.12/site-packages/airflow/example_dags/tutorial_objectstorage.py for tasks to queue
[2024-10-24T04:15:00.490+0000] {logging_mixin.py:190} INFO - [2024-10-24T04:15:00.490+0000] {dagbag.py:588} INFO - Filling up the DagBag from /home/airflow/.local/lib/python3.12/site-packages/airflow/example_dags/tutorial_objectstorage.py
[2024-10-24T04:15:00.499+0000] {processor.py:925} INFO - DAG(s) 'tutorial_objectstorage' retrieved from /home/airflow/.local/lib/python3.12/site-packages/airflow/example_dags/tutorial_objectstorage.py
[2024-10-24T04:15:00.527+0000] {logging_mixin.py:190} INFO - [2024-10-24T04:15:00.526+0000] {dag.py:3239} INFO - Sync 1 DAGs
[2024-10-24T04:15:00.544+0000] {logging_mixin.py:190} INFO - [2024-10-24T04:15:00.543+0000] {dag.py:4180} INFO - Setting next_dagrun for tutorial_objectstorage to None, run_after=None
[2024-10-24T04:15:00.563+0000] {processor.py:208} INFO - Processing /home/airflow/.local/lib/python3.12/site-packages/airflow/example_dags/tutorial_objectstorage.py took 0.083 seconds
[2024-10-24T04:15:31.063+0000] {processor.py:186} INFO - Started process (PID=99716) to work on /home/airflow/.local/lib/python3.12/site-packages/airflow/example_dags/tutorial_objectstorage.py
[2024-10-24T04:15:31.064+0000] {processor.py:914} INFO - Processing file /home/airflow/.local/lib/python3.12/site-packages/airflow/example_dags/tutorial_objectstorage.py for tasks to queue
[2024-10-24T04:15:31.066+0000] {logging_mixin.py:190} INFO - [2024-10-24T04:15:31.065+0000] {dagbag.py:588} INFO - Filling up the DagBag from /home/airflow/.local/lib/python3.12/site-packages/airflow/example_dags/tutorial_objectstorage.py
[2024-10-24T04:15:31.075+0000] {processor.py:925} INFO - DAG(s) 'tutorial_objectstorage' retrieved from /home/airflow/.local/lib/python3.12/site-packages/airflow/example_dags/tutorial_objectstorage.py
[2024-10-24T04:15:31.097+0000] {logging_mixin.py:190} INFO - [2024-10-24T04:15:31.096+0000] {dag.py:3239} INFO - Sync 1 DAGs
[2024-10-24T04:15:31.112+0000] {logging_mixin.py:190} INFO - [2024-10-24T04:15:31.112+0000] {dag.py:4180} INFO - Setting next_dagrun for tutorial_objectstorage to None, run_after=None
[2024-10-24T04:15:31.130+0000] {processor.py:208} INFO - Processing /home/airflow/.local/lib/python3.12/site-packages/airflow/example_dags/tutorial_objectstorage.py took 0.074 seconds
[2024-10-24T06:56:04.055+0000] {processor.py:186} INFO - Started process (PID=99784) to work on /home/airflow/.local/lib/python3.12/site-packages/airflow/example_dags/tutorial_objectstorage.py
[2024-10-24T06:56:04.057+0000] {processor.py:914} INFO - Processing file /home/airflow/.local/lib/python3.12/site-packages/airflow/example_dags/tutorial_objectstorage.py for tasks to queue
[2024-10-24T06:56:04.059+0000] {logging_mixin.py:190} INFO - [2024-10-24T06:56:04.059+0000] {dagbag.py:588} INFO - Filling up the DagBag from /home/airflow/.local/lib/python3.12/site-packages/airflow/example_dags/tutorial_objectstorage.py
[2024-10-24T06:56:04.073+0000] {processor.py:925} INFO - DAG(s) 'tutorial_objectstorage' retrieved from /home/airflow/.local/lib/python3.12/site-packages/airflow/example_dags/tutorial_objectstorage.py
[2024-10-24T06:56:04.097+0000] {logging_mixin.py:190} INFO - [2024-10-24T06:56:04.097+0000] {dag.py:3239} INFO - Sync 1 DAGs
[2024-10-24T06:56:04.114+0000] {logging_mixin.py:190} INFO - [2024-10-24T06:56:04.114+0000] {dag.py:4180} INFO - Setting next_dagrun for tutorial_objectstorage to None, run_after=None
[2024-10-24T06:56:04.136+0000] {processor.py:208} INFO - Processing /home/airflow/.local/lib/python3.12/site-packages/airflow/example_dags/tutorial_objectstorage.py took 0.088 seconds
[2024-10-24T06:56:35.069+0000] {processor.py:186} INFO - Started process (PID=99851) to work on /home/airflow/.local/lib/python3.12/site-packages/airflow/example_dags/tutorial_objectstorage.py
[2024-10-24T06:56:35.071+0000] {processor.py:914} INFO - Processing file /home/airflow/.local/lib/python3.12/site-packages/airflow/example_dags/tutorial_objectstorage.py for tasks to queue
[2024-10-24T06:56:35.072+0000] {logging_mixin.py:190} INFO - [2024-10-24T06:56:35.072+0000] {dagbag.py:588} INFO - Filling up the DagBag from /home/airflow/.local/lib/python3.12/site-packages/airflow/example_dags/tutorial_objectstorage.py
[2024-10-24T06:56:35.083+0000] {processor.py:925} INFO - DAG(s) 'tutorial_objectstorage' retrieved from /home/airflow/.local/lib/python3.12/site-packages/airflow/example_dags/tutorial_objectstorage.py
[2024-10-24T06:56:35.107+0000] {logging_mixin.py:190} INFO - [2024-10-24T06:56:35.106+0000] {dag.py:3239} INFO - Sync 1 DAGs
[2024-10-24T06:56:35.126+0000] {logging_mixin.py:190} INFO - [2024-10-24T06:56:35.125+0000] {dag.py:4180} INFO - Setting next_dagrun for tutorial_objectstorage to None, run_after=None
[2024-10-24T06:56:35.150+0000] {processor.py:208} INFO - Processing /home/airflow/.local/lib/python3.12/site-packages/airflow/example_dags/tutorial_objectstorage.py took 0.092 seconds
[2024-10-24T06:57:06.026+0000] {processor.py:186} INFO - Started process (PID=99918) to work on /home/airflow/.local/lib/python3.12/site-packages/airflow/example_dags/tutorial_objectstorage.py
[2024-10-24T06:57:06.027+0000] {processor.py:914} INFO - Processing file /home/airflow/.local/lib/python3.12/site-packages/airflow/example_dags/tutorial_objectstorage.py for tasks to queue
[2024-10-24T06:57:06.029+0000] {logging_mixin.py:190} INFO - [2024-10-24T06:57:06.028+0000] {dagbag.py:588} INFO - Filling up the DagBag from /home/airflow/.local/lib/python3.12/site-packages/airflow/example_dags/tutorial_objectstorage.py
[2024-10-24T06:57:06.039+0000] {processor.py:925} INFO - DAG(s) 'tutorial_objectstorage' retrieved from /home/airflow/.local/lib/python3.12/site-packages/airflow/example_dags/tutorial_objectstorage.py
[2024-10-24T06:57:06.066+0000] {logging_mixin.py:190} INFO - [2024-10-24T06:57:06.065+0000] {dag.py:3239} INFO - Sync 1 DAGs
[2024-10-24T06:57:06.097+0000] {logging_mixin.py:190} INFO - [2024-10-24T06:57:06.096+0000] {dag.py:4180} INFO - Setting next_dagrun for tutorial_objectstorage to None, run_after=None
[2024-10-24T06:57:06.119+0000] {processor.py:208} INFO - Processing /home/airflow/.local/lib/python3.12/site-packages/airflow/example_dags/tutorial_objectstorage.py took 0.100 seconds
[2024-10-24T06:57:36.359+0000] {processor.py:186} INFO - Started process (PID=99985) to work on /home/airflow/.local/lib/python3.12/site-packages/airflow/example_dags/tutorial_objectstorage.py
[2024-10-24T06:57:36.360+0000] {processor.py:914} INFO - Processing file /home/airflow/.local/lib/python3.12/site-packages/airflow/example_dags/tutorial_objectstorage.py for tasks to queue
[2024-10-24T06:57:36.362+0000] {logging_mixin.py:190} INFO - [2024-10-24T06:57:36.362+0000] {dagbag.py:588} INFO - Filling up the DagBag from /home/airflow/.local/lib/python3.12/site-packages/airflow/example_dags/tutorial_objectstorage.py
[2024-10-24T06:57:36.373+0000] {processor.py:925} INFO - DAG(s) 'tutorial_objectstorage' retrieved from /home/airflow/.local/lib/python3.12/site-packages/airflow/example_dags/tutorial_objectstorage.py
[2024-10-24T06:57:36.397+0000] {logging_mixin.py:190} INFO - [2024-10-24T06:57:36.397+0000] {dag.py:3239} INFO - Sync 1 DAGs
[2024-10-24T06:57:36.415+0000] {logging_mixin.py:190} INFO - [2024-10-24T06:57:36.415+0000] {dag.py:4180} INFO - Setting next_dagrun for tutorial_objectstorage to None, run_after=None
[2024-10-24T06:57:36.434+0000] {processor.py:208} INFO - Processing /home/airflow/.local/lib/python3.12/site-packages/airflow/example_dags/tutorial_objectstorage.py took 0.085 seconds
[2024-10-24T06:58:06.976+0000] {processor.py:186} INFO - Started process (PID=100052) to work on /home/airflow/.local/lib/python3.12/site-packages/airflow/example_dags/tutorial_objectstorage.py
[2024-10-24T06:58:06.978+0000] {processor.py:914} INFO - Processing file /home/airflow/.local/lib/python3.12/site-packages/airflow/example_dags/tutorial_objectstorage.py for tasks to queue
[2024-10-24T06:58:06.981+0000] {logging_mixin.py:190} INFO - [2024-10-24T06:58:06.981+0000] {dagbag.py:588} INFO - Filling up the DagBag from /home/airflow/.local/lib/python3.12/site-packages/airflow/example_dags/tutorial_objectstorage.py
[2024-10-24T06:58:06.994+0000] {processor.py:925} INFO - DAG(s) 'tutorial_objectstorage' retrieved from /home/airflow/.local/lib/python3.12/site-packages/airflow/example_dags/tutorial_objectstorage.py
[2024-10-24T06:58:07.031+0000] {logging_mixin.py:190} INFO - [2024-10-24T06:58:07.031+0000] {dag.py:3239} INFO - Sync 1 DAGs
[2024-10-24T06:58:07.049+0000] {logging_mixin.py:190} INFO - [2024-10-24T06:58:07.049+0000] {dag.py:4180} INFO - Setting next_dagrun for tutorial_objectstorage to None, run_after=None
[2024-10-24T06:58:07.079+0000] {processor.py:208} INFO - Processing /home/airflow/.local/lib/python3.12/site-packages/airflow/example_dags/tutorial_objectstorage.py took 0.115 seconds
[2024-10-24T06:58:37.579+0000] {processor.py:186} INFO - Started process (PID=100118) to work on /home/airflow/.local/lib/python3.12/site-packages/airflow/example_dags/tutorial_objectstorage.py
[2024-10-24T06:58:37.580+0000] {processor.py:914} INFO - Processing file /home/airflow/.local/lib/python3.12/site-packages/airflow/example_dags/tutorial_objectstorage.py for tasks to queue
[2024-10-24T06:58:37.582+0000] {logging_mixin.py:190} INFO - [2024-10-24T06:58:37.581+0000] {dagbag.py:588} INFO - Filling up the DagBag from /home/airflow/.local/lib/python3.12/site-packages/airflow/example_dags/tutorial_objectstorage.py
[2024-10-24T06:58:37.591+0000] {processor.py:925} INFO - DAG(s) 'tutorial_objectstorage' retrieved from /home/airflow/.local/lib/python3.12/site-packages/airflow/example_dags/tutorial_objectstorage.py
[2024-10-24T06:58:37.629+0000] {logging_mixin.py:190} INFO - [2024-10-24T06:58:37.629+0000] {dag.py:3239} INFO - Sync 1 DAGs
[2024-10-24T06:58:37.649+0000] {logging_mixin.py:190} INFO - [2024-10-24T06:58:37.648+0000] {dag.py:4180} INFO - Setting next_dagrun for tutorial_objectstorage to None, run_after=None
[2024-10-24T06:58:37.672+0000] {processor.py:208} INFO - Processing /home/airflow/.local/lib/python3.12/site-packages/airflow/example_dags/tutorial_objectstorage.py took 0.101 seconds
