[2024-10-24T04:09:44.569+0000] {processor.py:186} INFO - Started process (PID=98940) to work on /home/airflow/.local/lib/python3.12/site-packages/airflow/example_dags/tutorial_dag.py
[2024-10-24T04:09:44.570+0000] {processor.py:914} INFO - Processing file /home/airflow/.local/lib/python3.12/site-packages/airflow/example_dags/tutorial_dag.py for tasks to queue
[2024-10-24T04:09:44.572+0000] {logging_mixin.py:190} INFO - [2024-10-24T04:09:44.572+0000] {dagbag.py:588} INFO - Filling up the DagBag from /home/airflow/.local/lib/python3.12/site-packages/airflow/example_dags/tutorial_dag.py
[2024-10-24T04:09:44.578+0000] {processor.py:925} INFO - DAG(s) 'tutorial_dag' retrieved from /home/airflow/.local/lib/python3.12/site-packages/airflow/example_dags/tutorial_dag.py
[2024-10-24T04:09:44.602+0000] {logging_mixin.py:190} INFO - [2024-10-24T04:09:44.601+0000] {dag.py:3239} INFO - Sync 1 DAGs
[2024-10-24T04:09:44.621+0000] {logging_mixin.py:190} INFO - [2024-10-24T04:09:44.621+0000] {dag.py:4180} INFO - Setting next_dagrun for tutorial_dag to None, run_after=None
[2024-10-24T04:09:44.642+0000] {processor.py:208} INFO - Processing /home/airflow/.local/lib/python3.12/site-packages/airflow/example_dags/tutorial_dag.py took 0.085 seconds
[2024-10-24T04:10:15.296+0000] {processor.py:186} INFO - Started process (PID=99007) to work on /home/airflow/.local/lib/python3.12/site-packages/airflow/example_dags/tutorial_dag.py
[2024-10-24T04:10:15.298+0000] {processor.py:914} INFO - Processing file /home/airflow/.local/lib/python3.12/site-packages/airflow/example_dags/tutorial_dag.py for tasks to queue
[2024-10-24T04:10:15.299+0000] {logging_mixin.py:190} INFO - [2024-10-24T04:10:15.299+0000] {dagbag.py:588} INFO - Filling up the DagBag from /home/airflow/.local/lib/python3.12/site-packages/airflow/example_dags/tutorial_dag.py
[2024-10-24T04:10:15.305+0000] {processor.py:925} INFO - DAG(s) 'tutorial_dag' retrieved from /home/airflow/.local/lib/python3.12/site-packages/airflow/example_dags/tutorial_dag.py
[2024-10-24T04:10:15.332+0000] {logging_mixin.py:190} INFO - [2024-10-24T04:10:15.332+0000] {dag.py:3239} INFO - Sync 1 DAGs
[2024-10-24T04:10:15.348+0000] {logging_mixin.py:190} INFO - [2024-10-24T04:10:15.348+0000] {dag.py:4180} INFO - Setting next_dagrun for tutorial_dag to None, run_after=None
[2024-10-24T04:10:15.368+0000] {processor.py:208} INFO - Processing /home/airflow/.local/lib/python3.12/site-packages/airflow/example_dags/tutorial_dag.py took 0.079 seconds
[2024-10-24T04:10:46.064+0000] {processor.py:186} INFO - Started process (PID=99073) to work on /home/airflow/.local/lib/python3.12/site-packages/airflow/example_dags/tutorial_dag.py
[2024-10-24T04:10:46.066+0000] {processor.py:914} INFO - Processing file /home/airflow/.local/lib/python3.12/site-packages/airflow/example_dags/tutorial_dag.py for tasks to queue
[2024-10-24T04:10:46.068+0000] {logging_mixin.py:190} INFO - [2024-10-24T04:10:46.067+0000] {dagbag.py:588} INFO - Filling up the DagBag from /home/airflow/.local/lib/python3.12/site-packages/airflow/example_dags/tutorial_dag.py
[2024-10-24T04:10:46.077+0000] {processor.py:925} INFO - DAG(s) 'tutorial_dag' retrieved from /home/airflow/.local/lib/python3.12/site-packages/airflow/example_dags/tutorial_dag.py
[2024-10-24T04:10:46.102+0000] {logging_mixin.py:190} INFO - [2024-10-24T04:10:46.102+0000] {dag.py:3239} INFO - Sync 1 DAGs
[2024-10-24T04:10:46.119+0000] {logging_mixin.py:190} INFO - [2024-10-24T04:10:46.119+0000] {dag.py:4180} INFO - Setting next_dagrun for tutorial_dag to None, run_after=None
[2024-10-24T04:10:46.140+0000] {processor.py:208} INFO - Processing /home/airflow/.local/lib/python3.12/site-packages/airflow/example_dags/tutorial_dag.py took 0.084 seconds
[2024-10-24T04:11:16.755+0000] {processor.py:186} INFO - Started process (PID=99139) to work on /home/airflow/.local/lib/python3.12/site-packages/airflow/example_dags/tutorial_dag.py
[2024-10-24T04:11:16.756+0000] {processor.py:914} INFO - Processing file /home/airflow/.local/lib/python3.12/site-packages/airflow/example_dags/tutorial_dag.py for tasks to queue
[2024-10-24T04:11:16.758+0000] {logging_mixin.py:190} INFO - [2024-10-24T04:11:16.757+0000] {dagbag.py:588} INFO - Filling up the DagBag from /home/airflow/.local/lib/python3.12/site-packages/airflow/example_dags/tutorial_dag.py
[2024-10-24T04:11:16.766+0000] {processor.py:925} INFO - DAG(s) 'tutorial_dag' retrieved from /home/airflow/.local/lib/python3.12/site-packages/airflow/example_dags/tutorial_dag.py
[2024-10-24T04:11:16.802+0000] {logging_mixin.py:190} INFO - [2024-10-24T04:11:16.802+0000] {dag.py:3239} INFO - Sync 1 DAGs
[2024-10-24T04:11:16.828+0000] {logging_mixin.py:190} INFO - [2024-10-24T04:11:16.827+0000] {dag.py:4180} INFO - Setting next_dagrun for tutorial_dag to None, run_after=None
[2024-10-24T04:11:16.858+0000] {processor.py:208} INFO - Processing /home/airflow/.local/lib/python3.12/site-packages/airflow/example_dags/tutorial_dag.py took 0.114 seconds
[2024-10-24T04:11:47.486+0000] {processor.py:186} INFO - Started process (PID=99206) to work on /home/airflow/.local/lib/python3.12/site-packages/airflow/example_dags/tutorial_dag.py
[2024-10-24T04:11:47.488+0000] {processor.py:914} INFO - Processing file /home/airflow/.local/lib/python3.12/site-packages/airflow/example_dags/tutorial_dag.py for tasks to queue
[2024-10-24T04:11:47.490+0000] {logging_mixin.py:190} INFO - [2024-10-24T04:11:47.489+0000] {dagbag.py:588} INFO - Filling up the DagBag from /home/airflow/.local/lib/python3.12/site-packages/airflow/example_dags/tutorial_dag.py
[2024-10-24T04:11:47.497+0000] {processor.py:925} INFO - DAG(s) 'tutorial_dag' retrieved from /home/airflow/.local/lib/python3.12/site-packages/airflow/example_dags/tutorial_dag.py
[2024-10-24T04:11:47.520+0000] {logging_mixin.py:190} INFO - [2024-10-24T04:11:47.520+0000] {dag.py:3239} INFO - Sync 1 DAGs
[2024-10-24T04:11:47.537+0000] {logging_mixin.py:190} INFO - [2024-10-24T04:11:47.537+0000] {dag.py:4180} INFO - Setting next_dagrun for tutorial_dag to None, run_after=None
[2024-10-24T04:11:47.559+0000] {processor.py:208} INFO - Processing /home/airflow/.local/lib/python3.12/site-packages/airflow/example_dags/tutorial_dag.py took 0.080 seconds
[2024-10-24T04:12:18.007+0000] {processor.py:186} INFO - Started process (PID=99273) to work on /home/airflow/.local/lib/python3.12/site-packages/airflow/example_dags/tutorial_dag.py
[2024-10-24T04:12:18.008+0000] {processor.py:914} INFO - Processing file /home/airflow/.local/lib/python3.12/site-packages/airflow/example_dags/tutorial_dag.py for tasks to queue
[2024-10-24T04:12:18.009+0000] {logging_mixin.py:190} INFO - [2024-10-24T04:12:18.009+0000] {dagbag.py:588} INFO - Filling up the DagBag from /home/airflow/.local/lib/python3.12/site-packages/airflow/example_dags/tutorial_dag.py
[2024-10-24T04:12:18.015+0000] {processor.py:925} INFO - DAG(s) 'tutorial_dag' retrieved from /home/airflow/.local/lib/python3.12/site-packages/airflow/example_dags/tutorial_dag.py
[2024-10-24T04:12:18.040+0000] {logging_mixin.py:190} INFO - [2024-10-24T04:12:18.040+0000] {dag.py:3239} INFO - Sync 1 DAGs
[2024-10-24T04:12:18.058+0000] {logging_mixin.py:190} INFO - [2024-10-24T04:12:18.058+0000] {dag.py:4180} INFO - Setting next_dagrun for tutorial_dag to None, run_after=None
[2024-10-24T04:12:18.082+0000] {processor.py:208} INFO - Processing /home/airflow/.local/lib/python3.12/site-packages/airflow/example_dags/tutorial_dag.py took 0.082 seconds
[2024-10-24T04:12:48.957+0000] {processor.py:186} INFO - Started process (PID=99340) to work on /home/airflow/.local/lib/python3.12/site-packages/airflow/example_dags/tutorial_dag.py
[2024-10-24T04:12:48.959+0000] {processor.py:914} INFO - Processing file /home/airflow/.local/lib/python3.12/site-packages/airflow/example_dags/tutorial_dag.py for tasks to queue
[2024-10-24T04:12:48.961+0000] {logging_mixin.py:190} INFO - [2024-10-24T04:12:48.961+0000] {dagbag.py:588} INFO - Filling up the DagBag from /home/airflow/.local/lib/python3.12/site-packages/airflow/example_dags/tutorial_dag.py
[2024-10-24T04:12:48.968+0000] {processor.py:925} INFO - DAG(s) 'tutorial_dag' retrieved from /home/airflow/.local/lib/python3.12/site-packages/airflow/example_dags/tutorial_dag.py
[2024-10-24T04:12:49.002+0000] {logging_mixin.py:190} INFO - [2024-10-24T04:12:49.001+0000] {dag.py:3239} INFO - Sync 1 DAGs
[2024-10-24T04:12:49.020+0000] {logging_mixin.py:190} INFO - [2024-10-24T04:12:49.020+0000] {dag.py:4180} INFO - Setting next_dagrun for tutorial_dag to None, run_after=None
[2024-10-24T04:12:49.054+0000] {processor.py:208} INFO - Processing /home/airflow/.local/lib/python3.12/site-packages/airflow/example_dags/tutorial_dag.py took 0.105 seconds
[2024-10-24T04:13:19.353+0000] {processor.py:186} INFO - Started process (PID=99406) to work on /home/airflow/.local/lib/python3.12/site-packages/airflow/example_dags/tutorial_dag.py
[2024-10-24T04:13:19.354+0000] {processor.py:914} INFO - Processing file /home/airflow/.local/lib/python3.12/site-packages/airflow/example_dags/tutorial_dag.py for tasks to queue
[2024-10-24T04:13:19.356+0000] {logging_mixin.py:190} INFO - [2024-10-24T04:13:19.355+0000] {dagbag.py:588} INFO - Filling up the DagBag from /home/airflow/.local/lib/python3.12/site-packages/airflow/example_dags/tutorial_dag.py
[2024-10-24T04:13:19.362+0000] {processor.py:925} INFO - DAG(s) 'tutorial_dag' retrieved from /home/airflow/.local/lib/python3.12/site-packages/airflow/example_dags/tutorial_dag.py
[2024-10-24T04:13:19.390+0000] {logging_mixin.py:190} INFO - [2024-10-24T04:13:19.390+0000] {dag.py:3239} INFO - Sync 1 DAGs
[2024-10-24T04:13:19.407+0000] {logging_mixin.py:190} INFO - [2024-10-24T04:13:19.407+0000] {dag.py:4180} INFO - Setting next_dagrun for tutorial_dag to None, run_after=None
[2024-10-24T04:13:19.426+0000] {processor.py:208} INFO - Processing /home/airflow/.local/lib/python3.12/site-packages/airflow/example_dags/tutorial_dag.py took 0.080 seconds
[2024-10-24T04:13:49.696+0000] {processor.py:186} INFO - Started process (PID=99473) to work on /home/airflow/.local/lib/python3.12/site-packages/airflow/example_dags/tutorial_dag.py
[2024-10-24T04:13:49.697+0000] {processor.py:914} INFO - Processing file /home/airflow/.local/lib/python3.12/site-packages/airflow/example_dags/tutorial_dag.py for tasks to queue
[2024-10-24T04:13:49.698+0000] {logging_mixin.py:190} INFO - [2024-10-24T04:13:49.698+0000] {dagbag.py:588} INFO - Filling up the DagBag from /home/airflow/.local/lib/python3.12/site-packages/airflow/example_dags/tutorial_dag.py
[2024-10-24T04:13:49.704+0000] {processor.py:925} INFO - DAG(s) 'tutorial_dag' retrieved from /home/airflow/.local/lib/python3.12/site-packages/airflow/example_dags/tutorial_dag.py
[2024-10-24T04:13:49.727+0000] {logging_mixin.py:190} INFO - [2024-10-24T04:13:49.726+0000] {dag.py:3239} INFO - Sync 1 DAGs
[2024-10-24T04:13:49.743+0000] {logging_mixin.py:190} INFO - [2024-10-24T04:13:49.742+0000] {dag.py:4180} INFO - Setting next_dagrun for tutorial_dag to None, run_after=None
[2024-10-24T04:13:49.761+0000] {processor.py:208} INFO - Processing /home/airflow/.local/lib/python3.12/site-packages/airflow/example_dags/tutorial_dag.py took 0.074 seconds
[2024-10-24T04:14:20.323+0000] {processor.py:186} INFO - Started process (PID=99540) to work on /home/airflow/.local/lib/python3.12/site-packages/airflow/example_dags/tutorial_dag.py
[2024-10-24T04:14:20.325+0000] {processor.py:914} INFO - Processing file /home/airflow/.local/lib/python3.12/site-packages/airflow/example_dags/tutorial_dag.py for tasks to queue
[2024-10-24T04:14:20.327+0000] {logging_mixin.py:190} INFO - [2024-10-24T04:14:20.326+0000] {dagbag.py:588} INFO - Filling up the DagBag from /home/airflow/.local/lib/python3.12/site-packages/airflow/example_dags/tutorial_dag.py
[2024-10-24T04:14:20.333+0000] {processor.py:925} INFO - DAG(s) 'tutorial_dag' retrieved from /home/airflow/.local/lib/python3.12/site-packages/airflow/example_dags/tutorial_dag.py
[2024-10-24T04:14:20.361+0000] {logging_mixin.py:190} INFO - [2024-10-24T04:14:20.361+0000] {dag.py:3239} INFO - Sync 1 DAGs
[2024-10-24T04:14:20.378+0000] {logging_mixin.py:190} INFO - [2024-10-24T04:14:20.377+0000] {dag.py:4180} INFO - Setting next_dagrun for tutorial_dag to None, run_after=None
[2024-10-24T04:14:20.400+0000] {processor.py:208} INFO - Processing /home/airflow/.local/lib/python3.12/site-packages/airflow/example_dags/tutorial_dag.py took 0.085 seconds
[2024-10-24T04:14:50.851+0000] {processor.py:186} INFO - Started process (PID=99607) to work on /home/airflow/.local/lib/python3.12/site-packages/airflow/example_dags/tutorial_dag.py
[2024-10-24T04:14:50.852+0000] {processor.py:914} INFO - Processing file /home/airflow/.local/lib/python3.12/site-packages/airflow/example_dags/tutorial_dag.py for tasks to queue
[2024-10-24T04:14:50.854+0000] {logging_mixin.py:190} INFO - [2024-10-24T04:14:50.854+0000] {dagbag.py:588} INFO - Filling up the DagBag from /home/airflow/.local/lib/python3.12/site-packages/airflow/example_dags/tutorial_dag.py
[2024-10-24T04:14:50.860+0000] {processor.py:925} INFO - DAG(s) 'tutorial_dag' retrieved from /home/airflow/.local/lib/python3.12/site-packages/airflow/example_dags/tutorial_dag.py
[2024-10-24T04:14:50.883+0000] {logging_mixin.py:190} INFO - [2024-10-24T04:14:50.883+0000] {dag.py:3239} INFO - Sync 1 DAGs
[2024-10-24T04:14:50.899+0000] {logging_mixin.py:190} INFO - [2024-10-24T04:14:50.899+0000] {dag.py:4180} INFO - Setting next_dagrun for tutorial_dag to None, run_after=None
[2024-10-24T04:14:50.919+0000] {processor.py:208} INFO - Processing /home/airflow/.local/lib/python3.12/site-packages/airflow/example_dags/tutorial_dag.py took 0.076 seconds
[2024-10-24T04:15:20.992+0000] {processor.py:186} INFO - Started process (PID=99673) to work on /home/airflow/.local/lib/python3.12/site-packages/airflow/example_dags/tutorial_dag.py
[2024-10-24T04:15:20.993+0000] {processor.py:914} INFO - Processing file /home/airflow/.local/lib/python3.12/site-packages/airflow/example_dags/tutorial_dag.py for tasks to queue
[2024-10-24T04:15:20.995+0000] {logging_mixin.py:190} INFO - [2024-10-24T04:15:20.994+0000] {dagbag.py:588} INFO - Filling up the DagBag from /home/airflow/.local/lib/python3.12/site-packages/airflow/example_dags/tutorial_dag.py
[2024-10-24T04:15:21.001+0000] {processor.py:925} INFO - DAG(s) 'tutorial_dag' retrieved from /home/airflow/.local/lib/python3.12/site-packages/airflow/example_dags/tutorial_dag.py
[2024-10-24T04:15:21.026+0000] {logging_mixin.py:190} INFO - [2024-10-24T04:15:21.026+0000] {dag.py:3239} INFO - Sync 1 DAGs
[2024-10-24T04:15:21.043+0000] {logging_mixin.py:190} INFO - [2024-10-24T04:15:21.043+0000] {dag.py:4180} INFO - Setting next_dagrun for tutorial_dag to None, run_after=None
[2024-10-24T04:15:21.061+0000] {processor.py:208} INFO - Processing /home/airflow/.local/lib/python3.12/site-packages/airflow/example_dags/tutorial_dag.py took 0.078 seconds
[2024-10-24T04:15:51.148+0000] {processor.py:186} INFO - Started process (PID=99740) to work on /home/airflow/.local/lib/python3.12/site-packages/airflow/example_dags/tutorial_dag.py
[2024-10-24T04:15:51.149+0000] {processor.py:914} INFO - Processing file /home/airflow/.local/lib/python3.12/site-packages/airflow/example_dags/tutorial_dag.py for tasks to queue
[2024-10-24T04:15:51.151+0000] {logging_mixin.py:190} INFO - [2024-10-24T04:15:51.151+0000] {dagbag.py:588} INFO - Filling up the DagBag from /home/airflow/.local/lib/python3.12/site-packages/airflow/example_dags/tutorial_dag.py
[2024-10-24T04:15:51.157+0000] {processor.py:925} INFO - DAG(s) 'tutorial_dag' retrieved from /home/airflow/.local/lib/python3.12/site-packages/airflow/example_dags/tutorial_dag.py
[2024-10-24T04:15:51.182+0000] {logging_mixin.py:190} INFO - [2024-10-24T04:15:51.182+0000] {dag.py:3239} INFO - Sync 1 DAGs
[2024-10-24T04:15:51.199+0000] {logging_mixin.py:190} INFO - [2024-10-24T04:15:51.199+0000] {dag.py:4180} INFO - Setting next_dagrun for tutorial_dag to None, run_after=None
[2024-10-24T04:15:51.219+0000] {processor.py:208} INFO - Processing /home/airflow/.local/lib/python3.12/site-packages/airflow/example_dags/tutorial_dag.py took 0.080 seconds
[2024-10-24T06:56:06.087+0000] {processor.py:186} INFO - Started process (PID=99803) to work on /home/airflow/.local/lib/python3.12/site-packages/airflow/example_dags/tutorial_dag.py
[2024-10-24T06:56:06.088+0000] {processor.py:914} INFO - Processing file /home/airflow/.local/lib/python3.12/site-packages/airflow/example_dags/tutorial_dag.py for tasks to queue
[2024-10-24T06:56:06.091+0000] {logging_mixin.py:190} INFO - [2024-10-24T06:56:06.090+0000] {dagbag.py:588} INFO - Filling up the DagBag from /home/airflow/.local/lib/python3.12/site-packages/airflow/example_dags/tutorial_dag.py
[2024-10-24T06:56:06.097+0000] {processor.py:925} INFO - DAG(s) 'tutorial_dag' retrieved from /home/airflow/.local/lib/python3.12/site-packages/airflow/example_dags/tutorial_dag.py
[2024-10-24T06:56:06.130+0000] {logging_mixin.py:190} INFO - [2024-10-24T06:56:06.130+0000] {dag.py:3239} INFO - Sync 1 DAGs
[2024-10-24T06:56:06.152+0000] {logging_mixin.py:190} INFO - [2024-10-24T06:56:06.152+0000] {dag.py:4180} INFO - Setting next_dagrun for tutorial_dag to None, run_after=None
[2024-10-24T06:56:06.175+0000] {processor.py:208} INFO - Processing /home/airflow/.local/lib/python3.12/site-packages/airflow/example_dags/tutorial_dag.py took 0.096 seconds
[2024-10-24T06:56:36.892+0000] {processor.py:186} INFO - Started process (PID=99870) to work on /home/airflow/.local/lib/python3.12/site-packages/airflow/example_dags/tutorial_dag.py
[2024-10-24T06:56:36.894+0000] {processor.py:914} INFO - Processing file /home/airflow/.local/lib/python3.12/site-packages/airflow/example_dags/tutorial_dag.py for tasks to queue
[2024-10-24T06:56:36.896+0000] {logging_mixin.py:190} INFO - [2024-10-24T06:56:36.896+0000] {dagbag.py:588} INFO - Filling up the DagBag from /home/airflow/.local/lib/python3.12/site-packages/airflow/example_dags/tutorial_dag.py
[2024-10-24T06:56:36.905+0000] {processor.py:925} INFO - DAG(s) 'tutorial_dag' retrieved from /home/airflow/.local/lib/python3.12/site-packages/airflow/example_dags/tutorial_dag.py
[2024-10-24T06:56:36.929+0000] {logging_mixin.py:190} INFO - [2024-10-24T06:56:36.928+0000] {dag.py:3239} INFO - Sync 1 DAGs
[2024-10-24T06:56:36.947+0000] {logging_mixin.py:190} INFO - [2024-10-24T06:56:36.947+0000] {dag.py:4180} INFO - Setting next_dagrun for tutorial_dag to None, run_after=None
[2024-10-24T06:56:36.974+0000] {processor.py:208} INFO - Processing /home/airflow/.local/lib/python3.12/site-packages/airflow/example_dags/tutorial_dag.py took 0.091 seconds
[2024-10-24T06:57:07.692+0000] {processor.py:186} INFO - Started process (PID=99937) to work on /home/airflow/.local/lib/python3.12/site-packages/airflow/example_dags/tutorial_dag.py
[2024-10-24T06:57:07.693+0000] {processor.py:914} INFO - Processing file /home/airflow/.local/lib/python3.12/site-packages/airflow/example_dags/tutorial_dag.py for tasks to queue
[2024-10-24T06:57:07.695+0000] {logging_mixin.py:190} INFO - [2024-10-24T06:57:07.694+0000] {dagbag.py:588} INFO - Filling up the DagBag from /home/airflow/.local/lib/python3.12/site-packages/airflow/example_dags/tutorial_dag.py
[2024-10-24T06:57:07.701+0000] {processor.py:925} INFO - DAG(s) 'tutorial_dag' retrieved from /home/airflow/.local/lib/python3.12/site-packages/airflow/example_dags/tutorial_dag.py
[2024-10-24T06:57:07.729+0000] {logging_mixin.py:190} INFO - [2024-10-24T06:57:07.728+0000] {dag.py:3239} INFO - Sync 1 DAGs
[2024-10-24T06:57:07.749+0000] {logging_mixin.py:190} INFO - [2024-10-24T06:57:07.748+0000] {dag.py:4180} INFO - Setting next_dagrun for tutorial_dag to None, run_after=None
[2024-10-24T06:57:07.773+0000] {processor.py:208} INFO - Processing /home/airflow/.local/lib/python3.12/site-packages/airflow/example_dags/tutorial_dag.py took 0.090 seconds
[2024-10-24T06:57:37.958+0000] {processor.py:186} INFO - Started process (PID=100004) to work on /home/airflow/.local/lib/python3.12/site-packages/airflow/example_dags/tutorial_dag.py
[2024-10-24T06:57:37.959+0000] {processor.py:914} INFO - Processing file /home/airflow/.local/lib/python3.12/site-packages/airflow/example_dags/tutorial_dag.py for tasks to queue
[2024-10-24T06:57:37.961+0000] {logging_mixin.py:190} INFO - [2024-10-24T06:57:37.960+0000] {dagbag.py:588} INFO - Filling up the DagBag from /home/airflow/.local/lib/python3.12/site-packages/airflow/example_dags/tutorial_dag.py
[2024-10-24T06:57:37.967+0000] {processor.py:925} INFO - DAG(s) 'tutorial_dag' retrieved from /home/airflow/.local/lib/python3.12/site-packages/airflow/example_dags/tutorial_dag.py
[2024-10-24T06:57:37.999+0000] {logging_mixin.py:190} INFO - [2024-10-24T06:57:37.999+0000] {dag.py:3239} INFO - Sync 1 DAGs
[2024-10-24T06:57:38.016+0000] {logging_mixin.py:190} INFO - [2024-10-24T06:57:38.016+0000] {dag.py:4180} INFO - Setting next_dagrun for tutorial_dag to None, run_after=None
[2024-10-24T06:57:38.042+0000] {processor.py:208} INFO - Processing /home/airflow/.local/lib/python3.12/site-packages/airflow/example_dags/tutorial_dag.py took 0.091 seconds
[2024-10-24T06:58:08.475+0000] {processor.py:186} INFO - Started process (PID=100070) to work on /home/airflow/.local/lib/python3.12/site-packages/airflow/example_dags/tutorial_dag.py
[2024-10-24T06:58:08.476+0000] {processor.py:914} INFO - Processing file /home/airflow/.local/lib/python3.12/site-packages/airflow/example_dags/tutorial_dag.py for tasks to queue
[2024-10-24T06:58:08.478+0000] {logging_mixin.py:190} INFO - [2024-10-24T06:58:08.478+0000] {dagbag.py:588} INFO - Filling up the DagBag from /home/airflow/.local/lib/python3.12/site-packages/airflow/example_dags/tutorial_dag.py
[2024-10-24T06:58:08.489+0000] {processor.py:925} INFO - DAG(s) 'tutorial_dag' retrieved from /home/airflow/.local/lib/python3.12/site-packages/airflow/example_dags/tutorial_dag.py
[2024-10-24T06:58:08.534+0000] {logging_mixin.py:190} INFO - [2024-10-24T06:58:08.534+0000] {dag.py:3239} INFO - Sync 1 DAGs
[2024-10-24T06:58:08.575+0000] {logging_mixin.py:190} INFO - [2024-10-24T06:58:08.574+0000] {dag.py:4180} INFO - Setting next_dagrun for tutorial_dag to None, run_after=None
[2024-10-24T06:58:08.607+0000] {processor.py:208} INFO - Processing /home/airflow/.local/lib/python3.12/site-packages/airflow/example_dags/tutorial_dag.py took 0.141 seconds
[2024-10-24T06:58:39.361+0000] {processor.py:186} INFO - Started process (PID=100136) to work on /home/airflow/.local/lib/python3.12/site-packages/airflow/example_dags/tutorial_dag.py
[2024-10-24T06:58:39.363+0000] {processor.py:914} INFO - Processing file /home/airflow/.local/lib/python3.12/site-packages/airflow/example_dags/tutorial_dag.py for tasks to queue
[2024-10-24T06:58:39.364+0000] {logging_mixin.py:190} INFO - [2024-10-24T06:58:39.364+0000] {dagbag.py:588} INFO - Filling up the DagBag from /home/airflow/.local/lib/python3.12/site-packages/airflow/example_dags/tutorial_dag.py
[2024-10-24T06:58:39.370+0000] {processor.py:925} INFO - DAG(s) 'tutorial_dag' retrieved from /home/airflow/.local/lib/python3.12/site-packages/airflow/example_dags/tutorial_dag.py
[2024-10-24T06:58:39.397+0000] {logging_mixin.py:190} INFO - [2024-10-24T06:58:39.397+0000] {dag.py:3239} INFO - Sync 1 DAGs
[2024-10-24T06:58:39.415+0000] {logging_mixin.py:190} INFO - [2024-10-24T06:58:39.415+0000] {dag.py:4180} INFO - Setting next_dagrun for tutorial_dag to None, run_after=None
[2024-10-24T06:58:39.435+0000] {processor.py:208} INFO - Processing /home/airflow/.local/lib/python3.12/site-packages/airflow/example_dags/tutorial_dag.py took 0.083 seconds
