[2024-10-24T04:09:22.460+0000] {processor.py:186} INFO - Started process (PID=98927) to work on /home/airflow/.local/lib/python3.12/site-packages/airflow/example_dags/tutorial_taskflow_api.py
[2024-10-24T04:09:22.461+0000] {processor.py:914} INFO - Processing file /home/airflow/.local/lib/python3.12/site-packages/airflow/example_dags/tutorial_taskflow_api.py for tasks to queue
[2024-10-24T04:09:22.464+0000] {logging_mixin.py:190} INFO - [2024-10-24T04:09:22.462+0000] {dagbag.py:588} INFO - Filling up the DagBag from /home/airflow/.local/lib/python3.12/site-packages/airflow/example_dags/tutorial_taskflow_api.py
[2024-10-24T04:09:22.472+0000] {processor.py:925} INFO - DAG(s) 'tutorial_taskflow_api' retrieved from /home/airflow/.local/lib/python3.12/site-packages/airflow/example_dags/tutorial_taskflow_api.py
[2024-10-24T04:09:22.503+0000] {logging_mixin.py:190} INFO - [2024-10-24T04:09:22.503+0000] {dag.py:3239} INFO - Sync 1 DAGs
[2024-10-24T04:09:22.523+0000] {logging_mixin.py:190} INFO - [2024-10-24T04:09:22.522+0000] {dag.py:4180} INFO - Setting next_dagrun for tutorial_taskflow_api to None, run_after=None
[2024-10-24T04:09:22.550+0000] {processor.py:208} INFO - Processing /home/airflow/.local/lib/python3.12/site-packages/airflow/example_dags/tutorial_taskflow_api.py took 0.097 seconds
[2024-10-24T04:09:53.080+0000] {processor.py:186} INFO - Started process (PID=98994) to work on /home/airflow/.local/lib/python3.12/site-packages/airflow/example_dags/tutorial_taskflow_api.py
[2024-10-24T04:09:53.082+0000] {processor.py:914} INFO - Processing file /home/airflow/.local/lib/python3.12/site-packages/airflow/example_dags/tutorial_taskflow_api.py for tasks to queue
[2024-10-24T04:09:53.083+0000] {logging_mixin.py:190} INFO - [2024-10-24T04:09:53.083+0000] {dagbag.py:588} INFO - Filling up the DagBag from /home/airflow/.local/lib/python3.12/site-packages/airflow/example_dags/tutorial_taskflow_api.py
[2024-10-24T04:09:53.092+0000] {processor.py:925} INFO - DAG(s) 'tutorial_taskflow_api' retrieved from /home/airflow/.local/lib/python3.12/site-packages/airflow/example_dags/tutorial_taskflow_api.py
[2024-10-24T04:09:53.123+0000] {logging_mixin.py:190} INFO - [2024-10-24T04:09:53.123+0000] {dag.py:3239} INFO - Sync 1 DAGs
[2024-10-24T04:09:53.142+0000] {logging_mixin.py:190} INFO - [2024-10-24T04:09:53.141+0000] {dag.py:4180} INFO - Setting next_dagrun for tutorial_taskflow_api to None, run_after=None
[2024-10-24T04:09:53.165+0000] {processor.py:208} INFO - Processing /home/airflow/.local/lib/python3.12/site-packages/airflow/example_dags/tutorial_taskflow_api.py took 0.092 seconds
[2024-10-24T04:10:23.822+0000] {processor.py:186} INFO - Started process (PID=99060) to work on /home/airflow/.local/lib/python3.12/site-packages/airflow/example_dags/tutorial_taskflow_api.py
[2024-10-24T04:10:23.823+0000] {processor.py:914} INFO - Processing file /home/airflow/.local/lib/python3.12/site-packages/airflow/example_dags/tutorial_taskflow_api.py for tasks to queue
[2024-10-24T04:10:23.824+0000] {logging_mixin.py:190} INFO - [2024-10-24T04:10:23.824+0000] {dagbag.py:588} INFO - Filling up the DagBag from /home/airflow/.local/lib/python3.12/site-packages/airflow/example_dags/tutorial_taskflow_api.py
[2024-10-24T04:10:23.832+0000] {processor.py:925} INFO - DAG(s) 'tutorial_taskflow_api' retrieved from /home/airflow/.local/lib/python3.12/site-packages/airflow/example_dags/tutorial_taskflow_api.py
[2024-10-24T04:10:23.859+0000] {logging_mixin.py:190} INFO - [2024-10-24T04:10:23.858+0000] {dag.py:3239} INFO - Sync 1 DAGs
[2024-10-24T04:10:23.876+0000] {logging_mixin.py:190} INFO - [2024-10-24T04:10:23.875+0000] {dag.py:4180} INFO - Setting next_dagrun for tutorial_taskflow_api to None, run_after=None
[2024-10-24T04:10:23.898+0000] {processor.py:208} INFO - Processing /home/airflow/.local/lib/python3.12/site-packages/airflow/example_dags/tutorial_taskflow_api.py took 0.083 seconds
[2024-10-24T04:10:54.561+0000] {processor.py:186} INFO - Started process (PID=99125) to work on /home/airflow/.local/lib/python3.12/site-packages/airflow/example_dags/tutorial_taskflow_api.py
[2024-10-24T04:10:54.562+0000] {processor.py:914} INFO - Processing file /home/airflow/.local/lib/python3.12/site-packages/airflow/example_dags/tutorial_taskflow_api.py for tasks to queue
[2024-10-24T04:10:54.564+0000] {logging_mixin.py:190} INFO - [2024-10-24T04:10:54.564+0000] {dagbag.py:588} INFO - Filling up the DagBag from /home/airflow/.local/lib/python3.12/site-packages/airflow/example_dags/tutorial_taskflow_api.py
[2024-10-24T04:10:54.571+0000] {processor.py:925} INFO - DAG(s) 'tutorial_taskflow_api' retrieved from /home/airflow/.local/lib/python3.12/site-packages/airflow/example_dags/tutorial_taskflow_api.py
[2024-10-24T04:10:54.596+0000] {logging_mixin.py:190} INFO - [2024-10-24T04:10:54.596+0000] {dag.py:3239} INFO - Sync 1 DAGs
[2024-10-24T04:10:54.613+0000] {logging_mixin.py:190} INFO - [2024-10-24T04:10:54.613+0000] {dag.py:4180} INFO - Setting next_dagrun for tutorial_taskflow_api to None, run_after=None
[2024-10-24T04:10:54.632+0000] {processor.py:208} INFO - Processing /home/airflow/.local/lib/python3.12/site-packages/airflow/example_dags/tutorial_taskflow_api.py took 0.079 seconds
[2024-10-24T04:11:25.626+0000] {processor.py:186} INFO - Started process (PID=99193) to work on /home/airflow/.local/lib/python3.12/site-packages/airflow/example_dags/tutorial_taskflow_api.py
[2024-10-24T04:11:25.627+0000] {processor.py:914} INFO - Processing file /home/airflow/.local/lib/python3.12/site-packages/airflow/example_dags/tutorial_taskflow_api.py for tasks to queue
[2024-10-24T04:11:25.629+0000] {logging_mixin.py:190} INFO - [2024-10-24T04:11:25.628+0000] {dagbag.py:588} INFO - Filling up the DagBag from /home/airflow/.local/lib/python3.12/site-packages/airflow/example_dags/tutorial_taskflow_api.py
[2024-10-24T04:11:25.636+0000] {processor.py:925} INFO - DAG(s) 'tutorial_taskflow_api' retrieved from /home/airflow/.local/lib/python3.12/site-packages/airflow/example_dags/tutorial_taskflow_api.py
[2024-10-24T04:11:25.663+0000] {logging_mixin.py:190} INFO - [2024-10-24T04:11:25.662+0000] {dag.py:3239} INFO - Sync 1 DAGs
[2024-10-24T04:11:25.688+0000] {logging_mixin.py:190} INFO - [2024-10-24T04:11:25.688+0000] {dag.py:4180} INFO - Setting next_dagrun for tutorial_taskflow_api to None, run_after=None
[2024-10-24T04:11:25.719+0000] {processor.py:208} INFO - Processing /home/airflow/.local/lib/python3.12/site-packages/airflow/example_dags/tutorial_taskflow_api.py took 0.100 seconds
[2024-10-24T04:11:58.403+0000] {processor.py:186} INFO - Started process (PID=99260) to work on /home/airflow/.local/lib/python3.12/site-packages/airflow/example_dags/tutorial_taskflow_api.py
[2024-10-24T04:11:58.405+0000] {processor.py:914} INFO - Processing file /home/airflow/.local/lib/python3.12/site-packages/airflow/example_dags/tutorial_taskflow_api.py for tasks to queue
[2024-10-24T04:11:58.406+0000] {logging_mixin.py:190} INFO - [2024-10-24T04:11:58.406+0000] {dagbag.py:588} INFO - Filling up the DagBag from /home/airflow/.local/lib/python3.12/site-packages/airflow/example_dags/tutorial_taskflow_api.py
[2024-10-24T04:11:58.417+0000] {processor.py:925} INFO - DAG(s) 'tutorial_taskflow_api' retrieved from /home/airflow/.local/lib/python3.12/site-packages/airflow/example_dags/tutorial_taskflow_api.py
[2024-10-24T04:11:58.443+0000] {logging_mixin.py:190} INFO - [2024-10-24T04:11:58.442+0000] {dag.py:3239} INFO - Sync 1 DAGs
[2024-10-24T04:11:58.460+0000] {logging_mixin.py:190} INFO - [2024-10-24T04:11:58.459+0000] {dag.py:4180} INFO - Setting next_dagrun for tutorial_taskflow_api to None, run_after=None
[2024-10-24T04:11:58.482+0000] {processor.py:208} INFO - Processing /home/airflow/.local/lib/python3.12/site-packages/airflow/example_dags/tutorial_taskflow_api.py took 0.088 seconds
[2024-10-24T04:12:28.731+0000] {processor.py:186} INFO - Started process (PID=99326) to work on /home/airflow/.local/lib/python3.12/site-packages/airflow/example_dags/tutorial_taskflow_api.py
[2024-10-24T04:12:28.732+0000] {processor.py:914} INFO - Processing file /home/airflow/.local/lib/python3.12/site-packages/airflow/example_dags/tutorial_taskflow_api.py for tasks to queue
[2024-10-24T04:12:28.733+0000] {logging_mixin.py:190} INFO - [2024-10-24T04:12:28.733+0000] {dagbag.py:588} INFO - Filling up the DagBag from /home/airflow/.local/lib/python3.12/site-packages/airflow/example_dags/tutorial_taskflow_api.py
[2024-10-24T04:12:28.741+0000] {processor.py:925} INFO - DAG(s) 'tutorial_taskflow_api' retrieved from /home/airflow/.local/lib/python3.12/site-packages/airflow/example_dags/tutorial_taskflow_api.py
[2024-10-24T04:12:28.764+0000] {logging_mixin.py:190} INFO - [2024-10-24T04:12:28.763+0000] {dag.py:3239} INFO - Sync 1 DAGs
[2024-10-24T04:12:28.780+0000] {logging_mixin.py:190} INFO - [2024-10-24T04:12:28.779+0000] {dag.py:4180} INFO - Setting next_dagrun for tutorial_taskflow_api to None, run_after=None
[2024-10-24T04:12:28.797+0000] {processor.py:208} INFO - Processing /home/airflow/.local/lib/python3.12/site-packages/airflow/example_dags/tutorial_taskflow_api.py took 0.074 seconds
[2024-10-24T04:12:59.155+0000] {processor.py:186} INFO - Started process (PID=99392) to work on /home/airflow/.local/lib/python3.12/site-packages/airflow/example_dags/tutorial_taskflow_api.py
[2024-10-24T04:12:59.156+0000] {processor.py:914} INFO - Processing file /home/airflow/.local/lib/python3.12/site-packages/airflow/example_dags/tutorial_taskflow_api.py for tasks to queue
[2024-10-24T04:12:59.157+0000] {logging_mixin.py:190} INFO - [2024-10-24T04:12:59.157+0000] {dagbag.py:588} INFO - Filling up the DagBag from /home/airflow/.local/lib/python3.12/site-packages/airflow/example_dags/tutorial_taskflow_api.py
[2024-10-24T04:12:59.166+0000] {processor.py:925} INFO - DAG(s) 'tutorial_taskflow_api' retrieved from /home/airflow/.local/lib/python3.12/site-packages/airflow/example_dags/tutorial_taskflow_api.py
[2024-10-24T04:12:59.191+0000] {logging_mixin.py:190} INFO - [2024-10-24T04:12:59.190+0000] {dag.py:3239} INFO - Sync 1 DAGs
[2024-10-24T04:12:59.207+0000] {logging_mixin.py:190} INFO - [2024-10-24T04:12:59.207+0000] {dag.py:4180} INFO - Setting next_dagrun for tutorial_taskflow_api to None, run_after=None
[2024-10-24T04:12:59.225+0000] {processor.py:208} INFO - Processing /home/airflow/.local/lib/python3.12/site-packages/airflow/example_dags/tutorial_taskflow_api.py took 0.081 seconds
[2024-10-24T04:13:29.499+0000] {processor.py:186} INFO - Started process (PID=99459) to work on /home/airflow/.local/lib/python3.12/site-packages/airflow/example_dags/tutorial_taskflow_api.py
[2024-10-24T04:13:29.500+0000] {processor.py:914} INFO - Processing file /home/airflow/.local/lib/python3.12/site-packages/airflow/example_dags/tutorial_taskflow_api.py for tasks to queue
[2024-10-24T04:13:29.501+0000] {logging_mixin.py:190} INFO - [2024-10-24T04:13:29.501+0000] {dagbag.py:588} INFO - Filling up the DagBag from /home/airflow/.local/lib/python3.12/site-packages/airflow/example_dags/tutorial_taskflow_api.py
[2024-10-24T04:13:29.510+0000] {processor.py:925} INFO - DAG(s) 'tutorial_taskflow_api' retrieved from /home/airflow/.local/lib/python3.12/site-packages/airflow/example_dags/tutorial_taskflow_api.py
[2024-10-24T04:13:29.539+0000] {logging_mixin.py:190} INFO - [2024-10-24T04:13:29.539+0000] {dag.py:3239} INFO - Sync 1 DAGs
[2024-10-24T04:13:29.557+0000] {logging_mixin.py:190} INFO - [2024-10-24T04:13:29.557+0000] {dag.py:4180} INFO - Setting next_dagrun for tutorial_taskflow_api to None, run_after=None
[2024-10-24T04:13:29.577+0000] {processor.py:208} INFO - Processing /home/airflow/.local/lib/python3.12/site-packages/airflow/example_dags/tutorial_taskflow_api.py took 0.085 seconds
[2024-10-24T04:14:00.076+0000] {processor.py:186} INFO - Started process (PID=99526) to work on /home/airflow/.local/lib/python3.12/site-packages/airflow/example_dags/tutorial_taskflow_api.py
[2024-10-24T04:14:00.077+0000] {processor.py:914} INFO - Processing file /home/airflow/.local/lib/python3.12/site-packages/airflow/example_dags/tutorial_taskflow_api.py for tasks to queue
[2024-10-24T04:14:00.079+0000] {logging_mixin.py:190} INFO - [2024-10-24T04:14:00.078+0000] {dagbag.py:588} INFO - Filling up the DagBag from /home/airflow/.local/lib/python3.12/site-packages/airflow/example_dags/tutorial_taskflow_api.py
[2024-10-24T04:14:00.086+0000] {processor.py:925} INFO - DAG(s) 'tutorial_taskflow_api' retrieved from /home/airflow/.local/lib/python3.12/site-packages/airflow/example_dags/tutorial_taskflow_api.py
[2024-10-24T04:14:00.108+0000] {logging_mixin.py:190} INFO - [2024-10-24T04:14:00.108+0000] {dag.py:3239} INFO - Sync 1 DAGs
[2024-10-24T04:14:00.125+0000] {logging_mixin.py:190} INFO - [2024-10-24T04:14:00.125+0000] {dag.py:4180} INFO - Setting next_dagrun for tutorial_taskflow_api to None, run_after=None
[2024-10-24T04:14:00.143+0000] {processor.py:208} INFO - Processing /home/airflow/.local/lib/python3.12/site-packages/airflow/example_dags/tutorial_taskflow_api.py took 0.075 seconds
[2024-10-24T04:14:30.820+0000] {processor.py:186} INFO - Started process (PID=99593) to work on /home/airflow/.local/lib/python3.12/site-packages/airflow/example_dags/tutorial_taskflow_api.py
[2024-10-24T04:14:30.821+0000] {processor.py:914} INFO - Processing file /home/airflow/.local/lib/python3.12/site-packages/airflow/example_dags/tutorial_taskflow_api.py for tasks to queue
[2024-10-24T04:14:30.824+0000] {logging_mixin.py:190} INFO - [2024-10-24T04:14:30.823+0000] {dagbag.py:588} INFO - Filling up the DagBag from /home/airflow/.local/lib/python3.12/site-packages/airflow/example_dags/tutorial_taskflow_api.py
[2024-10-24T04:14:30.832+0000] {processor.py:925} INFO - DAG(s) 'tutorial_taskflow_api' retrieved from /home/airflow/.local/lib/python3.12/site-packages/airflow/example_dags/tutorial_taskflow_api.py
[2024-10-24T04:14:30.856+0000] {logging_mixin.py:190} INFO - [2024-10-24T04:14:30.856+0000] {dag.py:3239} INFO - Sync 1 DAGs
[2024-10-24T04:14:30.874+0000] {logging_mixin.py:190} INFO - [2024-10-24T04:14:30.873+0000] {dag.py:4180} INFO - Setting next_dagrun for tutorial_taskflow_api to None, run_after=None
[2024-10-24T04:14:30.892+0000] {processor.py:208} INFO - Processing /home/airflow/.local/lib/python3.12/site-packages/airflow/example_dags/tutorial_taskflow_api.py took 0.079 seconds
[2024-10-24T04:15:01.353+0000] {processor.py:186} INFO - Started process (PID=99659) to work on /home/airflow/.local/lib/python3.12/site-packages/airflow/example_dags/tutorial_taskflow_api.py
[2024-10-24T04:15:01.354+0000] {processor.py:914} INFO - Processing file /home/airflow/.local/lib/python3.12/site-packages/airflow/example_dags/tutorial_taskflow_api.py for tasks to queue
[2024-10-24T04:15:01.356+0000] {logging_mixin.py:190} INFO - [2024-10-24T04:15:01.356+0000] {dagbag.py:588} INFO - Filling up the DagBag from /home/airflow/.local/lib/python3.12/site-packages/airflow/example_dags/tutorial_taskflow_api.py
[2024-10-24T04:15:01.363+0000] {processor.py:925} INFO - DAG(s) 'tutorial_taskflow_api' retrieved from /home/airflow/.local/lib/python3.12/site-packages/airflow/example_dags/tutorial_taskflow_api.py
[2024-10-24T04:15:01.393+0000] {logging_mixin.py:190} INFO - [2024-10-24T04:15:01.392+0000] {dag.py:3239} INFO - Sync 1 DAGs
[2024-10-24T04:15:01.412+0000] {logging_mixin.py:190} INFO - [2024-10-24T04:15:01.412+0000] {dag.py:4180} INFO - Setting next_dagrun for tutorial_taskflow_api to None, run_after=None
[2024-10-24T04:15:01.432+0000] {processor.py:208} INFO - Processing /home/airflow/.local/lib/python3.12/site-packages/airflow/example_dags/tutorial_taskflow_api.py took 0.090 seconds
[2024-10-24T04:15:31.925+0000] {processor.py:186} INFO - Started process (PID=99726) to work on /home/airflow/.local/lib/python3.12/site-packages/airflow/example_dags/tutorial_taskflow_api.py
[2024-10-24T04:15:31.926+0000] {processor.py:914} INFO - Processing file /home/airflow/.local/lib/python3.12/site-packages/airflow/example_dags/tutorial_taskflow_api.py for tasks to queue
[2024-10-24T04:15:31.928+0000] {logging_mixin.py:190} INFO - [2024-10-24T04:15:31.927+0000] {dagbag.py:588} INFO - Filling up the DagBag from /home/airflow/.local/lib/python3.12/site-packages/airflow/example_dags/tutorial_taskflow_api.py
[2024-10-24T04:15:31.936+0000] {processor.py:925} INFO - DAG(s) 'tutorial_taskflow_api' retrieved from /home/airflow/.local/lib/python3.12/site-packages/airflow/example_dags/tutorial_taskflow_api.py
[2024-10-24T04:15:31.965+0000] {logging_mixin.py:190} INFO - [2024-10-24T04:15:31.965+0000] {dag.py:3239} INFO - Sync 1 DAGs
[2024-10-24T04:15:31.984+0000] {logging_mixin.py:190} INFO - [2024-10-24T04:15:31.984+0000] {dag.py:4180} INFO - Setting next_dagrun for tutorial_taskflow_api to None, run_after=None
[2024-10-24T04:15:32.001+0000] {processor.py:208} INFO - Processing /home/airflow/.local/lib/python3.12/site-packages/airflow/example_dags/tutorial_taskflow_api.py took 0.086 seconds
[2024-10-24T06:56:04.865+0000] {processor.py:186} INFO - Started process (PID=99794) to work on /home/airflow/.local/lib/python3.12/site-packages/airflow/example_dags/tutorial_taskflow_api.py
[2024-10-24T06:56:04.866+0000] {processor.py:914} INFO - Processing file /home/airflow/.local/lib/python3.12/site-packages/airflow/example_dags/tutorial_taskflow_api.py for tasks to queue
[2024-10-24T06:56:04.871+0000] {logging_mixin.py:190} INFO - [2024-10-24T06:56:04.871+0000] {dagbag.py:588} INFO - Filling up the DagBag from /home/airflow/.local/lib/python3.12/site-packages/airflow/example_dags/tutorial_taskflow_api.py
[2024-10-24T06:56:04.883+0000] {processor.py:925} INFO - DAG(s) 'tutorial_taskflow_api' retrieved from /home/airflow/.local/lib/python3.12/site-packages/airflow/example_dags/tutorial_taskflow_api.py
[2024-10-24T06:56:04.916+0000] {logging_mixin.py:190} INFO - [2024-10-24T06:56:04.915+0000] {dag.py:3239} INFO - Sync 1 DAGs
[2024-10-24T06:56:04.937+0000] {logging_mixin.py:190} INFO - [2024-10-24T06:56:04.937+0000] {dag.py:4180} INFO - Setting next_dagrun for tutorial_taskflow_api to None, run_after=None
[2024-10-24T06:56:04.959+0000] {processor.py:208} INFO - Processing /home/airflow/.local/lib/python3.12/site-packages/airflow/example_dags/tutorial_taskflow_api.py took 0.103 seconds
[2024-10-24T06:56:35.934+0000] {processor.py:186} INFO - Started process (PID=99861) to work on /home/airflow/.local/lib/python3.12/site-packages/airflow/example_dags/tutorial_taskflow_api.py
[2024-10-24T06:56:35.937+0000] {processor.py:914} INFO - Processing file /home/airflow/.local/lib/python3.12/site-packages/airflow/example_dags/tutorial_taskflow_api.py for tasks to queue
[2024-10-24T06:56:35.940+0000] {logging_mixin.py:190} INFO - [2024-10-24T06:56:35.940+0000] {dagbag.py:588} INFO - Filling up the DagBag from /home/airflow/.local/lib/python3.12/site-packages/airflow/example_dags/tutorial_taskflow_api.py
[2024-10-24T06:56:35.947+0000] {processor.py:925} INFO - DAG(s) 'tutorial_taskflow_api' retrieved from /home/airflow/.local/lib/python3.12/site-packages/airflow/example_dags/tutorial_taskflow_api.py
[2024-10-24T06:56:35.973+0000] {logging_mixin.py:190} INFO - [2024-10-24T06:56:35.973+0000] {dag.py:3239} INFO - Sync 1 DAGs
[2024-10-24T06:56:35.991+0000] {logging_mixin.py:190} INFO - [2024-10-24T06:56:35.991+0000] {dag.py:4180} INFO - Setting next_dagrun for tutorial_taskflow_api to None, run_after=None
[2024-10-24T06:56:36.010+0000] {processor.py:208} INFO - Processing /home/airflow/.local/lib/python3.12/site-packages/airflow/example_dags/tutorial_taskflow_api.py took 0.084 seconds
[2024-10-24T06:57:06.694+0000] {processor.py:186} INFO - Started process (PID=99927) to work on /home/airflow/.local/lib/python3.12/site-packages/airflow/example_dags/tutorial_taskflow_api.py
[2024-10-24T06:57:06.696+0000] {processor.py:914} INFO - Processing file /home/airflow/.local/lib/python3.12/site-packages/airflow/example_dags/tutorial_taskflow_api.py for tasks to queue
[2024-10-24T06:57:06.697+0000] {logging_mixin.py:190} INFO - [2024-10-24T06:57:06.697+0000] {dagbag.py:588} INFO - Filling up the DagBag from /home/airflow/.local/lib/python3.12/site-packages/airflow/example_dags/tutorial_taskflow_api.py
[2024-10-24T06:57:06.705+0000] {processor.py:925} INFO - DAG(s) 'tutorial_taskflow_api' retrieved from /home/airflow/.local/lib/python3.12/site-packages/airflow/example_dags/tutorial_taskflow_api.py
[2024-10-24T06:57:06.730+0000] {logging_mixin.py:190} INFO - [2024-10-24T06:57:06.730+0000] {dag.py:3239} INFO - Sync 1 DAGs
[2024-10-24T06:57:06.748+0000] {logging_mixin.py:190} INFO - [2024-10-24T06:57:06.748+0000] {dag.py:4180} INFO - Setting next_dagrun for tutorial_taskflow_api to None, run_after=None
[2024-10-24T06:57:06.771+0000] {processor.py:208} INFO - Processing /home/airflow/.local/lib/python3.12/site-packages/airflow/example_dags/tutorial_taskflow_api.py took 0.086 seconds
[2024-10-24T06:57:37.109+0000] {processor.py:186} INFO - Started process (PID=99994) to work on /home/airflow/.local/lib/python3.12/site-packages/airflow/example_dags/tutorial_taskflow_api.py
[2024-10-24T06:57:37.110+0000] {processor.py:914} INFO - Processing file /home/airflow/.local/lib/python3.12/site-packages/airflow/example_dags/tutorial_taskflow_api.py for tasks to queue
[2024-10-24T06:57:37.111+0000] {logging_mixin.py:190} INFO - [2024-10-24T06:57:37.111+0000] {dagbag.py:588} INFO - Filling up the DagBag from /home/airflow/.local/lib/python3.12/site-packages/airflow/example_dags/tutorial_taskflow_api.py
[2024-10-24T06:57:37.118+0000] {processor.py:925} INFO - DAG(s) 'tutorial_taskflow_api' retrieved from /home/airflow/.local/lib/python3.12/site-packages/airflow/example_dags/tutorial_taskflow_api.py
[2024-10-24T06:57:37.147+0000] {logging_mixin.py:190} INFO - [2024-10-24T06:57:37.147+0000] {dag.py:3239} INFO - Sync 1 DAGs
[2024-10-24T06:57:37.165+0000] {logging_mixin.py:190} INFO - [2024-10-24T06:57:37.165+0000] {dag.py:4180} INFO - Setting next_dagrun for tutorial_taskflow_api to None, run_after=None
[2024-10-24T06:57:37.184+0000] {processor.py:208} INFO - Processing /home/airflow/.local/lib/python3.12/site-packages/airflow/example_dags/tutorial_taskflow_api.py took 0.083 seconds
[2024-10-24T06:58:07.727+0000] {processor.py:186} INFO - Started process (PID=100061) to work on /home/airflow/.local/lib/python3.12/site-packages/airflow/example_dags/tutorial_taskflow_api.py
[2024-10-24T06:58:07.732+0000] {processor.py:914} INFO - Processing file /home/airflow/.local/lib/python3.12/site-packages/airflow/example_dags/tutorial_taskflow_api.py for tasks to queue
[2024-10-24T06:58:07.733+0000] {logging_mixin.py:190} INFO - [2024-10-24T06:58:07.733+0000] {dagbag.py:588} INFO - Filling up the DagBag from /home/airflow/.local/lib/python3.12/site-packages/airflow/example_dags/tutorial_taskflow_api.py
[2024-10-24T06:58:07.740+0000] {processor.py:925} INFO - DAG(s) 'tutorial_taskflow_api' retrieved from /home/airflow/.local/lib/python3.12/site-packages/airflow/example_dags/tutorial_taskflow_api.py
[2024-10-24T06:58:07.768+0000] {logging_mixin.py:190} INFO - [2024-10-24T06:58:07.768+0000] {dag.py:3239} INFO - Sync 1 DAGs
[2024-10-24T06:58:07.789+0000] {logging_mixin.py:190} INFO - [2024-10-24T06:58:07.789+0000] {dag.py:4180} INFO - Setting next_dagrun for tutorial_taskflow_api to None, run_after=None
[2024-10-24T06:58:07.810+0000] {processor.py:208} INFO - Processing /home/airflow/.local/lib/python3.12/site-packages/airflow/example_dags/tutorial_taskflow_api.py took 0.091 seconds
[2024-10-24T06:58:38.367+0000] {processor.py:186} INFO - Started process (PID=100127) to work on /home/airflow/.local/lib/python3.12/site-packages/airflow/example_dags/tutorial_taskflow_api.py
[2024-10-24T06:58:38.368+0000] {processor.py:914} INFO - Processing file /home/airflow/.local/lib/python3.12/site-packages/airflow/example_dags/tutorial_taskflow_api.py for tasks to queue
[2024-10-24T06:58:38.370+0000] {logging_mixin.py:190} INFO - [2024-10-24T06:58:38.369+0000] {dagbag.py:588} INFO - Filling up the DagBag from /home/airflow/.local/lib/python3.12/site-packages/airflow/example_dags/tutorial_taskflow_api.py
[2024-10-24T06:58:38.377+0000] {processor.py:925} INFO - DAG(s) 'tutorial_taskflow_api' retrieved from /home/airflow/.local/lib/python3.12/site-packages/airflow/example_dags/tutorial_taskflow_api.py
[2024-10-24T06:58:38.402+0000] {logging_mixin.py:190} INFO - [2024-10-24T06:58:38.402+0000] {dag.py:3239} INFO - Sync 1 DAGs
[2024-10-24T06:58:38.419+0000] {logging_mixin.py:190} INFO - [2024-10-24T06:58:38.419+0000] {dag.py:4180} INFO - Setting next_dagrun for tutorial_taskflow_api to None, run_after=None
[2024-10-24T06:58:38.438+0000] {processor.py:208} INFO - Processing /home/airflow/.local/lib/python3.12/site-packages/airflow/example_dags/tutorial_taskflow_api.py took 0.079 seconds
