[2024-10-24T04:09:16.148+0000] {processor.py:186} INFO - Started process (PID=98881) to work on /opt/airflow/dags/simple_dag1.py
[2024-10-24T04:09:16.161+0000] {processor.py:914} INFO - Processing file /opt/airflow/dags/simple_dag1.py for tasks to queue
[2024-10-24T04:09:16.173+0000] {logging_mixin.py:190} INFO - [2024-10-24T04:09:16.166+0000] {dagbag.py:588} INFO - Filling up the DagBag from /opt/airflow/dags/simple_dag1.py
[2024-10-24T04:09:16.208+0000] {processor.py:925} INFO - DAG(s) 'minhlt9' retrieved from /opt/airflow/dags/simple_dag1.py
[2024-10-24T04:09:16.324+0000] {logging_mixin.py:190} INFO - [2024-10-24T04:09:16.323+0000] {dag.py:3239} INFO - Sync 1 DAGs
[2024-10-24T04:09:16.390+0000] {logging_mixin.py:190} INFO - [2024-10-24T04:09:16.389+0000] {dag.py:4180} INFO - Setting next_dagrun for minhlt9 to None, run_after=None
[2024-10-24T04:09:16.436+0000] {processor.py:208} INFO - Processing /opt/airflow/dags/simple_dag1.py took 0.358 seconds
[2024-10-24T04:09:46.999+0000] {processor.py:186} INFO - Started process (PID=98947) to work on /opt/airflow/dags/simple_dag1.py
[2024-10-24T04:09:47.001+0000] {processor.py:914} INFO - Processing file /opt/airflow/dags/simple_dag1.py for tasks to queue
[2024-10-24T04:09:47.003+0000] {logging_mixin.py:190} INFO - [2024-10-24T04:09:47.002+0000] {dagbag.py:588} INFO - Filling up the DagBag from /opt/airflow/dags/simple_dag1.py
[2024-10-24T04:09:47.009+0000] {processor.py:925} INFO - DAG(s) 'minhlt9' retrieved from /opt/airflow/dags/simple_dag1.py
[2024-10-24T04:09:47.034+0000] {logging_mixin.py:190} INFO - [2024-10-24T04:09:47.034+0000] {dag.py:3239} INFO - Sync 1 DAGs
[2024-10-24T04:09:47.060+0000] {logging_mixin.py:190} INFO - [2024-10-24T04:09:47.060+0000] {dag.py:4180} INFO - Setting next_dagrun for minhlt9 to None, run_after=None
[2024-10-24T04:09:47.077+0000] {processor.py:208} INFO - Processing /opt/airflow/dags/simple_dag1.py took 0.089 seconds
[2024-10-24T04:10:17.696+0000] {processor.py:186} INFO - Started process (PID=99014) to work on /opt/airflow/dags/simple_dag1.py
[2024-10-24T04:10:17.697+0000] {processor.py:914} INFO - Processing file /opt/airflow/dags/simple_dag1.py for tasks to queue
[2024-10-24T04:10:17.699+0000] {logging_mixin.py:190} INFO - [2024-10-24T04:10:17.698+0000] {dagbag.py:588} INFO - Filling up the DagBag from /opt/airflow/dags/simple_dag1.py
[2024-10-24T04:10:17.706+0000] {processor.py:925} INFO - DAG(s) 'minhlt9' retrieved from /opt/airflow/dags/simple_dag1.py
[2024-10-24T04:10:17.730+0000] {logging_mixin.py:190} INFO - [2024-10-24T04:10:17.730+0000] {dag.py:3239} INFO - Sync 1 DAGs
[2024-10-24T04:10:17.756+0000] {logging_mixin.py:190} INFO - [2024-10-24T04:10:17.756+0000] {dag.py:4180} INFO - Setting next_dagrun for minhlt9 to None, run_after=None
[2024-10-24T04:10:17.776+0000] {processor.py:208} INFO - Processing /opt/airflow/dags/simple_dag1.py took 0.087 seconds
[2024-10-24T04:10:48.406+0000] {processor.py:186} INFO - Started process (PID=99080) to work on /opt/airflow/dags/simple_dag1.py
[2024-10-24T04:10:48.407+0000] {processor.py:914} INFO - Processing file /opt/airflow/dags/simple_dag1.py for tasks to queue
[2024-10-24T04:10:48.409+0000] {logging_mixin.py:190} INFO - [2024-10-24T04:10:48.408+0000] {dagbag.py:588} INFO - Filling up the DagBag from /opt/airflow/dags/simple_dag1.py
[2024-10-24T04:10:48.418+0000] {processor.py:925} INFO - DAG(s) 'minhlt9' retrieved from /opt/airflow/dags/simple_dag1.py
[2024-10-24T04:10:48.446+0000] {logging_mixin.py:190} INFO - [2024-10-24T04:10:48.445+0000] {dag.py:3239} INFO - Sync 1 DAGs
[2024-10-24T04:10:48.471+0000] {logging_mixin.py:190} INFO - [2024-10-24T04:10:48.471+0000] {dag.py:4180} INFO - Setting next_dagrun for minhlt9 to None, run_after=None
[2024-10-24T04:10:48.497+0000] {processor.py:208} INFO - Processing /opt/airflow/dags/simple_dag1.py took 0.098 seconds
[2024-10-24T04:11:19.207+0000] {processor.py:186} INFO - Started process (PID=99146) to work on /opt/airflow/dags/simple_dag1.py
[2024-10-24T04:11:19.208+0000] {processor.py:914} INFO - Processing file /opt/airflow/dags/simple_dag1.py for tasks to queue
[2024-10-24T04:11:19.211+0000] {logging_mixin.py:190} INFO - [2024-10-24T04:11:19.210+0000] {dagbag.py:588} INFO - Filling up the DagBag from /opt/airflow/dags/simple_dag1.py
[2024-10-24T04:11:19.217+0000] {processor.py:925} INFO - DAG(s) 'minhlt9' retrieved from /opt/airflow/dags/simple_dag1.py
[2024-10-24T04:11:19.241+0000] {logging_mixin.py:190} INFO - [2024-10-24T04:11:19.241+0000] {dag.py:3239} INFO - Sync 1 DAGs
[2024-10-24T04:11:19.268+0000] {logging_mixin.py:190} INFO - [2024-10-24T04:11:19.268+0000] {dag.py:4180} INFO - Setting next_dagrun for minhlt9 to None, run_after=None
[2024-10-24T04:11:19.289+0000] {processor.py:208} INFO - Processing /opt/airflow/dags/simple_dag1.py took 0.090 seconds
[2024-10-24T04:11:49.954+0000] {processor.py:186} INFO - Started process (PID=99213) to work on /opt/airflow/dags/simple_dag1.py
[2024-10-24T04:11:49.955+0000] {processor.py:914} INFO - Processing file /opt/airflow/dags/simple_dag1.py for tasks to queue
[2024-10-24T04:11:49.957+0000] {logging_mixin.py:190} INFO - [2024-10-24T04:11:49.956+0000] {dagbag.py:588} INFO - Filling up the DagBag from /opt/airflow/dags/simple_dag1.py
[2024-10-24T04:11:49.966+0000] {processor.py:925} INFO - DAG(s) 'minhlt9' retrieved from /opt/airflow/dags/simple_dag1.py
[2024-10-24T04:11:49.997+0000] {logging_mixin.py:190} INFO - [2024-10-24T04:11:49.996+0000] {dag.py:3239} INFO - Sync 1 DAGs
[2024-10-24T04:11:50.035+0000] {logging_mixin.py:190} INFO - [2024-10-24T04:11:50.035+0000] {dag.py:4180} INFO - Setting next_dagrun for minhlt9 to None, run_after=None
[2024-10-24T04:11:50.058+0000] {processor.py:208} INFO - Processing /opt/airflow/dags/simple_dag1.py took 0.113 seconds
[2024-10-24T04:12:20.376+0000] {processor.py:186} INFO - Started process (PID=99280) to work on /opt/airflow/dags/simple_dag1.py
[2024-10-24T04:12:20.378+0000] {processor.py:914} INFO - Processing file /opt/airflow/dags/simple_dag1.py for tasks to queue
[2024-10-24T04:12:20.380+0000] {logging_mixin.py:190} INFO - [2024-10-24T04:12:20.379+0000] {dagbag.py:588} INFO - Filling up the DagBag from /opt/airflow/dags/simple_dag1.py
[2024-10-24T04:12:20.387+0000] {processor.py:925} INFO - DAG(s) 'minhlt9' retrieved from /opt/airflow/dags/simple_dag1.py
[2024-10-24T04:12:20.417+0000] {logging_mixin.py:190} INFO - [2024-10-24T04:12:20.417+0000] {dag.py:3239} INFO - Sync 1 DAGs
[2024-10-24T04:12:20.448+0000] {logging_mixin.py:190} INFO - [2024-10-24T04:12:20.448+0000] {dag.py:4180} INFO - Setting next_dagrun for minhlt9 to None, run_after=None
[2024-10-24T04:12:20.475+0000] {processor.py:208} INFO - Processing /opt/airflow/dags/simple_dag1.py took 0.110 seconds
[2024-10-24T04:12:51.398+0000] {processor.py:186} INFO - Started process (PID=99352) to work on /opt/airflow/dags/simple_dag1.py
[2024-10-24T04:12:51.400+0000] {processor.py:914} INFO - Processing file /opt/airflow/dags/simple_dag1.py for tasks to queue
[2024-10-24T04:12:51.401+0000] {logging_mixin.py:190} INFO - [2024-10-24T04:12:51.401+0000] {dagbag.py:588} INFO - Filling up the DagBag from /opt/airflow/dags/simple_dag1.py
[2024-10-24T04:12:51.408+0000] {processor.py:925} INFO - DAG(s) 'minhlt9' retrieved from /opt/airflow/dags/simple_dag1.py
[2024-10-24T04:12:51.437+0000] {logging_mixin.py:190} INFO - [2024-10-24T04:12:51.436+0000] {dag.py:3239} INFO - Sync 1 DAGs
[2024-10-24T04:12:51.470+0000] {logging_mixin.py:190} INFO - [2024-10-24T04:12:51.470+0000] {dag.py:4180} INFO - Setting next_dagrun for minhlt9 to None, run_after=None
[2024-10-24T04:12:51.490+0000] {processor.py:208} INFO - Processing /opt/airflow/dags/simple_dag1.py took 0.101 seconds
[2024-10-24T04:13:21.747+0000] {processor.py:186} INFO - Started process (PID=99419) to work on /opt/airflow/dags/simple_dag1.py
[2024-10-24T04:13:21.750+0000] {processor.py:914} INFO - Processing file /opt/airflow/dags/simple_dag1.py for tasks to queue
[2024-10-24T04:13:21.752+0000] {logging_mixin.py:190} INFO - [2024-10-24T04:13:21.751+0000] {dagbag.py:588} INFO - Filling up the DagBag from /opt/airflow/dags/simple_dag1.py
[2024-10-24T04:13:21.759+0000] {processor.py:925} INFO - DAG(s) 'minhlt9' retrieved from /opt/airflow/dags/simple_dag1.py
[2024-10-24T04:13:21.788+0000] {logging_mixin.py:190} INFO - [2024-10-24T04:13:21.788+0000] {dag.py:3239} INFO - Sync 1 DAGs
[2024-10-24T04:13:21.813+0000] {logging_mixin.py:190} INFO - [2024-10-24T04:13:21.813+0000] {dag.py:4180} INFO - Setting next_dagrun for minhlt9 to None, run_after=None
[2024-10-24T04:13:21.831+0000] {processor.py:208} INFO - Processing /opt/airflow/dags/simple_dag1.py took 0.094 seconds
[2024-10-24T04:13:52.024+0000] {processor.py:186} INFO - Started process (PID=99486) to work on /opt/airflow/dags/simple_dag1.py
[2024-10-24T04:13:52.025+0000] {processor.py:914} INFO - Processing file /opt/airflow/dags/simple_dag1.py for tasks to queue
[2024-10-24T04:13:52.027+0000] {logging_mixin.py:190} INFO - [2024-10-24T04:13:52.027+0000] {dagbag.py:588} INFO - Filling up the DagBag from /opt/airflow/dags/simple_dag1.py
[2024-10-24T04:13:52.034+0000] {processor.py:925} INFO - DAG(s) 'minhlt9' retrieved from /opt/airflow/dags/simple_dag1.py
[2024-10-24T04:13:52.059+0000] {logging_mixin.py:190} INFO - [2024-10-24T04:13:52.059+0000] {dag.py:3239} INFO - Sync 1 DAGs
[2024-10-24T04:13:52.086+0000] {logging_mixin.py:190} INFO - [2024-10-24T04:13:52.086+0000] {dag.py:4180} INFO - Setting next_dagrun for minhlt9 to None, run_after=None
[2024-10-24T04:13:52.110+0000] {processor.py:208} INFO - Processing /opt/airflow/dags/simple_dag1.py took 0.097 seconds
[2024-10-24T04:14:22.738+0000] {processor.py:186} INFO - Started process (PID=99553) to work on /opt/airflow/dags/simple_dag1.py
[2024-10-24T04:14:22.739+0000] {processor.py:914} INFO - Processing file /opt/airflow/dags/simple_dag1.py for tasks to queue
[2024-10-24T04:14:22.742+0000] {logging_mixin.py:190} INFO - [2024-10-24T04:14:22.741+0000] {dagbag.py:588} INFO - Filling up the DagBag from /opt/airflow/dags/simple_dag1.py
[2024-10-24T04:14:22.749+0000] {processor.py:925} INFO - DAG(s) 'minhlt9' retrieved from /opt/airflow/dags/simple_dag1.py
[2024-10-24T04:14:22.778+0000] {logging_mixin.py:190} INFO - [2024-10-24T04:14:22.778+0000] {dag.py:3239} INFO - Sync 1 DAGs
[2024-10-24T04:14:22.804+0000] {logging_mixin.py:190} INFO - [2024-10-24T04:14:22.803+0000] {dag.py:4180} INFO - Setting next_dagrun for minhlt9 to None, run_after=None
[2024-10-24T04:14:22.823+0000] {processor.py:208} INFO - Processing /opt/airflow/dags/simple_dag1.py took 0.095 seconds
[2024-10-24T04:14:53.272+0000] {processor.py:186} INFO - Started process (PID=99619) to work on /opt/airflow/dags/simple_dag1.py
[2024-10-24T04:14:53.274+0000] {processor.py:914} INFO - Processing file /opt/airflow/dags/simple_dag1.py for tasks to queue
[2024-10-24T04:14:53.276+0000] {logging_mixin.py:190} INFO - [2024-10-24T04:14:53.275+0000] {dagbag.py:588} INFO - Filling up the DagBag from /opt/airflow/dags/simple_dag1.py
[2024-10-24T04:14:53.282+0000] {processor.py:925} INFO - DAG(s) 'minhlt9' retrieved from /opt/airflow/dags/simple_dag1.py
[2024-10-24T04:14:53.308+0000] {logging_mixin.py:190} INFO - [2024-10-24T04:14:53.308+0000] {dag.py:3239} INFO - Sync 1 DAGs
[2024-10-24T04:14:53.334+0000] {logging_mixin.py:190} INFO - [2024-10-24T04:14:53.334+0000] {dag.py:4180} INFO - Setting next_dagrun for minhlt9 to None, run_after=None
[2024-10-24T04:14:53.360+0000] {processor.py:208} INFO - Processing /opt/airflow/dags/simple_dag1.py took 0.098 seconds
[2024-10-24T04:15:23.394+0000] {processor.py:186} INFO - Started process (PID=99686) to work on /opt/airflow/dags/simple_dag1.py
[2024-10-24T04:15:23.395+0000] {processor.py:914} INFO - Processing file /opt/airflow/dags/simple_dag1.py for tasks to queue
[2024-10-24T04:15:23.397+0000] {logging_mixin.py:190} INFO - [2024-10-24T04:15:23.396+0000] {dagbag.py:588} INFO - Filling up the DagBag from /opt/airflow/dags/simple_dag1.py
[2024-10-24T04:15:23.404+0000] {processor.py:925} INFO - DAG(s) 'minhlt9' retrieved from /opt/airflow/dags/simple_dag1.py
[2024-10-24T04:15:23.427+0000] {logging_mixin.py:190} INFO - [2024-10-24T04:15:23.427+0000] {dag.py:3239} INFO - Sync 1 DAGs
[2024-10-24T04:15:23.452+0000] {logging_mixin.py:190} INFO - [2024-10-24T04:15:23.452+0000] {dag.py:4180} INFO - Setting next_dagrun for minhlt9 to None, run_after=None
[2024-10-24T04:15:23.468+0000] {processor.py:208} INFO - Processing /opt/airflow/dags/simple_dag1.py took 0.085 seconds
[2024-10-24T06:56:00.541+0000] {processor.py:186} INFO - Started process (PID=99753) to work on /opt/airflow/dags/simple_dag1.py
[2024-10-24T06:56:00.543+0000] {processor.py:914} INFO - Processing file /opt/airflow/dags/simple_dag1.py for tasks to queue
[2024-10-24T06:56:00.545+0000] {logging_mixin.py:190} INFO - [2024-10-24T06:56:00.545+0000] {dagbag.py:588} INFO - Filling up the DagBag from /opt/airflow/dags/simple_dag1.py
[2024-10-24T06:56:00.560+0000] {processor.py:925} INFO - DAG(s) 'minhlt9' retrieved from /opt/airflow/dags/simple_dag1.py
[2024-10-24T06:56:00.626+0000] {logging_mixin.py:190} INFO - [2024-10-24T06:56:00.626+0000] {dag.py:3239} INFO - Sync 1 DAGs
[2024-10-24T06:56:00.653+0000] {logging_mixin.py:190} INFO - [2024-10-24T06:56:00.653+0000] {dag.py:4180} INFO - Setting next_dagrun for minhlt9 to None, run_after=None
[2024-10-24T06:56:00.675+0000] {processor.py:208} INFO - Processing /opt/airflow/dags/simple_dag1.py took 0.147 seconds
[2024-10-24T06:56:31.111+0000] {processor.py:186} INFO - Started process (PID=99820) to work on /opt/airflow/dags/simple_dag1.py
[2024-10-24T06:56:31.112+0000] {processor.py:914} INFO - Processing file /opt/airflow/dags/simple_dag1.py for tasks to queue
[2024-10-24T06:56:31.114+0000] {logging_mixin.py:190} INFO - [2024-10-24T06:56:31.113+0000] {dagbag.py:588} INFO - Filling up the DagBag from /opt/airflow/dags/simple_dag1.py
[2024-10-24T06:56:31.120+0000] {processor.py:925} INFO - DAG(s) 'minhlt9' retrieved from /opt/airflow/dags/simple_dag1.py
[2024-10-24T06:56:31.154+0000] {logging_mixin.py:190} INFO - [2024-10-24T06:56:31.154+0000] {dag.py:3239} INFO - Sync 1 DAGs
[2024-10-24T06:56:31.188+0000] {logging_mixin.py:190} INFO - [2024-10-24T06:56:31.188+0000] {dag.py:4180} INFO - Setting next_dagrun for minhlt9 to None, run_after=None
[2024-10-24T06:56:31.208+0000] {processor.py:208} INFO - Processing /opt/airflow/dags/simple_dag1.py took 0.107 seconds
[2024-10-24T06:57:01.648+0000] {processor.py:186} INFO - Started process (PID=99887) to work on /opt/airflow/dags/simple_dag1.py
[2024-10-24T06:57:01.649+0000] {processor.py:914} INFO - Processing file /opt/airflow/dags/simple_dag1.py for tasks to queue
[2024-10-24T06:57:01.650+0000] {logging_mixin.py:190} INFO - [2024-10-24T06:57:01.650+0000] {dagbag.py:588} INFO - Filling up the DagBag from /opt/airflow/dags/simple_dag1.py
[2024-10-24T06:57:01.657+0000] {processor.py:925} INFO - DAG(s) 'minhlt9' retrieved from /opt/airflow/dags/simple_dag1.py
[2024-10-24T06:57:01.687+0000] {logging_mixin.py:190} INFO - [2024-10-24T06:57:01.687+0000] {dag.py:3239} INFO - Sync 1 DAGs
[2024-10-24T06:57:01.723+0000] {logging_mixin.py:190} INFO - [2024-10-24T06:57:01.723+0000] {dag.py:4180} INFO - Setting next_dagrun for minhlt9 to None, run_after=None
[2024-10-24T06:57:01.766+0000] {processor.py:208} INFO - Processing /opt/airflow/dags/simple_dag1.py took 0.126 seconds
[2024-10-24T06:57:32.530+0000] {processor.py:186} INFO - Started process (PID=99954) to work on /opt/airflow/dags/simple_dag1.py
[2024-10-24T06:57:32.531+0000] {processor.py:914} INFO - Processing file /opt/airflow/dags/simple_dag1.py for tasks to queue
[2024-10-24T06:57:32.533+0000] {logging_mixin.py:190} INFO - [2024-10-24T06:57:32.532+0000] {dagbag.py:588} INFO - Filling up the DagBag from /opt/airflow/dags/simple_dag1.py
[2024-10-24T06:57:32.540+0000] {processor.py:925} INFO - DAG(s) 'minhlt9' retrieved from /opt/airflow/dags/simple_dag1.py
[2024-10-24T06:57:32.566+0000] {logging_mixin.py:190} INFO - [2024-10-24T06:57:32.566+0000] {dag.py:3239} INFO - Sync 1 DAGs
[2024-10-24T06:57:32.597+0000] {logging_mixin.py:190} INFO - [2024-10-24T06:57:32.597+0000] {dag.py:4180} INFO - Setting next_dagrun for minhlt9 to None, run_after=None
[2024-10-24T06:57:32.619+0000] {processor.py:208} INFO - Processing /opt/airflow/dags/simple_dag1.py took 0.098 seconds
[2024-10-24T06:58:02.860+0000] {processor.py:186} INFO - Started process (PID=100021) to work on /opt/airflow/dags/simple_dag1.py
[2024-10-24T06:58:02.861+0000] {processor.py:914} INFO - Processing file /opt/airflow/dags/simple_dag1.py for tasks to queue
[2024-10-24T06:58:02.862+0000] {logging_mixin.py:190} INFO - [2024-10-24T06:58:02.862+0000] {dagbag.py:588} INFO - Filling up the DagBag from /opt/airflow/dags/simple_dag1.py
[2024-10-24T06:58:02.868+0000] {processor.py:925} INFO - DAG(s) 'minhlt9' retrieved from /opt/airflow/dags/simple_dag1.py
[2024-10-24T06:58:02.893+0000] {logging_mixin.py:190} INFO - [2024-10-24T06:58:02.893+0000] {dag.py:3239} INFO - Sync 1 DAGs
[2024-10-24T06:58:02.917+0000] {logging_mixin.py:190} INFO - [2024-10-24T06:58:02.917+0000] {dag.py:4180} INFO - Setting next_dagrun for minhlt9 to None, run_after=None
[2024-10-24T06:58:02.938+0000] {processor.py:208} INFO - Processing /opt/airflow/dags/simple_dag1.py took 0.087 seconds
[2024-10-24T06:58:33.818+0000] {processor.py:186} INFO - Started process (PID=100087) to work on /opt/airflow/dags/simple_dag1.py
[2024-10-24T06:58:33.819+0000] {processor.py:914} INFO - Processing file /opt/airflow/dags/simple_dag1.py for tasks to queue
[2024-10-24T06:58:33.820+0000] {logging_mixin.py:190} INFO - [2024-10-24T06:58:33.820+0000] {dagbag.py:588} INFO - Filling up the DagBag from /opt/airflow/dags/simple_dag1.py
[2024-10-24T06:58:33.829+0000] {processor.py:925} INFO - DAG(s) 'minhlt9' retrieved from /opt/airflow/dags/simple_dag1.py
[2024-10-24T06:58:33.859+0000] {logging_mixin.py:190} INFO - [2024-10-24T06:58:33.859+0000] {dag.py:3239} INFO - Sync 1 DAGs
[2024-10-24T06:58:33.890+0000] {logging_mixin.py:190} INFO - [2024-10-24T06:58:33.890+0000] {dag.py:4180} INFO - Setting next_dagrun for minhlt9 to None, run_after=None
[2024-10-24T06:58:33.918+0000] {processor.py:208} INFO - Processing /opt/airflow/dags/simple_dag1.py took 0.111 seconds
[2024-10-24T06:59:04.544+0000] {processor.py:186} INFO - Started process (PID=100154) to work on /opt/airflow/dags/simple_dag1.py
[2024-10-24T06:59:04.546+0000] {processor.py:914} INFO - Processing file /opt/airflow/dags/simple_dag1.py for tasks to queue
[2024-10-24T06:59:04.547+0000] {logging_mixin.py:190} INFO - [2024-10-24T06:59:04.547+0000] {dagbag.py:588} INFO - Filling up the DagBag from /opt/airflow/dags/simple_dag1.py
[2024-10-24T06:59:04.553+0000] {processor.py:925} INFO - DAG(s) 'minhlt9' retrieved from /opt/airflow/dags/simple_dag1.py
[2024-10-24T06:59:04.585+0000] {logging_mixin.py:190} INFO - [2024-10-24T06:59:04.584+0000] {dag.py:3239} INFO - Sync 1 DAGs
[2024-10-24T06:59:04.616+0000] {logging_mixin.py:190} INFO - [2024-10-24T06:59:04.615+0000] {dag.py:4180} INFO - Setting next_dagrun for minhlt9 to None, run_after=None
[2024-10-24T06:59:04.636+0000] {processor.py:208} INFO - Processing /opt/airflow/dags/simple_dag1.py took 0.102 seconds
